#
# There is insufficient memory for the Java Runtime Environment to continue.
# Native memory allocation (malloc) failed to allocate 1254680 bytes. Error detail: Chunk::new
# Possible reasons:
#   The system is out of physical RAM or swap space
#   This process is running with CompressedOops enabled, and the Java Heap may be blocking the growth of the native heap
# Possible solutions:
#   Reduce memory load on the system
#   Increase physical memory or swap space
#   Check if swap backing store is full
#   Decrease Java heap size (-Xmx/-Xms)
#   Decrease number of Java threads
#   Decrease Java thread stack sizes (-Xss)
#   Set larger code cache with -XX:ReservedCodeCacheSize=
#   JVM is running with Unscaled Compressed Oops mode in which the Java heap is
#     placed in the first 4GB address space. The Java Heap base address is the
#     maximum limit for the native heap growth. Please use -XX:HeapBaseMinAddress
#     to set the Java Heap base and to place the Java Heap above 4GB virtual address.
# This output file may be truncated or incomplete.
#
#  Out of Memory Error (arena.cpp:186), pid=20884, tid=34012
#
# JRE version: OpenJDK Runtime Environment Temurin-25.0.4+7 (25.0.4+7) (build 25.0.4+7-LTS)
# Java VM: OpenJDK 64-Bit Server VM Temurin-25.0.4+7 (25.0.4+7-LTS, mixed mode, sharing, tiered, compressed oops, compressed class ptrs, g1 gc, windows-amd64)
# No core dump will be written. Minidumps are not enabled by default on client versions of Windows
#

---------------  S U M M A R Y ------------

Command Line: --add-opens=java.base/java.lang=ALL-UNNAMED --add-opens=java.base/java.lang.invoke=ALL-UNNAMED --add-opens=java.base/java.util=ALL-UNNAMED --add-opens=java.prefs/java.util.prefs=ALL-UNNAMED --add-exports=jdk.compiler/com.sun.tools.javac.api=ALL-UNNAMED --add-exports=jdk.compiler/com.sun.tools.javac.util=ALL-UNNAMED --add-opens=java.base/java.nio.charset=ALL-UNNAMED --add-opens=java.base/java.net=ALL-UNNAMED --add-opens=java.base/java.util.concurrent=ALL-UNNAMED --add-opens=java.base/java.util.concurrent.atomic=ALL-UNNAMED --add-opens=java.xml/javax.xml.namespace=ALL-UNNAMED --add-opens=java.base/java.time=ALL-UNNAMED --enable-native-access=ALL-UNNAMED -Xmx2048m -Dfile.encoding=UTF-8 -Duser.country=US -Duser.language=en -Duser.variant -javaagent:C:\Users\leona\.gradle\wrapper\dists\gradle-9.6.0-bin\42k10rwplmzkhuboz9kdazi7s\gradle-9.6.0\lib\agents\gradle-instrumentation-agent-9.6.0.jar org.gradle.launcher.daemon.bootstrap.GradleDaemon 9.6.0

Host: 13th Gen Intel(R) Core(TM) i7-13620H, 16 cores, 15G,  Windows 11 , 64 bit Build 26100 (10.0.26100.9168)
Time: Fri Sep 11 00:42:23 2026 Central Standard Time (Mexico) elapsed time: 227.390840 seconds (0d 0h 3m 47s)

---------------  T H R E A D  ---------------

Current thread (0x00000294a6894820):  JavaThread "C2 CompilerThread0" daemon [_thread_in_native, id=34012, stack(0x000000f32b700000,0x000000f32b800000) (1024K)]


Current CompileTask:
C2:227391 4742       4       java.util.HashSet::contains (9 bytes)

Stack: [0x000000f32b700000,0x000000f32b800000]
Native frames: (J=compiled Java code, j=interpreted, Vv=VM code, C=native code)
V  [jvm.dll+0x7aba79]  (no source info available)
V  [jvm.dll+0x775a3d]  (no source info available)
V  [jvm.dll+0x9fb9ed]  (no source info available)
V  [jvm.dll+0x9fdfe1]  (no source info available)
V  [jvm.dll+0x9fe6f3]  (no source info available)
V  [jvm.dll+0x2fdb36]  (no source info available)
V  [jvm.dll+0x111936]  (no source info available)
V  [jvm.dll+0x111c5e]  (no source info available)
V  [jvm.dll+0x1a08d2]  (no source info available)
V  [jvm.dll+0x3b7292]  (no source info available)
V  [jvm.dll+0x7b13fc]  (no source info available)
V  [jvm.dll+0x2c0ef7]  (no source info available)
V  [jvm.dll+0x2bfebf]  (no source info available)
V  [jvm.dll+0x237a30]  (no source info available)
V  [jvm.dll+0x2cffb6]  (no source info available)
V  [jvm.dll+0x2ce23a]  (no source info available)
V  [jvm.dll+0x49131e]  (no source info available)
V  [jvm.dll+0x99cb1d]  (no source info available)
V  [jvm.dll+0x7aa025]  (no source info available)
C  [ucrtbase.dll+0x2cd30]  (no source info available)
C  [KERNEL32.DLL+0x2ccb7]  (no source info available)
C  [ntdll.dll+0xaad6c]  (no source info available)

Lock stack of current Java thread (top to bottom):


---------------  P R O C E S S  ---------------

Threads class SMR info:
_java_thread_list=0x00000294ae2f4330, length=33, elements={
0x0000029488fd4bd0, 0x00000294a688ac80, 0x00000294a688c100, 0x00000294a688d6d0,
0x00000294a688e3e0, 0x00000294a688ffb0, 0x00000294a6890b70, 0x00000294a6894820,
0x00000294a68be000, 0x00000294ab231910, 0x00000294ab25b610, 0x00000294ad2f3960,
0x00000294ad6083e0, 0x00000294ad7bc650, 0x00000294abc39200, 0x00000294ab4c2250,
0x00000294abc21fb0, 0x00000294abc22f50, 0x00000294abc23720, 0x00000294abc22780,
0x00000294abc27d70, 0x00000294abc294e0, 0x00000294abc26600, 0x00000294abb58420,
0x00000294abb54d70, 0x00000294abb5c2a0, 0x00000294ad6562c0, 0x00000294ad657a30,
0x00000294ad657260, 0x00000294ad6591a0, 0x00000294ad65b8b0, 0x00000294ad65c080,
0x00000294ad65b0e0
}

Java Threads: ( => current thread )
  0x0000029488fd4bd0 JavaThread "main"                              [_thread_blocked, id=11128, stack(0x000000f32a900000,0x000000f32aa00000) (1024K)]
  0x00000294a688ac80 JavaThread "Reference Handler"          daemon [_thread_blocked, id=19928, stack(0x000000f32b100000,0x000000f32b200000) (1024K)]
  0x00000294a688c100 JavaThread "Finalizer"                  daemon [_thread_blocked, id=27692, stack(0x000000f32b200000,0x000000f32b300000) (1024K)]
  0x00000294a688d6d0 JavaThread "Signal Dispatcher"          daemon [_thread_blocked, id=27752, stack(0x000000f32b300000,0x000000f32b400000) (1024K)]
  0x00000294a688e3e0 JavaThread "Attach Listener"            daemon [_thread_blocked, id=27808, stack(0x000000f32b400000,0x000000f32b500000) (1024K)]
  0x00000294a688ffb0 JavaThread "Service Thread"             daemon [_thread_blocked, id=34032, stack(0x000000f32b500000,0x000000f32b600000) (1024K)]
  0x00000294a6890b70 JavaThread "Monitor Deflation Thread"   daemon [_thread_blocked, id=34020, stack(0x000000f32b600000,0x000000f32b700000) (1024K)]
=>0x00000294a6894820 JavaThread "C2 CompilerThread0"         daemon [_thread_in_native, id=34012, stack(0x000000f32b700000,0x000000f32b800000) (1024K)]
  0x00000294a68be000 JavaThread "C1 CompilerThread0"         daemon [_thread_blocked, id=34008, stack(0x000000f32b800000,0x000000f32b900000) (1024K)]
  0x00000294ab231910 JavaThread "Common-Cleaner"             daemon [_thread_blocked, id=25696, stack(0x000000f32b900000,0x000000f32ba00000) (1024K)]
  0x00000294ab25b610 JavaThread "Notification Thread"        daemon [_thread_blocked, id=32904, stack(0x000000f32ba00000,0x000000f32bb00000) (1024K)]
  0x00000294ad2f3960 JavaThread "Daemon health stats"               [_thread_blocked, id=33824, stack(0x000000f32c100000,0x000000f32c200000) (1024K)]
  0x00000294ad6083e0 JavaThread "Incoming local TCP Connector on port 53621"        [_thread_in_native, id=33816, stack(0x000000f32c200000,0x000000f32c300000) (1024K)]
  0x00000294ad7bc650 JavaThread "Daemon periodic checks"            [_thread_blocked, id=34620, stack(0x000000f32bb00000,0x000000f32bc00000) (1024K)]
  0x00000294abc39200 JavaThread "Daemon"                            [_thread_blocked, id=34132, stack(0x000000f32c300000,0x000000f32c400000) (1024K)]
  0x00000294ab4c2250 JavaThread "Handler for socket connection from /127.0.0.1:53621 to /127.0.0.1:53631"        [_thread_in_native, id=6712, stack(0x000000f32c400000,0x000000f32c500000) (1024K)]
  0x00000294abc21fb0 JavaThread "Cancel handler"                    [_thread_blocked, id=6612, stack(0x000000f32c500000,0x000000f32c600000) (1024K)]
  0x00000294abc22f50 JavaThread "Daemon worker"                     [_thread_blocked, id=34704, stack(0x000000f32c600000,0x000000f32c700000) (1024K)]
  0x00000294abc23720 JavaThread "Asynchronous log dispatcher for DefaultDaemonConnection: socket connection from /127.0.0.1:53621 to /127.0.0.1:53631"        [_thread_blocked, id=34624, stack(0x000000f32c700000,0x000000f32c800000) (1024K)]
  0x00000294abc22780 JavaThread "Stdin handler"                     [_thread_blocked, id=34428, stack(0x000000f32c800000,0x000000f32c900000) (1024K)]
  0x00000294abc27d70 JavaThread "Daemon client event forwarder"        [_thread_blocked, id=34668, stack(0x000000f32c900000,0x000000f32ca00000) (1024K)]
  0x00000294abc294e0 JavaThread "Cache worker for journal cache (C:\Users\leona\.gradle\caches\journal-1)"        [_thread_blocked, id=20276, stack(0x000000f32ca00000,0x000000f32cb00000) (1024K)]
  0x00000294abc26600 JavaThread "File lock request listener"        [_thread_in_native, id=29244, stack(0x000000f32cb00000,0x000000f32cc00000) (1024K)]
  0x00000294abb58420 JavaThread "Cache worker for file hash cache (C:\Users\leona\.gradle\caches\9.6.0\fileHashes)"        [_thread_blocked, id=34920, stack(0x000000f32cd00000,0x000000f32ce00000) (1024K)]
  0x00000294abb54d70 JavaThread "Cache worker for file hash cache (C:\Users\leona\AndroidStudioProjects\Fondly\.gradle\9.6.0\fileHashes)"        [_thread_blocked, id=43060, stack(0x000000f32a600000,0x000000f32a700000) (1024K)]
  0x00000294abb5c2a0 JavaThread "Cache worker for Build Output Cleanup Cache (C:\Users\leona\AndroidStudioProjects\Fondly\.gradle\buildOutputCleanup)"        [_thread_blocked, id=44184, stack(0x000000f32d400000,0x000000f32d500000) (1024K)]
  0x00000294ad6562c0 JavaThread "File watcher server"        daemon [_thread_in_native, id=42172, stack(0x000000f32d500000,0x000000f32d600000) (1024K)]
  0x00000294ad657a30 JavaThread "File watcher consumer"      daemon [_thread_blocked, id=21604, stack(0x000000f32d600000,0x000000f32d700000) (1024K)]
  0x00000294ad657260 JavaThread "Cache worker for file content cache (C:\Users\leona\.gradle\caches\9.6.0\fileContent)"        [_thread_blocked, id=48808, stack(0x000000f32d700000,0x000000f32d800000) (1024K)]
  0x00000294ad6591a0 JavaThread "Cache worker for checksums cache (C:\Users\leona\AndroidStudioProjects\Fondly\.gradle\9.6.0\checksums)"        [_thread_blocked, id=49860, stack(0x000000f32d800000,0x000000f32d900000) (1024K)]
  0x00000294ad65b8b0 JavaThread "Cache worker for cache directory md-supplier (C:\Users\leona\.gradle\caches\9.6.0\md-supplier)"        [_thread_blocked, id=49856, stack(0x000000f32d900000,0x000000f32da00000) (1024K)]
  0x00000294ad65c080 JavaThread "Cache worker for cache directory md-rule (C:\Users\leona\.gradle\caches\9.6.0\md-rule)"        [_thread_blocked, id=7012, stack(0x000000f32da00000,0x000000f32db00000) (1024K)]
  0x00000294ad65b0e0 JavaThread "File lock release action executor Thread 3"        [_thread_blocked, id=8864, stack(0x000000f32db00000,0x000000f32dc00000) (1024K)]
Total: 33

Other Threads:
  0x00000294a6874900 VMThread "VM Thread"                           [id=17456, stack(0x000000f32b000000,0x000000f32b100000) (1024K)]
  0x00000294a6743540 WatcherThread "VM Periodic Task Thread"        [id=34304, stack(0x000000f32af00000,0x000000f32b000000) (1024K)]
  0x0000029489034180 WorkerThread "GC Thread#0"                     [id=21020, stack(0x000000f32aa00000,0x000000f32ab00000) (1024K)]
  0x00000294ac4965a0 WorkerThread "GC Thread#1"                     [id=34024, stack(0x000000f32bc00000,0x000000f32bd00000) (1024K)]
  0x00000294ac4969d0 WorkerThread "GC Thread#2"                     [id=33800, stack(0x000000f32bd00000,0x000000f32be00000) (1024K)]
  0x00000294ac3848f0 WorkerThread "GC Thread#3"                     [id=33796, stack(0x000000f32be00000,0x000000f32bf00000) (1024K)]
  0x00000294ac384d20 WorkerThread "GC Thread#4"                     [id=34516, stack(0x000000f32bf00000,0x000000f32c000000) (1024K)]
  0x00000294ac387c70 WorkerThread "GC Thread#5"                     [id=14544, stack(0x000000f32c000000,0x000000f32c100000) (1024K)]
  0x00000294ae63e930 WorkerThread "GC Thread#6"                     [id=37652, stack(0x000000f32a700000,0x000000f32a800000) (1024K)]
  0x00000294ae640310 WorkerThread "GC Thread#7"                     [id=42856, stack(0x000000f32a800000,0x000000f32a900000) (1024K)]
  0x00000294ae63fa70 WorkerThread "GC Thread#8"                     [id=43088, stack(0x000000f32cc00000,0x000000f32cd00000) (1024K)]
  0x00000294ae641000 WorkerThread "GC Thread#9"                     [id=42592, stack(0x000000f32ce00000,0x000000f32cf00000) (1024K)]
  0x00000294ae63ed80 WorkerThread "GC Thread#10"                    [id=42964, stack(0x000000f32cf00000,0x000000f32d000000) (1024K)]
  0x00000294ae641450 WorkerThread "GC Thread#11"                    [id=43356, stack(0x000000f32d000000,0x000000f32d100000) (1024K)]
  0x00000294ae63e4e0 WorkerThread "GC Thread#12"                    [id=43916, stack(0x000000f32d100000,0x000000f32d200000) (1024K)]
  0x000002948904e0a0 ConcurrentGCThread "G1 Main Marker"            [id=21468, stack(0x000000f32ab00000,0x000000f32ac00000) (1024K)]
  0x000002948904fc50 WorkerThread "G1 Conc#0"                       [id=13584, stack(0x000000f32ac00000,0x000000f32ad00000) (1024K)]
  0x00000294ae642e30 WorkerThread "G1 Conc#1"                       [id=48008, stack(0x000000f32d200000,0x000000f32d300000) (1024K)]
  0x00000294ae63f1d0 WorkerThread "G1 Conc#2"                       [id=48748, stack(0x000000f32d300000,0x000000f32d400000) (1024K)]
  0x000002948908e8a0 ConcurrentGCThread "G1 Refine#0"               [id=34572, stack(0x000000f32ad00000,0x000000f32ae00000) (1024K)]
  0x00000294a67347a0 ConcurrentGCThread "G1 Service"                [id=34264, stack(0x000000f32ae00000,0x000000f32af00000) (1024K)]
Total: 21

Threads with active compile tasks:
C2 CompilerThread0  227535 4742       4       java.util.HashSet::contains (9 bytes)
Total: 1

VM state: not at safepoint (normal execution)

VM Mutex/Monitor currently owned by a thread: None

Heap address: 0x0000000080000000, size: 2048 MB, Compressed Oops mode: 32-bit

CDS archive(s) mapped at: [0x0000000002000000-0x0000000002db0000-0x0000000002db0000), size 14352384, SharedBaseAddress: 0x0000000002000000, ArchiveRelocationMode: 1.
Compressed class space mapped at: 0x0000000003000000-0x0000000043000000, reserved size: 1073741824
UseCompressedClassPointers 1, UseCompactObjectHeaders 0
Narrow klass pointer bits 32, Max shift 3
Narrow klass base: 0x0000000002000000, Narrow klass shift: 0
Encoding Range: [0x0000000002000000 - 0x0000000102000000), (4294967296 bytes)
Klass Range:    [0x0000000002010000 - 0x0000000043000000), (1090453504 bytes)
Klass ID Range:  [65536 - 1090519033) (1090453497)
Protection zone: [0x0000000002000000 - 0x0000000002010000), (65536 bytes)

GC Precious Log:
 CardTable entry size: 512
 Card Set container configuration: InlinePtr #cards 5 size 8 Array Of Cards #cards 10 size 36 Howl #buckets 4 coarsen threshold 1843 Howl Bitmap #cards 512 size 80 coarsen threshold 460 Card regions per heap region 1 cards per card region 2048
 CPUs: 16 total, 16 available
 Memory: 16122M
 Large Page Support: Disabled
 NUMA Support: Disabled
 Compressed Oops: Enabled (32-bit)
 Heap Region Size: 1M
 Heap Min Capacity: 8M
 Heap Initial Capacity: 252M
 Heap Max Capacity: 2G
 Pre-touch: Disabled
 Parallel Workers: 13
 Concurrent Workers: 3
 Concurrent Refinement Workers: 13
 Periodic GC: Disabled

Heap:
 garbage-first heap   total reserved 2097152K, committed 89088K, used 45300K [0x0000000080000000, 0x0000000100000000)
  region size 1024K, 21 young (21504K), 4 survivors (4096K)

Heap Regions: E=young(eden), S=young(survivor), O=old, HS=humongous(starts), HC=humongous(continues), CS=collection set, F=free, TAMS=top-at-mark-start, PB=parsable bottom
|   0|0x0000000080000000, 0x0000000080100000, 0x0000000080100000|100%|HS|  |TAMS 0x0000000080000000| PB 0x0000000080000000| Complete |  0
|   1|0x0000000080100000, 0x0000000080200000, 0x0000000080200000|100%|HC|  |TAMS 0x0000000080100000| PB 0x0000000080100000| Complete |  0
|   2|0x0000000080200000, 0x0000000080300000, 0x0000000080300000|100%|HC|  |TAMS 0x0000000080200000| PB 0x0000000080200000| Complete |  0
|   3|0x0000000080300000, 0x0000000080400000, 0x0000000080400000|100%|HC|  |TAMS 0x0000000080300000| PB 0x0000000080300000| Complete |  0
|   4|0x0000000080400000, 0x0000000080500000, 0x0000000080500000|100%| O|  |TAMS 0x0000000080400000| PB 0x0000000080400000| Untracked |  0
|   5|0x0000000080500000, 0x0000000080600000, 0x0000000080600000|100%| O|  |TAMS 0x0000000080500000| PB 0x0000000080500000| Untracked |  0
|   6|0x0000000080600000, 0x0000000080700000, 0x0000000080700000|100%|HS|  |TAMS 0x0000000080600000| PB 0x0000000080600000| Complete |  0
|   7|0x0000000080700000, 0x0000000080800000, 0x0000000080800000|100%| O|  |TAMS 0x0000000080700000| PB 0x0000000080700000| Untracked |  0
|   8|0x0000000080800000, 0x0000000080900000, 0x0000000080900000|100%| O|  |TAMS 0x0000000080800000| PB 0x0000000080800000| Untracked |  0
|   9|0x0000000080900000, 0x0000000080a00000, 0x0000000080a00000|100%| O|  |TAMS 0x0000000080900000| PB 0x0000000080900000| Untracked |  0
|  10|0x0000000080a00000, 0x0000000080b00000, 0x0000000080b00000|100%| O|  |TAMS 0x0000000080a00000| PB 0x0000000080a00000| Untracked |  0
|  11|0x0000000080b00000, 0x0000000080c00000, 0x0000000080c00000|100%| O|  |TAMS 0x0000000080b00000| PB 0x0000000080b00000| Untracked |  0
|  12|0x0000000080c00000, 0x0000000080d00000, 0x0000000080d00000|100%| O|  |TAMS 0x0000000080c00000| PB 0x0000000080c00000| Untracked |  0
|  13|0x0000000080d00000, 0x0000000080e00000, 0x0000000080e00000|100%| O|  |TAMS 0x0000000080d00000| PB 0x0000000080d00000| Untracked |  0
|  14|0x0000000080e00000, 0x0000000080f00000, 0x0000000080f00000|100%| O|  |TAMS 0x0000000080e00000| PB 0x0000000080e00000| Untracked |  0
|  15|0x0000000080f00000, 0x0000000081000000, 0x0000000081000000|100%| O|  |TAMS 0x0000000080f00000| PB 0x0000000080f00000| Untracked |  0
|  16|0x0000000081000000, 0x0000000081100000, 0x0000000081100000|100%| O|  |TAMS 0x0000000081000000| PB 0x0000000081000000| Untracked |  0
|  17|0x0000000081100000, 0x0000000081200000, 0x0000000081200000|100%| O|  |TAMS 0x0000000081100000| PB 0x0000000081100000| Untracked |  0
|  18|0x0000000081200000, 0x0000000081300000, 0x0000000081300000|100%| O|  |TAMS 0x0000000081200000| PB 0x0000000081200000| Untracked |  0
|  19|0x0000000081300000, 0x0000000081400000, 0x0000000081400000|100%| O|  |TAMS 0x0000000081300000| PB 0x0000000081300000| Untracked |  0
|  20|0x0000000081400000, 0x0000000081500000, 0x0000000081500000|100%| O|  |TAMS 0x0000000081400000| PB 0x0000000081400000| Untracked |  0
|  21|0x0000000081500000, 0x000000008156d3d0, 0x0000000081600000| 42%| O|  |TAMS 0x0000000081500000| PB 0x0000000081500000| Untracked |  0
|  22|0x0000000081600000, 0x0000000081700000, 0x0000000081700000|100%| O|  |TAMS 0x0000000081600000| PB 0x0000000081600000| Untracked |  0
|  23|0x0000000081700000, 0x00000000817cfe08, 0x0000000081800000| 81%| O|  |TAMS 0x0000000081700000| PB 0x0000000081700000| Untracked |  0
|  24|0x0000000081800000, 0x0000000081800000, 0x0000000081900000|  0%| F|  |TAMS 0x0000000081800000| PB 0x0000000081800000| Untracked |  0
|  25|0x0000000081900000, 0x0000000081900000, 0x0000000081a00000|  0%| F|  |TAMS 0x0000000081900000| PB 0x0000000081900000| Untracked |  0
|  26|0x0000000081a00000, 0x0000000081a00000, 0x0000000081b00000|  0%| F|  |TAMS 0x0000000081a00000| PB 0x0000000081a00000| Untracked |  0
|  27|0x0000000081b00000, 0x0000000081b00000, 0x0000000081c00000|  0%| F|  |TAMS 0x0000000081b00000| PB 0x0000000081b00000| Untracked |  0
|  28|0x0000000081c00000, 0x0000000081c00000, 0x0000000081d00000|  0%| F|  |TAMS 0x0000000081c00000| PB 0x0000000081c00000| Untracked |  0
|  29|0x0000000081d00000, 0x0000000081d00000, 0x0000000081e00000|  0%| F|  |TAMS 0x0000000081d00000| PB 0x0000000081d00000| Untracked |  0
|  30|0x0000000081e00000, 0x0000000081e00000, 0x0000000081f00000|  0%| F|  |TAMS 0x0000000081e00000| PB 0x0000000081e00000| Untracked |  0
|  31|0x0000000081f00000, 0x0000000081f00000, 0x0000000082000000|  0%| F|  |TAMS 0x0000000081f00000| PB 0x0000000081f00000| Untracked |  0
|  32|0x0000000082000000, 0x0000000082000000, 0x0000000082100000|  0%| F|  |TAMS 0x0000000082000000| PB 0x0000000082000000| Untracked |  0
|  33|0x0000000082100000, 0x0000000082100000, 0x0000000082200000|  0%| F|  |TAMS 0x0000000082100000| PB 0x0000000082100000| Untracked |  0
|  34|0x0000000082200000, 0x0000000082200000, 0x0000000082300000|  0%| F|  |TAMS 0x0000000082200000| PB 0x0000000082200000| Untracked |  0
|  35|0x0000000082300000, 0x0000000082300000, 0x0000000082400000|  0%| F|  |TAMS 0x0000000082300000| PB 0x0000000082300000| Untracked |  0
|  36|0x0000000082400000, 0x0000000082500000, 0x0000000082500000|100%| S|CS|TAMS 0x0000000082400000| PB 0x0000000082400000| Complete |  0
|  37|0x0000000082500000, 0x0000000082600000, 0x0000000082600000|100%| S|CS|TAMS 0x0000000082500000| PB 0x0000000082500000| Complete |  0
|  38|0x0000000082600000, 0x0000000082700000, 0x0000000082700000|100%| S|CS|TAMS 0x0000000082600000| PB 0x0000000082600000| Complete |  0
|  39|0x0000000082700000, 0x0000000082800000, 0x0000000082800000|100%| S|CS|TAMS 0x0000000082700000| PB 0x0000000082700000| Complete |  0
|  40|0x0000000082800000, 0x0000000082800000, 0x0000000082900000|  0%| F|  |TAMS 0x0000000082800000| PB 0x0000000082800000| Untracked |  0
|  41|0x0000000082900000, 0x0000000082900000, 0x0000000082a00000|  0%| F|  |TAMS 0x0000000082900000| PB 0x0000000082900000| Untracked |  0
|  42|0x0000000082a00000, 0x0000000082a00000, 0x0000000082b00000|  0%| F|  |TAMS 0x0000000082a00000| PB 0x0000000082a00000| Untracked |  0
|  43|0x0000000082b00000, 0x0000000082b00000, 0x0000000082c00000|  0%| F|  |TAMS 0x0000000082b00000| PB 0x0000000082b00000| Untracked |  0
|  44|0x0000000082c00000, 0x0000000082c00000, 0x0000000082d00000|  0%| F|  |TAMS 0x0000000082c00000| PB 0x0000000082c00000| Untracked |  0
|  45|0x0000000082d00000, 0x0000000082d00000, 0x0000000082e00000|  0%| F|  |TAMS 0x0000000082d00000| PB 0x0000000082d00000| Untracked |  0
|  46|0x0000000082e00000, 0x0000000082e00000, 0x0000000082f00000|  0%| F|  |TAMS 0x0000000082e00000| PB 0x0000000082e00000| Untracked |  0
|  47|0x0000000082f00000, 0x0000000082f00000, 0x0000000083000000|  0%| F|  |TAMS 0x0000000082f00000| PB 0x0000000082f00000| Untracked |  0
|  48|0x0000000083000000, 0x0000000083000000, 0x0000000083100000|  0%| F|  |TAMS 0x0000000083000000| PB 0x0000000083000000| Untracked |  0
|  49|0x0000000083100000, 0x0000000083100000, 0x0000000083200000|  0%| F|  |TAMS 0x0000000083100000| PB 0x0000000083100000| Untracked |  0
|  50|0x0000000083200000, 0x0000000083200000, 0x0000000083300000|  0%| F|  |TAMS 0x0000000083200000| PB 0x0000000083200000| Untracked |  0
|  51|0x0000000083300000, 0x0000000083300000, 0x0000000083400000|  0%| F|  |TAMS 0x0000000083300000| PB 0x0000000083300000| Untracked |  0
|  52|0x0000000083400000, 0x0000000083400000, 0x0000000083500000|  0%| F|  |TAMS 0x0000000083400000| PB 0x0000000083400000| Untracked |  0
|  53|0x0000000083500000, 0x0000000083500000, 0x0000000083600000|  0%| F|  |TAMS 0x0000000083500000| PB 0x0000000083500000| Untracked |  0
|  54|0x0000000083600000, 0x0000000083600000, 0x0000000083700000|  0%| F|  |TAMS 0x0000000083600000| PB 0x0000000083600000| Untracked |  0
|  55|0x0000000083700000, 0x0000000083700000, 0x0000000083800000|  0%| F|  |TAMS 0x0000000083700000| PB 0x0000000083700000| Untracked |  0
|  56|0x0000000083800000, 0x0000000083800000, 0x0000000083900000|  0%| F|  |TAMS 0x0000000083800000| PB 0x0000000083800000| Untracked |  0
|  57|0x0000000083900000, 0x0000000083900000, 0x0000000083a00000|  0%| F|  |TAMS 0x0000000083900000| PB 0x0000000083900000| Untracked |  0
|  58|0x0000000083a00000, 0x0000000083a00000, 0x0000000083b00000|  0%| F|  |TAMS 0x0000000083a00000| PB 0x0000000083a00000| Untracked |  0
|  59|0x0000000083b00000, 0x0000000083b00000, 0x0000000083c00000|  0%| F|  |TAMS 0x0000000083b00000| PB 0x0000000083b00000| Untracked |  0
|  60|0x0000000083c00000, 0x0000000083c00000, 0x0000000083d00000|  0%| F|  |TAMS 0x0000000083c00000| PB 0x0000000083c00000| Untracked |  0
|  61|0x0000000083d00000, 0x0000000083d00000, 0x0000000083e00000|  0%| F|  |TAMS 0x0000000083d00000| PB 0x0000000083d00000| Untracked |  0
|  62|0x0000000083e00000, 0x0000000083e00000, 0x0000000083f00000|  0%| F|  |TAMS 0x0000000083e00000| PB 0x0000000083e00000| Untracked |  0
|  63|0x0000000083f00000, 0x0000000083f00000, 0x0000000084000000|  0%| F|  |TAMS 0x0000000083f00000| PB 0x0000000083f00000| Untracked |  0
|  64|0x0000000084000000, 0x0000000084000000, 0x0000000084100000|  0%| F|  |TAMS 0x0000000084000000| PB 0x0000000084000000| Untracked |  0
|  65|0x0000000084100000, 0x0000000084100000, 0x0000000084200000|  0%| F|  |TAMS 0x0000000084100000| PB 0x0000000084100000| Untracked |  0
|  66|0x0000000084200000, 0x0000000084200000, 0x0000000084300000|  0%| F|  |TAMS 0x0000000084200000| PB 0x0000000084200000| Untracked |  0
|  67|0x0000000084300000, 0x0000000084300000, 0x0000000084400000|  0%| F|  |TAMS 0x0000000084300000| PB 0x0000000084300000| Untracked |  0
|  68|0x0000000084400000, 0x0000000084400000, 0x0000000084500000|  0%| F|  |TAMS 0x0000000084400000| PB 0x0000000084400000| Untracked |  0
|  69|0x0000000084500000, 0x00000000845cc5e0, 0x0000000084600000| 79%| E|  |TAMS 0x0000000084500000| PB 0x0000000084500000| Complete |  0
|  70|0x0000000084600000, 0x0000000084700000, 0x0000000084700000|100%| E|CS|TAMS 0x0000000084600000| PB 0x0000000084600000| Complete |  0
|  71|0x0000000084700000, 0x0000000084800000, 0x0000000084800000|100%| E|CS|TAMS 0x0000000084700000| PB 0x0000000084700000| Complete |  0
|  72|0x0000000084800000, 0x0000000084900000, 0x0000000084900000|100%| E|CS|TAMS 0x0000000084800000| PB 0x0000000084800000| Complete |  0
|  73|0x0000000084900000, 0x0000000084a00000, 0x0000000084a00000|100%| E|CS|TAMS 0x0000000084900000| PB 0x0000000084900000| Complete |  0
|  74|0x0000000084a00000, 0x0000000084b00000, 0x0000000084b00000|100%| E|CS|TAMS 0x0000000084a00000| PB 0x0000000084a00000| Complete |  0
|  75|0x0000000084b00000, 0x0000000084c00000, 0x0000000084c00000|100%| E|CS|TAMS 0x0000000084b00000| PB 0x0000000084b00000| Complete |  0
|  76|0x0000000084c00000, 0x0000000084d00000, 0x0000000084d00000|100%| E|CS|TAMS 0x0000000084c00000| PB 0x0000000084c00000| Complete |  0
|  77|0x0000000084d00000, 0x0000000084e00000, 0x0000000084e00000|100%| E|CS|TAMS 0x0000000084d00000| PB 0x0000000084d00000| Complete |  0
|  78|0x0000000084e00000, 0x0000000084f00000, 0x0000000084f00000|100%| E|CS|TAMS 0x0000000084e00000| PB 0x0000000084e00000| Complete |  0
|  79|0x0000000084f00000, 0x0000000085000000, 0x0000000085000000|100%| E|CS|TAMS 0x0000000084f00000| PB 0x0000000084f00000| Complete |  0
|  80|0x0000000085000000, 0x0000000085100000, 0x0000000085100000|100%| E|CS|TAMS 0x0000000085000000| PB 0x0000000085000000| Complete |  0
|  81|0x0000000085100000, 0x0000000085200000, 0x0000000085200000|100%| E|CS|TAMS 0x0000000085100000| PB 0x0000000085100000| Complete |  0
| 224|0x000000008e000000, 0x000000008e100000, 0x000000008e100000|100%| E|CS|TAMS 0x000000008e000000| PB 0x000000008e000000| Complete |  0
| 225|0x000000008e100000, 0x000000008e200000, 0x000000008e200000|100%| E|CS|TAMS 0x000000008e100000| PB 0x000000008e100000| Complete |  0
| 251|0x000000008fb00000, 0x000000008fc00000, 0x000000008fc00000|100%| E|CS|TAMS 0x000000008fb00000| PB 0x000000008fb00000| Complete |  0
|2046|0x00000000ffe00000, 0x00000000fff00000, 0x00000000fff00000|100%| O|  |TAMS 0x00000000ffe00000| PB 0x00000000ffe00000| Untracked |  0
|2047|0x00000000fff00000, 0x0000000100000000, 0x0000000100000000|100%| E|CS|TAMS 0x00000000fff00000| PB 0x00000000fff00000| Complete |  0

Card table byte_map: [0x00000294a1890000,0x00000294a1c90000] _byte_map_base: 0x00000294a1490000

Marking Bits: (CMBitMap*) 0x0000029489034910
 Bits: [0x00000294a1c90000, 0x00000294a3c90000)

Polling page: 0x0000029486dd0000

Metaspace:
Metaspace        used 31118K, committed 32448K, reserved 1114112K
 class space     used 4826K, committed 5440K, reserved 1048576K

Usage:
  Non-class:     25.68 MB used.
      Class:      4.71 MB used.
       Both:     30.39 MB used.

Virtual space:
  Non-class space:       64.00 MB reserved,      26.38 MB ( 41%) committed,  1 nodes.
      Class space:        1.00 GB reserved,       5.31 MB ( <1%) committed,  1 nodes.
             Both:        1.06 GB reserved,      31.69 MB (  3%) committed. 

Chunk freelists:
   Non-Class:  5.09 MB
       Class:  10.51 MB
        Both:  15.60 MB

MaxMetaspaceSize: unlimited
CompressedClassSpaceSize: 1.00 GB
Initial GC threshold: 21.00 MB
Current GC threshold: 35.12 MB
CDS: on
 - commit_granule_bytes: 65536.
 - commit_granule_words: 8192.
 - virtual_space_node_default_size: 8388608.
 - enlarge_chunks_in_place: 1.
UseCompressedClassPointers 1, UseCompactObjectHeaders 0
Narrow klass pointer bits 32, Max shift 3
Narrow klass base: 0x0000000002000000, Narrow klass shift: 0
Encoding Range: [0x0000000002000000 - 0x0000000102000000), (4294967296 bytes)
Klass Range:    [0x0000000002010000 - 0x0000000043000000), (1090453504 bytes)
Klass ID Range:  [65536 - 1090519033) (1090453497)
Protection zone: [0x0000000002000000 - 0x0000000002010000), (65536 bytes)


Internal statistics:

num_allocs_failed_limit: 3.
num_arena_births: 2252.
num_arena_deaths: 0.
num_vsnodes_births: 2.
num_vsnodes_deaths: 0.
num_space_committed: 507.
num_space_uncommitted: 0.
num_chunks_returned_to_freelist: 3.
num_chunks_taken_from_freelist: 3771.
num_chunk_merges: 3.
num_chunk_splits: 2413.
num_chunks_enlarged: 1437.
num_inconsistent_stats: 0.

CodeHeap 'non-profiled nmethods': size=119168Kb used=1818Kb max_used=1818Kb free=117350Kb
 bounds [0x0000029499690000, 0x0000029499900000, 0x00000294a0af0000]
CodeHeap 'profiled nmethods': size=119168Kb used=7337Kb max_used=7337Kb free=111830Kb
 bounds [0x0000029491ae0000, 0x0000029492210000, 0x0000029498f40000]
CodeHeap 'non-nmethods': size=7488Kb used=1512Kb max_used=3227Kb free=5975Kb
 bounds [0x0000029498f40000, 0x00000294992f0000, 0x0000029499690000]
CodeCache: size=245824Kb, used=10667Kb, max_used=12382Kb, free=235155Kb
 total_blobs=5375, nmethods=4741, adapters=535, full_count=0
Compilation: enabled, stopped_count=0, restarted_count=0

Compilation events (20 events):
Event: 225.955 Thread 0x00000294a68be000 nmethod 4731 0x00000294921ff308 code [0x00000294921ff400, 0x00000294921fff00]
Event: 225.955 Thread 0x00000294a68be000 4732   !   3       sun.nio.ch.DatagramChannelImpl::blockingReceive (218 bytes)
Event: 225.958 Thread 0x00000294a68be000 nmethod 4732 0x00000294921fff08 code [0x0000029492200000, 0x0000029492202e58]
Event: 225.958 Thread 0x00000294a68be000 4733   !   3       sun.nio.ch.DatagramChannelImpl::beginRead (87 bytes)
Event: 225.958 Thread 0x00000294a68be000 nmethod 4733 0x0000029492202f08 code [0x0000029492203000, 0x0000029492203a60]
Event: 225.958 Thread 0x00000294a68be000 4734       3       sun.nio.ch.DatagramChannelImpl$DatagramPackets::getBufLength (29 bytes)
Event: 225.959 Thread 0x00000294a68be000 nmethod 4734 0x0000029492203a88 code [0x0000029492203b80, 0x0000029492204530]
Event: 225.959 Thread 0x00000294a68be000 4735       3       java.lang.invoke.VarHandleGuards::guard_L_I (74 bytes)
Event: 225.960 Thread 0x00000294a68be000 nmethod 4735 0x0000029492204588 code [0x0000029492204680, 0x0000029492206290]
Event: 226.165 Thread 0x00000294a68be000 4737       3       org.gradle.cache.internal.locklistener.DefaultFileLockCommunicator::decode (12 bytes)
Event: 226.166 Thread 0x00000294a68be000 nmethod 4737 0x0000029492206308 code [0x0000029492206400, 0x0000029492206938]
Event: 226.166 Thread 0x00000294a68be000 4738   !   3       org.gradle.cache.internal.locklistener.FileLockPacketPayload::decode (81 bytes)
Event: 226.168 Thread 0x00000294a68be000 nmethod 4738 0x0000029492206988 code [0x0000029492206a80, 0x00000294922089d8]
Event: 226.168 Thread 0x00000294a68be000 4739   !   3       org.gradle.cache.internal.locklistener.FileLockPacketPayload::readType (44 bytes)
Event: 226.169 Thread 0x00000294a68be000 nmethod 4739 0x0000029492208a88 code [0x0000029492208b80, 0x00000294922092c0]
Event: 226.169 Thread 0x00000294a68be000 4740       3       org.gradle.cache.internal.locklistener.FileLockPacketPayload::<init> (15 bytes)
Event: 226.169 Thread 0x00000294a68be000 nmethod 4740 0x0000029492209308 code [0x0000029492209400, 0x00000294922095b8]
Event: 226.365 Thread 0x00000294a68be000 4741       3       java.lang.ThreadLocal$ThreadLocalMap::cleanSomeSlots (61 bytes)
Event: 226.365 Thread 0x00000294a68be000 nmethod 4741 0x0000029492209608 code [0x0000029492209700, 0x0000029492209c68]
Event: 226.366 Thread 0x00000294a6894820 4742       4       java.util.HashSet::contains (9 bytes)

GC Heap Usage History (12 events):
Event: 0.956 {heap Before GC invocations=0 (full 0):
 garbage-first heap   total reserved 2097152K, committed 260096K, used 52374K [0x0000000080000000, 0x0000000100000000)
  region size 1024K, 47 young (48128K), 0 survivors (0K)
}
Event: 0.960 {heap After GC invocations=1 (full 0):
 garbage-first heap   total reserved 2097152K, committed 260096K, used 13037K [0x0000000080000000, 0x0000000100000000)
  region size 1024K, 6 young (6144K), 6 survivors (6144K)
}
Event: 124.558 {heap Before GC invocations=1 (full 0):
 garbage-first heap   total reserved 2097152K, committed 260096K, used 121581K [0x0000000080000000, 0x0000000100000000)
  region size 1024K, 110 young (112640K), 6 survivors (6144K)
}
Event: 124.945 {heap After GC invocations=2 (full 0):
 garbage-first heap   total reserved 2097152K, committed 260096K, used 22886K [0x0000000080000000, 0x0000000100000000)
  region size 1024K, 14 young (14336K), 14 survivors (14336K)
}
Event: 128.376 {heap Before GC invocations=2 (full 0):
 garbage-first heap   total reserved 2097152K, committed 260096K, used 25958K [0x0000000080000000, 0x0000000100000000)
  region size 1024K, 17 young (17408K), 14 survivors (14336K)
}
Event: 128.388 {heap After GC invocations=3 (full 0):
 garbage-first heap   total reserved 2097152K, committed 260096K, used 24491K [0x0000000080000000, 0x0000000100000000)
  region size 1024K, 2 young (2048K), 2 survivors (2048K)
}
Event: 162.575 {heap Before GC invocations=3 (full 0):
 garbage-first heap   total reserved 2097152K, committed 260096K, used 47019K [0x0000000080000000, 0x0000000100000000)
  region size 1024K, 26 young (26624K), 2 survivors (2048K)
}
Event: 162.786 {heap After GC invocations=4 (full 0):
 garbage-first heap   total reserved 2097152K, committed 260096K, used 25070K [0x0000000080000000, 0x0000000100000000)
  region size 1024K, 2 young (2048K), 2 survivors (2048K)
}
Event: 182.778 {heap Before GC invocations=5 (full 0):
 garbage-first heap   total reserved 2097152K, committed 89088K, used 63982K [0x0000000080000000, 0x0000000100000000)
  region size 1024K, 40 young (40960K), 2 survivors (2048K)
}
Event: 182.784 {heap After GC invocations=6 (full 0):
 garbage-first heap   total reserved 2097152K, committed 89088K, used 27118K [0x0000000080000000, 0x0000000100000000)
  region size 1024K, 4 young (4096K), 4 survivors (4096K)
}
Event: 188.961 {heap Before GC invocations=6 (full 0):
 garbage-first heap   total reserved 2097152K, committed 89088K, used 68078K [0x0000000080000000, 0x0000000100000000)
  region size 1024K, 45 young (46080K), 4 survivors (4096K)
}
Event: 188.972 {heap After GC invocations=7 (full 0):
 garbage-first heap   total reserved 2097152K, committed 89088K, used 28916K [0x0000000080000000, 0x0000000100000000)
  region size 1024K, 4 young (4096K), 4 survivors (4096K)
}

Metaspace Usage History (12 events):
Event: 0.956 {metaspace Before GC invocations=0 (full 0):
 Metaspace       used 4618K, committed 4864K, reserved 1114112K
  class space    used 595K, committed 704K, reserved 1048576K
}
Event: 0.960 {metaspace After GC invocations=1 (full 0):
 Metaspace       used 4618K, committed 4864K, reserved 1114112K
  class space    used 595K, committed 704K, reserved 1048576K
}
Event: 124.559 {metaspace Before GC invocations=1 (full 0):
 Metaspace       used 17761K, committed 18304K, reserved 1114112K
  class space    used 2492K, committed 2752K, reserved 1048576K
}
Event: 124.945 {metaspace After GC invocations=2 (full 0):
 Metaspace       used 17761K, committed 18304K, reserved 1114112K
  class space    used 2492K, committed 2752K, reserved 1048576K
}
Event: 128.376 {metaspace Before GC invocations=2 (full 0):
 Metaspace       used 18090K, committed 18560K, reserved 1114112K
  class space    used 2552K, committed 2752K, reserved 1048576K
}
Event: 128.388 {metaspace After GC invocations=3 (full 0):
 Metaspace       used 18090K, committed 18560K, reserved 1114112K
  class space    used 2552K, committed 2752K, reserved 1048576K
}
Event: 162.594 {metaspace Before GC invocations=3 (full 0):
 Metaspace       used 20838K, committed 21504K, reserved 1114112K
  class space    used 3037K, committed 3392K, reserved 1048576K
}
Event: 162.787 {metaspace After GC invocations=4 (full 0):
 Metaspace       used 20838K, committed 21504K, reserved 1114112K
  class space    used 3037K, committed 3392K, reserved 1048576K
}
Event: 182.778 {metaspace Before GC invocations=5 (full 0):
 Metaspace       used 25113K, committed 26112K, reserved 1114112K
  class space    used 3798K, committed 4288K, reserved 1048576K
}
Event: 182.784 {metaspace After GC invocations=6 (full 0):
 Metaspace       used 25113K, committed 26112K, reserved 1114112K
  class space    used 3798K, committed 4288K, reserved 1048576K
}
Event: 188.961 {metaspace Before GC invocations=6 (full 0):
 Metaspace       used 29473K, committed 30784K, reserved 1114112K
  class space    used 4552K, committed 5184K, reserved 1048576K
}
Event: 188.972 {metaspace After GC invocations=7 (full 0):
 Metaspace       used 29473K, committed 30784K, reserved 1114112K
  class space    used 4552K, committed 5184K, reserved 1048576K
}

Dll operation events (20 events):
Event: 0.213 Attempting to load shared library C:\Program Files\Eclipse Adoptium\jdk-25.0.4.7-hotspot\bin\nio.dll
Event: 0.214 Loaded shared library C:\Program Files\Eclipse Adoptium\jdk-25.0.4.7-hotspot\bin\nio.dll
Event: 0.216 Attempting to load shared library C:\Program Files\Eclipse Adoptium\jdk-25.0.4.7-hotspot\bin\zip.dll
Event: 0.216 Loaded shared library C:\Program Files\Eclipse Adoptium\jdk-25.0.4.7-hotspot\bin\zip.dll
Event: 0.345 Attempting to load shared library C:\Program Files\Eclipse Adoptium\jdk-25.0.4.7-hotspot\bin\jimage.dll
Event: 0.345 Loaded shared library C:\Program Files\Eclipse Adoptium\jdk-25.0.4.7-hotspot\bin\jimage.dll
Event: 0.558 Attempting to load shared library C:\Program Files\Eclipse Adoptium\jdk-25.0.4.7-hotspot\bin\verify.dll
Event: 0.563 Loaded shared library C:\Program Files\Eclipse Adoptium\jdk-25.0.4.7-hotspot\bin\verify.dll
Event: 0.582 Attempting to load shared library C:\Users\leona\.gradle\native\660c5614fbf4a5f2a75b1949f50a0caf5cd603558e7d8a26e50b933a0cfb79d1\windows-amd64\native-platform.dll
Event: 0.583 Loaded shared library C:\Users\leona\.gradle\native\660c5614fbf4a5f2a75b1949f50a0caf5cd603558e7d8a26e50b933a0cfb79d1\windows-amd64\native-platform.dll
Event: 0.594 Attempting to load shared library C:\Users\leona\.gradle\native\0.2.8\x86_64-windows-gnu\gradle-fileevents.dll
Event: 0.594 Loaded shared library C:\Users\leona\.gradle\native\0.2.8\x86_64-windows-gnu\gradle-fileevents.dll
Event: 1.297 Attempting to load shared library C:\Program Files\Eclipse Adoptium\jdk-25.0.4.7-hotspot\bin\management.dll
Event: 1.298 Loaded shared library C:\Program Files\Eclipse Adoptium\jdk-25.0.4.7-hotspot\bin\management.dll
Event: 1.299 Attempting to load shared library C:\Program Files\Eclipse Adoptium\jdk-25.0.4.7-hotspot\bin\management_ext.dll
Event: 1.300 Loaded shared library C:\Program Files\Eclipse Adoptium\jdk-25.0.4.7-hotspot\bin\management_ext.dll
Event: 1.433 Attempting to load shared library C:\Program Files\Eclipse Adoptium\jdk-25.0.4.7-hotspot\bin\extnet.dll
Event: 1.433 Loaded shared library C:\Program Files\Eclipse Adoptium\jdk-25.0.4.7-hotspot\bin\extnet.dll
Event: 5.452 Attempting to load shared library C:\Program Files\Eclipse Adoptium\jdk-25.0.4.7-hotspot\bin\sunmscapi.dll
Event: 5.646 Loaded shared library C:\Program Files\Eclipse Adoptium\jdk-25.0.4.7-hotspot\bin\sunmscapi.dll

Deoptimization events (20 events):
Event: 189.701 Thread 0x00000294abc294e0 Uncommon trap: trap_request=0xffffffc6 fr.pc=0x000002949974c384 relative=0x0000000000001604
Event: 189.701 Thread 0x00000294abc294e0 Uncommon trap: reason=bimorphic_or_optimized_type_check action=maybe_recompile pc=0x000002949974c384 method=java.io.DataInputStream.readFully([BII)V @ 30 c2
Event: 189.701 Thread 0x00000294abc294e0 DEOPT PACKING pc=0x000002949974c384 sp=0x000000f32cafe190
Event: 189.701 Thread 0x00000294abc294e0 DEOPT UNPACKING pc=0x000002949905f582 sp=0x000000f32cafe168 mode 2
Event: 189.702 Thread 0x00000294abc294e0 Uncommon trap: trap_request=0xffffffc6 fr.pc=0x000002949974c384 relative=0x0000000000001604
Event: 189.702 Thread 0x00000294abc294e0 Uncommon trap: reason=bimorphic_or_optimized_type_check action=maybe_recompile pc=0x000002949974c384 method=java.io.DataInputStream.readFully([BII)V @ 30 c2
Event: 189.702 Thread 0x00000294abc294e0 DEOPT PACKING pc=0x000002949974c384 sp=0x000000f32cafe1c0
Event: 189.702 Thread 0x00000294abc294e0 DEOPT UNPACKING pc=0x000002949905f582 sp=0x000000f32cafe198 mode 2
Event: 189.702 Thread 0x00000294abc294e0 Uncommon trap: trap_request=0xffffffc6 fr.pc=0x000002949974c384 relative=0x0000000000001604
Event: 189.702 Thread 0x00000294abc294e0 Uncommon trap: reason=bimorphic_or_optimized_type_check action=maybe_recompile pc=0x000002949974c384 method=java.io.DataInputStream.readFully([BII)V @ 30 c2
Event: 189.702 Thread 0x00000294abc294e0 DEOPT PACKING pc=0x000002949974c384 sp=0x000000f32cafe100
Event: 189.702 Thread 0x00000294abc294e0 DEOPT UNPACKING pc=0x000002949905f582 sp=0x000000f32cafe0d8 mode 2
Event: 189.702 Thread 0x00000294abc294e0 Uncommon trap: trap_request=0xffffffc6 fr.pc=0x000002949974c384 relative=0x0000000000001604
Event: 189.702 Thread 0x00000294abc294e0 Uncommon trap: reason=bimorphic_or_optimized_type_check action=maybe_recompile pc=0x000002949974c384 method=java.io.DataInputStream.readFully([BII)V @ 30 c2
Event: 189.702 Thread 0x00000294abc294e0 DEOPT PACKING pc=0x000002949974c384 sp=0x000000f32cafe110
Event: 189.702 Thread 0x00000294abc294e0 DEOPT UNPACKING pc=0x000002949905f582 sp=0x000000f32cafe0e8 mode 2
Event: 189.964 Thread 0x00000294abc294e0 Uncommon trap: trap_request=0xffffffbe fr.pc=0x0000029499839c38 relative=0x0000000000000838
Event: 189.964 Thread 0x00000294abc294e0 Uncommon trap: reason=profile_predicate action=maybe_recompile pc=0x0000029499839c38 method=java.util.concurrent.locks.AbstractQueuedSynchronizer.acquire(Ljava/util/concurrent/locks/AbstractQueuedSynchronizer$Node;IZZZJ)I @ 20 c2
Event: 189.964 Thread 0x00000294abc294e0 DEOPT PACKING pc=0x0000029499839c38 sp=0x000000f32cafebd0
Event: 189.964 Thread 0x00000294abc294e0 DEOPT UNPACKING pc=0x000002949905f582 sp=0x000000f32cafeb50 mode 2

Classes loaded (20 events):
Event: 189.076 Loading class java/lang/invoke/BoundMethodHandle$Species_LLLLLLLLLLLLLLLLLLLLLLLLLLLLLLL
Event: 189.076 Loading class java/lang/invoke/BoundMethodHandle$Species_LLLLLLLLLLLLLLLLLLLLLLLLLLLLLLL done
Event: 189.302 Loading class java/io/StringReader
Event: 189.307 Loading class java/io/StringReader done
Event: 189.349 Loading class java/math/MutableBigInteger
Event: 189.350 Loading class java/math/MutableBigInteger done
Event: 189.729 Loading class java/nio/file/FileTreeWalker
Event: 189.730 Loading class java/nio/file/FileTreeWalker done
Event: 189.741 Loading class java/nio/file/FileTreeWalker$DirectoryNode
Event: 189.742 Loading class java/nio/file/FileTreeWalker$DirectoryNode done
Event: 189.742 Loading class java/nio/file/FileTreeWalker$Event
Event: 189.742 Loading class java/nio/file/FileTreeWalker$Event done
Event: 189.742 Loading class java/nio/file/FileTreeWalker$EventType
Event: 189.742 Loading class java/nio/file/FileTreeWalker$EventType done
Event: 189.742 Loading class java/nio/file/Files$3
Event: 189.743 Loading class java/nio/file/Files$3 done
Event: 189.755 Loading class java/nio/file/FileVisitResult
Event: 189.756 Loading class java/nio/file/FileVisitResult done
Event: 189.761 Loading class java/nio/charset/CharacterCodingException
Event: 189.761 Loading class java/nio/charset/CharacterCodingException done

Classes unloaded (0 events):
No events

Classes redefined (0 events):
No events

Internal exceptions (20 events):
Event: 183.773 Thread 0x00000294abc22f50 Exception <a 'java/lang/NoSuchMethodError'{0x00000000845830b0}: 'java.lang.Object java.lang.invoke.DirectMethodHandle$Holder.newInvokeSpecial(java.lang.Object, java.lang.Object, java.lang.Object, java.lang.Object, java.lang.Object, java.lang.Object, java.lang.Object, java.lang.Object, java.lang.Object, java.lang.Object, java.lang.Object, java.lang.Object)'> (0x00000000845830b0) 
thrown [s\src\hotspot\share\interpreter\linkResolver.cpp, line 804]
Event: 183.839 Thread 0x00000294abc22f50 Exception <a 'java/lang/NoSuchMethodError'{0x00000000844c5700}: 'java.lang.Object java.lang.invoke.DirectMethodHandle$Holder.invokeSpecialIFC(java.lang.Object, java.lang.Object, java.lang.Object, java.lang.Object)'> (0x00000000844c5700) 
thrown [s\src\hotspot\share\interpreter\linkResolver.cpp, line 804]
Event: 183.974 Thread 0x00000294abc22f50 Exception <a 'java/lang/NoSuchMethodError'{0x000000008412eed0}: 'java.lang.Object java.lang.invoke.DirectMethodHandle$Holder.invokeVirtual(java.lang.Object, java.lang.Object, java.lang.Object, java.lang.Object, java.lang.Object, java.lang.Object, java.lang.Object, java.lang.Object, java.lang.Object, java.lang.Object, java.lang.Object, java.lang.Object, java.lang.Object, java.lang.Object, java.lang.Object, java.lang.Object, java.lang.Object, java.lang.Object, java.lang.Object, java.lang.Object, java.lang.Ob
Event: 183.975 Thread 0x00000294abc22f50 Exception <a 'java/lang/NoSuchMethodError'{0x000000008413a1b8}: 'java.lang.Object java.lang.invoke.DirectMethodHandle$Holder.invokeSpecial(java.lang.Object, java.lang.Object, java.lang.Object, java.lang.Object, java.lang.Object, java.lang.Object, java.lang.Object, java.lang.Object, java.lang.Object, java.lang.Object, java.lang.Object, java.lang.Object, java.lang.Object, java.lang.Object, java.lang.Object, java.lang.Object, java.lang.Object, java.lang.Object, java.lang.Object, java.lang.Object, java.lang.Ob
Event: 183.975 Thread 0x00000294abc22f50 Exception <a 'java/lang/NoSuchMethodError'{0x0000000084144940}: 'java.lang.Object java.lang.invoke.DelegatingMethodHandle$Holder.reinvoke_L(java.lang.Object, java.lang.Object, java.lang.Object, java.lang.Object, java.lang.Object, java.lang.Object, java.lang.Object, java.lang.Object, java.lang.Object, java.lang.Object, java.lang.Object, java.lang.Object, java.lang.Object, java.lang.Object, java.lang.Object, java.lang.Object, java.lang.Object, java.lang.Object, java.lang.Object, java.lang.Object, java.lang.O
Event: 184.127 Thread 0x00000294abc22f50 Implicit null exception at 0x000002949972b34a to 0x000002949972b5c4
Event: 184.388 Thread 0x00000294abc22f50 Exception <a 'java/lang/NoSuchMethodError'{0x00000000839b6d30}: 'java.lang.Object java.lang.invoke.DirectMethodHandle$Holder.newInvokeSpecial(java.lang.Object, java.lang.Object, int, int)'> (0x00000000839b6d30) 
thrown [s\src\hotspot\share\interpreter\linkResolver.cpp, line 804]
Event: 184.508 Thread 0x00000294abc22f50 Exception <a 'java/lang/NoSuchMethodError'{0x0000000083813cf0}: 'void java.lang.invoke.DirectMethodHandle$Holder.invokeSpecial(java.lang.Object, java.lang.Object, int)'> (0x0000000083813cf0) 
thrown [s\src\hotspot\share\interpreter\linkResolver.cpp, line 804]
Event: 184.509 Thread 0x00000294abc22f50 Exception <a 'java/lang/NoSuchMethodError'{0x000000008381cc08}: 'void java.lang.invoke.Invokers$Holder.invokeExact_MT(java.lang.Object, int, java.lang.Object)'> (0x000000008381cc08) 
thrown [s\src\hotspot\share\interpreter\linkResolver.cpp, line 804]
Event: 185.374 Thread 0x00000294abc22f50 Exception <a 'java/lang/NoSuchMethodError'{0x000000008355ed18}: 'java.lang.Object java.lang.invoke.DirectMethodHandle$Holder.newInvokeSpecial(java.lang.Object, java.lang.Object, java.lang.Object, java.lang.Object, java.lang.Object, java.lang.Object, java.lang.Object, java.lang.Object, java.lang.Object, java.lang.Object, java.lang.Object)'> (0x000000008355ed18) 
thrown [s\src\hotspot\share\interpreter\linkResolver.cpp, line 804]
Event: 186.416 Thread 0x00000294abc22f50 Exception <a 'java/lang/NoSuchMethodError'{0x000000008326bf18}: 'java.lang.Object java.lang.invoke.Invokers$Holder.linkToTargetMethod(java.lang.Object, java.lang.Object, java.lang.Object, java.lang.Object, java.lang.Object, java.lang.Object, java.lang.Object, java.lang.Object, java.lang.Object, java.lang.Object, java.lang.Object, java.lang.Object)'> (0x000000008326bf18) 
thrown [s\src\hotspot\share\interpreter\linkResolver.cpp, line 804]
Event: 189.054 Thread 0x00000294abc22f50 Exception <a 'java/lang/NoSuchMethodError'{0x000000008fb1bbd8}: 'java.lang.Object java.lang.invoke.DelegatingMethodHandle$Holder.reinvoke_L(java.lang.Object, java.lang.Object, java.lang.Object, java.lang.Object, java.lang.Object, java.lang.Object, java.lang.Object, java.lang.Object, java.lang.Object, java.lang.Object, java.lang.Object, java.lang.Object, java.lang.Object, java.lang.Object, java.lang.Object, java.lang.Object, java.lang.Object, java.lang.Object, java.lang.Object, java.lang.Object, java.lang.O
Event: 189.061 Thread 0x00000294abc22f50 Exception <a 'java/lang/NoSuchMethodError'{0x000000008e1c2cb0}: 'java.lang.Object java.lang.invoke.DirectMethodHandle$Holder.invokeStatic(java.lang.Object, java.lang.Object, java.lang.Object, java.lang.Object, java.lang.Object, java.lang.Object, java.lang.Object, java.lang.Object, java.lang.Object, java.lang.Object, java.lang.Object, java.lang.Object, java.lang.Object, java.lang.Object, java.lang.Object, java.lang.Object, java.lang.Object, java.lang.Object, java.lang.Object, java.lang.Object, java.lang.Obj
Event: 189.070 Thread 0x00000294abc22f50 Exception <a 'java/lang/NoSuchMethodError'{0x000000008e005368}: 'java.lang.Object java.lang.invoke.DirectMethodHandle$Holder.invokeStatic(java.lang.Object, java.lang.Object, java.lang.Object, java.lang.Object, java.lang.Object, java.lang.Object, java.lang.Object, java.lang.Object, java.lang.Object, java.lang.Object, java.lang.Object, java.lang.Object, java.lang.Object, java.lang.Object, java.lang.Object, java.lang.Object, java.lang.Object, java.lang.Object, java.lang.Object, java.lang.Object, java.lang.Obj
Event: 189.073 Thread 0x00000294abc22f50 Exception <a 'java/lang/NoSuchMethodError'{0x000000008e0477d8}: 'java.lang.Object java.lang.invoke.DirectMethodHandle$Holder.invokeStatic(java.lang.Object, java.lang.Object, java.lang.Object, java.lang.Object, java.lang.Object, java.lang.Object, java.lang.Object, java.lang.Object, java.lang.Object, java.lang.Object, java.lang.Object, java.lang.Object, java.lang.Object, java.lang.Object, java.lang.Object, java.lang.Object, java.lang.Object, java.lang.Object, java.lang.Object, java.lang.Object, java.lang.Obj
Event: 189.075 Thread 0x00000294abc22f50 Exception <a 'java/lang/NoSuchMethodError'{0x000000008e08b4a0}: 'java.lang.Object java.lang.invoke.DirectMethodHandle$Holder.invokeStatic(java.lang.Object, java.lang.Object, java.lang.Object, java.lang.Object, java.lang.Object, java.lang.Object, java.lang.Object, java.lang.Object, java.lang.Object, java.lang.Object, java.lang.Object, java.lang.Object, java.lang.Object, java.lang.Object, java.lang.Object, java.lang.Object, java.lang.Object, java.lang.Object, java.lang.Object, java.lang.Object, java.lang.Obj
Event: 189.077 Thread 0x00000294abc22f50 Exception <a 'java/lang/NoSuchMethodError'{0x000000008e0cf890}: 'java.lang.Object java.lang.invoke.DirectMethodHandle$Holder.invokeStatic(java.lang.Object, java.lang.Object, java.lang.Object, java.lang.Object, java.lang.Object, java.lang.Object, java.lang.Object, java.lang.Object, java.lang.Object, java.lang.Object, java.lang.Object, java.lang.Object, java.lang.Object, java.lang.Object, java.lang.Object, java.lang.Object, java.lang.Object, java.lang.Object, java.lang.Object, java.lang.Object, java.lang.Obj
Event: 189.437 Thread 0x00000294abc22f50 Exception <a 'java/lang/IncompatibleClassChangeError'{0x0000000084c83e80}: Found class java.lang.Object, but interface was expected> (0x0000000084c83e80) 
thrown [s\src\hotspot\share\interpreter\linkResolver.cpp, line 871]
Event: 189.695 Thread 0x00000294abc22f50 Exception <a 'java/lang/NoSuchMethodError'{0x0000000084a1c2d8}: 'java.lang.Object java.lang.invoke.DirectMethodHandle$Holder.newInvokeSpecial(java.lang.Object, java.lang.Object, long)'> (0x0000000084a1c2d8) 
thrown [s\src\hotspot\share\interpreter\linkResolver.cpp, line 804]
Event: 189.695 Thread 0x00000294abc22f50 Exception <a 'java/lang/NoSuchMethodError'{0x0000000084a25ad8}: 'java.lang.Object java.lang.invoke.Invokers$Holder.linkToTargetMethod(java.lang.Object, long, java.lang.Object)'> (0x0000000084a25ad8) 
thrown [s\src\hotspot\share\interpreter\linkResolver.cpp, line 804]

VM Operations (20 events):
Event: 163.005 Executing safepoint VM operation: G1PauseCleanup
Event: 163.006 Executing safepoint VM operation: G1PauseCleanup done
Event: 180.185 Executing non-safepoint VM operation: HandshakeAllThreads (HandshakeForDeflation)
Event: 180.619 Executing non-safepoint VM operation: HandshakeAllThreads (HandshakeForDeflation) done
Event: 180.620 Executing non-safepoint VM operation: RendezvousGCThreads
Event: 180.620 Executing non-safepoint VM operation: RendezvousGCThreads done
Event: 182.778 Executing safepoint VM operation: G1CollectForAllocation (G1 Evacuation Pause)
Event: 182.784 Executing safepoint VM operation: G1CollectForAllocation (G1 Evacuation Pause) done
Event: 183.674 Executing non-safepoint VM operation: HandshakeAllThreads (Deoptimize)
Event: 183.675 Executing non-safepoint VM operation: HandshakeAllThreads (Deoptimize) done
Event: 184.142 Executing non-safepoint VM operation: HandshakeAllThreads (Deoptimize)
Event: 184.142 Executing non-safepoint VM operation: HandshakeAllThreads (Deoptimize) done
Event: 188.961 Executing safepoint VM operation: G1CollectForAllocation (G1 Evacuation Pause)
Event: 188.972 Executing safepoint VM operation: G1CollectForAllocation (G1 Evacuation Pause) done
Event: 189.442 Executing non-safepoint VM operation: HandshakeAllThreads (Deoptimize)
Event: 189.443 Executing non-safepoint VM operation: HandshakeAllThreads (Deoptimize) done
Event: 189.695 Executing non-safepoint VM operation: HandshakeAllThreads (Deoptimize)
Event: 189.695 Executing non-safepoint VM operation: HandshakeAllThreads (Deoptimize) done
Event: 189.697 Executing non-safepoint VM operation: HandshakeAllThreads (Deoptimize)
Event: 189.699 Executing non-safepoint VM operation: HandshakeAllThreads (Deoptimize) done

Memory protections (0 events):
No events

Nmethod flushes (0 events):
No events

Events (20 events):
Event: 10.542 Thread 0x00000294abc26600 Thread added: 0x00000294abb57480
Event: 12.115 Thread 0x00000294abc22f50 Thread added: 0x00000294abb58420
Event: 99.263 Thread 0x00000294abb57480 Thread exited: 0x00000294abb57480
Event: 112.047 Thread 0x00000294abc26600 Thread added: 0x00000294abb55d10
Event: 172.226 Thread 0x00000294abb55d10 Thread exited: 0x00000294abb55d10
Event: 172.801 Thread 0x00000294a68be000 Thread added: 0x00000294ab0850b0
Event: 172.802 Thread 0x00000294ab0850b0 Thread added: 0x00000294ab0858c0
Event: 172.802 Thread 0x00000294ab0858c0 Thread added: 0x00000294abe7de20
Event: 174.412 Thread 0x00000294abe7de20 Thread exited: 0x00000294abe7de20
Event: 174.417 Thread 0x00000294ab0858c0 Thread exited: 0x00000294ab0858c0
Event: 174.418 Thread 0x00000294ab0850b0 Thread exited: 0x00000294ab0850b0
Event: 177.878 Thread 0x00000294abc22f50 Thread added: 0x00000294abb54d70
Event: 179.584 Thread 0x00000294abc22f50 Thread added: 0x00000294abb5c2a0
Event: 182.860 Thread 0x00000294abc22f50 Thread added: 0x00000294ad6562c0
Event: 182.896 Thread 0x00000294abc22f50 Thread added: 0x00000294ad657a30
Event: 183.574 Thread 0x00000294abc22f50 Thread added: 0x00000294ad657260
Event: 183.804 Thread 0x00000294abc22f50 Thread added: 0x00000294ad6591a0
Event: 186.738 Thread 0x00000294abc22f50 Thread added: 0x00000294ad65b8b0
Event: 188.933 Thread 0x00000294abc22f50 Thread added: 0x00000294ad65c080
Event: 198.223 Thread 0x00000294abc26600 Thread added: 0x00000294ad65b0e0


Dynamic libraries:
0x00007ff7cc220000 - 0x00007ff7cc22e000 	C:\Program Files\Eclipse Adoptium\jdk-25.0.4.7-hotspot\bin\java.exe
0x00007ffff7ee0000 - 0x00007ffff8146000 	C:\WINDOWS\SYSTEM32\ntdll.dll
0x00007ffff7dd0000 - 0x00007ffff7e99000 	C:\WINDOWS\System32\KERNEL32.DLL
0x00007ffff54a0000 - 0x00007ffff589f000 	C:\WINDOWS\System32\KERNELBASE.dll
0x00007ffff50f0000 - 0x00007ffff523c000 	C:\WINDOWS\System32\ucrtbase.dll
0x00007fffc3320000 - 0x00007fffc333e000 	C:\Program Files\Eclipse Adoptium\jdk-25.0.4.7-hotspot\bin\VCRUNTIME140.dll
0x00007fffc44d0000 - 0x00007fffc44e6000 	C:\Program Files\Eclipse Adoptium\jdk-25.0.4.7-hotspot\bin\jli.dll
0x00007ffff6660000 - 0x00007ffff6826000 	C:\WINDOWS\System32\USER32.dll
0x00007fffdae90000 - 0x00007fffdb121000 	C:\WINDOWS\WinSxS\amd64_microsoft.windows.common-controls_6595b64144ccf1df_6.0.26100.8972_none_3e0da176e32f9d4b\COMCTL32.dll
0x00007ffff5aa0000 - 0x00007ffff5ac7000 	C:\WINDOWS\System32\win32u.dll
0x00007ffff5db0000 - 0x00007ffff5ddb000 	C:\WINDOWS\System32\GDI32.dll
0x00007ffff5970000 - 0x00007ffff5a99000 	C:\WINDOWS\System32\gdi32full.dll
0x00007ffff5b60000 - 0x00007ffff5c03000 	C:\WINDOWS\System32\msvcp_win.dll
0x00007ffff7020000 - 0x00007ffff70c9000 	C:\WINDOWS\System32\msvcrt.dll
0x00007ffff71f0000 - 0x00007ffff7222000 	C:\WINDOWS\System32\IMM32.DLL
0x00007fffceb40000 - 0x00007fffceb4c000 	C:\Program Files\Eclipse Adoptium\jdk-25.0.4.7-hotspot\bin\vcruntime140_1.dll
0x00007fffbd640000 - 0x00007fffbd6cd000 	C:\Program Files\Eclipse Adoptium\jdk-25.0.4.7-hotspot\bin\msvcp140.dll
0x00007fff65b20000 - 0x00007fff66a51000 	C:\Program Files\Eclipse Adoptium\jdk-25.0.4.7-hotspot\bin\server\jvm.dll
0x00007ffff6ae0000 - 0x00007ffff6b9c000 	C:\WINDOWS\System32\ADVAPI32.dll
0x00007ffff65b0000 - 0x00007ffff665a000 	C:\WINDOWS\System32\sechost.dll
0x00007ffff6830000 - 0x00007ffff6948000 	C:\WINDOWS\System32\RPCRT4.dll
0x00007ffff5de0000 - 0x00007ffff5e62000 	C:\WINDOWS\System32\WS2_32.dll
0x00007ffff49b0000 - 0x00007ffff4a0e000 	C:\WINDOWS\SYSTEM32\POWRPROF.dll
0x00007fffecf60000 - 0x00007fffecf6b000 	C:\WINDOWS\SYSTEM32\VERSION.dll
0x00007fffe7ae0000 - 0x00007fffe7b16000 	C:\WINDOWS\SYSTEM32\WINMM.dll
0x00007ffff4990000 - 0x00007ffff49a5000 	C:\WINDOWS\SYSTEM32\UMPDC.dll
0x00007ffff3da0000 - 0x00007ffff3dbb000 	C:\WINDOWS\SYSTEM32\kernel.appcore.dll
0x00007fffcdfb0000 - 0x00007fffcdfba000 	C:\Program Files\Eclipse Adoptium\jdk-25.0.4.7-hotspot\bin\jimage.dll
0x00007ffff2610000 - 0x00007ffff2852000 	C:\WINDOWS\SYSTEM32\DBGHELP.DLL
0x00007ffff79c0000 - 0x00007ffff7d45000 	C:\WINDOWS\System32\combase.dll
0x00007ffff6bb0000 - 0x00007ffff6c89000 	C:\WINDOWS\System32\OLEAUT32.dll
0x00007fffcc1e0000 - 0x00007fffcc21b000 	C:\WINDOWS\SYSTEM32\dbgcore.DLL
0x00007ffff53e0000 - 0x00007ffff548c000 	C:\WINDOWS\System32\bcryptPrimitives.dll
0x00007fffcdf50000 - 0x00007fffcdf5f000 	C:\Program Files\Eclipse Adoptium\jdk-25.0.4.7-hotspot\bin\instrument.dll
0x00007fffc0dc0000 - 0x00007fffc0dde000 	C:\Program Files\Eclipse Adoptium\jdk-25.0.4.7-hotspot\bin\java.dll
0x00007ffff5f80000 - 0x00007ffff6119000 	C:\WINDOWS\System32\ole32.dll
0x00007ffff7230000 - 0x00007ffff79b8000 	C:\WINDOWS\System32\SHELL32.dll
0x00007ffff2b80000 - 0x00007ffff341b000 	C:\WINDOWS\SYSTEM32\windows.storage.dll
0x00007ffff5c10000 - 0x00007ffff5d09000 	C:\WINDOWS\System32\SHCORE.dll
0x00007ffff5d10000 - 0x00007ffff5d76000 	C:\WINDOWS\System32\shlwapi.dll
0x00007ffff5010000 - 0x00007ffff5039000 	C:\WINDOWS\SYSTEM32\profapi.dll
0x00007fffc0da0000 - 0x00007fffc0db6000 	C:\Program Files\Eclipse Adoptium\jdk-25.0.4.7-hotspot\bin\zip.dll
0x00007fffc02b0000 - 0x00007fffc02c1000 	C:\Program Files\Eclipse Adoptium\jdk-25.0.4.7-hotspot\bin\net.dll
0x00007ffff4330000 - 0x00007ffff439c000 	C:\WINDOWS\system32\mswsock.dll
0x00007fffbedf0000 - 0x00007fffbee06000 	C:\Program Files\Eclipse Adoptium\jdk-25.0.4.7-hotspot\bin\nio.dll
0x00007fffccc50000 - 0x00007fffccc60000 	C:\Program Files\Eclipse Adoptium\jdk-25.0.4.7-hotspot\bin\verify.dll
0x00007fffc4ab0000 - 0x00007fffc4ad7000 	C:\Users\leona\.gradle\native\660c5614fbf4a5f2a75b1949f50a0caf5cd603558e7d8a26e50b933a0cfb79d1\windows-amd64\native-platform.dll
0x00007fffbbe00000 - 0x00007fffbbe77000 	C:\Users\leona\.gradle\native\0.2.8\x86_64-windows-gnu\gradle-fileevents.dll
0x00007fffcc710000 - 0x00007fffcc71a000 	C:\Program Files\Eclipse Adoptium\jdk-25.0.4.7-hotspot\bin\management.dll
0x00007fffcc300000 - 0x00007fffcc30c000 	C:\Program Files\Eclipse Adoptium\jdk-25.0.4.7-hotspot\bin\management_ext.dll
0x00007ffff5f70000 - 0x00007ffff5f78000 	C:\WINDOWS\System32\PSAPI.DLL
0x00007ffff3750000 - 0x00007ffff3783000 	C:\WINDOWS\SYSTEM32\IPHLPAPI.DLL
0x00007ffff6950000 - 0x00007ffff695a000 	C:\WINDOWS\System32\NSI.dll
0x00007fffcbc00000 - 0x00007fffcbc09000 	C:\Program Files\Eclipse Adoptium\jdk-25.0.4.7-hotspot\bin\extnet.dll
0x00007ffff4750000 - 0x00007ffff476b000 	C:\WINDOWS\SYSTEM32\CRYPTSP.dll
0x00007ffff3d00000 - 0x00007ffff3d39000 	C:\WINDOWS\system32\rsaenh.dll
0x00007ffff43e0000 - 0x00007ffff4412000 	C:\WINDOWS\SYSTEM32\USERENV.dll
0x00007ffff4fe0000 - 0x00007ffff500a000 	C:\WINDOWS\SYSTEM32\bcrypt.dll
0x00007ffff4590000 - 0x00007ffff459c000 	C:\WINDOWS\SYSTEM32\CRYPTBASE.dll
0x00007fffca5a0000 - 0x00007fffca5ae000 	C:\Program Files\Eclipse Adoptium\jdk-25.0.4.7-hotspot\bin\sunmscapi.dll
0x00007ffff5250000 - 0x00007ffff53ce000 	C:\WINDOWS\System32\CRYPT32.dll
0x00007ffff4950000 - 0x00007ffff4980000 	C:\WINDOWS\SYSTEM32\ncrypt.dll
0x00007ffff4900000 - 0x00007ffff493f000 	C:\WINDOWS\SYSTEM32\NTASN1.dll
0x00007fffe5710000 - 0x00007fffe5718000 	C:\WINDOWS\system32\wshunix.dll

JVMTI agents:
C:\Users\leona\.gradle\wrapper\dists\gradle-9.6.0-bin\42k10rwplmzkhuboz9kdazi7s\gradle-9.6.0\lib\agents\gradle-instrumentation-agent-9.6.0.jar path:C:\Program Files\Eclipse Adoptium\jdk-25.0.4.7-hotspot\bin\instrument.dll, loaded, initialized, instrumentlib options:none

dbghelp: loaded successfully - version: 4.0.5 - missing functions: none
symbol engine: initialized successfully - sym options: 0x614 - pdb path: .;C:\Program Files\Eclipse Adoptium\jdk-25.0.4.7-hotspot\bin;C:\WINDOWS\SYSTEM32;C:\WINDOWS\WinSxS\amd64_microsoft.windows.common-controls_6595b64144ccf1df_6.0.26100.8972_none_3e0da176e32f9d4b;C:\Program Files\Eclipse Adoptium\jdk-25.0.4.7-hotspot\bin\server;C:\Users\leona\.gradle\native\660c5614fbf4a5f2a75b1949f50a0caf5cd603558e7d8a26e50b933a0cfb79d1\windows-amd64;C:\Users\leona\.gradle\native\0.2.8\x86_64-windows-gnu

VM Arguments:
jvm_args: --add-opens=java.base/java.lang=ALL-UNNAMED --add-opens=java.base/java.lang.invoke=ALL-UNNAMED --add-opens=java.base/java.util=ALL-UNNAMED --add-opens=java.prefs/java.util.prefs=ALL-UNNAMED --add-exports=jdk.compiler/com.sun.tools.javac.api=ALL-UNNAMED --add-exports=jdk.compiler/com.sun.tools.javac.util=ALL-UNNAMED --add-opens=java.base/java.nio.charset=ALL-UNNAMED --add-opens=java.base/java.net=ALL-UNNAMED --add-opens=java.base/java.util.concurrent=ALL-UNNAMED --add-opens=java.base/java.util.concurrent.atomic=ALL-UNNAMED --add-opens=java.xml/javax.xml.namespace=ALL-UNNAMED --add-opens=java.base/java.time=ALL-UNNAMED --enable-native-access=ALL-UNNAMED -Xmx2048m -Dfile.encoding=UTF-8 -Duser.country=US -Duser.language=en -Duser.variant -javaagent:C:\Users\leona\.gradle\wrapper\dists\gradle-9.6.0-bin\42k10rwplmzkhuboz9kdazi7s\gradle-9.6.0\lib\agents\gradle-instrumentation-agent-9.6.0.jar 
java_command: org.gradle.launcher.daemon.bootstrap.GradleDaemon 9.6.0
java_class_path (initial): C:\Users\leona\.gradle\wrapper\dists\gradle-9.6.0-bin\42k10rwplmzkhuboz9kdazi7s\gradle-9.6.0\lib\gradle-daemon-main-9.6.0.jar
Launcher Type: SUN_STANDARD

[Global flags]
     intx CICompilerCount                          = 12                                        {product} {ergonomic}
     uint ConcGCThreads                            = 3                                         {product} {ergonomic}
     uint G1ConcRefinementThreads                  = 13                                        {product} {ergonomic}
   size_t G1HeapRegionSize                         = 1048576                                   {product} {ergonomic}
   size_t InitialHeapSize                          = 264241152                                 {product} {ergonomic}
   size_t MarkStackSize                            = 4194304                                   {product} {ergonomic}
   size_t MarkStackSizeMax                         = 536870912                                 {product} {ergonomic}
   size_t MaxHeapSize                              = 2147483648                                {product} {command line}
   size_t MaxNewSize                               = 1287651328                                {product} {ergonomic}
   size_t MinHeapDeltaBytes                        = 1048576                                   {product} {ergonomic}
   size_t MinHeapSize                              = 8388608                                   {product} {ergonomic}
    uintx NonNMethodCodeHeapSize                   = 7667712                                {pd product} {ergonomic}
    uintx NonProfiledCodeHeapSize                  = 122028032                              {pd product} {ergonomic}
    uintx ProfiledCodeHeapSize                     = 122028032                              {pd product} {ergonomic}
    uintx ReservedCodeCacheSize                    = 251723776                              {pd product} {ergonomic}
     bool SegmentedCodeCache                       = true                                      {product} {ergonomic}
   size_t SoftMaxHeapSize                          = 2147483648                             {manageable} {ergonomic}
     bool UseCompressedOops                        = true                           {product lp64_product} {ergonomic}
     bool UseG1GC                                  = true                                      {product} {ergonomic}
     bool UseLargePagesIndividualAllocation        = false                                  {pd product} {ergonomic}

Logging:
Log output configuration:
 #0: stdout all=warning uptime,level,tags foldmultilines=false
 #1: stderr all=off uptime,level,tags foldmultilines=false

Release file:
IMPLEMENTOR="Eclipse Adoptium" 
IMPLEMENTOR_VERSION="Temurin-25.0.4+7" 
JAVA_RUNTIME_VERSION="25.0.4+7-LTS" 
JAVA_VERSION="25.0.4" 
JAVA_VERSION_DATE="2026-07-21" 
LIBC="default" 
MODULES="java.base java.compiler java.datatransfer java.xml java.prefs java.desktop java.instrument java.logging java.management java.security.sasl java.naming java.rmi java.management.rmi java.net.http java.scripting java.security.jgss java.transaction.xa java.sql java.sql.rowset java.xml.crypto java.se java.smartcardio jdk.accessibility jdk.internal.jvmstat jdk.attach jdk.charsets jdk.internal.opt jdk.zipfs jdk.compiler jdk.crypto.cryptoki jdk.crypto.ec jdk.crypto.mscapi jdk.dynalink jdk.internal.ed jdk.editpad jdk.internal.vm.ci jdk.graal.compiler jdk.graal.compiler.management jdk.hotspot.agent jdk.httpserver jdk.incubator.vector jdk.internal.le jdk.internal.md jdk.jartool jdk.javadoc jdk.jcmd jdk.management jdk.management.agent jdk.jconsole jdk.jdeps jdk.jdwp.agent jdk.jdi jdk.jfr jdk.jlink jdk.jpackage jdk.jshell jdk.jsobject jdk.jstatd jdk.localedata jdk.management.jfr jdk.naming.dns jdk.naming.rmi jdk.net jdk.nio.mapmode jdk.sctp jdk.security.auth jdk.security.jgss jdk.unsupported jdk.unsupported.desktop jdk.xml.dom" 
OS_ARCH="x86_64" 
OS_NAME="Windows" 
SOURCE=".:git:a2ce02c38bc9" 
BUILD_SOURCE="git:e6ba7dec3d07654074559310376a3ae89da5f4ac"
BUILD_SOURCE_REPO="https://github.com/adoptium/temurin-build.git"
SOURCE_REPO="https://github.com/adoptium/jdk25u.git"
FULL_VERSION="25.0.4+7-LTS"
SEMANTIC_VERSION="25.0.4+7"
BUILD_INFO="OS: Windows Server 2022 Version: 10.0"
JVM_VARIANT="Hotspot"
JVM_VERSION="25.0.4+7-LTS"
IMAGE_TYPE="JDK"

Environment Variables:
PATH=C:\Program Files\Eclipse Adoptium\jdk-25.0.4.7-hotspot\bin;C:\Program Files (x86)\Common Files\Oracle\Java\java8path;C:\Program Files (x86)\Common Files\Oracle\Java\javapath;C:\Python314\Scripts\;C:\Python314\;C:\WINDOWS\system32;C:\WINDOWS;C:\WINDOWS\System32\Wbem;C:\WINDOWS\System32\WindowsPowerShell\v1.0\;C:\WINDOWS\System32\OpenSSH\;C:\Program Files\nodejs\;C:\ProgramData\chocolatey\bin;C:\Program Files (x86)\NVIDIA Corporation\PhysX\Common;C:\msys64\ucrt64\bin;C:\Program Files\Git\cmd;C:\Users\leona\AppData\Local\Programs\Python\Python313\Scripts\;C:\Users\leona\AppData\Local\Programs\Python\Python313\;C:\Users\leona\AppData\Local\Microsoft\WindowsApps;C:\Users\leona\AppData\Roaming\npm;C:\Users\leona\AppData\Local\Programs\Microsoft VS Code\bin
USERNAME=leona
OS=Windows_NT
PROCESSOR_IDENTIFIER=Intel64 Family 6 Model 186 Stepping 2, GenuineIntel
TMP=C:\Users\leona\AppData\Local\Temp
TEMP=C:\Users\leona\AppData\Local\Temp




Compilation memory statistics disabled.

Periodic native trim disabled

---------------  S Y S T E M  ---------------

OS:
 Windows 11 , 64 bit Build 26100 (10.0.26100.9168)
OS uptime: 3 days 8:05 hours
Hyper-V role detected

CPU: total 16 (initial active 16) (8 cores per cpu, 2 threads per core) family 6 model 186 stepping 2 microcode 0x410e, cx8, cmov, fxsr, ht, mmx, 3dnowpref, sse, sse2, sse3, ssse3, sse4.1, sse4.2, popcnt, lzcnt, tsc, tscinvbit, avx, avx2, aes, erms, clmul, bmi1, bmi2, adx, sha, fma, vzeroupper, clflush, clflushopt, clwb, hv, serialize, rdtscp, rdpid, fsrm, gfni, f16c, cet_ibt, cet_ss
Processor Information for the first 16 processors :
  Max Mhz: 2400, Current Mhz: 2400, Mhz Limit: 2400

Memory: 4k page, system-wide physical 16122M (1126M free)
TotalPageFile size 65274M (AvailPageFile size 59M)
current process WorkingSet (physical memory assigned to process): 28M, peak: 182M
current process commit charge ("private bytes"): 263M, peak: 447M

vm_info: OpenJDK 64-Bit Server VM (25.0.4+7-LTS) for windows-amd64 JRE (25.0.4+7-LTS), built on 2026-07-21T00:00:00Z with MS VC++ 17.12 (VS2022)

END.
