#
# There is insufficient memory for the Java Runtime Environment to continue.
# Native memory allocation (malloc) failed to allocate 1178968 bytes. Error detail: Chunk::new
# Possible reasons:
#   The system is out of physical RAM or swap space
#   This process is running with CompressedOops enabled, and the Java Heap may be blocking the growth of the native heap
# Possible solutions:
#   Reduce memory load on the system
#   Increase physical memory or swap space
#   Check if swap backing store is full
#   Decrease Java heap size (-Xmx/-Xms)
#   Decrease number of Java threads
#   Decrease Java thread stack sizes (-Xss)
#   Set larger code cache with -XX:ReservedCodeCacheSize=
#   JVM is running with Unscaled Compressed Oops mode in which the Java heap is
#     placed in the first 4GB address space. The Java Heap base address is the
#     maximum limit for the native heap growth. Please use -XX:HeapBaseMinAddress
#     to set the Java Heap base and to place the Java Heap above 4GB virtual address.
# This output file may be truncated or incomplete.
#
#  Out of Memory Error (arena.cpp:186), pid=20604, tid=17956
#
# JRE version: OpenJDK Runtime Environment Temurin-25.0.4+7 (25.0.4+7) (build 25.0.4+7-LTS)
# Java VM: OpenJDK 64-Bit Server VM Temurin-25.0.4+7 (25.0.4+7-LTS, mixed mode, sharing, tiered, compressed oops, compressed class ptrs, g1 gc, windows-amd64)
# No core dump will be written. Minidumps are not enabled by default on client versions of Windows
#

---------------  S U M M A R Y ------------

Command Line: --add-opens=java.base/java.lang=ALL-UNNAMED --add-opens=java.base/java.lang.invoke=ALL-UNNAMED --add-opens=java.base/java.util=ALL-UNNAMED --add-opens=java.prefs/java.util.prefs=ALL-UNNAMED --add-exports=jdk.compiler/com.sun.tools.javac.api=ALL-UNNAMED --add-exports=jdk.compiler/com.sun.tools.javac.util=ALL-UNNAMED --add-opens=java.base/java.nio.charset=ALL-UNNAMED --add-opens=java.base/java.net=ALL-UNNAMED --add-opens=java.base/java.util.concurrent=ALL-UNNAMED --add-opens=java.base/java.util.concurrent.atomic=ALL-UNNAMED --add-opens=java.xml/javax.xml.namespace=ALL-UNNAMED --add-opens=java.base/java.time=ALL-UNNAMED --enable-native-access=ALL-UNNAMED -Xmx2048m -Dfile.encoding=UTF-8 -Duser.country=US -Duser.language=en -Duser.variant -javaagent:C:\Users\leona\.gradle\wrapper\dists\gradle-9.6.0-bin\42k10rwplmzkhuboz9kdazi7s\gradle-9.6.0\lib\agents\gradle-instrumentation-agent-9.6.0.jar org.gradle.launcher.daemon.bootstrap.GradleDaemon 9.6.0

Host: 13th Gen Intel(R) Core(TM) i7-13620H, 16 cores, 15G,  Windows 11 , 64 bit Build 26100 (10.0.26100.9168)
Time: Fri Sep 11 00:42:35 2026 Central Standard Time (Mexico) elapsed time: 335.136554 seconds (0d 0h 5m 35s)

---------------  T H R E A D  ---------------

Current thread (0x0000017a48350600):  JavaThread "C2 CompilerThread0" daemon [_thread_in_native, id=17956, stack(0x0000002c2d500000,0x0000002c2d600000) (1024K)]


Current CompileTask:
C2:335140 4815   !   4       java.util.stream.ReferencePipeline$7$1FlatMap::accept (100 bytes)

Stack: [0x0000002c2d500000,0x0000002c2d600000]
Native frames: (J=compiled Java code, j=interpreted, Vv=VM code, C=native code)
V  [jvm.dll+0x7aba79]  (no source info available)
V  [jvm.dll+0x775a3d]  (no source info available)
V  [jvm.dll+0x9fb9ed]  (no source info available)
V  [jvm.dll+0x9fdfe1]  (no source info available)
V  [jvm.dll+0x9fe6f3]  (no source info available)
V  [jvm.dll+0x2fdb36]  (no source info available)
V  [jvm.dll+0x111936]  (no source info available)
V  [jvm.dll+0x111c5e]  (no source info available)
V  [jvm.dll+0x1a08d2]  (no source info available)
V  [jvm.dll+0x3b7292]  (no source info available)
V  [jvm.dll+0x7b13fc]  (no source info available)
V  [jvm.dll+0x2c0ef7]  (no source info available)
V  [jvm.dll+0x2bfebf]  (no source info available)
V  [jvm.dll+0x237a30]  (no source info available)
V  [jvm.dll+0x2cffb6]  (no source info available)
V  [jvm.dll+0x2ce23a]  (no source info available)
V  [jvm.dll+0x49131e]  (no source info available)
V  [jvm.dll+0x99cb1d]  (no source info available)
V  [jvm.dll+0x7aa025]  (no source info available)
C  [ucrtbase.dll+0x2cd30]  (no source info available)
C  [KERNEL32.DLL+0x2ccb7]  (no source info available)
C  [ntdll.dll+0xaad6c]  (no source info available)

Lock stack of current Java thread (top to bottom):


---------------  P R O C E S S  ---------------

Threads class SMR info:
_java_thread_list=0x0000017a4fdff400, length=32, elements={
0x0000017a2a9648c0, 0x0000017a4833ff40, 0x0000017a48340700, 0x0000017a48343d90,
0x0000017a48345e60, 0x0000017a483471c0, 0x0000017a4834c6b0, 0x0000017a48350600,
0x0000017a483529a0, 0x0000017a48907f70, 0x0000017a4895d510, 0x0000017a4f0297c0,
0x0000017a4f100f90, 0x0000017a4f102660, 0x0000017a4f1494c0, 0x0000017a4df0f9d0,
0x0000017a4df0caf0, 0x0000017a4df0d2c0, 0x0000017a4df0e260, 0x0000017a4835f240,
0x0000017a48aa2d50, 0x0000017a48aa44c0, 0x0000017a48aa6bd0, 0x0000017a48aa7b70,
0x0000017a4e0ef6c0, 0x0000017a4e0ee720, 0x0000017a4e0f3d10, 0x0000017a4e0f0660,
0x0000017a4e0f4cb0, 0x0000017a4fb2e5c0, 0x0000017a4fb2b6e0, 0x0000017a4fb2d620
}

Java Threads: ( => current thread )
  0x0000017a2a9648c0 JavaThread "main"                              [_thread_blocked, id=23768, stack(0x0000002c2c700000,0x0000002c2c800000) (1024K)]
  0x0000017a4833ff40 JavaThread "Reference Handler"          daemon [_thread_blocked, id=17404, stack(0x0000002c2cf00000,0x0000002c2d000000) (1024K)]
  0x0000017a48340700 JavaThread "Finalizer"                  daemon [_thread_blocked, id=6068, stack(0x0000002c2d000000,0x0000002c2d100000) (1024K)]
  0x0000017a48343d90 JavaThread "Signal Dispatcher"          daemon [_thread_blocked, id=14648, stack(0x0000002c2d100000,0x0000002c2d200000) (1024K)]
  0x0000017a48345e60 JavaThread "Attach Listener"            daemon [_thread_blocked, id=17252, stack(0x0000002c2d200000,0x0000002c2d300000) (1024K)]
  0x0000017a483471c0 JavaThread "Service Thread"             daemon [_thread_blocked, id=24564, stack(0x0000002c2d300000,0x0000002c2d400000) (1024K)]
  0x0000017a4834c6b0 JavaThread "Monitor Deflation Thread"   daemon [_thread_blocked, id=24540, stack(0x0000002c2d400000,0x0000002c2d500000) (1024K)]
=>0x0000017a48350600 JavaThread "C2 CompilerThread0"         daemon [_thread_in_native, id=17956, stack(0x0000002c2d500000,0x0000002c2d600000) (1024K)]
  0x0000017a483529a0 JavaThread "C1 CompilerThread0"         daemon [_thread_blocked, id=17540, stack(0x0000002c2d600000,0x0000002c2d700000) (1024K)]
  0x0000017a48907f70 JavaThread "Common-Cleaner"             daemon [_thread_blocked, id=22812, stack(0x0000002c2d900000,0x0000002c2da00000) (1024K)]
  0x0000017a4895d510 JavaThread "Notification Thread"        daemon [_thread_blocked, id=24820, stack(0x0000002c2da00000,0x0000002c2db00000) (1024K)]
  0x0000017a4f0297c0 JavaThread "Daemon health stats"               [_thread_blocked, id=25420, stack(0x0000002c2e100000,0x0000002c2e200000) (1024K)]
  0x0000017a4f100f90 JavaThread "Incoming local TCP Connector on port 57568"        [_thread_in_native, id=24228, stack(0x0000002c2e200000,0x0000002c2e300000) (1024K)]
  0x0000017a4f102660 JavaThread "Daemon periodic checks"            [_thread_blocked, id=19948, stack(0x0000002c2d800000,0x0000002c2d900000) (1024K)]
  0x0000017a4f1494c0 JavaThread "Daemon"                            [_thread_blocked, id=24920, stack(0x0000002c2e300000,0x0000002c2e400000) (1024K)]
  0x0000017a4df0f9d0 JavaThread "Handler for socket connection from /127.0.0.1:57568 to /127.0.0.1:57572"        [_thread_in_native, id=24236, stack(0x0000002c2e400000,0x0000002c2e500000) (1024K)]
  0x0000017a4df0caf0 JavaThread "Cancel handler"                    [_thread_blocked, id=24008, stack(0x0000002c2db00000,0x0000002c2dc00000) (1024K)]
  0x0000017a4df0d2c0 JavaThread "Daemon worker"                     [_thread_blocked, id=25492, stack(0x0000002c2e500000,0x0000002c2e600000) (1024K)]
  0x0000017a4df0e260 JavaThread "Asynchronous log dispatcher for DefaultDaemonConnection: socket connection from /127.0.0.1:57568 to /127.0.0.1:57572"        [_thread_blocked, id=25516, stack(0x0000002c2e600000,0x0000002c2e700000) (1024K)]
  0x0000017a4835f240 JavaThread "Stdin handler"                     [_thread_blocked, id=5084, stack(0x0000002c2e700000,0x0000002c2e800000) (1024K)]
  0x0000017a48aa2d50 JavaThread "Daemon client event forwarder"        [_thread_blocked, id=25140, stack(0x0000002c2e800000,0x0000002c2e900000) (1024K)]
  0x0000017a48aa44c0 JavaThread "Cache worker for journal cache (C:\Users\leona\.gradle\caches\journal-1)"        [_thread_blocked, id=15852, stack(0x0000002c2e900000,0x0000002c2ea00000) (1024K)]
  0x0000017a48aa6bd0 JavaThread "File lock request listener"        [_thread_in_native, id=9052, stack(0x0000002c2ea00000,0x0000002c2eb00000) (1024K)]
  0x0000017a48aa7b70 JavaThread "Cache worker for file hash cache (C:\Users\leona\.gradle\caches\9.6.0\fileHashes)"        [_thread_blocked, id=19572, stack(0x0000002c2ec00000,0x0000002c2ed00000) (1024K)]
  0x0000017a4e0ef6c0 JavaThread "Cache worker for file hash cache (C:\Users\leona\AndroidStudioProjects\Fondly\.gradle\9.6.0\fileHashes)"        [_thread_blocked, id=27412, stack(0x0000002c2f400000,0x0000002c2f500000) (1024K)]
  0x0000017a4e0ee720 JavaThread "Cache worker for Build Output Cleanup Cache (C:\Users\leona\AndroidStudioProjects\Fondly\.gradle\buildOutputCleanup)"        [_thread_blocked, id=26716, stack(0x0000002c2f700000,0x0000002c2f800000) (1024K)]
  0x0000017a4e0f3d10 JavaThread "File watcher server"        daemon [_thread_in_native, id=28540, stack(0x0000002c2c400000,0x0000002c2c500000) (1024K)]
  0x0000017a4e0f0660 JavaThread "File watcher consumer"      daemon [_thread_blocked, id=27396, stack(0x0000002c2f300000,0x0000002c2f400000) (1024K)]
  0x0000017a4e0f4cb0 JavaThread "Cache worker for file content cache (C:\Users\leona\.gradle\caches\9.6.0\fileContent)"        [_thread_blocked, id=28696, stack(0x0000002c2f800000,0x0000002c2f900000) (1024K)]
  0x0000017a4fb2e5c0 JavaThread "Cache worker for checksums cache (C:\Users\leona\AndroidStudioProjects\Fondly\.gradle\9.6.0\checksums)"        [_thread_blocked, id=29248, stack(0x0000002c2fa00000,0x0000002c2fb00000) (1024K)]
  0x0000017a4fb2b6e0 JavaThread "Cache worker for cache directory md-supplier (C:\Users\leona\.gradle\caches\9.6.0\md-supplier)"        [_thread_blocked, id=30428, stack(0x0000002c2f900000,0x0000002c2fa00000) (1024K)]
  0x0000017a4fb2d620 JavaThread "Cache worker for cache directory md-rule (C:\Users\leona\.gradle\caches\9.6.0\md-rule)"        [_thread_blocked, id=9900, stack(0x0000002c2fb00000,0x0000002c2fc00000) (1024K)]
Total: 32

Other Threads:
  0x0000017a4832b790 VMThread "VM Thread"                           [id=23772, stack(0x0000002c2ce00000,0x0000002c2cf00000) (1024K)]
  0x0000017a481fbf80 WatcherThread "VM Periodic Task Thread"        [id=23648, stack(0x0000002c2cd00000,0x0000002c2ce00000) (1024K)]
  0x0000017a2a9c3920 WorkerThread "GC Thread#0"                     [id=24536, stack(0x0000002c2c800000,0x0000002c2c900000) (1024K)]
  0x0000017a4deed2d0 WorkerThread "GC Thread#1"                     [id=24328, stack(0x0000002c2dc00000,0x0000002c2dd00000) (1024K)]
  0x0000017a4deed700 WorkerThread "GC Thread#2"                     [id=24864, stack(0x0000002c2dd00000,0x0000002c2de00000) (1024K)]
  0x0000017a4dea9a70 WorkerThread "GC Thread#3"                     [id=23404, stack(0x0000002c2de00000,0x0000002c2df00000) (1024K)]
  0x0000017a4def5b50 WorkerThread "GC Thread#4"                     [id=14788, stack(0x0000002c2df00000,0x0000002c2e000000) (1024K)]
  0x0000017a4def5f80 WorkerThread "GC Thread#5"                     [id=19520, stack(0x0000002c2e000000,0x0000002c2e100000) (1024K)]
  0x0000017a4f1185b0 WorkerThread "GC Thread#6"                     [id=25756, stack(0x0000002c2d700000,0x0000002c2d800000) (1024K)]
  0x0000017a4f11a830 WorkerThread "GC Thread#7"                     [id=25760, stack(0x0000002c2ed00000,0x0000002c2ee00000) (1024K)]
  0x0000017a4f1192a0 WorkerThread "GC Thread#8"                     [id=25764, stack(0x0000002c2ee00000,0x0000002c2ef00000) (1024K)]
  0x0000017a4f117470 WorkerThread "GC Thread#9"                     [id=25768, stack(0x0000002c2ef00000,0x0000002c2f000000) (1024K)]
  0x0000017a4f11a3e0 WorkerThread "GC Thread#10"                    [id=25772, stack(0x0000002c2f000000,0x0000002c2f100000) (1024K)]
  0x0000017a4f11b520 WorkerThread "GC Thread#11"                    [id=25776, stack(0x0000002c2f100000,0x0000002c2f200000) (1024K)]
  0x0000017a4f1178c0 WorkerThread "GC Thread#12"                    [id=25780, stack(0x0000002c2f200000,0x0000002c2f300000) (1024K)]
  0x0000017a2a9dcbd0 ConcurrentGCThread "G1 Main Marker"            [id=25084, stack(0x0000002c2c900000,0x0000002c2ca00000) (1024K)]
  0x0000017a2a9df470 WorkerThread "G1 Conc#0"                       [id=24560, stack(0x0000002c2ca00000,0x0000002c2cb00000) (1024K)]
  0x0000017a4f118a00 WorkerThread "G1 Conc#1"                       [id=26632, stack(0x0000002c2f500000,0x0000002c2f600000) (1024K)]
  0x0000017a4f11bdc0 WorkerThread "G1 Conc#2"                       [id=26636, stack(0x0000002c2f600000,0x0000002c2f700000) (1024K)]
  0x0000017a481e0930 ConcurrentGCThread "G1 Refine#0"               [id=20600, stack(0x0000002c2cb00000,0x0000002c2cc00000) (1024K)]
  0x0000017a481e3350 ConcurrentGCThread "G1 Service"                [id=23876, stack(0x0000002c2cc00000,0x0000002c2cd00000) (1024K)]
Total: 21

Threads with active compile tasks:
C2 CompilerThread0  335531 4815   !   4       java.util.stream.ReferencePipeline$7$1FlatMap::accept (100 bytes)
Total: 1

VM state: not at safepoint (normal execution)

VM Mutex/Monitor currently owned by a thread: None

Heap address: 0x0000000080000000, size: 2048 MB, Compressed Oops mode: 32-bit

CDS archive(s) mapped at: [0x000000001c000000-0x000000001cdb0000-0x000000001cdb0000), size 14352384, SharedBaseAddress: 0x000000001c000000, ArchiveRelocationMode: 1.
Compressed class space mapped at: 0x000000001d000000-0x000000005d000000, reserved size: 1073741824
UseCompressedClassPointers 1, UseCompactObjectHeaders 0
Narrow klass pointer bits 32, Max shift 3
Narrow klass base: 0x000000001c000000, Narrow klass shift: 0
Encoding Range: [0x000000001c000000 - 0x000000011c000000), (4294967296 bytes)
Klass Range:    [0x000000001c010000 - 0x000000005d000000), (1090453504 bytes)
Klass ID Range:  [65536 - 1090519033) (1090453497)
Protection zone: [0x000000001c000000 - 0x000000001c010000), (65536 bytes)

GC Precious Log:
 CardTable entry size: 512
 Card Set container configuration: InlinePtr #cards 5 size 8 Array Of Cards #cards 10 size 36 Howl #buckets 4 coarsen threshold 1843 Howl Bitmap #cards 512 size 80 coarsen threshold 460 Card regions per heap region 1 cards per card region 2048
 CPUs: 16 total, 16 available
 Memory: 16122M
 Large Page Support: Disabled
 NUMA Support: Disabled
 Compressed Oops: Enabled (32-bit)
 Heap Region Size: 1M
 Heap Min Capacity: 8M
 Heap Initial Capacity: 252M
 Heap Max Capacity: 2G
 Pre-touch: Disabled
 Parallel Workers: 13
 Concurrent Workers: 3
 Concurrent Refinement Workers: 13
 Periodic GC: Disabled

Heap:
 garbage-first heap   total reserved 2097152K, committed 89088K, used 65738K [0x0000000080000000, 0x0000000100000000)
  region size 1024K, 42 young (43008K), 5 survivors (5120K)

Heap Regions: E=young(eden), S=young(survivor), O=old, HS=humongous(starts), HC=humongous(continues), CS=collection set, F=free, TAMS=top-at-mark-start, PB=parsable bottom
|   0|0x0000000080000000, 0x0000000080100000, 0x0000000080100000|100%|HS|  |TAMS 0x0000000080000000| PB 0x0000000080000000| Complete |  0
|   1|0x0000000080100000, 0x0000000080200000, 0x0000000080200000|100%|HC|  |TAMS 0x0000000080100000| PB 0x0000000080100000| Complete |  0
|   2|0x0000000080200000, 0x0000000080300000, 0x0000000080300000|100%|HC|  |TAMS 0x0000000080200000| PB 0x0000000080200000| Complete |  0
|   3|0x0000000080300000, 0x0000000080400000, 0x0000000080400000|100%|HC|  |TAMS 0x0000000080300000| PB 0x0000000080300000| Complete |  0
|   4|0x0000000080400000, 0x0000000080500000, 0x0000000080500000|100%| O|  |TAMS 0x0000000080400000| PB 0x0000000080400000| Untracked |  0
|   5|0x0000000080500000, 0x0000000080600000, 0x0000000080600000|100%| O|  |TAMS 0x0000000080500000| PB 0x0000000080500000| Untracked |  0
|   6|0x0000000080600000, 0x0000000080700000, 0x0000000080700000|100%|HS|  |TAMS 0x0000000080600000| PB 0x0000000080600000| Complete |  0
|   7|0x0000000080700000, 0x0000000080800000, 0x0000000080800000|100%| O|  |TAMS 0x0000000080700000| PB 0x0000000080700000| Untracked |  0
|   8|0x0000000080800000, 0x0000000080900000, 0x0000000080900000|100%| O|  |TAMS 0x0000000080800000| PB 0x0000000080800000| Untracked |  0
|   9|0x0000000080900000, 0x0000000080a00000, 0x0000000080a00000|100%| O|  |TAMS 0x0000000080900000| PB 0x0000000080900000| Untracked |  0
|  10|0x0000000080a00000, 0x0000000080b00000, 0x0000000080b00000|100%| O|  |TAMS 0x0000000080a00000| PB 0x0000000080a00000| Untracked |  0
|  11|0x0000000080b00000, 0x0000000080c00000, 0x0000000080c00000|100%| O|  |TAMS 0x0000000080b00000| PB 0x0000000080b00000| Untracked |  0
|  12|0x0000000080c00000, 0x0000000080d00000, 0x0000000080d00000|100%| O|  |TAMS 0x0000000080c00000| PB 0x0000000080c00000| Untracked |  0
|  13|0x0000000080d00000, 0x0000000080d32808, 0x0000000080e00000| 19%| O|  |TAMS 0x0000000080d00000| PB 0x0000000080d00000| Untracked |  0
|  14|0x0000000080e00000, 0x0000000080f00000, 0x0000000080f00000|100%| O|  |TAMS 0x0000000080e00000| PB 0x0000000080e00000| Untracked |  0
|  15|0x0000000080f00000, 0x0000000081000000, 0x0000000081000000|100%| O|  |TAMS 0x0000000080f00000| PB 0x0000000080f00000| Untracked |  0
|  16|0x0000000081000000, 0x0000000081100000, 0x0000000081100000|100%| O|  |TAMS 0x0000000081000000| PB 0x0000000081000000| Untracked |  0
|  17|0x0000000081100000, 0x0000000081200000, 0x0000000081200000|100%| O|  |TAMS 0x0000000081100000| PB 0x0000000081100000| Untracked |  0
|  18|0x0000000081200000, 0x0000000081300000, 0x0000000081300000|100%| O|  |TAMS 0x0000000081200000| PB 0x0000000081200000| Untracked |  0
|  19|0x0000000081300000, 0x0000000081400000, 0x0000000081400000|100%| O|  |TAMS 0x0000000081300000| PB 0x0000000081300000| Untracked |  0
|  20|0x0000000081400000, 0x0000000081500000, 0x0000000081500000|100%| O|  |TAMS 0x0000000081400000| PB 0x0000000081400000| Untracked |  0
|  21|0x0000000081500000, 0x0000000081600000, 0x0000000081600000|100%| O|  |TAMS 0x0000000081500000| PB 0x0000000081500000| Untracked |  0
|  22|0x0000000081600000, 0x0000000081700000, 0x0000000081700000|100%| O|  |TAMS 0x0000000081600000| PB 0x0000000081600000| Untracked |  0
|  23|0x0000000081700000, 0x0000000081700000, 0x0000000081800000|  0%| F|  |TAMS 0x0000000081700000| PB 0x0000000081700000| Untracked |  0
|  24|0x0000000081800000, 0x0000000081800000, 0x0000000081900000|  0%| F|  |TAMS 0x0000000081800000| PB 0x0000000081800000| Untracked |  0
|  25|0x0000000081900000, 0x0000000081900000, 0x0000000081a00000|  0%| F|  |TAMS 0x0000000081900000| PB 0x0000000081900000| Untracked |  0
|  26|0x0000000081a00000, 0x0000000081a00000, 0x0000000081b00000|  0%| F|  |TAMS 0x0000000081a00000| PB 0x0000000081a00000| Untracked |  0
|  27|0x0000000081b00000, 0x0000000081b00000, 0x0000000081c00000|  0%| F|  |TAMS 0x0000000081b00000| PB 0x0000000081b00000| Untracked |  0
|  28|0x0000000081c00000, 0x0000000081c00000, 0x0000000081d00000|  0%| F|  |TAMS 0x0000000081c00000| PB 0x0000000081c00000| Untracked |  0
|  29|0x0000000081d00000, 0x0000000081d00000, 0x0000000081e00000|  0%| F|  |TAMS 0x0000000081d00000| PB 0x0000000081d00000| Untracked |  0
|  30|0x0000000081e00000, 0x0000000081e00000, 0x0000000081f00000|  0%| F|  |TAMS 0x0000000081e00000| PB 0x0000000081e00000| Untracked |  0
|  31|0x0000000081f00000, 0x0000000081f00000, 0x0000000082000000|  0%| F|  |TAMS 0x0000000081f00000| PB 0x0000000081f00000| Untracked |  0
|  32|0x0000000082000000, 0x0000000082000000, 0x0000000082100000|  0%| F|  |TAMS 0x0000000082000000| PB 0x0000000082000000| Untracked |  0
|  33|0x0000000082100000, 0x0000000082100000, 0x0000000082200000|  0%| F|  |TAMS 0x0000000082100000| PB 0x0000000082100000| Untracked |  0
|  34|0x0000000082200000, 0x0000000082200000, 0x0000000082300000|  0%| F|  |TAMS 0x0000000082200000| PB 0x0000000082200000| Untracked |  0
|  35|0x0000000082300000, 0x0000000082300000, 0x0000000082400000|  0%| F|  |TAMS 0x0000000082300000| PB 0x0000000082300000| Untracked |  0
|  36|0x0000000082400000, 0x0000000082400000, 0x0000000082500000|  0%| F|  |TAMS 0x0000000082400000| PB 0x0000000082400000| Untracked |  0
|  37|0x0000000082500000, 0x0000000082500000, 0x0000000082600000|  0%| F|  |TAMS 0x0000000082500000| PB 0x0000000082500000| Untracked |  0
|  38|0x0000000082600000, 0x0000000082600000, 0x0000000082700000|  0%| F|  |TAMS 0x0000000082600000| PB 0x0000000082600000| Untracked |  0
|  39|0x0000000082700000, 0x0000000082700000, 0x0000000082800000|  0%| F|  |TAMS 0x0000000082700000| PB 0x0000000082700000| Untracked |  0
|  40|0x0000000082800000, 0x0000000082800000, 0x0000000082900000|  0%| F|  |TAMS 0x0000000082800000| PB 0x0000000082800000| Untracked |  0
|  41|0x0000000082900000, 0x0000000082900000, 0x0000000082a00000|  0%| F|  |TAMS 0x0000000082900000| PB 0x0000000082900000| Untracked |  0
|  42|0x0000000082a00000, 0x0000000082b00000, 0x0000000082b00000|100%| S|CS|TAMS 0x0000000082a00000| PB 0x0000000082a00000| Complete |  0
|  43|0x0000000082b00000, 0x0000000082c00000, 0x0000000082c00000|100%| S|CS|TAMS 0x0000000082b00000| PB 0x0000000082b00000| Complete |  0
|  44|0x0000000082c00000, 0x0000000082d00000, 0x0000000082d00000|100%| S|CS|TAMS 0x0000000082c00000| PB 0x0000000082c00000| Complete |  0
|  45|0x0000000082d00000, 0x0000000082e00000, 0x0000000082e00000|100%| S|CS|TAMS 0x0000000082d00000| PB 0x0000000082d00000| Complete |  0
|  46|0x0000000082e00000, 0x0000000082f00000, 0x0000000082f00000|100%| S|CS|TAMS 0x0000000082e00000| PB 0x0000000082e00000| Complete |  0
|  47|0x0000000082f00000, 0x0000000082f00000, 0x0000000083000000|  0%| F|  |TAMS 0x0000000082f00000| PB 0x0000000082f00000| Untracked |  0
|  48|0x0000000083000000, 0x0000000083000000, 0x0000000083100000|  0%| F|  |TAMS 0x0000000083000000| PB 0x0000000083000000| Untracked |  0
|  49|0x0000000083100000, 0x00000000831fb270, 0x0000000083200000| 98%| E|  |TAMS 0x0000000083100000| PB 0x0000000083100000| Complete |  0
|  50|0x0000000083200000, 0x0000000083300000, 0x0000000083300000|100%| E|CS|TAMS 0x0000000083200000| PB 0x0000000083200000| Complete |  0
|  51|0x0000000083300000, 0x0000000083400000, 0x0000000083400000|100%| E|CS|TAMS 0x0000000083300000| PB 0x0000000083300000| Complete |  0
|  52|0x0000000083400000, 0x0000000083500000, 0x0000000083500000|100%| E|CS|TAMS 0x0000000083400000| PB 0x0000000083400000| Complete |  0
|  53|0x0000000083500000, 0x0000000083600000, 0x0000000083600000|100%| E|CS|TAMS 0x0000000083500000| PB 0x0000000083500000| Complete |  0
|  54|0x0000000083600000, 0x0000000083700000, 0x0000000083700000|100%| E|CS|TAMS 0x0000000083600000| PB 0x0000000083600000| Complete |  0
|  55|0x0000000083700000, 0x0000000083800000, 0x0000000083800000|100%| E|CS|TAMS 0x0000000083700000| PB 0x0000000083700000| Complete |  0
|  56|0x0000000083800000, 0x0000000083900000, 0x0000000083900000|100%| E|CS|TAMS 0x0000000083800000| PB 0x0000000083800000| Complete |  0
|  57|0x0000000083900000, 0x0000000083a00000, 0x0000000083a00000|100%| E|CS|TAMS 0x0000000083900000| PB 0x0000000083900000| Complete |  0
|  58|0x0000000083a00000, 0x0000000083b00000, 0x0000000083b00000|100%| E|CS|TAMS 0x0000000083a00000| PB 0x0000000083a00000| Complete |  0
|  59|0x0000000083b00000, 0x0000000083c00000, 0x0000000083c00000|100%| E|CS|TAMS 0x0000000083b00000| PB 0x0000000083b00000| Complete |  0
|  60|0x0000000083c00000, 0x0000000083d00000, 0x0000000083d00000|100%| E|CS|TAMS 0x0000000083c00000| PB 0x0000000083c00000| Complete |  0
|  61|0x0000000083d00000, 0x0000000083e00000, 0x0000000083e00000|100%| E|CS|TAMS 0x0000000083d00000| PB 0x0000000083d00000| Complete |  0
|  62|0x0000000083e00000, 0x0000000083f00000, 0x0000000083f00000|100%| E|CS|TAMS 0x0000000083e00000| PB 0x0000000083e00000| Complete |  0
|  63|0x0000000083f00000, 0x0000000084000000, 0x0000000084000000|100%| E|CS|TAMS 0x0000000083f00000| PB 0x0000000083f00000| Complete |  0
|  64|0x0000000084000000, 0x0000000084100000, 0x0000000084100000|100%| E|CS|TAMS 0x0000000084000000| PB 0x0000000084000000| Complete |  0
|  65|0x0000000084100000, 0x0000000084200000, 0x0000000084200000|100%| E|CS|TAMS 0x0000000084100000| PB 0x0000000084100000| Complete |  0
|  66|0x0000000084200000, 0x0000000084300000, 0x0000000084300000|100%| E|CS|TAMS 0x0000000084200000| PB 0x0000000084200000| Complete |  0
|  67|0x0000000084300000, 0x0000000084400000, 0x0000000084400000|100%| E|CS|TAMS 0x0000000084300000| PB 0x0000000084300000| Complete |  0
|  68|0x0000000084400000, 0x0000000084500000, 0x0000000084500000|100%| E|CS|TAMS 0x0000000084400000| PB 0x0000000084400000| Complete |  0
|  69|0x0000000084500000, 0x0000000084600000, 0x0000000084600000|100%| E|CS|TAMS 0x0000000084500000| PB 0x0000000084500000| Complete |  0
|  70|0x0000000084600000, 0x0000000084700000, 0x0000000084700000|100%| E|CS|TAMS 0x0000000084600000| PB 0x0000000084600000| Complete |  0
|  71|0x0000000084700000, 0x0000000084800000, 0x0000000084800000|100%| E|CS|TAMS 0x0000000084700000| PB 0x0000000084700000| Complete |  0
|  72|0x0000000084800000, 0x0000000084900000, 0x0000000084900000|100%| E|CS|TAMS 0x0000000084800000| PB 0x0000000084800000| Complete |  0
|  73|0x0000000084900000, 0x0000000084a00000, 0x0000000084a00000|100%| E|CS|TAMS 0x0000000084900000| PB 0x0000000084900000| Complete |  0
| 224|0x000000008e000000, 0x000000008e100000, 0x000000008e100000|100%| E|CS|TAMS 0x000000008e000000| PB 0x000000008e000000| Complete |  0
| 225|0x000000008e100000, 0x000000008e200000, 0x000000008e200000|100%| E|CS|TAMS 0x000000008e100000| PB 0x000000008e100000| Complete |  0
| 226|0x000000008e200000, 0x000000008e300000, 0x000000008e300000|100%| E|CS|TAMS 0x000000008e200000| PB 0x000000008e200000| Complete |  0
| 227|0x000000008e300000, 0x000000008e400000, 0x000000008e400000|100%| E|CS|TAMS 0x000000008e300000| PB 0x000000008e300000| Complete |  0
| 228|0x000000008e400000, 0x000000008e500000, 0x000000008e500000|100%| E|CS|TAMS 0x000000008e400000| PB 0x000000008e400000| Complete |  0
| 229|0x000000008e500000, 0x000000008e600000, 0x000000008e600000|100%| E|CS|TAMS 0x000000008e500000| PB 0x000000008e500000| Complete |  0
| 230|0x000000008e600000, 0x000000008e700000, 0x000000008e700000|100%| E|CS|TAMS 0x000000008e600000| PB 0x000000008e600000| Complete |  0
| 231|0x000000008e700000, 0x000000008e800000, 0x000000008e800000|100%| E|CS|TAMS 0x000000008e700000| PB 0x000000008e700000| Complete |  0
| 232|0x000000008e800000, 0x000000008e900000, 0x000000008e900000|100%| E|CS|TAMS 0x000000008e800000| PB 0x000000008e800000| Complete |  0
| 233|0x000000008e900000, 0x000000008ea00000, 0x000000008ea00000|100%| E|CS|TAMS 0x000000008e900000| PB 0x000000008e900000| Complete |  0
| 251|0x000000008fb00000, 0x000000008fc00000, 0x000000008fc00000|100%| E|CS|TAMS 0x000000008fb00000| PB 0x000000008fb00000| Complete |  0
|2046|0x00000000ffe00000, 0x00000000fff00000, 0x00000000fff00000|100%| O|  |TAMS 0x00000000ffe00000| PB 0x00000000ffe00000| Untracked |  0
|2047|0x00000000fff00000, 0x0000000100000000, 0x0000000100000000|100%| E|CS|TAMS 0x00000000fff00000| PB 0x00000000fff00000| Complete |  0

Card table byte_map: [0x0000017a43220000,0x0000017a43620000] _byte_map_base: 0x0000017a42e20000

Marking Bits: (CMBitMap*) 0x0000017a2a9c40b0
 Bits: [0x0000017a43620000, 0x0000017a45620000)

Polling page: 0x0000017a289f0000

Metaspace:
Metaspace        used 31249K, committed 32640K, reserved 1114112K
 class space     used 4840K, committed 5504K, reserved 1048576K

Usage:
  Non-class:     25.79 MB used.
      Class:      4.73 MB used.
       Both:     30.52 MB used.

Virtual space:
  Non-class space:       64.00 MB reserved,      26.50 MB ( 41%) committed,  1 nodes.
      Class space:        1.00 GB reserved,       5.38 MB ( <1%) committed,  1 nodes.
             Both:        1.06 GB reserved,      31.88 MB (  3%) committed. 

Chunk freelists:
   Non-Class:  5.03 MB
       Class:  10.48 MB
        Both:  15.51 MB

MaxMetaspaceSize: unlimited
CompressedClassSpaceSize: 1.00 GB
Initial GC threshold: 21.00 MB
Current GC threshold: 35.12 MB
CDS: on
 - commit_granule_bytes: 65536.
 - commit_granule_words: 8192.
 - virtual_space_node_default_size: 8388608.
 - enlarge_chunks_in_place: 1.
UseCompressedClassPointers 1, UseCompactObjectHeaders 0
Narrow klass pointer bits 32, Max shift 3
Narrow klass base: 0x000000001c000000, Narrow klass shift: 0
Encoding Range: [0x000000001c000000 - 0x000000011c000000), (4294967296 bytes)
Klass Range:    [0x000000001c010000 - 0x000000005d000000), (1090453504 bytes)
Klass ID Range:  [65536 - 1090519033) (1090453497)
Protection zone: [0x000000001c000000 - 0x000000001c010000), (65536 bytes)


Internal statistics:

num_allocs_failed_limit: 3.
num_arena_births: 2306.
num_arena_deaths: 0.
num_vsnodes_births: 2.
num_vsnodes_deaths: 0.
num_space_committed: 510.
num_space_uncommitted: 0.
num_chunks_returned_to_freelist: 3.
num_chunks_taken_from_freelist: 3812.
num_chunk_merges: 3.
num_chunk_splits: 2445.
num_chunks_enlarged: 1466.
num_inconsistent_stats: 0.

CodeHeap 'non-profiled nmethods': size=119168Kb used=1885Kb max_used=1885Kb free=117282Kb
 bounds [0x0000017a3b020000, 0x0000017a3b290000, 0x0000017a42480000]
CodeHeap 'profiled nmethods': size=119168Kb used=7504Kb max_used=7504Kb free=111663Kb
 bounds [0x0000017a33470000, 0x0000017a33bd0000, 0x0000017a3a8d0000]
CodeHeap 'non-nmethods': size=7488Kb used=1512Kb max_used=2663Kb free=5975Kb
 bounds [0x0000017a3a8d0000, 0x0000017a3abf0000, 0x0000017a3b020000]
CodeCache: size=245824Kb, used=10901Kb, max_used=12052Kb, free=234920Kb
 total_blobs=5425, nmethods=4792, adapters=535, full_count=0
Compilation: enabled, stopped_count=0, restarted_count=0

Compilation events (20 events):
Event: 312.791 Thread 0x0000017a483529a0 nmethod 4805 0x0000017a33bc1988 code [0x0000017a33bc1a80, 0x0000017a33bc1cd8]
Event: 312.828 Thread 0x0000017a48350600 4806       4       java.net.InetAddress::getByAddress (114 bytes)
Event: 312.837 Thread 0x0000017a48350600 nmethod 4806 0x0000017a3b1f3288 code [0x0000017a3b1f3380, 0x0000017a3b1f3ad8]
Event: 312.837 Thread 0x0000017a48350600 4807       4       java.net.Inet4Address::<init> (91 bytes)
Event: 312.839 Thread 0x0000017a48350600 nmethod 4807 0x0000017a3b1f3b08 code [0x0000017a3b1f3c00, 0x0000017a3b1f3f68]
Event: 313.645 Thread 0x0000017a48350600 4808   !   4       sun.nio.ch.NativeThreadSet::add (177 bytes)
Event: 313.646 Thread 0x0000017a48350600 nmethod 4808 0x0000017a3b1f3f88 code [0x0000017a3b1f4080, 0x0000017a3b1f4288]
Event: 313.804 Thread 0x0000017a48350600 4809   !   4       sun.nio.ch.NativeThreadSet::remove (132 bytes)
Event: 313.806 Thread 0x0000017a48350600 nmethod 4809 0x0000017a3b1f4308 code [0x0000017a3b1f4400, 0x0000017a3b1f46a0]
Event: 317.101 Thread 0x0000017a483529a0 4810   !   3       org.gradle.cache.internal.locklistener.FileLockPacketPayload::encode (92 bytes)
Event: 317.152 Thread 0x0000017a483529a0 nmethod 4810 0x0000017a33bc1d08 code [0x0000017a33bc1e00, 0x0000017a33bc3bb0]
Event: 322.728 Thread 0x0000017a48350600 4811       4       org.gradle.internal.remote.internal.inet.MultiChoiceAddressSerializer::read (95 bytes)
Event: 323.677 Thread 0x0000017a48350600 nmethod 4811 0x0000017a3b1f4708 code [0x0000017a3b1f4800, 0x0000017a3b1f6b30]
Event: 323.677 Thread 0x0000017a48350600 4812       4       org.gradle.internal.remote.internal.inet.MultiChoiceAddress::hashCode (8 bytes)
Event: 323.681 Thread 0x0000017a48350600 nmethod 4812 0x0000017a3b1f6b88 code [0x0000017a3b1f6c80, 0x0000017a3b1f6d20]
Event: 328.595 Thread 0x0000017a483529a0 4813       3       org.gradle.internal.logging.slf4j.BuildOperationAwareLogger::debug (18 bytes)
Event: 328.599 Thread 0x0000017a483529a0 nmethod 4813 0x0000017a33bc3c08 code [0x0000017a33bc3d00, 0x0000017a33bc4038]
Event: 329.097 Thread 0x0000017a48350600 4814       4       java.util.stream.ReduceOps$3ReducingSink::accept (15 bytes)
Event: 329.105 Thread 0x0000017a48350600 nmethod 4814 0x0000017a3b1f6e88 code [0x0000017a3b1f6f80, 0x0000017a3b1f76c8]
Event: 334.103 Thread 0x0000017a48350600 4815   !   4       java.util.stream.ReferencePipeline$7$1FlatMap::accept (100 bytes)

GC Heap Usage History (10 events):
Event: 1.328 {heap Before GC invocations=0 (full 0):
 garbage-first heap   total reserved 2097152K, committed 260096K, used 52374K [0x0000000080000000, 0x0000000100000000)
  region size 1024K, 47 young (48128K), 0 survivors (0K)
}
Event: 1.339 {heap After GC invocations=1 (full 0):
 garbage-first heap   total reserved 2097152K, committed 260096K, used 13159K [0x0000000080000000, 0x0000000100000000)
  region size 1024K, 6 young (6144K), 6 survivors (6144K)
}
Event: 21.350 {heap Before GC invocations=1 (full 0):
 garbage-first heap   total reserved 2097152K, committed 260096K, used 121703K [0x0000000080000000, 0x0000000100000000)
  region size 1024K, 110 young (112640K), 6 survivors (6144K)
}
Event: 21.676 {heap After GC invocations=2 (full 0):
 garbage-first heap   total reserved 2097152K, committed 260096K, used 23653K [0x0000000080000000, 0x0000000100000000)
  region size 1024K, 14 young (14336K), 14 survivors (14336K)
}
Event: 22.509 {heap Before GC invocations=2 (full 0):
 garbage-first heap   total reserved 2097152K, committed 260096K, used 41061K [0x0000000080000000, 0x0000000100000000)
  region size 1024K, 32 young (32768K), 14 survivors (14336K)
}
Event: 22.517 {heap After GC invocations=3 (full 0):
 garbage-first heap   total reserved 2097152K, committed 260096K, used 24928K [0x0000000080000000, 0x0000000100000000)
  region size 1024K, 10 young (10240K), 10 survivors (10240K)
}
Event: 42.323 {heap Before GC invocations=4 (full 0):
 garbage-first heap   total reserved 2097152K, committed 89088K, used 67936K [0x0000000080000000, 0x0000000100000000)
  region size 1024K, 52 young (53248K), 10 survivors (10240K)
}
Event: 42.333 {heap After GC invocations=5 (full 0):
 garbage-first heap   total reserved 2097152K, committed 89088K, used 27232K [0x0000000080000000, 0x0000000100000000)
  region size 1024K, 4 young (4096K), 4 survivors (4096K)
}
Event: 54.468 {heap Before GC invocations=5 (full 0):
 garbage-first heap   total reserved 2097152K, committed 89088K, used 66144K [0x0000000080000000, 0x0000000100000000)
  region size 1024K, 42 young (43008K), 4 survivors (4096K)
}
Event: 54.472 {heap After GC invocations=6 (full 0):
 garbage-first heap   total reserved 2097152K, committed 89088K, used 28874K [0x0000000080000000, 0x0000000100000000)
  region size 1024K, 5 young (5120K), 5 survivors (5120K)
}

Metaspace Usage History (10 events):
Event: 1.328 {metaspace Before GC invocations=0 (full 0):
 Metaspace       used 4623K, committed 4864K, reserved 1114112K
  class space    used 595K, committed 704K, reserved 1048576K
}
Event: 1.339 {metaspace After GC invocations=1 (full 0):
 Metaspace       used 4623K, committed 4864K, reserved 1114112K
  class space    used 595K, committed 704K, reserved 1048576K
}
Event: 21.350 {metaspace Before GC invocations=1 (full 0):
 Metaspace       used 18919K, committed 19456K, reserved 1114112K
  class space    used 2716K, committed 2944K, reserved 1048576K
}
Event: 21.676 {metaspace After GC invocations=2 (full 0):
 Metaspace       used 18919K, committed 19456K, reserved 1114112K
  class space    used 2716K, committed 2944K, reserved 1048576K
}
Event: 22.509 {metaspace Before GC invocations=2 (full 0):
 Metaspace       used 20822K, committed 21504K, reserved 1114112K
  class space    used 3058K, committed 3392K, reserved 1048576K
}
Event: 22.517 {metaspace After GC invocations=3 (full 0):
 Metaspace       used 20822K, committed 21504K, reserved 1114112K
  class space    used 3058K, committed 3392K, reserved 1048576K
}
Event: 42.323 {metaspace Before GC invocations=4 (full 0):
 Metaspace       used 25664K, committed 26624K, reserved 1114112K
  class space    used 3880K, committed 4352K, reserved 1048576K
}
Event: 42.333 {metaspace After GC invocations=5 (full 0):
 Metaspace       used 25664K, committed 26624K, reserved 1114112K
  class space    used 3880K, committed 4352K, reserved 1048576K
}
Event: 54.468 {metaspace Before GC invocations=5 (full 0):
 Metaspace       used 29418K, committed 30720K, reserved 1114112K
  class space    used 4556K, committed 5184K, reserved 1048576K
}
Event: 54.472 {metaspace After GC invocations=6 (full 0):
 Metaspace       used 29418K, committed 30720K, reserved 1114112K
  class space    used 4556K, committed 5184K, reserved 1048576K
}

Dll operation events (20 events):
Event: 0.122 Attempting to load shared library C:\Program Files\Eclipse Adoptium\jdk-25.0.4.7-hotspot\bin\nio.dll
Event: 0.122 Loaded shared library C:\Program Files\Eclipse Adoptium\jdk-25.0.4.7-hotspot\bin\nio.dll
Event: 0.140 Attempting to load shared library C:\Program Files\Eclipse Adoptium\jdk-25.0.4.7-hotspot\bin\zip.dll
Event: 0.140 Loaded shared library C:\Program Files\Eclipse Adoptium\jdk-25.0.4.7-hotspot\bin\zip.dll
Event: 0.357 Attempting to load shared library C:\Program Files\Eclipse Adoptium\jdk-25.0.4.7-hotspot\bin\jimage.dll
Event: 0.357 Loaded shared library C:\Program Files\Eclipse Adoptium\jdk-25.0.4.7-hotspot\bin\jimage.dll
Event: 0.642 Attempting to load shared library C:\Program Files\Eclipse Adoptium\jdk-25.0.4.7-hotspot\bin\verify.dll
Event: 0.643 Loaded shared library C:\Program Files\Eclipse Adoptium\jdk-25.0.4.7-hotspot\bin\verify.dll
Event: 0.679 Attempting to load shared library C:\Users\leona\.gradle\native\660c5614fbf4a5f2a75b1949f50a0caf5cd603558e7d8a26e50b933a0cfb79d1\windows-amd64\native-platform.dll
Event: 0.680 Loaded shared library C:\Users\leona\.gradle\native\660c5614fbf4a5f2a75b1949f50a0caf5cd603558e7d8a26e50b933a0cfb79d1\windows-amd64\native-platform.dll
Event: 0.700 Attempting to load shared library C:\Users\leona\.gradle\native\0.2.8\x86_64-windows-gnu\gradle-fileevents.dll
Event: 0.701 Loaded shared library C:\Users\leona\.gradle\native\0.2.8\x86_64-windows-gnu\gradle-fileevents.dll
Event: 2.021 Attempting to load shared library C:\Program Files\Eclipse Adoptium\jdk-25.0.4.7-hotspot\bin\management.dll
Event: 2.022 Loaded shared library C:\Program Files\Eclipse Adoptium\jdk-25.0.4.7-hotspot\bin\management.dll
Event: 2.026 Attempting to load shared library C:\Program Files\Eclipse Adoptium\jdk-25.0.4.7-hotspot\bin\management_ext.dll
Event: 2.027 Loaded shared library C:\Program Files\Eclipse Adoptium\jdk-25.0.4.7-hotspot\bin\management_ext.dll
Event: 2.264 Attempting to load shared library C:\Program Files\Eclipse Adoptium\jdk-25.0.4.7-hotspot\bin\extnet.dll
Event: 2.265 Loaded shared library C:\Program Files\Eclipse Adoptium\jdk-25.0.4.7-hotspot\bin\extnet.dll
Event: 3.744 Attempting to load shared library C:\Program Files\Eclipse Adoptium\jdk-25.0.4.7-hotspot\bin\sunmscapi.dll
Event: 3.806 Loaded shared library C:\Program Files\Eclipse Adoptium\jdk-25.0.4.7-hotspot\bin\sunmscapi.dll

Deoptimization events (20 events):
Event: 64.417 Thread 0x0000017a48aa44c0 Uncommon trap: trap_request=0xffffffc6 fr.pc=0x0000017a3b130dac relative=0x00000000000013ac
Event: 64.417 Thread 0x0000017a48aa44c0 Uncommon trap: reason=bimorphic_or_optimized_type_check action=maybe_recompile pc=0x0000017a3b130dac method=java.io.DataInputStream.readFully([BII)V @ 30 c2
Event: 64.417 Thread 0x0000017a48aa44c0 DEOPT PACKING pc=0x0000017a3b130dac sp=0x0000002c2e9fe1d0
Event: 64.417 Thread 0x0000017a48aa44c0 DEOPT UNPACKING pc=0x0000017a3a9ee982 sp=0x0000002c2e9fe1a8 mode 2
Event: 64.417 Thread 0x0000017a48aa44c0 Uncommon trap: trap_request=0xffffffc6 fr.pc=0x0000017a3b130dac relative=0x00000000000013ac
Event: 64.417 Thread 0x0000017a48aa44c0 Uncommon trap: reason=bimorphic_or_optimized_type_check action=maybe_recompile pc=0x0000017a3b130dac method=java.io.DataInputStream.readFully([BII)V @ 30 c2
Event: 64.417 Thread 0x0000017a48aa44c0 DEOPT PACKING pc=0x0000017a3b130dac sp=0x0000002c2e9fe1d0
Event: 64.417 Thread 0x0000017a48aa44c0 DEOPT UNPACKING pc=0x0000017a3a9ee982 sp=0x0000002c2e9fe1a8 mode 2
Event: 64.417 Thread 0x0000017a48aa44c0 Uncommon trap: trap_request=0xffffffc6 fr.pc=0x0000017a3b130dac relative=0x00000000000013ac
Event: 64.417 Thread 0x0000017a48aa44c0 Uncommon trap: reason=bimorphic_or_optimized_type_check action=maybe_recompile pc=0x0000017a3b130dac method=java.io.DataInputStream.readFully([BII)V @ 30 c2
Event: 64.417 Thread 0x0000017a48aa44c0 DEOPT PACKING pc=0x0000017a3b130dac sp=0x0000002c2e9fe1e0
Event: 64.417 Thread 0x0000017a48aa44c0 DEOPT UNPACKING pc=0x0000017a3a9ee982 sp=0x0000002c2e9fe1b8 mode 2
Event: 129.716 Thread 0x0000017a48aa7b70 Uncommon trap: trap_request=0xffffffde fr.pc=0x0000017a3b1caf24 relative=0x0000000000000ba4
Event: 129.717 Thread 0x0000017a48aa7b70 Uncommon trap: reason=class_check action=maybe_recompile pc=0x0000017a3b1caf24 method=java.io.BufferedInputStream.read([BII)I @ 100 c2
Event: 129.717 Thread 0x0000017a48aa7b70 DEOPT PACKING pc=0x0000017a3b1caf24 sp=0x0000002c2ecfe5e0
Event: 129.718 Thread 0x0000017a48aa7b70 DEOPT UNPACKING pc=0x0000017a3a9ee982 sp=0x0000002c2ecfe598 mode 2
Event: 283.768 Thread 0x0000017a4f102660 Uncommon trap: trap_request=0xffffff45 fr.pc=0x0000017a3b1dac28 relative=0x0000000000000428
Event: 283.770 Thread 0x0000017a4f102660 Uncommon trap: reason=unstable_if action=reinterpret pc=0x0000017a3b1dac28 method=java.io.DataInputStream.readBoolean()Z @ 4 c2
Event: 283.770 Thread 0x0000017a4f102660 DEOPT PACKING pc=0x0000017a3b1dac28 sp=0x0000002c2d8fe5e0
Event: 283.770 Thread 0x0000017a4f102660 DEOPT UNPACKING pc=0x0000017a3a9ee982 sp=0x0000002c2d8fe540 mode 2

Classes loaded (20 events):
Event: 54.544 Loading class java/lang/invoke/BoundMethodHandle$Species_LLLLLLLLLLLLLLLLLLLLLLLLLLLLLLL
Event: 54.544 Loading class java/lang/invoke/BoundMethodHandle$Species_LLLLLLLLLLLLLLLLLLLLLLLLLLLLLLL done
Event: 54.805 Loading class java/io/StringReader
Event: 54.805 Loading class java/io/StringReader done
Event: 54.816 Loading class java/math/MutableBigInteger
Event: 54.817 Loading class java/math/MutableBigInteger done
Event: 64.425 Loading class java/nio/charset/CharacterCodingException
Event: 64.426 Loading class java/nio/charset/CharacterCodingException done
Event: 65.777 Loading class java/nio/file/FileTreeWalker
Event: 65.781 Loading class java/nio/file/FileTreeWalker done
Event: 65.864 Loading class java/nio/file/FileTreeWalker$DirectoryNode
Event: 65.866 Loading class java/nio/file/FileTreeWalker$DirectoryNode done
Event: 65.867 Loading class java/nio/file/FileTreeWalker$Event
Event: 65.867 Loading class java/nio/file/FileTreeWalker$Event done
Event: 65.867 Loading class java/nio/file/FileTreeWalker$EventType
Event: 65.867 Loading class java/nio/file/FileTreeWalker$EventType done
Event: 65.868 Loading class java/nio/file/Files$3
Event: 65.868 Loading class java/nio/file/Files$3 done
Event: 65.875 Loading class java/nio/file/FileVisitResult
Event: 65.875 Loading class java/nio/file/FileVisitResult done

Classes unloaded (0 events):
No events

Classes redefined (0 events):
No events

Internal exceptions (20 events):
Event: 45.617 Thread 0x0000017a4df0d2c0 Exception <a 'java/lang/NoSuchMethodError'{0x00000000849a8388}: 'java.lang.Object java.lang.invoke.DirectMethodHandle$Holder.newInvokeSpecial(java.lang.Object, java.lang.Object, java.lang.Object, java.lang.Object, java.lang.Object, java.lang.Object, java.lang.Object, java.lang.Object, java.lang.Object, java.lang.Object, java.lang.Object, java.lang.Object)'> (0x00000000849a8388) 
thrown [s\src\hotspot\share\interpreter\linkResolver.cpp, line 804]
Event: 46.939 Thread 0x0000017a4df0d2c0 Exception <a 'java/lang/NoSuchMethodError'{0x00000000847560a8}: 'java.lang.Object java.lang.invoke.DirectMethodHandle$Holder.invokeSpecialIFC(java.lang.Object, java.lang.Object, java.lang.Object, java.lang.Object)'> (0x00000000847560a8) 
thrown [s\src\hotspot\share\interpreter\linkResolver.cpp, line 804]
Event: 47.028 Thread 0x0000017a4df0d2c0 Exception <a 'java/lang/NoSuchMethodError'{0x00000000845c7b08}: 'java.lang.Object java.lang.invoke.DirectMethodHandle$Holder.invokeVirtual(java.lang.Object, java.lang.Object, java.lang.Object, java.lang.Object, java.lang.Object, java.lang.Object, java.lang.Object, java.lang.Object, java.lang.Object, java.lang.Object, java.lang.Object, java.lang.Object, java.lang.Object, java.lang.Object, java.lang.Object, java.lang.Object, java.lang.Object, java.lang.Object, java.lang.Object, java.lang.Object, java.lang.Ob
Event: 47.029 Thread 0x0000017a4df0d2c0 Exception <a 'java/lang/NoSuchMethodError'{0x00000000845d2df0}: 'java.lang.Object java.lang.invoke.DirectMethodHandle$Holder.invokeSpecial(java.lang.Object, java.lang.Object, java.lang.Object, java.lang.Object, java.lang.Object, java.lang.Object, java.lang.Object, java.lang.Object, java.lang.Object, java.lang.Object, java.lang.Object, java.lang.Object, java.lang.Object, java.lang.Object, java.lang.Object, java.lang.Object, java.lang.Object, java.lang.Object, java.lang.Object, java.lang.Object, java.lang.Ob
Event: 47.029 Thread 0x0000017a4df0d2c0 Exception <a 'java/lang/NoSuchMethodError'{0x00000000845dd578}: 'java.lang.Object java.lang.invoke.DelegatingMethodHandle$Holder.reinvoke_L(java.lang.Object, java.lang.Object, java.lang.Object, java.lang.Object, java.lang.Object, java.lang.Object, java.lang.Object, java.lang.Object, java.lang.Object, java.lang.Object, java.lang.Object, java.lang.Object, java.lang.Object, java.lang.Object, java.lang.Object, java.lang.Object, java.lang.Object, java.lang.Object, java.lang.Object, java.lang.Object, java.lang.O
Event: 47.841 Thread 0x0000017a4df0d2c0 Implicit null exception at 0x0000017a3b0eaccc to 0x0000017a3b0eaf3c
Event: 52.830 Thread 0x0000017a4df0d2c0 Exception <a 'java/lang/NoSuchMethodError'{0x0000000083cc5de0}: 'java.lang.Object java.lang.invoke.DirectMethodHandle$Holder.newInvokeSpecial(java.lang.Object, java.lang.Object, int, int)'> (0x0000000083cc5de0) 
thrown [s\src\hotspot\share\interpreter\linkResolver.cpp, line 804]
Event: 52.979 Thread 0x0000017a4df0d2c0 Exception <a 'java/lang/NoSuchMethodError'{0x0000000083b213c0}: 'void java.lang.invoke.DirectMethodHandle$Holder.invokeSpecial(java.lang.Object, java.lang.Object, int)'> (0x0000000083b213c0) 
thrown [s\src\hotspot\share\interpreter\linkResolver.cpp, line 804]
Event: 52.980 Thread 0x0000017a4df0d2c0 Exception <a 'java/lang/NoSuchMethodError'{0x0000000083b2a2d8}: 'void java.lang.invoke.Invokers$Holder.invokeExact_MT(java.lang.Object, int, java.lang.Object)'> (0x0000000083b2a2d8) 
thrown [s\src\hotspot\share\interpreter\linkResolver.cpp, line 804]
Event: 53.106 Thread 0x0000017a4df0d2c0 Exception <a 'java/lang/NoSuchMethodError'{0x00000000838043c0}: 'java.lang.Object java.lang.invoke.DirectMethodHandle$Holder.newInvokeSpecial(java.lang.Object, java.lang.Object, java.lang.Object, java.lang.Object, java.lang.Object, java.lang.Object, java.lang.Object, java.lang.Object, java.lang.Object, java.lang.Object, java.lang.Object)'> (0x00000000838043c0) 
thrown [s\src\hotspot\share\interpreter\linkResolver.cpp, line 804]
Event: 53.570 Thread 0x0000017a4df0d2c0 Exception <a 'java/lang/NoSuchMethodError'{0x0000000083510300}: 'java.lang.Object java.lang.invoke.Invokers$Holder.linkToTargetMethod(java.lang.Object, java.lang.Object, java.lang.Object, java.lang.Object, java.lang.Object, java.lang.Object, java.lang.Object, java.lang.Object, java.lang.Object, java.lang.Object, java.lang.Object, java.lang.Object)'> (0x0000000083510300) 
thrown [s\src\hotspot\share\interpreter\linkResolver.cpp, line 804]
Event: 54.528 Thread 0x0000017a4df0d2c0 Exception <a 'java/lang/NoSuchMethodError'{0x000000008fb60670}: 'java.lang.Object java.lang.invoke.DelegatingMethodHandle$Holder.reinvoke_L(java.lang.Object, java.lang.Object, java.lang.Object, java.lang.Object, java.lang.Object, java.lang.Object, java.lang.Object, java.lang.Object, java.lang.Object, java.lang.Object, java.lang.Object, java.lang.Object, java.lang.Object, java.lang.Object, java.lang.Object, java.lang.Object, java.lang.Object, java.lang.Object, java.lang.Object, java.lang.Object, java.lang.O
Event: 54.535 Thread 0x0000017a4df0d2c0 Exception <a 'java/lang/NoSuchMethodError'{0x000000008e807158}: 'java.lang.Object java.lang.invoke.DirectMethodHandle$Holder.invokeStatic(java.lang.Object, java.lang.Object, java.lang.Object, java.lang.Object, java.lang.Object, java.lang.Object, java.lang.Object, java.lang.Object, java.lang.Object, java.lang.Object, java.lang.Object, java.lang.Object, java.lang.Object, java.lang.Object, java.lang.Object, java.lang.Object, java.lang.Object, java.lang.Object, java.lang.Object, java.lang.Object, java.lang.Obj
Event: 54.537 Thread 0x0000017a4df0d2c0 Exception <a 'java/lang/NoSuchMethodError'{0x000000008e848460}: 'java.lang.Object java.lang.invoke.DirectMethodHandle$Holder.invokeStatic(java.lang.Object, java.lang.Object, java.lang.Object, java.lang.Object, java.lang.Object, java.lang.Object, java.lang.Object, java.lang.Object, java.lang.Object, java.lang.Object, java.lang.Object, java.lang.Object, java.lang.Object, java.lang.Object, java.lang.Object, java.lang.Object, java.lang.Object, java.lang.Object, java.lang.Object, java.lang.Object, java.lang.Obj
Event: 54.540 Thread 0x0000017a4df0d2c0 Exception <a 'java/lang/NoSuchMethodError'{0x000000008e88af78}: 'java.lang.Object java.lang.invoke.DirectMethodHandle$Holder.invokeStatic(java.lang.Object, java.lang.Object, java.lang.Object, java.lang.Object, java.lang.Object, java.lang.Object, java.lang.Object, java.lang.Object, java.lang.Object, java.lang.Object, java.lang.Object, java.lang.Object, java.lang.Object, java.lang.Object, java.lang.Object, java.lang.Object, java.lang.Object, java.lang.Object, java.lang.Object, java.lang.Object, java.lang.Obj
Event: 54.543 Thread 0x0000017a4df0d2c0 Exception <a 'java/lang/NoSuchMethodError'{0x000000008e8ce440}: 'java.lang.Object java.lang.invoke.DirectMethodHandle$Holder.invokeStatic(java.lang.Object, java.lang.Object, java.lang.Object, java.lang.Object, java.lang.Object, java.lang.Object, java.lang.Object, java.lang.Object, java.lang.Object, java.lang.Object, java.lang.Object, java.lang.Object, java.lang.Object, java.lang.Object, java.lang.Object, java.lang.Object, java.lang.Object, java.lang.Object, java.lang.Object, java.lang.Object, java.lang.Obj
Event: 54.545 Thread 0x0000017a4df0d2c0 Exception <a 'java/lang/NoSuchMethodError'{0x000000008e712ad8}: 'java.lang.Object java.lang.invoke.DirectMethodHandle$Holder.invokeStatic(java.lang.Object, java.lang.Object, java.lang.Object, java.lang.Object, java.lang.Object, java.lang.Object, java.lang.Object, java.lang.Object, java.lang.Object, java.lang.Object, java.lang.Object, java.lang.Object, java.lang.Object, java.lang.Object, java.lang.Object, java.lang.Object, java.lang.Object, java.lang.Object, java.lang.Object, java.lang.Object, java.lang.Obj
Event: 54.853 Thread 0x0000017a4df0d2c0 Exception <a 'java/lang/IncompatibleClassChangeError'{0x000000008e2c9550}: Found class java.lang.Object, but interface was expected> (0x000000008e2c9550) 
thrown [s\src\hotspot\share\interpreter\linkResolver.cpp, line 871]
Event: 63.208 Thread 0x0000017a4df0d2c0 Exception <a 'java/lang/NoSuchMethodError'{0x000000008e0aac68}: 'java.lang.Object java.lang.invoke.DirectMethodHandle$Holder.newInvokeSpecial(java.lang.Object, java.lang.Object, long)'> (0x000000008e0aac68) 
thrown [s\src\hotspot\share\interpreter\linkResolver.cpp, line 804]
Event: 63.469 Thread 0x0000017a4df0d2c0 Exception <a 'java/lang/NoSuchMethodError'{0x000000008e0b4468}: 'java.lang.Object java.lang.invoke.Invokers$Holder.linkToTargetMethod(java.lang.Object, long, java.lang.Object)'> (0x000000008e0b4468) 
thrown [s\src\hotspot\share\interpreter\linkResolver.cpp, line 804]

VM Operations (20 events):
Event: 45.329 Executing non-safepoint VM operation: HandshakeAllThreads (Deoptimize)
Event: 45.330 Executing non-safepoint VM operation: HandshakeAllThreads (Deoptimize) done
Event: 47.844 Executing non-safepoint VM operation: HandshakeAllThreads (Deoptimize)
Event: 47.845 Executing non-safepoint VM operation: HandshakeAllThreads (Deoptimize) done
Event: 54.468 Executing safepoint VM operation: G1CollectForAllocation (G1 Evacuation Pause)
Event: 54.472 Executing safepoint VM operation: G1CollectForAllocation (G1 Evacuation Pause) done
Event: 54.863 Executing non-safepoint VM operation: HandshakeAllThreads (Deoptimize)
Event: 54.863 Executing non-safepoint VM operation: HandshakeAllThreads (Deoptimize) done
Event: 60.175 Executing non-safepoint VM operation: HandshakeAllThreads (HandshakeForDeflation)
Event: 60.175 Executing non-safepoint VM operation: HandshakeAllThreads (HandshakeForDeflation) done
Event: 60.175 Executing non-safepoint VM operation: RendezvousGCThreads
Event: 60.175 Executing non-safepoint VM operation: RendezvousGCThreads done
Event: 64.411 Executing non-safepoint VM operation: HandshakeAllThreads (Deoptimize)
Event: 64.411 Executing non-safepoint VM operation: HandshakeAllThreads (Deoptimize) done
Event: 64.414 Executing non-safepoint VM operation: HandshakeAllThreads (Deoptimize)
Event: 64.414 Executing non-safepoint VM operation: HandshakeAllThreads (Deoptimize) done
Event: 120.360 Executing non-safepoint VM operation: HandshakeAllThreads (HandshakeForDeflation)
Event: 120.363 Executing non-safepoint VM operation: HandshakeAllThreads (HandshakeForDeflation) done
Event: 120.364 Executing non-safepoint VM operation: RendezvousGCThreads
Event: 120.364 Executing non-safepoint VM operation: RendezvousGCThreads done

Memory protections (0 events):
No events

Nmethod flushes (0 events):
No events

Events (20 events):
Event: 25.271 Thread 0x0000017a4defb440 Thread exited: 0x0000017a4defb440
Event: 27.057 Thread 0x0000017a483529a0 Thread added: 0x0000017a4defb440
Event: 27.060 Thread 0x0000017a483529a0 Thread added: 0x0000017a4deff4c0
Event: 27.595 Thread 0x0000017a4deff4c0 Thread exited: 0x0000017a4deff4c0
Event: 27.600 Thread 0x0000017a4df0d2c0 Thread added: 0x0000017a4e0ef6c0
Event: 29.395 Thread 0x0000017a4df0d2c0 Thread added: 0x0000017a4e0ee720
Event: 30.148 Thread 0x0000017a4defb440 Thread exited: 0x0000017a4defb440
Event: 41.235 Thread 0x0000017a4df0d2c0 Thread added: 0x0000017a4e0f3d10
Event: 41.619 Thread 0x0000017a4df0d2c0 Thread added: 0x0000017a4e0f0660
Event: 44.180 Thread 0x0000017a4df0d2c0 Thread added: 0x0000017a4e0f4cb0
Event: 44.879 Thread 0x0000017a483529a0 Thread added: 0x0000017a4deff4c0
Event: 45.705 Thread 0x0000017a4df0d2c0 Thread added: 0x0000017a4fb2e5c0
Event: 48.625 Thread 0x0000017a4deff4c0 Thread exited: 0x0000017a4deff4c0
Event: 53.585 Thread 0x0000017a4df0d2c0 Thread added: 0x0000017a4fb2b6e0
Event: 54.439 Thread 0x0000017a4df0d2c0 Thread added: 0x0000017a4fb2d620
Event: 72.946 Thread 0x0000017a483529a0 Thread added: 0x0000017a4df004e0
Event: 74.303 Thread 0x0000017a4df004e0 Thread exited: 0x0000017a4df004e0
Event: 122.426 Thread 0x0000017a48aa73a0 Thread exited: 0x0000017a48aa73a0
Event: 126.100 Thread 0x0000017a48aa6bd0 Thread added: 0x0000017a4fb2ddf0
Event: 186.209 Thread 0x0000017a4fb2ddf0 Thread exited: 0x0000017a4fb2ddf0


Dynamic libraries:
0x00007ff7cc220000 - 0x00007ff7cc22e000 	C:\Program Files\Eclipse Adoptium\jdk-25.0.4.7-hotspot\bin\java.exe
0x00007ffff7ee0000 - 0x00007ffff8146000 	C:\WINDOWS\SYSTEM32\ntdll.dll
0x00007ffff7dd0000 - 0x00007ffff7e99000 	C:\WINDOWS\System32\KERNEL32.DLL
0x00007ffff54a0000 - 0x00007ffff589f000 	C:\WINDOWS\System32\KERNELBASE.dll
0x00007ffff50f0000 - 0x00007ffff523c000 	C:\WINDOWS\System32\ucrtbase.dll
0x00007fffc44d0000 - 0x00007fffc44e6000 	C:\Program Files\Eclipse Adoptium\jdk-25.0.4.7-hotspot\bin\jli.dll
0x00007fffc3320000 - 0x00007fffc333e000 	C:\Program Files\Eclipse Adoptium\jdk-25.0.4.7-hotspot\bin\VCRUNTIME140.dll
0x00007ffff6660000 - 0x00007ffff6826000 	C:\WINDOWS\System32\USER32.dll
0x00007fffdae90000 - 0x00007fffdb121000 	C:\WINDOWS\WinSxS\amd64_microsoft.windows.common-controls_6595b64144ccf1df_6.0.26100.8972_none_3e0da176e32f9d4b\COMCTL32.dll
0x00007ffff5aa0000 - 0x00007ffff5ac7000 	C:\WINDOWS\System32\win32u.dll
0x00007ffff7020000 - 0x00007ffff70c9000 	C:\WINDOWS\System32\msvcrt.dll
0x00007ffff5db0000 - 0x00007ffff5ddb000 	C:\WINDOWS\System32\GDI32.dll
0x00007ffff5970000 - 0x00007ffff5a99000 	C:\WINDOWS\System32\gdi32full.dll
0x00007ffff5b60000 - 0x00007ffff5c03000 	C:\WINDOWS\System32\msvcp_win.dll
0x00007ffff71f0000 - 0x00007ffff7222000 	C:\WINDOWS\System32\IMM32.DLL
0x00007fffceb40000 - 0x00007fffceb4c000 	C:\Program Files\Eclipse Adoptium\jdk-25.0.4.7-hotspot\bin\vcruntime140_1.dll
0x00007fffbd640000 - 0x00007fffbd6cd000 	C:\Program Files\Eclipse Adoptium\jdk-25.0.4.7-hotspot\bin\msvcp140.dll
0x00007fff65b20000 - 0x00007fff66a51000 	C:\Program Files\Eclipse Adoptium\jdk-25.0.4.7-hotspot\bin\server\jvm.dll
0x00007ffff6ae0000 - 0x00007ffff6b9c000 	C:\WINDOWS\System32\ADVAPI32.dll
0x00007ffff65b0000 - 0x00007ffff665a000 	C:\WINDOWS\System32\sechost.dll
0x00007ffff6830000 - 0x00007ffff6948000 	C:\WINDOWS\System32\RPCRT4.dll
0x00007ffff5de0000 - 0x00007ffff5e62000 	C:\WINDOWS\System32\WS2_32.dll
0x00007fffecf60000 - 0x00007fffecf6b000 	C:\WINDOWS\SYSTEM32\VERSION.dll
0x00007ffff49b0000 - 0x00007ffff4a0e000 	C:\WINDOWS\SYSTEM32\POWRPROF.dll
0x00007fffe7ae0000 - 0x00007fffe7b16000 	C:\WINDOWS\SYSTEM32\WINMM.dll
0x00007ffff4990000 - 0x00007ffff49a5000 	C:\WINDOWS\SYSTEM32\UMPDC.dll
0x00007ffff3da0000 - 0x00007ffff3dbb000 	C:\WINDOWS\SYSTEM32\kernel.appcore.dll
0x00007fffcdfb0000 - 0x00007fffcdfba000 	C:\Program Files\Eclipse Adoptium\jdk-25.0.4.7-hotspot\bin\jimage.dll
0x00007ffff2610000 - 0x00007ffff2852000 	C:\WINDOWS\SYSTEM32\DBGHELP.DLL
0x00007ffff79c0000 - 0x00007ffff7d45000 	C:\WINDOWS\System32\combase.dll
0x00007ffff6bb0000 - 0x00007ffff6c89000 	C:\WINDOWS\System32\OLEAUT32.dll
0x00007fffcc1e0000 - 0x00007fffcc21b000 	C:\WINDOWS\SYSTEM32\dbgcore.DLL
0x00007ffff53e0000 - 0x00007ffff548c000 	C:\WINDOWS\System32\bcryptPrimitives.dll
0x00007fffcdf50000 - 0x00007fffcdf5f000 	C:\Program Files\Eclipse Adoptium\jdk-25.0.4.7-hotspot\bin\instrument.dll
0x00007fffc0dc0000 - 0x00007fffc0dde000 	C:\Program Files\Eclipse Adoptium\jdk-25.0.4.7-hotspot\bin\java.dll
0x00007ffff5f80000 - 0x00007ffff6119000 	C:\WINDOWS\System32\ole32.dll
0x00007ffff7230000 - 0x00007ffff79b8000 	C:\WINDOWS\System32\SHELL32.dll
0x00007ffff2b80000 - 0x00007ffff341b000 	C:\WINDOWS\SYSTEM32\windows.storage.dll
0x00007ffff5c10000 - 0x00007ffff5d09000 	C:\WINDOWS\System32\SHCORE.dll
0x00007ffff5d10000 - 0x00007ffff5d76000 	C:\WINDOWS\System32\shlwapi.dll
0x00007ffff5010000 - 0x00007ffff5039000 	C:\WINDOWS\SYSTEM32\profapi.dll
0x00007fffc0da0000 - 0x00007fffc0db6000 	C:\Program Files\Eclipse Adoptium\jdk-25.0.4.7-hotspot\bin\zip.dll
0x00007fffc02b0000 - 0x00007fffc02c1000 	C:\Program Files\Eclipse Adoptium\jdk-25.0.4.7-hotspot\bin\net.dll
0x00007ffff4330000 - 0x00007ffff439c000 	C:\WINDOWS\system32\mswsock.dll
0x00007fffbedf0000 - 0x00007fffbee06000 	C:\Program Files\Eclipse Adoptium\jdk-25.0.4.7-hotspot\bin\nio.dll
0x00007fffccc50000 - 0x00007fffccc60000 	C:\Program Files\Eclipse Adoptium\jdk-25.0.4.7-hotspot\bin\verify.dll
0x00007fffc4ab0000 - 0x00007fffc4ad7000 	C:\Users\leona\.gradle\native\660c5614fbf4a5f2a75b1949f50a0caf5cd603558e7d8a26e50b933a0cfb79d1\windows-amd64\native-platform.dll
0x00007fffbbe00000 - 0x00007fffbbe77000 	C:\Users\leona\.gradle\native\0.2.8\x86_64-windows-gnu\gradle-fileevents.dll
0x00007fffcc710000 - 0x00007fffcc71a000 	C:\Program Files\Eclipse Adoptium\jdk-25.0.4.7-hotspot\bin\management.dll
0x00007fffcc300000 - 0x00007fffcc30c000 	C:\Program Files\Eclipse Adoptium\jdk-25.0.4.7-hotspot\bin\management_ext.dll
0x00007ffff5f70000 - 0x00007ffff5f78000 	C:\WINDOWS\System32\PSAPI.DLL
0x00007ffff3750000 - 0x00007ffff3783000 	C:\WINDOWS\SYSTEM32\IPHLPAPI.DLL
0x00007ffff6950000 - 0x00007ffff695a000 	C:\WINDOWS\System32\NSI.dll
0x00007fffcbc00000 - 0x00007fffcbc09000 	C:\Program Files\Eclipse Adoptium\jdk-25.0.4.7-hotspot\bin\extnet.dll
0x00007ffff4750000 - 0x00007ffff476b000 	C:\WINDOWS\SYSTEM32\CRYPTSP.dll
0x00007ffff3d00000 - 0x00007ffff3d39000 	C:\WINDOWS\system32\rsaenh.dll
0x00007ffff43e0000 - 0x00007ffff4412000 	C:\WINDOWS\SYSTEM32\USERENV.dll
0x00007ffff4fe0000 - 0x00007ffff500a000 	C:\WINDOWS\SYSTEM32\bcrypt.dll
0x00007ffff4590000 - 0x00007ffff459c000 	C:\WINDOWS\SYSTEM32\CRYPTBASE.dll
0x00007fffca5a0000 - 0x00007fffca5ae000 	C:\Program Files\Eclipse Adoptium\jdk-25.0.4.7-hotspot\bin\sunmscapi.dll
0x00007ffff5250000 - 0x00007ffff53ce000 	C:\WINDOWS\System32\CRYPT32.dll
0x00007ffff4950000 - 0x00007ffff4980000 	C:\WINDOWS\SYSTEM32\ncrypt.dll
0x00007ffff4900000 - 0x00007ffff493f000 	C:\WINDOWS\SYSTEM32\NTASN1.dll
0x00007fffe5710000 - 0x00007fffe5718000 	C:\WINDOWS\system32\wshunix.dll

JVMTI agents:
C:\Users\leona\.gradle\wrapper\dists\gradle-9.6.0-bin\42k10rwplmzkhuboz9kdazi7s\gradle-9.6.0\lib\agents\gradle-instrumentation-agent-9.6.0.jar path:C:\Program Files\Eclipse Adoptium\jdk-25.0.4.7-hotspot\bin\instrument.dll, loaded, initialized, instrumentlib options:none

dbghelp: loaded successfully - version: 4.0.5 - missing functions: none
symbol engine: initialized successfully - sym options: 0x614 - pdb path: .;C:\Program Files\Eclipse Adoptium\jdk-25.0.4.7-hotspot\bin;C:\WINDOWS\SYSTEM32;C:\WINDOWS\WinSxS\amd64_microsoft.windows.common-controls_6595b64144ccf1df_6.0.26100.8972_none_3e0da176e32f9d4b;C:\Program Files\Eclipse Adoptium\jdk-25.0.4.7-hotspot\bin\server;C:\Users\leona\.gradle\native\660c5614fbf4a5f2a75b1949f50a0caf5cd603558e7d8a26e50b933a0cfb79d1\windows-amd64;C:\Users\leona\.gradle\native\0.2.8\x86_64-windows-gnu

VM Arguments:
jvm_args: --add-opens=java.base/java.lang=ALL-UNNAMED --add-opens=java.base/java.lang.invoke=ALL-UNNAMED --add-opens=java.base/java.util=ALL-UNNAMED --add-opens=java.prefs/java.util.prefs=ALL-UNNAMED --add-exports=jdk.compiler/com.sun.tools.javac.api=ALL-UNNAMED --add-exports=jdk.compiler/com.sun.tools.javac.util=ALL-UNNAMED --add-opens=java.base/java.nio.charset=ALL-UNNAMED --add-opens=java.base/java.net=ALL-UNNAMED --add-opens=java.base/java.util.concurrent=ALL-UNNAMED --add-opens=java.base/java.util.concurrent.atomic=ALL-UNNAMED --add-opens=java.xml/javax.xml.namespace=ALL-UNNAMED --add-opens=java.base/java.time=ALL-UNNAMED --enable-native-access=ALL-UNNAMED -Xmx2048m -Dfile.encoding=UTF-8 -Duser.country=US -Duser.language=en -Duser.variant -javaagent:C:\Users\leona\.gradle\wrapper\dists\gradle-9.6.0-bin\42k10rwplmzkhuboz9kdazi7s\gradle-9.6.0\lib\agents\gradle-instrumentation-agent-9.6.0.jar 
java_command: org.gradle.launcher.daemon.bootstrap.GradleDaemon 9.6.0
java_class_path (initial): C:\Users\leona\.gradle\wrapper\dists\gradle-9.6.0-bin\42k10rwplmzkhuboz9kdazi7s\gradle-9.6.0\lib\gradle-daemon-main-9.6.0.jar
Launcher Type: SUN_STANDARD

[Global flags]
     intx CICompilerCount                          = 12                                        {product} {ergonomic}
     uint ConcGCThreads                            = 3                                         {product} {ergonomic}
     uint G1ConcRefinementThreads                  = 13                                        {product} {ergonomic}
   size_t G1HeapRegionSize                         = 1048576                                   {product} {ergonomic}
   size_t InitialHeapSize                          = 264241152                                 {product} {ergonomic}
   size_t MarkStackSize                            = 4194304                                   {product} {ergonomic}
   size_t MarkStackSizeMax                         = 536870912                                 {product} {ergonomic}
   size_t MaxHeapSize                              = 2147483648                                {product} {command line}
   size_t MaxNewSize                               = 1287651328                                {product} {ergonomic}
   size_t MinHeapDeltaBytes                        = 1048576                                   {product} {ergonomic}
   size_t MinHeapSize                              = 8388608                                   {product} {ergonomic}
    uintx NonNMethodCodeHeapSize                   = 7667712                                {pd product} {ergonomic}
    uintx NonProfiledCodeHeapSize                  = 122028032                              {pd product} {ergonomic}
    uintx ProfiledCodeHeapSize                     = 122028032                              {pd product} {ergonomic}
    uintx ReservedCodeCacheSize                    = 251723776                              {pd product} {ergonomic}
     bool SegmentedCodeCache                       = true                                      {product} {ergonomic}
   size_t SoftMaxHeapSize                          = 2147483648                             {manageable} {ergonomic}
     bool UseCompressedOops                        = true                           {product lp64_product} {ergonomic}
     bool UseG1GC                                  = true                                      {product} {ergonomic}
     bool UseLargePagesIndividualAllocation        = false                                  {pd product} {ergonomic}

Logging:
Log output configuration:
 #0: stdout all=warning uptime,level,tags foldmultilines=false
 #1: stderr all=off uptime,level,tags foldmultilines=false

Release file:
IMPLEMENTOR="Eclipse Adoptium" 
IMPLEMENTOR_VERSION="Temurin-25.0.4+7" 
JAVA_RUNTIME_VERSION="25.0.4+7-LTS" 
JAVA_VERSION="25.0.4" 
JAVA_VERSION_DATE="2026-07-21" 
LIBC="default" 
MODULES="java.base java.compiler java.datatransfer java.xml java.prefs java.desktop java.instrument java.logging java.management java.security.sasl java.naming java.rmi java.management.rmi java.net.http java.scripting java.security.jgss java.transaction.xa java.sql java.sql.rowset java.xml.crypto java.se java.smartcardio jdk.accessibility jdk.internal.jvmstat jdk.attach jdk.charsets jdk.internal.opt jdk.zipfs jdk.compiler jdk.crypto.cryptoki jdk.crypto.ec jdk.crypto.mscapi jdk.dynalink jdk.internal.ed jdk.editpad jdk.internal.vm.ci jdk.graal.compiler jdk.graal.compiler.management jdk.hotspot.agent jdk.httpserver jdk.incubator.vector jdk.internal.le jdk.internal.md jdk.jartool jdk.javadoc jdk.jcmd jdk.management jdk.management.agent jdk.jconsole jdk.jdeps jdk.jdwp.agent jdk.jdi jdk.jfr jdk.jlink jdk.jpackage jdk.jshell jdk.jsobject jdk.jstatd jdk.localedata jdk.management.jfr jdk.naming.dns jdk.naming.rmi jdk.net jdk.nio.mapmode jdk.sctp jdk.security.auth jdk.security.jgss jdk.unsupported jdk.unsupported.desktop jdk.xml.dom" 
OS_ARCH="x86_64" 
OS_NAME="Windows" 
SOURCE=".:git:a2ce02c38bc9" 
BUILD_SOURCE="git:e6ba7dec3d07654074559310376a3ae89da5f4ac"
BUILD_SOURCE_REPO="https://github.com/adoptium/temurin-build.git"
SOURCE_REPO="https://github.com/adoptium/jdk25u.git"
FULL_VERSION="25.0.4+7-LTS"
SEMANTIC_VERSION="25.0.4+7"
BUILD_INFO="OS: Windows Server 2022 Version: 10.0"
JVM_VARIANT="Hotspot"
JVM_VERSION="25.0.4+7-LTS"
IMAGE_TYPE="JDK"

Environment Variables:
PATH=C:\Program Files\Eclipse Adoptium\jdk-25.0.4.7-hotspot\bin;C:\Program Files (x86)\Common Files\Oracle\Java\java8path;C:\Program Files (x86)\Common Files\Oracle\Java\javapath;C:\Python314\Scripts\;C:\Python314\;C:\WINDOWS\system32;C:\WINDOWS;C:\WINDOWS\System32\Wbem;C:\WINDOWS\System32\WindowsPowerShell\v1.0\;C:\WINDOWS\System32\OpenSSH\;C:\Program Files\nodejs\;C:\ProgramData\chocolatey\bin;C:\Program Files (x86)\NVIDIA Corporation\PhysX\Common;C:\msys64\ucrt64\bin;C:\Program Files\Git\cmd;C:\Users\leona\AppData\Local\Programs\Python\Python313\Scripts\;C:\Users\leona\AppData\Local\Programs\Python\Python313\;C:\Users\leona\AppData\Local\Microsoft\WindowsApps;C:\Users\leona\AppData\Roaming\npm;C:\Users\leona\AppData\Local\Programs\Microsoft VS Code\bin
USERNAME=leona
OS=Windows_NT
PROCESSOR_IDENTIFIER=Intel64 Family 6 Model 186 Stepping 2, GenuineIntel
TMP=C:\Users\leona\AppData\Local\Temp
TEMP=C:\Users\leona\AppData\Local\Temp




Compilation memory statistics disabled.

Periodic native trim disabled

---------------  S Y S T E M  ---------------

OS:
 Windows 11 , 64 bit Build 26100 (10.0.26100.9168)
OS uptime: 3 days 8:05 hours
Hyper-V role detected

CPU: total 16 (initial active 16) (8 cores per cpu, 2 threads per core) family 6 model 186 stepping 2 microcode 0x410e, cx8, cmov, fxsr, ht, mmx, 3dnowpref, sse, sse2, sse3, ssse3, sse4.1, sse4.2, popcnt, lzcnt, tsc, tscinvbit, avx, avx2, aes, erms, clmul, bmi1, bmi2, adx, sha, fma, vzeroupper, clflush, clflushopt, clwb, hv, serialize, rdtscp, rdpid, fsrm, gfni, f16c, cet_ibt, cet_ss
Processor Information for the first 16 processors :
  Max Mhz: 2400, Current Mhz: 2400, Mhz Limit: 2400

Memory: 4k page, system-wide physical 16122M (517M free)
TotalPageFile size 65274M (AvailPageFile size 173M)
current process WorkingSet (physical memory assigned to process): 31M, peak: 242M
current process commit charge ("private bytes"): 263M, peak: 446M

vm_info: OpenJDK 64-Bit Server VM (25.0.4+7-LTS) for windows-amd64 JRE (25.0.4+7-LTS), built on 2026-07-21T00:00:00Z with MS VC++ 17.12 (VS2022)

END.
