#
# There is insufficient memory for the Java Runtime Environment to continue.
# Native memory allocation (malloc) failed to allocate 2823000 bytes. Error detail: Chunk::new
# Possible reasons:
#   The system is out of physical RAM or swap space
#   This process is running with CompressedOops enabled, and the Java Heap may be blocking the growth of the native heap
# Possible solutions:
#   Reduce memory load on the system
#   Increase physical memory or swap space
#   Check if swap backing store is full
#   Decrease Java heap size (-Xmx/-Xms)
#   Decrease number of Java threads
#   Decrease Java thread stack sizes (-Xss)
#   Set larger code cache with -XX:ReservedCodeCacheSize=
#   JVM is running with Unscaled Compressed Oops mode in which the Java heap is
#     placed in the first 4GB address space. The Java Heap base address is the
#     maximum limit for the native heap growth. Please use -XX:HeapBaseMinAddress
#     to set the Java Heap base and to place the Java Heap above 4GB virtual address.
# This output file may be truncated or incomplete.
#
#  Out of Memory Error (arena.cpp:186), pid=24592, tid=7344
#
# JRE version: OpenJDK Runtime Environment Temurin-25.0.4+7 (25.0.4+7) (build 25.0.4+7-LTS)
# Java VM: OpenJDK 64-Bit Server VM Temurin-25.0.4+7 (25.0.4+7-LTS, mixed mode, sharing, tiered, compressed oops, compressed class ptrs, g1 gc, windows-amd64)
# No core dump will be written. Minidumps are not enabled by default on client versions of Windows
#

---------------  S U M M A R Y ------------

Command Line: --add-opens=java.base/java.lang=ALL-UNNAMED --add-opens=java.base/java.lang.invoke=ALL-UNNAMED --add-opens=java.base/java.util=ALL-UNNAMED --add-opens=java.prefs/java.util.prefs=ALL-UNNAMED --add-exports=jdk.compiler/com.sun.tools.javac.api=ALL-UNNAMED --add-exports=jdk.compiler/com.sun.tools.javac.util=ALL-UNNAMED --add-opens=java.base/java.nio.charset=ALL-UNNAMED --add-opens=java.base/java.net=ALL-UNNAMED --add-opens=java.base/java.util.concurrent=ALL-UNNAMED --add-opens=java.base/java.util.concurrent.atomic=ALL-UNNAMED --add-opens=java.xml/javax.xml.namespace=ALL-UNNAMED --add-opens=java.base/java.time=ALL-UNNAMED --enable-native-access=ALL-UNNAMED -Xmx2048m -Dfile.encoding=UTF-8 -Duser.country=US -Duser.language=en -Duser.variant -javaagent:C:\Users\leona\.gradle\wrapper\dists\gradle-9.6.0-bin\42k10rwplmzkhuboz9kdazi7s\gradle-9.6.0\lib\agents\gradle-instrumentation-agent-9.6.0.jar org.gradle.launcher.daemon.bootstrap.GradleDaemon 9.6.0

Host: 13th Gen Intel(R) Core(TM) i7-13620H, 16 cores, 15G,  Windows 11 , 64 bit Build 26100 (10.0.26100.9168)
Time: Fri Sep 11 00:42:31 2026 Central Standard Time (Mexico) elapsed time: 333.987048 seconds (0d 0h 5m 33s)

---------------  T H R E A D  ---------------

Current thread (0x000001a8f4aa94a0):  JavaThread "C2 CompilerThread0" daemon [_thread_in_native, id=7344, stack(0x0000000f7a800000,0x0000000f7a900000) (1024K)]


Current CompileTask:
C2:333988 6328       4       org.gradle.internal.remote.internal.inet.MultiChoiceAddressSerializer::read (95 bytes)

Stack: [0x0000000f7a800000,0x0000000f7a900000]
Native frames: (J=compiled Java code, j=interpreted, Vv=VM code, C=native code)
V  [jvm.dll+0x7aba79]  (no source info available)
V  [jvm.dll+0x775a3d]  (no source info available)
V  [jvm.dll+0x9fb9ed]  (no source info available)
V  [jvm.dll+0x9fdfe1]  (no source info available)
V  [jvm.dll+0x9fe6f3]  (no source info available)
V  [jvm.dll+0x2fdb36]  (no source info available)
V  [jvm.dll+0x111936]  (no source info available)
V  [jvm.dll+0x111c5e]  (no source info available)
V  [jvm.dll+0x1a08d2]  (no source info available)
V  [jvm.dll+0x3b7292]  (no source info available)
V  [jvm.dll+0x7b13fc]  (no source info available)
V  [jvm.dll+0x2c0ef7]  (no source info available)
V  [jvm.dll+0x2bfebf]  (no source info available)
V  [jvm.dll+0x237a30]  (no source info available)
V  [jvm.dll+0x2cffb6]  (no source info available)
V  [jvm.dll+0x2ce23a]  (no source info available)
V  [jvm.dll+0x49131e]  (no source info available)
V  [jvm.dll+0x99cb1d]  (no source info available)
V  [jvm.dll+0x7aa025]  (no source info available)
C  [ucrtbase.dll+0x2cd30]  (no source info available)
C  [KERNEL32.DLL+0x2ccb7]  (no source info available)
C  [ntdll.dll+0xaad6c]  (no source info available)

Lock stack of current Java thread (top to bottom):


---------------  P R O C E S S  ---------------

Threads class SMR info:
_java_thread_list=0x000001a8f955e2b0, length=35, elements={
0x000001a8d71c1480, 0x000001a8f4a8d990, 0x000001a8f4a8e2a0, 0x000001a8f4a90e70,
0x000001a8f4a92790, 0x000001a8f4a94f60, 0x000001a8f4a997d0, 0x000001a8f4aa94a0,
0x000001a8f4aaa9e0, 0x000001a8f4aa0840, 0x000001a8f4aa3720, 0x000001a8f4a9af40,
0x000001a8f4a9b710, 0x000001a8f4a9de20, 0x000001a8f4a9e5f0, 0x000001a8f4aa46c0,
0x000001a8f4aa5660, 0x000001a8f4aa2f50, 0x000001a8fa566c20, 0x000001a8fa565c80,
0x000001a8fa564510, 0x000001a8fa569b00, 0x000001a8fa566450, 0x000001a8fa56ba40,
0x000001a8fc3b7650, 0x000001a8fc3b6e80, 0x000001a8fc3b7e20, 0x000001a8fdb2e7a0,
0x000001a8fdb2c860, 0x000001a8fdb2ef70, 0x000001a8fdb2ff10, 0x000001a8fdb335c0,
0x000001a8fdb31680, 0x000001a8fdb32df0, 0x000001a8f93a5a40
}

Java Threads: ( => current thread )
  0x000001a8d71c1480 JavaThread "main"                              [_thread_blocked, id=25060, stack(0x0000000f79a00000,0x0000000f79b00000) (1024K)]
  0x000001a8f4a8d990 JavaThread "Reference Handler"          daemon [_thread_blocked, id=8316, stack(0x0000000f7a200000,0x0000000f7a300000) (1024K)]
  0x000001a8f4a8e2a0 JavaThread "Finalizer"                  daemon [_thread_blocked, id=23544, stack(0x0000000f7a300000,0x0000000f7a400000) (1024K)]
  0x000001a8f4a90e70 JavaThread "Signal Dispatcher"          daemon [_thread_blocked, id=7008, stack(0x0000000f7a400000,0x0000000f7a500000) (1024K)]
  0x000001a8f4a92790 JavaThread "Attach Listener"            daemon [_thread_blocked, id=21032, stack(0x0000000f7a500000,0x0000000f7a600000) (1024K)]
  0x000001a8f4a94f60 JavaThread "Service Thread"             daemon [_thread_blocked, id=13360, stack(0x0000000f7a600000,0x0000000f7a700000) (1024K)]
  0x000001a8f4a997d0 JavaThread "Monitor Deflation Thread"   daemon [_thread_blocked, id=16884, stack(0x0000000f7a700000,0x0000000f7a800000) (1024K)]
=>0x000001a8f4aa94a0 JavaThread "C2 CompilerThread0"         daemon [_thread_in_native, id=7344, stack(0x0000000f7a800000,0x0000000f7a900000) (1024K)]
  0x000001a8f4aaa9e0 JavaThread "C1 CompilerThread0"         daemon [_thread_blocked, id=5572, stack(0x0000000f7a900000,0x0000000f7aa00000) (1024K)]
  0x000001a8f4aa0840 JavaThread "Common-Cleaner"             daemon [_thread_blocked, id=25324, stack(0x0000000f7ab00000,0x0000000f7ac00000) (1024K)]
  0x000001a8f4aa3720 JavaThread "Notification Thread"        daemon [_thread_blocked, id=21176, stack(0x0000000f7ac00000,0x0000000f7ad00000) (1024K)]
  0x000001a8f4a9af40 JavaThread "Daemon health stats"               [_thread_blocked, id=14112, stack(0x0000000f7b000000,0x0000000f7b100000) (1024K)]
  0x000001a8f4a9b710 JavaThread "Incoming local TCP Connector on port 57591"        [_thread_in_native, id=5716, stack(0x0000000f7aa00000,0x0000000f7ab00000) (1024K)]
  0x000001a8f4a9de20 JavaThread "Daemon periodic checks"            [_thread_blocked, id=23420, stack(0x0000000f7ad00000,0x0000000f7ae00000) (1024K)]
  0x000001a8f4a9e5f0 JavaThread "Daemon"                            [_thread_blocked, id=24184, stack(0x0000000f7ae00000,0x0000000f7af00000) (1024K)]
  0x000001a8f4aa46c0 JavaThread "Handler for socket connection from /127.0.0.1:57591 to /127.0.0.1:54091"        [_thread_in_native, id=22712, stack(0x0000000f7af00000,0x0000000f7b000000) (1024K)]
  0x000001a8f4aa5660 JavaThread "Cancel handler"                    [_thread_blocked, id=24192, stack(0x0000000f7b600000,0x0000000f7b700000) (1024K)]
  0x000001a8f4aa2f50 JavaThread "Daemon worker"                     [_thread_blocked, id=18176, stack(0x0000000f7b700000,0x0000000f7b800000) (1024K)]
  0x000001a8fa566c20 JavaThread "Asynchronous log dispatcher for DefaultDaemonConnection: socket connection from /127.0.0.1:57591 to /127.0.0.1:54091"        [_thread_blocked, id=2380, stack(0x0000000f7b800000,0x0000000f7b900000) (1024K)]
  0x000001a8fa565c80 JavaThread "Stdin handler"                     [_thread_blocked, id=3388, stack(0x0000000f7b900000,0x0000000f7ba00000) (1024K)]
  0x000001a8fa564510 JavaThread "Daemon client event forwarder"        [_thread_blocked, id=25512, stack(0x0000000f7ba00000,0x0000000f7bb00000) (1024K)]
  0x000001a8fa569b00 JavaThread "Cache worker for journal cache (C:\Users\leona\.gradle\caches\journal-1)"        [_thread_blocked, id=25448, stack(0x0000000f7bb00000,0x0000000f7bc00000) (1024K)]
  0x000001a8fa566450 JavaThread "File lock request listener"        [_thread_in_native, id=23788, stack(0x0000000f7bc00000,0x0000000f7bd00000) (1024K)]
  0x000001a8fa56ba40 JavaThread "Cache worker for file hash cache (C:\Users\leona\.gradle\caches\9.6.0\fileHashes)"        [_thread_blocked, id=19324, stack(0x0000000f7be00000,0x0000000f7bf00000) (1024K)]
  0x000001a8fc3b7650 JavaThread "Cache worker for file hash cache (C:\Users\leona\AndroidStudioProjects\Fondly\.gradle\9.6.0\fileHashes)"        [_thread_blocked, id=26260, stack(0x0000000f7cb00000,0x0000000f7cc00000) (1024K)]
  0x000001a8fc3b6e80 JavaThread "Cache worker for Build Output Cleanup Cache (C:\Users\leona\AndroidStudioProjects\Fondly\.gradle\buildOutputCleanup)"        [_thread_blocked, id=26264, stack(0x0000000f7cc00000,0x0000000f7cd00000) (1024K)]
  0x000001a8fc3b7e20 JavaThread "File watcher server"        daemon [_thread_in_native, id=26372, stack(0x0000000f7cd00000,0x0000000f7ce00000) (1024K)]
  0x000001a8fdb2e7a0 JavaThread "File watcher consumer"      daemon [_thread_blocked, id=14052, stack(0x0000000f7c700000,0x0000000f7c800000) (1024K)]
  0x000001a8fdb2c860 JavaThread "Cache worker for file content cache (C:\Users\leona\.gradle\caches\9.6.0\fileContent)"        [_thread_blocked, id=25744, stack(0x0000000f7c800000,0x0000000f7c900000) (1024K)]
  0x000001a8fdb2ef70 JavaThread "Cache worker for checksums cache (C:\Users\leona\AndroidStudioProjects\Fondly\.gradle\9.6.0\checksums)"        [_thread_blocked, id=20356, stack(0x0000000f7ce00000,0x0000000f7cf00000) (1024K)]
  0x000001a8fdb2ff10 JavaThread "Cache worker for cache directory md-supplier (C:\Users\leona\.gradle\caches\9.6.0\md-supplier)"        [_thread_blocked, id=27500, stack(0x0000000f7cf00000,0x0000000f7d000000) (1024K)]
  0x000001a8fdb335c0 JavaThread "Cache worker for cache directory md-rule (C:\Users\leona\.gradle\caches\9.6.0\md-rule)"        [_thread_blocked, id=26780, stack(0x0000000f7d000000,0x0000000f7d100000) (1024K)]
  0x000001a8fdb31680 JavaThread "jar transforms"                    [_thread_blocked, id=28348, stack(0x0000000f79700000,0x0000000f79800000) (1024K)]
  0x000001a8fdb32df0 JavaThread "jar transforms Thread 2"           [_thread_blocked, id=27032, stack(0x0000000f7c600000,0x0000000f7c700000) (1024K)]
  0x000001a8f93a5a40 JavaThread "Cache worker for Build Output Cleanup Cache (C:\Users\leona\AndroidStudioProjects\Fondly\build-logic\.gradle\buildOutputCleanup)"        [_thread_blocked, id=32092, stack(0x0000000f79900000,0x0000000f79a00000) (1024K)]
Total: 35

Other Threads:
  0x000001a8f4a79fc0 VMThread "VM Thread"                           [id=24060, stack(0x0000000f7a100000,0x0000000f7a200000) (1024K)]
  0x000001a8f4a69bb0 WatcherThread "VM Periodic Task Thread"        [id=24480, stack(0x0000000f7a000000,0x0000000f7a100000) (1024K)]
  0x000001a8d7221e70 WorkerThread "GC Thread#0"                     [id=24276, stack(0x0000000f79b00000,0x0000000f79c00000) (1024K)]
  0x000001a8fa1b8e80 WorkerThread "GC Thread#1"                     [id=24308, stack(0x0000000f7b100000,0x0000000f7b200000) (1024K)]
  0x000001a8fa1b96c0 WorkerThread "GC Thread#2"                     [id=24312, stack(0x0000000f7b200000,0x0000000f7b300000) (1024K)]
  0x000001a8fa1b9af0 WorkerThread "GC Thread#3"                     [id=24316, stack(0x0000000f7b300000,0x0000000f7b400000) (1024K)]
  0x000001a8fa1b9f20 WorkerThread "GC Thread#4"                     [id=24320, stack(0x0000000f7b400000,0x0000000f7b500000) (1024K)]
  0x000001a8fa33fbd0 WorkerThread "GC Thread#5"                     [id=17560, stack(0x0000000f7b500000,0x0000000f7b600000) (1024K)]
  0x000001a8fab04540 WorkerThread "GC Thread#6"                     [id=16748, stack(0x0000000f7bf00000,0x0000000f7c000000) (1024K)]
  0x000001a8fab067c0 WorkerThread "GC Thread#7"                     [id=11104, stack(0x0000000f7c000000,0x0000000f7c100000) (1024K)]
  0x000001a8fab05f20 WorkerThread "GC Thread#8"                     [id=17568, stack(0x0000000f7c100000,0x0000000f7c200000) (1024K)]
  0x000001a8fab05230 WorkerThread "GC Thread#9"                     [id=15916, stack(0x0000000f7c200000,0x0000000f7c300000) (1024K)]
  0x000001a8fab04de0 WorkerThread "GC Thread#10"                    [id=5004, stack(0x0000000f7c300000,0x0000000f7c400000) (1024K)]
  0x000001a8fab04990 WorkerThread "GC Thread#11"                    [id=21120, stack(0x0000000f7c400000,0x0000000f7c500000) (1024K)]
  0x000001a8fab06c10 WorkerThread "GC Thread#12"                    [id=20700, stack(0x0000000f7c500000,0x0000000f7c600000) (1024K)]
  0x000001a8d723bc10 ConcurrentGCThread "G1 Main Marker"            [id=24604, stack(0x0000000f79c00000,0x0000000f79d00000) (1024K)]
  0x000001a8d723e0c0 WorkerThread "G1 Conc#0"                       [id=16924, stack(0x0000000f79d00000,0x0000000f79e00000) (1024K)]
  0x000001a8fdcb4350 WorkerThread "G1 Conc#1"                       [id=25936, stack(0x0000000f7c900000,0x0000000f7ca00000) (1024K)]
  0x000001a8fdcb5d30 WorkerThread "G1 Conc#2"                       [id=25940, stack(0x0000000f7ca00000,0x0000000f7cb00000) (1024K)]
  0x000001a8d727e430 ConcurrentGCThread "G1 Refine#0"               [id=22036, stack(0x0000000f79e00000,0x0000000f79f00000) (1024K)]
  0x000001a8d727ea40 ConcurrentGCThread "G1 Service"                [id=25364, stack(0x0000000f79f00000,0x0000000f7a000000) (1024K)]
Total: 21

Threads with active compile tasks:
C2 CompilerThread0  334147 6328       4       org.gradle.internal.remote.internal.inet.MultiChoiceAddressSerializer::read (95 bytes)
Total: 1

VM state: not at safepoint (normal execution)

VM Mutex/Monitor currently owned by a thread: None

Heap address: 0x0000000080000000, size: 2048 MB, Compressed Oops mode: 32-bit

CDS archive(s) mapped at: [0x000000001c000000-0x000000001cdb0000-0x000000001cdb0000), size 14352384, SharedBaseAddress: 0x000000001c000000, ArchiveRelocationMode: 1.
Compressed class space mapped at: 0x000000001d000000-0x000000005d000000, reserved size: 1073741824
UseCompressedClassPointers 1, UseCompactObjectHeaders 0
Narrow klass pointer bits 32, Max shift 3
Narrow klass base: 0x000000001c000000, Narrow klass shift: 0
Encoding Range: [0x000000001c000000 - 0x000000011c000000), (4294967296 bytes)
Klass Range:    [0x000000001c010000 - 0x000000005d000000), (1090453504 bytes)
Klass ID Range:  [65536 - 1090519033) (1090453497)
Protection zone: [0x000000001c000000 - 0x000000001c010000), (65536 bytes)

GC Precious Log:
 CardTable entry size: 512
 Card Set container configuration: InlinePtr #cards 5 size 8 Array Of Cards #cards 10 size 36 Howl #buckets 4 coarsen threshold 1843 Howl Bitmap #cards 512 size 80 coarsen threshold 460 Card regions per heap region 1 cards per card region 2048
 CPUs: 16 total, 16 available
 Memory: 16122M
 Large Page Support: Disabled
 NUMA Support: Disabled
 Compressed Oops: Enabled (32-bit)
 Heap Region Size: 1M
 Heap Min Capacity: 8M
 Heap Initial Capacity: 252M
 Heap Max Capacity: 2G
 Pre-touch: Disabled
 Parallel Workers: 13
 Concurrent Workers: 3
 Concurrent Refinement Workers: 13
 Periodic GC: Disabled

Heap:
 garbage-first heap   total reserved 2097152K, committed 89088K, used 70653K [0x0000000080000000, 0x0000000100000000)
  region size 1024K, 37 young (37888K), 5 survivors (5120K)

Heap Regions: E=young(eden), S=young(survivor), O=old, HS=humongous(starts), HC=humongous(continues), CS=collection set, F=free, TAMS=top-at-mark-start, PB=parsable bottom
|   0|0x0000000080000000, 0x0000000080100000, 0x0000000080100000|100%|HS|  |TAMS 0x0000000080000000| PB 0x0000000080000000| Complete |  0
|   1|0x0000000080100000, 0x0000000080200000, 0x0000000080200000|100%|HC|  |TAMS 0x0000000080100000| PB 0x0000000080100000| Complete |  0
|   2|0x0000000080200000, 0x0000000080300000, 0x0000000080300000|100%|HC|  |TAMS 0x0000000080200000| PB 0x0000000080200000| Complete |  0
|   3|0x0000000080300000, 0x0000000080400000, 0x0000000080400000|100%|HC|  |TAMS 0x0000000080300000| PB 0x0000000080300000| Complete |  0
|   4|0x0000000080400000, 0x0000000080500000, 0x0000000080500000|100%| O|  |TAMS 0x0000000080400000| PB 0x0000000080400000| Untracked |  0
|   5|0x0000000080500000, 0x0000000080600000, 0x0000000080600000|100%| O|  |TAMS 0x0000000080500000| PB 0x0000000080500000| Untracked |  0
|   6|0x0000000080600000, 0x0000000080700000, 0x0000000080700000|100%|HS|  |TAMS 0x0000000080600000| PB 0x0000000080600000| Complete |  0
|   7|0x0000000080700000, 0x0000000080800000, 0x0000000080800000|100%| O|  |TAMS 0x0000000080700000| PB 0x0000000080700000| Untracked |  0
|   8|0x0000000080800000, 0x0000000080900000, 0x0000000080900000|100%| O|  |TAMS 0x0000000080800000| PB 0x0000000080800000| Untracked |  0
|   9|0x0000000080900000, 0x0000000080a00000, 0x0000000080a00000|100%| O|  |TAMS 0x0000000080900000| PB 0x0000000080900000| Untracked |  0
|  10|0x0000000080a00000, 0x0000000080b00000, 0x0000000080b00000|100%| O|  |TAMS 0x0000000080a00000| PB 0x0000000080a00000| Untracked |  0
|  11|0x0000000080b00000, 0x0000000080c00000, 0x0000000080c00000|100%| O|  |TAMS 0x0000000080b00000| PB 0x0000000080b00000| Untracked |  0
|  12|0x0000000080c00000, 0x0000000080d00000, 0x0000000080d00000|100%| O|  |TAMS 0x0000000080c00000| PB 0x0000000080c00000| Untracked |  0
|  13|0x0000000080d00000, 0x0000000080de4f98, 0x0000000080e00000| 89%| O|  |TAMS 0x0000000080d00000| PB 0x0000000080d00000| Untracked |  0
|  14|0x0000000080e00000, 0x0000000080f00000, 0x0000000080f00000|100%| O|  |TAMS 0x0000000080e00000| PB 0x0000000080e00000| Untracked |  0
|  15|0x0000000080f00000, 0x0000000081000000, 0x0000000081000000|100%| O|  |TAMS 0x0000000080f00000| PB 0x0000000080f00000| Untracked |  0
|  16|0x0000000081000000, 0x0000000081100000, 0x0000000081100000|100%| O|  |TAMS 0x0000000081000000| PB 0x0000000081000000| Untracked |  0
|  17|0x0000000081100000, 0x0000000081200000, 0x0000000081200000|100%| O|  |TAMS 0x0000000081100000| PB 0x0000000081100000| Untracked |  0
|  18|0x0000000081200000, 0x0000000081300000, 0x0000000081300000|100%| O|  |TAMS 0x0000000081200000| PB 0x0000000081200000| Untracked |  0
|  19|0x0000000081300000, 0x0000000081400000, 0x0000000081400000|100%| O|  |TAMS 0x0000000081300000| PB 0x0000000081300000| Untracked |  0
|  20|0x0000000081400000, 0x0000000081500000, 0x0000000081500000|100%| O|  |TAMS 0x0000000081400000| PB 0x0000000081400000| Untracked |  0
|  21|0x0000000081500000, 0x0000000081600000, 0x0000000081600000|100%| O|  |TAMS 0x0000000081500000| PB 0x0000000081500000| Untracked |  0
|  22|0x0000000081600000, 0x0000000081700000, 0x0000000081700000|100%| O|  |TAMS 0x0000000081600000| PB 0x0000000081600000| Untracked |  0
|  23|0x0000000081700000, 0x0000000081800000, 0x0000000081800000|100%| O|  |TAMS 0x0000000081700000| PB 0x0000000081700000| Untracked |  0
|  24|0x0000000081800000, 0x0000000081900000, 0x0000000081900000|100%| O|  |TAMS 0x0000000081800000| PB 0x0000000081800000| Untracked |  0
|  25|0x0000000081900000, 0x0000000081a00000, 0x0000000081a00000|100%| O|  |TAMS 0x0000000081900000| PB 0x0000000081900000| Untracked |  0
|  26|0x0000000081a00000, 0x0000000081b00000, 0x0000000081b00000|100%| O|  |TAMS 0x0000000081a00000| PB 0x0000000081a00000| Untracked |  0
|  27|0x0000000081b00000, 0x0000000081c00000, 0x0000000081c00000|100%| O|  |TAMS 0x0000000081b00000| PB 0x0000000081b00000| Untracked |  0
|  28|0x0000000081c00000, 0x0000000081d00000, 0x0000000081d00000|100%| O|  |TAMS 0x0000000081c00000| PB 0x0000000081c00000| Untracked |  0
|  29|0x0000000081d00000, 0x0000000081e00000, 0x0000000081e00000|100%| O|  |TAMS 0x0000000081d00000| PB 0x0000000081d00000| Untracked |  0
|  30|0x0000000081e00000, 0x0000000081f00000, 0x0000000081f00000|100%| O|  |TAMS 0x0000000081e00000| PB 0x0000000081e00000| Untracked |  0
|  31|0x0000000081f00000, 0x0000000082000000, 0x0000000082000000|100%| O|  |TAMS 0x0000000081f00000| PB 0x0000000081f00000| Untracked |  0
|  32|0x0000000082000000, 0x00000000820b3af8, 0x0000000082100000| 70%| O|  |TAMS 0x0000000082000000| PB 0x0000000082000000| Untracked |  0
|  33|0x0000000082100000, 0x0000000082100000, 0x0000000082200000|  0%| F|  |TAMS 0x0000000082100000| PB 0x0000000082100000| Untracked |  0
|  34|0x0000000082200000, 0x0000000082200000, 0x0000000082300000|  0%| F|  |TAMS 0x0000000082200000| PB 0x0000000082200000| Untracked |  0
|  35|0x0000000082300000, 0x0000000082300000, 0x0000000082400000|  0%| F|  |TAMS 0x0000000082300000| PB 0x0000000082300000| Untracked |  0
|  36|0x0000000082400000, 0x0000000082400000, 0x0000000082500000|  0%| F|  |TAMS 0x0000000082400000| PB 0x0000000082400000| Untracked |  0
|  37|0x0000000082500000, 0x0000000082566b80, 0x0000000082600000| 40%| S|CS|TAMS 0x0000000082500000| PB 0x0000000082500000| Complete |  0
|  38|0x0000000082600000, 0x0000000082700000, 0x0000000082700000|100%| S|CS|TAMS 0x0000000082600000| PB 0x0000000082600000| Complete |  0
|  39|0x0000000082700000, 0x0000000082800000, 0x0000000082800000|100%| S|CS|TAMS 0x0000000082700000| PB 0x0000000082700000| Complete |  0
|  40|0x0000000082800000, 0x0000000082800000, 0x0000000082900000|  0%| F|  |TAMS 0x0000000082800000| PB 0x0000000082800000| Untracked |  0
|  41|0x0000000082900000, 0x0000000082a00000, 0x0000000082a00000|100%| S|CS|TAMS 0x0000000082900000| PB 0x0000000082900000| Complete |  0
|  42|0x0000000082a00000, 0x0000000082b00000, 0x0000000082b00000|100%| S|CS|TAMS 0x0000000082a00000| PB 0x0000000082a00000| Complete |  0
|  43|0x0000000082b00000, 0x0000000082b00000, 0x0000000082c00000|  0%| F|  |TAMS 0x0000000082b00000| PB 0x0000000082b00000| Untracked |  0
|  44|0x0000000082c00000, 0x0000000082c00000, 0x0000000082d00000|  0%| F|  |TAMS 0x0000000082c00000| PB 0x0000000082c00000| Untracked |  0
|  45|0x0000000082d00000, 0x0000000082d00000, 0x0000000082e00000|  0%| F|  |TAMS 0x0000000082d00000| PB 0x0000000082d00000| Untracked |  0
|  46|0x0000000082e00000, 0x0000000082e00000, 0x0000000082f00000|  0%| F|  |TAMS 0x0000000082e00000| PB 0x0000000082e00000| Untracked |  0
|  47|0x0000000082f00000, 0x0000000082f00000, 0x0000000083000000|  0%| F|  |TAMS 0x0000000082f00000| PB 0x0000000082f00000| Untracked |  0
|  48|0x0000000083000000, 0x0000000083000000, 0x0000000083100000|  0%| F|  |TAMS 0x0000000083000000| PB 0x0000000083000000| Untracked |  0
|  49|0x0000000083100000, 0x0000000083100000, 0x0000000083200000|  0%| F|  |TAMS 0x0000000083100000| PB 0x0000000083100000| Untracked |  0
|  50|0x0000000083200000, 0x0000000083200000, 0x0000000083300000|  0%| F|  |TAMS 0x0000000083200000| PB 0x0000000083200000| Untracked |  0
|  51|0x0000000083300000, 0x0000000083300000, 0x0000000083400000|  0%| F|  |TAMS 0x0000000083300000| PB 0x0000000083300000| Untracked |  0
|  52|0x0000000083400000, 0x0000000083400000, 0x0000000083500000|  0%| F|  |TAMS 0x0000000083400000| PB 0x0000000083400000| Untracked |  0
|  53|0x0000000083500000, 0x0000000083500000, 0x0000000083600000|  0%| F|  |TAMS 0x0000000083500000| PB 0x0000000083500000| Untracked |  0
|  54|0x0000000083600000, 0x00000000836239c8, 0x0000000083700000| 13%| E|  |TAMS 0x0000000083600000| PB 0x0000000083600000| Complete |  0
|  55|0x0000000083700000, 0x0000000083800000, 0x0000000083800000|100%| E|CS|TAMS 0x0000000083700000| PB 0x0000000083700000| Complete |  0
|  56|0x0000000083800000, 0x0000000083900000, 0x0000000083900000|100%| E|CS|TAMS 0x0000000083800000| PB 0x0000000083800000| Complete |  0
|  57|0x0000000083900000, 0x0000000083a00000, 0x0000000083a00000|100%| E|CS|TAMS 0x0000000083900000| PB 0x0000000083900000| Complete |  0
|  58|0x0000000083a00000, 0x0000000083b00000, 0x0000000083b00000|100%| E|CS|TAMS 0x0000000083a00000| PB 0x0000000083a00000| Complete |  0
|  59|0x0000000083b00000, 0x0000000083c00000, 0x0000000083c00000|100%| E|CS|TAMS 0x0000000083b00000| PB 0x0000000083b00000| Complete |  0
|  60|0x0000000083c00000, 0x0000000083d00000, 0x0000000083d00000|100%| E|CS|TAMS 0x0000000083c00000| PB 0x0000000083c00000| Complete |  0
|  61|0x0000000083d00000, 0x0000000083e00000, 0x0000000083e00000|100%| E|CS|TAMS 0x0000000083d00000| PB 0x0000000083d00000| Complete |  0
|  62|0x0000000083e00000, 0x0000000083f00000, 0x0000000083f00000|100%| E|CS|TAMS 0x0000000083e00000| PB 0x0000000083e00000| Complete |  0
|  63|0x0000000083f00000, 0x0000000084000000, 0x0000000084000000|100%| E|CS|TAMS 0x0000000083f00000| PB 0x0000000083f00000| Complete |  0
|  64|0x0000000084000000, 0x0000000084100000, 0x0000000084100000|100%| E|CS|TAMS 0x0000000084000000| PB 0x0000000084000000| Complete |  0
|  65|0x0000000084100000, 0x0000000084200000, 0x0000000084200000|100%| E|CS|TAMS 0x0000000084100000| PB 0x0000000084100000| Complete |  0
|  66|0x0000000084200000, 0x0000000084300000, 0x0000000084300000|100%| E|CS|TAMS 0x0000000084200000| PB 0x0000000084200000| Complete |  0
|  67|0x0000000084300000, 0x0000000084400000, 0x0000000084400000|100%| E|CS|TAMS 0x0000000084300000| PB 0x0000000084300000| Complete |  0
|  68|0x0000000084400000, 0x0000000084500000, 0x0000000084500000|100%| E|CS|TAMS 0x0000000084400000| PB 0x0000000084400000| Complete |  0
|  69|0x0000000084500000, 0x0000000084600000, 0x0000000084600000|100%| E|CS|TAMS 0x0000000084500000| PB 0x0000000084500000| Complete |  0
|  70|0x0000000084600000, 0x0000000084700000, 0x0000000084700000|100%| E|CS|TAMS 0x0000000084600000| PB 0x0000000084600000| Complete |  0
|  71|0x0000000084700000, 0x0000000084800000, 0x0000000084800000|100%| E|CS|TAMS 0x0000000084700000| PB 0x0000000084700000| Complete |  0
|  72|0x0000000084800000, 0x0000000084900000, 0x0000000084900000|100%| E|CS|TAMS 0x0000000084800000| PB 0x0000000084800000| Complete |  0
| 224|0x000000008e000000, 0x000000008e100000, 0x000000008e100000|100%| E|CS|TAMS 0x000000008e000000| PB 0x000000008e000000| Complete |  0
| 225|0x000000008e100000, 0x000000008e200000, 0x000000008e200000|100%| E|CS|TAMS 0x000000008e100000| PB 0x000000008e100000| Complete |  0
| 226|0x000000008e200000, 0x000000008e300000, 0x000000008e300000|100%| E|CS|TAMS 0x000000008e200000| PB 0x000000008e200000| Complete |  0
| 227|0x000000008e300000, 0x000000008e400000, 0x000000008e400000|100%| E|CS|TAMS 0x000000008e300000| PB 0x000000008e300000| Complete |  0
| 228|0x000000008e400000, 0x000000008e500000, 0x000000008e500000|100%| E|CS|TAMS 0x000000008e400000| PB 0x000000008e400000| Complete |  0
| 229|0x000000008e500000, 0x000000008e600000, 0x000000008e600000|100%| E|CS|TAMS 0x000000008e500000| PB 0x000000008e500000| Complete |  0
| 230|0x000000008e600000, 0x000000008e700000, 0x000000008e700000|100%| E|CS|TAMS 0x000000008e600000| PB 0x000000008e600000| Complete |  0
| 231|0x000000008e700000, 0x000000008e800000, 0x000000008e800000|100%| E|CS|TAMS 0x000000008e700000| PB 0x000000008e700000| Complete |  0
| 232|0x000000008e800000, 0x000000008e900000, 0x000000008e900000|100%| E|CS|TAMS 0x000000008e800000| PB 0x000000008e800000| Complete |  0
| 233|0x000000008e900000, 0x000000008ea00000, 0x000000008ea00000|100%| E|CS|TAMS 0x000000008e900000| PB 0x000000008e900000| Complete |  0
| 250|0x000000008fa00000, 0x000000008fb00000, 0x000000008fb00000|100%| E|CS|TAMS 0x000000008fa00000| PB 0x000000008fa00000| Complete |  0
| 251|0x000000008fb00000, 0x000000008fc00000, 0x000000008fc00000|100%| E|CS|TAMS 0x000000008fb00000| PB 0x000000008fb00000| Complete |  0
|2046|0x00000000ffe00000, 0x00000000fff00000, 0x00000000fff00000|100%| O|  |TAMS 0x00000000ffe00000| PB 0x00000000ffe00000| Untracked |  0
|2047|0x00000000fff00000, 0x0000000100000000, 0x0000000100000000|100%| E|CS|TAMS 0x00000000fff00000| PB 0x00000000fff00000| Complete |  0

Card table byte_map: [0x000001a8efa80000,0x000001a8efe80000] _byte_map_base: 0x000001a8ef680000

Marking Bits: (CMBitMap*) 0x000001a8d7222600
 Bits: [0x000001a8efe80000, 0x000001a8f1e80000)

Polling page: 0x000001a8d5080000

Metaspace:
Metaspace        used 44609K, committed 46464K, reserved 1114112K
 class space     used 6820K, committed 7680K, reserved 1048576K

Usage:
  Non-class:     36.90 MB used.
      Class:      6.66 MB used.
       Both:     43.56 MB used.

Virtual space:
  Non-class space:       64.00 MB reserved,      37.88 MB ( 59%) committed,  1 nodes.
      Class space:        1.00 GB reserved,       7.50 MB ( <1%) committed,  1 nodes.
             Both:        1.06 GB reserved,      45.38 MB (  4%) committed. 

Chunk freelists:
   Non-Class:  10.09 MB
       Class:  8.31 MB
        Both:  18.41 MB

MaxMetaspaceSize: unlimited
CompressedClassSpaceSize: 1.00 GB
Initial GC threshold: 21.00 MB
Current GC threshold: 59.00 MB
CDS: on
 - commit_granule_bytes: 65536.
 - commit_granule_words: 8192.
 - virtual_space_node_default_size: 8388608.
 - enlarge_chunks_in_place: 1.
UseCompressedClassPointers 1, UseCompactObjectHeaders 0
Narrow klass pointer bits 32, Max shift 3
Narrow klass base: 0x000000001c000000, Narrow klass shift: 0
Encoding Range: [0x000000001c000000 - 0x000000011c000000), (4294967296 bytes)
Klass Range:    [0x000000001c010000 - 0x000000005d000000), (1090453504 bytes)
Klass ID Range:  [65536 - 1090519033) (1090453497)
Protection zone: [0x000000001c000000 - 0x000000001c010000), (65536 bytes)


Internal statistics:

num_allocs_failed_limit: 6.
num_arena_births: 3248.
num_arena_deaths: 0.
num_vsnodes_births: 2.
num_vsnodes_deaths: 0.
num_space_committed: 726.
num_space_uncommitted: 0.
num_chunks_returned_to_freelist: 6.
num_chunks_taken_from_freelist: 5452.
num_chunk_merges: 6.
num_chunk_splits: 3518.
num_chunks_enlarged: 2139.
num_inconsistent_stats: 0.

CodeHeap 'non-profiled nmethods': size=119168Kb used=2738Kb max_used=2738Kb free=116429Kb
 bounds [0x000001a8e7880000, 0x000001a8e7b30000, 0x000001a8eece0000]
CodeHeap 'profiled nmethods': size=119168Kb used=8960Kb max_used=8960Kb free=110207Kb
 bounds [0x000001a8dfcd0000, 0x000001a8e05a0000, 0x000001a8e7130000]
CodeHeap 'non-nmethods': size=7488Kb used=1920Kb max_used=3157Kb free=5567Kb
 bounds [0x000001a8e7130000, 0x000001a8e7460000, 0x000001a8e7880000]
CodeCache: size=245824Kb, used=13618Kb, max_used=14855Kb, free=232203Kb
 total_blobs=6612, nmethods=5841, adapters=673, full_count=0
Compilation: enabled, stopped_count=0, restarted_count=0

Compilation events (20 events):
Event: 301.745 Thread 0x000001a8f4aaa9e0 nmethod 6319 0x000001a8e058e208 code [0x000001a8e058e300, 0x000001a8e058f020]
Event: 312.271 Thread 0x000001a8f4aa94a0 6320       4       java.net.InetAddress::getByAddress (114 bytes)
Event: 312.712 Thread 0x000001a8f4aa94a0 nmethod 6320 0x000001a8e7b2aa88 code [0x000001a8e7b2ab80, 0x000001a8e7b2b2b8]
Event: 312.712 Thread 0x000001a8f4aa94a0 6321       4       java.net.Inet4Address::<init> (91 bytes)
Event: 312.771 Thread 0x000001a8f4aa94a0 nmethod 6321 0x000001a8e7b2b308 code [0x000001a8e7b2b400, 0x000001a8e7b2b768]
Event: 315.836 Thread 0x000001a8f4aa94a0 6322       4       java.util.stream.Collectors$$Lambda/0x000000001d032a48::accept (14 bytes)
Event: 315.841 Thread 0x000001a8f4aa94a0 nmethod 6322 0x000001a8e7b2b788 code [0x000001a8e7b2b880, 0x000001a8e7b2bf70]
Event: 321.709 Thread 0x000001a8f4aa94a0 6323       4       java.util.LinkedHashMap$LinkedKeyIterator::next (8 bytes)
Event: 321.714 Thread 0x000001a8f4aa94a0 nmethod 6323 0x000001a8e7b2bf88 code [0x000001a8e7b2c080, 0x000001a8e7b2c3b8]
Event: 324.119 Thread 0x000001a8f4aaa9e0 6324       3       java.util.LinkedList::listIterator (15 bytes)
Event: 324.121 Thread 0x000001a8f4aaa9e0 nmethod 6324 0x000001a8e058f088 code [0x000001a8e058f180, 0x000001a8e058f5b8]
Event: 324.121 Thread 0x000001a8f4aaa9e0 6325       3       java.util.LinkedList$ListItr::<init> (52 bytes)
Event: 324.122 Thread 0x000001a8f4aaa9e0 nmethod 6325 0x000001a8e058f608 code [0x000001a8e058f700, 0x000001a8e058fb38]
Event: 324.394 Thread 0x000001a8f4aa94a0 6326       4       org.gradle.internal.remote.internal.inet.MultiChoiceAddress::hashCode (8 bytes)
Event: 324.398 Thread 0x000001a8f4aa94a0 nmethod 6326 0x000001a8e7b2c408 code [0x000001a8e7b2c500, 0x000001a8e7b2c5a0]
Event: 329.803 Thread 0x000001a8f4aa94a0 6327       4       java.lang.Long::valueOf (40 bytes)
Event: 329.806 Thread 0x000001a8f4aa94a0 nmethod 6327 0x000001a8e7b2c708 code [0x000001a8e7b2c800, 0x000001a8e7b2c918]
Event: 331.886 Thread 0x000001a8f4aa94a0 6328       4       org.gradle.internal.remote.internal.inet.MultiChoiceAddressSerializer::read (95 bytes)
Event: 332.392 Thread 0x000001a8f4aaa9e0 6330       3       org.gradle.internal.serialize.InputStreamBackedDecoder::readBoolean (8 bytes)
Event: 332.395 Thread 0x000001a8f4aaa9e0 nmethod 6330 0x000001a8e058fb88 code [0x000001a8e058fc80, 0x000001a8e0590158]

GC Heap Usage History (18 events):
Event: 1.837 {heap Before GC invocations=0 (full 0):
 garbage-first heap   total reserved 2097152K, committed 260096K, used 52374K [0x0000000080000000, 0x0000000100000000)
  region size 1024K, 47 young (48128K), 0 survivors (0K)
}
Event: 1.902 {heap After GC invocations=1 (full 0):
 garbage-first heap   total reserved 2097152K, committed 260096K, used 13165K [0x0000000080000000, 0x0000000100000000)
  region size 1024K, 6 young (6144K), 6 survivors (6144K)
}
Event: 19.874 {heap Before GC invocations=1 (full 0):
 garbage-first heap   total reserved 2097152K, committed 260096K, used 121709K [0x0000000080000000, 0x0000000100000000)
  region size 1024K, 110 young (112640K), 6 survivors (6144K)
}
Event: 20.056 {heap After GC invocations=2 (full 0):
 garbage-first heap   total reserved 2097152K, committed 260096K, used 23501K [0x0000000080000000, 0x0000000100000000)
  region size 1024K, 14 young (14336K), 14 survivors (14336K)
}
Event: 20.934 {heap Before GC invocations=2 (full 0):
 garbage-first heap   total reserved 2097152K, committed 260096K, used 40909K [0x0000000080000000, 0x0000000100000000)
  region size 1024K, 32 young (32768K), 14 survivors (14336K)
}
Event: 20.945 {heap After GC invocations=3 (full 0):
 garbage-first heap   total reserved 2097152K, committed 260096K, used 25641K [0x0000000080000000, 0x0000000100000000)
  region size 1024K, 10 young (10240K), 10 survivors (10240K)
}
Event: 24.458 {heap Before GC invocations=4 (full 0):
 garbage-first heap   total reserved 2097152K, committed 89088K, used 67625K [0x0000000080000000, 0x0000000100000000)
  region size 1024K, 52 young (53248K), 10 survivors (10240K)
}
Event: 24.469 {heap After GC invocations=5 (full 0):
 garbage-first heap   total reserved 2097152K, committed 89088K, used 28086K [0x0000000080000000, 0x0000000100000000)
  region size 1024K, 4 young (4096K), 4 survivors (4096K)
}
Event: 27.289 {heap Before GC invocations=5 (full 0):
 garbage-first heap   total reserved 2097152K, committed 89088K, used 66998K [0x0000000080000000, 0x0000000100000000)
  region size 1024K, 42 young (43008K), 4 survivors (4096K)
}
Event: 27.293 {heap After GC invocations=6 (full 0):
 garbage-first heap   total reserved 2097152K, committed 89088K, used 29856K [0x0000000080000000, 0x0000000100000000)
  region size 1024K, 6 young (6144K), 6 survivors (6144K)
}
Event: 46.305 {heap Before GC invocations=6 (full 0):
 garbage-first heap   total reserved 2097152K, committed 89088K, used 65696K [0x0000000080000000, 0x0000000100000000)
  region size 1024K, 43 young (44032K), 6 survivors (6144K)
}
Event: 46.369 {heap After GC invocations=7 (full 0):
 garbage-first heap   total reserved 2097152K, committed 89088K, used 32760K [0x0000000080000000, 0x0000000100000000)
  region size 1024K, 5 young (5120K), 5 survivors (5120K)
}
Event: 65.860 {heap Before GC invocations=8 (full 0):
 garbage-first heap   total reserved 2097152K, committed 89088K, used 73720K [0x0000000080000000, 0x0000000100000000)
  region size 1024K, 44 young (45056K), 5 survivors (5120K)
}
Event: 65.875 {heap After GC invocations=9 (full 0):
 garbage-first heap   total reserved 2097152K, committed 89088K, used 34989K [0x0000000080000000, 0x0000000100000000)
  region size 1024K, 6 young (6144K), 6 survivors (6144K)
}
Event: 71.985 {heap Before GC invocations=9 (full 0):
 garbage-first heap   total reserved 2097152K, committed 89088K, used 73901K [0x0000000080000000, 0x0000000100000000)
  region size 1024K, 44 young (45056K), 6 survivors (6144K)
}
Event: 71.998 {heap After GC invocations=10 (full 0):
 garbage-first heap   total reserved 2097152K, committed 89088K, used 35815K [0x0000000080000000, 0x0000000100000000)
  region size 1024K, 4 young (4096K), 4 survivors (4096K)
}
Event: 145.003 {heap Before GC invocations=10 (full 0):
 garbage-first heap   total reserved 2097152K, committed 89088K, used 76775K [0x0000000080000000, 0x0000000100000000)
  region size 1024K, 44 young (45056K), 4 survivors (4096K)
}
Event: 145.055 {heap After GC invocations=11 (full 0):
 garbage-first heap   total reserved 2097152K, committed 89088K, used 38909K [0x0000000080000000, 0x0000000100000000)
  region size 1024K, 5 young (5120K), 5 survivors (5120K)
}

Metaspace Usage History (18 events):
Event: 1.837 {metaspace Before GC invocations=0 (full 0):
 Metaspace       used 4644K, committed 4864K, reserved 1114112K
  class space    used 601K, committed 704K, reserved 1048576K
}
Event: 1.902 {metaspace After GC invocations=1 (full 0):
 Metaspace       used 4644K, committed 4864K, reserved 1114112K
  class space    used 601K, committed 704K, reserved 1048576K
}
Event: 19.874 {metaspace Before GC invocations=1 (full 0):
 Metaspace       used 18850K, committed 19392K, reserved 1114112K
  class space    used 2716K, committed 2944K, reserved 1048576K
}
Event: 20.056 {metaspace After GC invocations=2 (full 0):
 Metaspace       used 18850K, committed 19392K, reserved 1114112K
  class space    used 2716K, committed 2944K, reserved 1048576K
}
Event: 20.934 {metaspace Before GC invocations=2 (full 0):
 Metaspace       used 20820K, committed 21504K, reserved 1114112K
  class space    used 3071K, committed 3392K, reserved 1048576K
}
Event: 20.945 {metaspace After GC invocations=3 (full 0):
 Metaspace       used 20820K, committed 21504K, reserved 1114112K
  class space    used 3071K, committed 3392K, reserved 1048576K
}
Event: 24.458 {metaspace Before GC invocations=4 (full 0):
 Metaspace       used 25745K, committed 26688K, reserved 1114112K
  class space    used 3904K, committed 4352K, reserved 1048576K
}
Event: 24.469 {metaspace After GC invocations=5 (full 0):
 Metaspace       used 25745K, committed 26688K, reserved 1114112K
  class space    used 3904K, committed 4352K, reserved 1048576K
}
Event: 27.289 {metaspace Before GC invocations=5 (full 0):
 Metaspace       used 29510K, committed 30848K, reserved 1114112K
  class space    used 4591K, committed 5248K, reserved 1048576K
}
Event: 27.293 {metaspace After GC invocations=6 (full 0):
 Metaspace       used 29510K, committed 30848K, reserved 1114112K
  class space    used 4591K, committed 5248K, reserved 1048576K
}
Event: 46.305 {metaspace Before GC invocations=6 (full 0):
 Metaspace       used 34790K, committed 36160K, reserved 1114112K
  class space    used 5286K, committed 5952K, reserved 1048576K
}
Event: 46.369 {metaspace After GC invocations=7 (full 0):
 Metaspace       used 34790K, committed 36160K, reserved 1114112K
  class space    used 5286K, committed 5952K, reserved 1048576K
}
Event: 65.860 {metaspace Before GC invocations=8 (full 0):
 Metaspace       used 38038K, committed 39552K, reserved 1114112K
  class space    used 5688K, committed 6400K, reserved 1048576K
}
Event: 65.875 {metaspace After GC invocations=9 (full 0):
 Metaspace       used 38038K, committed 39552K, reserved 1114112K
  class space    used 5688K, committed 6400K, reserved 1048576K
}
Event: 71.985 {metaspace Before GC invocations=9 (full 0):
 Metaspace       used 40963K, committed 42752K, reserved 1114112K
  class space    used 6198K, committed 7040K, reserved 1048576K
}
Event: 71.998 {metaspace After GC invocations=10 (full 0):
 Metaspace       used 40963K, committed 42752K, reserved 1114112K
  class space    used 6198K, committed 7040K, reserved 1048576K
}
Event: 145.003 {metaspace Before GC invocations=10 (full 0):
 Metaspace       used 43717K, committed 45504K, reserved 1114112K
  class space    used 6678K, committed 7552K, reserved 1048576K
}
Event: 145.055 {metaspace After GC invocations=11 (full 0):
 Metaspace       used 43717K, committed 45504K, reserved 1114112K
  class space    used 6678K, committed 7552K, reserved 1048576K
}

Dll operation events (20 events):
Event: 0.125 Attempting to load shared library C:\Program Files\Eclipse Adoptium\jdk-25.0.4.7-hotspot\bin\nio.dll
Event: 0.125 Loaded shared library C:\Program Files\Eclipse Adoptium\jdk-25.0.4.7-hotspot\bin\nio.dll
Event: 0.128 Attempting to load shared library C:\Program Files\Eclipse Adoptium\jdk-25.0.4.7-hotspot\bin\zip.dll
Event: 0.128 Loaded shared library C:\Program Files\Eclipse Adoptium\jdk-25.0.4.7-hotspot\bin\zip.dll
Event: 0.347 Attempting to load shared library C:\Program Files\Eclipse Adoptium\jdk-25.0.4.7-hotspot\bin\jimage.dll
Event: 0.347 Loaded shared library C:\Program Files\Eclipse Adoptium\jdk-25.0.4.7-hotspot\bin\jimage.dll
Event: 0.882 Attempting to load shared library C:\Program Files\Eclipse Adoptium\jdk-25.0.4.7-hotspot\bin\verify.dll
Event: 0.997 Loaded shared library C:\Program Files\Eclipse Adoptium\jdk-25.0.4.7-hotspot\bin\verify.dll
Event: 1.039 Attempting to load shared library C:\Users\leona\.gradle\native\660c5614fbf4a5f2a75b1949f50a0caf5cd603558e7d8a26e50b933a0cfb79d1\windows-amd64\native-platform.dll
Event: 1.040 Loaded shared library C:\Users\leona\.gradle\native\660c5614fbf4a5f2a75b1949f50a0caf5cd603558e7d8a26e50b933a0cfb79d1\windows-amd64\native-platform.dll
Event: 1.059 Attempting to load shared library C:\Users\leona\.gradle\native\0.2.8\x86_64-windows-gnu\gradle-fileevents.dll
Event: 1.059 Loaded shared library C:\Users\leona\.gradle\native\0.2.8\x86_64-windows-gnu\gradle-fileevents.dll
Event: 2.652 Attempting to load shared library C:\Program Files\Eclipse Adoptium\jdk-25.0.4.7-hotspot\bin\management.dll
Event: 2.685 Loaded shared library C:\Program Files\Eclipse Adoptium\jdk-25.0.4.7-hotspot\bin\management.dll
Event: 2.690 Attempting to load shared library C:\Program Files\Eclipse Adoptium\jdk-25.0.4.7-hotspot\bin\management_ext.dll
Event: 2.700 Loaded shared library C:\Program Files\Eclipse Adoptium\jdk-25.0.4.7-hotspot\bin\management_ext.dll
Event: 8.432 Attempting to load shared library C:\Program Files\Eclipse Adoptium\jdk-25.0.4.7-hotspot\bin\extnet.dll
Event: 8.466 Loaded shared library C:\Program Files\Eclipse Adoptium\jdk-25.0.4.7-hotspot\bin\extnet.dll
Event: 12.144 Attempting to load shared library C:\Program Files\Eclipse Adoptium\jdk-25.0.4.7-hotspot\bin\sunmscapi.dll
Event: 12.192 Loaded shared library C:\Program Files\Eclipse Adoptium\jdk-25.0.4.7-hotspot\bin\sunmscapi.dll

Deoptimization events (20 events):
Event: 145.479 Thread 0x000001a8f4aa2f50 Uncommon trap: trap_request=0xffffff45 fr.pc=0x000001a8e789f9ec relative=0x000000000000036c
Event: 145.479 Thread 0x000001a8f4aa2f50 Uncommon trap: reason=unstable_if action=reinterpret pc=0x000001a8e789f9ec method=sun.invoke.util.VerifyType.isNullConversion(Ljava/lang/Class;Ljava/lang/Class;Z)Z @ 15 c2
Event: 145.479 Thread 0x000001a8f4aa2f50 DEOPT PACKING pc=0x000001a8e789f9ec sp=0x0000000f7b7f48e0
Event: 145.479 Thread 0x000001a8f4aa2f50 DEOPT UNPACKING pc=0x000001a8e724f902 sp=0x0000000f7b7f4868 mode 2
Event: 145.883 Thread 0x000001a8f4aa2f50 Uncommon trap: trap_request=0xffffff45 fr.pc=0x000001a8e7a79f4c relative=0x00000000000004cc
Event: 145.883 Thread 0x000001a8f4aa2f50 Uncommon trap: reason=unstable_if action=reinterpret pc=0x000001a8e7a79f4c method=java.lang.invoke.MethodType.insertParameterTypes(I[Ljava/lang/Class;)Ljava/lang/invoke/MethodType; @ 48 c2
Event: 145.883 Thread 0x000001a8f4aa2f50 DEOPT PACKING pc=0x000001a8e7a79f4c sp=0x0000000f7b7f49d0
Event: 145.883 Thread 0x000001a8f4aa2f50 DEOPT UNPACKING pc=0x000001a8e724f902 sp=0x0000000f7b7f49a0 mode 2
Event: 145.949 Thread 0x000001a8f4aa2f50 Uncommon trap: trap_request=0xffffffc6 fr.pc=0x000001a8e7a99acc relative=0x00000000000001cc
Event: 145.949 Thread 0x000001a8f4aa2f50 Uncommon trap: reason=bimorphic_or_optimized_type_check action=maybe_recompile pc=0x000001a8e7a99acc method=java.util.stream.StreamOpFlag.fromCharacteristics(Ljava/util/Spliterator;)I @ 14 c2
Event: 145.949 Thread 0x000001a8f4aa2f50 DEOPT PACKING pc=0x000001a8e7a99acc sp=0x0000000f7b7f6620
Event: 145.949 Thread 0x000001a8f4aa2f50 DEOPT UNPACKING pc=0x000001a8e724f902 sp=0x0000000f7b7f64e8 mode 2
Event: 163.960 Thread 0x000001a8f4a9af40 DEOPT PACKING pc=0x000001a8e011d516 sp=0x0000000f7b0fe510
Event: 163.960 Thread 0x000001a8f4a9af40 DEOPT UNPACKING pc=0x000001a8e7181702 sp=0x0000000f7b0fda50 mode 0
Event: 173.805 Thread 0x000001a8f4a9af40 DEOPT PACKING pc=0x000001a8e04be45d sp=0x0000000f7b0fe770
Event: 173.844 Thread 0x000001a8f4a9af40 DEOPT UNPACKING pc=0x000001a8e7181702 sp=0x0000000f7b0fdbd0 mode 0
Event: 281.857 Thread 0x000001a8f4a9de20 Uncommon trap: trap_request=0xffffff45 fr.pc=0x000001a8e7aaaa0c relative=0x000000000000008c
Event: 281.857 Thread 0x000001a8f4a9de20 Uncommon trap: reason=unstable_if action=reinterpret pc=0x000001a8e7aaaa0c method=java.io.DataInputStream.readBoolean()Z @ 4 c2
Event: 281.858 Thread 0x000001a8f4a9de20 DEOPT PACKING pc=0x000001a8e7aaaa0c sp=0x0000000f7adfe510
Event: 281.864 Thread 0x000001a8f4a9de20 DEOPT UNPACKING pc=0x000001a8e724f902 sp=0x0000000f7adfe440 mode 2

Classes loaded (20 events):
Event: 145.289 Loading class java/util/AbstractList$RandomAccessSubList
Event: 145.290 Loading class java/util/AbstractList$SubList
Event: 145.290 Loading class java/util/AbstractList$SubList done
Event: 145.290 Loading class java/util/AbstractList$RandomAccessSubList done
Event: 145.291 Loading class java/util/AbstractList$SubList$1
Event: 145.291 Loading class java/util/AbstractList$SubList$1 done
Event: 145.291 Loading class java/util/AbstractList$ListItr
Event: 145.291 Loading class java/util/AbstractList$ListItr done
Event: 145.748 Loading class java/util/AbstractCollectionBeanInfo
Event: 145.748 Loading class java/util/AbstractCollectionBeanInfo done
Event: 145.748 Loading class java/util/AbstractCollectionBeanInfo
Event: 145.748 Loading class java/util/AbstractCollectionBeanInfo done
Event: 145.748 Loading class java/util/AbstractCollectionCustomizer
Event: 145.748 Loading class java/util/AbstractCollectionCustomizer done
Event: 145.748 Loading class java/util/AbstractCollectionCustomizer
Event: 145.748 Loading class java/util/AbstractCollectionCustomizer done
Event: 145.779 Loading class sun/reflect/generics/tree/LongSignature
Event: 145.779 Loading class sun/reflect/generics/tree/LongSignature done
Event: 145.845 Loading class java/lang/invoke/BoundMethodHandle$Species_LLLLILLLLLL
Event: 145.845 Loading class java/lang/invoke/BoundMethodHandle$Species_LLLLILLLLLL done

Classes unloaded (0 events):
No events

Classes redefined (0 events):
No events

Internal exceptions (20 events):
Event: 145.469 Thread 0x000001a8f4aa2f50 Exception <a 'java/lang/ClassNotFoundException'{0x000000008e9974d8}: groovy/lang/ReferenceCustomizer> (0x000000008e9974d8) 
thrown [s\src\hotspot\share\classfile\systemDictionary.cpp, line 328]
Event: 145.502 Thread 0x000001a8f4aa2f50 Exception <a 'java/lang/NoSuchMethodError'{0x000000008e9fcf50}: 'java.lang.Object java.lang.invoke.DelegatingMethodHandle$Holder.reinvoke_L(java.lang.Object, java.lang.Object, java.lang.Object, java.lang.Object, int, int)'> (0x000000008e9fcf50) 
thrown [s\src\hotspot\share\interpreter\linkResolver.cpp, line 804]
Event: 145.742 Thread 0x000001a8f4aa2f50 Exception <a 'java/lang/ClassNotFoundException'{0x000000008e709ea8}: org/gradle/api/internal/tasks/DefaultTaskContainer_DecoratedBeanInfo> (0x000000008e709ea8) 
thrown [s\src\hotspot\share\classfile\systemDictionary.cpp, line 328]
Event: 145.744 Thread 0x000001a8f4aa2f50 Exception <a 'java/lang/ClassNotFoundException'{0x000000008e71f7e8}: org/gradle/api/internal/tasks/DefaultTaskContainerBeanInfo> (0x000000008e71f7e8) 
thrown [s\src\hotspot\share\classfile\systemDictionary.cpp, line 328]
Event: 145.745 Thread 0x000001a8f4aa2f50 Exception <a 'java/lang/ClassNotFoundException'{0x000000008e735150}: org/gradle/api/internal/tasks/DefaultTaskCollectionBeanInfo> (0x000000008e735150) 
thrown [s\src\hotspot\share\classfile\systemDictionary.cpp, line 328]
Event: 145.746 Thread 0x000001a8f4aa2f50 Exception <a 'java/lang/ClassNotFoundException'{0x000000008e74aaa8}: org/gradle/api/internal/DefaultNamedDomainObjectSetBeanInfo> (0x000000008e74aaa8) 
thrown [s\src\hotspot\share\classfile\systemDictionary.cpp, line 328]
Event: 145.747 Thread 0x000001a8f4aa2f50 Exception <a 'java/lang/ClassNotFoundException'{0x000000008e760480}: org/gradle/api/internal/DefaultNamedDomainObjectCollectionBeanInfo> (0x000000008e760480) 
thrown [s\src\hotspot\share\classfile\systemDictionary.cpp, line 328]
Event: 145.747 Thread 0x000001a8f4aa2f50 Exception <a 'java/lang/ClassNotFoundException'{0x000000008e776100}: org/gradle/api/internal/DefaultDomainObjectCollectionBeanInfo> (0x000000008e776100) 
thrown [s\src\hotspot\share\classfile\systemDictionary.cpp, line 328]
Event: 145.748 Thread 0x000001a8f4aa2f50 Exception <a 'java/lang/ClassNotFoundException'{0x000000008e77e008}: java/util/AbstractCollectionBeanInfo> (0x000000008e77e008) 
thrown [s\src\hotspot\share\classfile\systemDictionary.cpp, line 328]
Event: 145.748 Thread 0x000001a8f4aa2f50 Exception <a 'java/lang/ClassNotFoundException'{0x000000008e786138}: java/util/AbstractCollectionCustomizer> (0x000000008e786138) 
thrown [s\src\hotspot\share\classfile\systemDictionary.cpp, line 328]
Event: 145.751 Thread 0x000001a8f4aa2f50 Exception <a 'java/lang/ClassNotFoundException'{0x000000008e7acbb0}: org/gradle/api/internal/DefaultDomainObjectCollectionCustomizer> (0x000000008e7acbb0) 
thrown [s\src\hotspot\share\classfile\systemDictionary.cpp, line 328]
Event: 145.755 Thread 0x000001a8f4aa2f50 Exception <a 'java/lang/ClassNotFoundException'{0x000000008e7f4978}: org/gradle/api/internal/DefaultNamedDomainObjectCollectionCustomizer> (0x000000008e7f4978) 
thrown [s\src\hotspot\share\classfile\systemDictionary.cpp, line 328]
Event: 145.760 Thread 0x000001a8f4aa2f50 Exception <a 'java/lang/ClassNotFoundException'{0x000000008e6485f8}: org/gradle/api/internal/DefaultNamedDomainObjectSetCustomizer> (0x000000008e6485f8) 
thrown [s\src\hotspot\share\classfile\systemDictionary.cpp, line 328]
Event: 145.765 Thread 0x000001a8f4aa2f50 Exception <a 'java/lang/ClassNotFoundException'{0x000000008e6c4178}: org/gradle/api/internal/tasks/DefaultTaskCollectionCustomizer> (0x000000008e6c4178) 
thrown [s\src\hotspot\share\classfile\systemDictionary.cpp, line 328]
Event: 145.773 Thread 0x000001a8f4aa2f50 Exception <a 'java/lang/ClassNotFoundException'{0x000000008e55dca8}: org/gradle/api/internal/tasks/DefaultTaskContainerCustomizer> (0x000000008e55dca8) 
thrown [s\src\hotspot\share\classfile\systemDictionary.cpp, line 328]
Event: 145.791 Thread 0x000001a8f4aa2f50 Exception <a 'java/lang/ClassNotFoundException'{0x000000008e4db8e8}: org/gradle/api/internal/tasks/DefaultTaskContainer_DecoratedCustomizer> (0x000000008e4db8e8) 
thrown [s\src\hotspot\share\classfile\systemDictionary.cpp, line 328]
Event: 145.874 Thread 0x000001a8f4aa2f50 Exception <a 'java/lang/ClassNotFoundException'{0x000000008e255b38}: org/codehaus/groovy/runtime/NullObjectBeanInfo> (0x000000008e255b38) 
thrown [s\src\hotspot\share\classfile\systemDictionary.cpp, line 328]
Event: 145.875 Thread 0x000001a8f4aa2f50 Exception <a 'java/lang/ClassNotFoundException'{0x000000008e26a5c0}: org/codehaus/groovy/runtime/NullObjectCustomizer> (0x000000008e26a5c0) 
thrown [s\src\hotspot\share\classfile\systemDictionary.cpp, line 328]
Event: 145.925 Thread 0x000001a8f4aa2f50 Exception <a 'java/lang/NoSuchMethodError'{0x000000008e101e00}: 'int java.lang.invoke.DirectMethodHandle$Holder.invokeSpecial(java.lang.Object, java.lang.Object, java.lang.Object, java.lang.Object, java.lang.Object)'> (0x000000008e101e00) 
thrown [s\src\hotspot\share\interpreter\linkResolver.cpp, line 804]
Event: 145.989 Thread 0x000001a8f4aa2f50 Exception <a 'java/lang/NoSuchMethodError'{0x000000008e1c3760}: 'java.lang.Object java.lang.invoke.Invokers$Holder.invoker(java.lang.Object, java.lang.Object, java.lang.Object, java.lang.Object, java.lang.Object, java.lang.Object, java.lang.Object, java.lang.Object, java.lang.Object)'> (0x000000008e1c3760) 
thrown [s\src\hotspot\share\interpreter\linkResolver.cpp, line 804]

VM Operations (20 events):
Event: 70.068 Executing non-safepoint VM operation: HandshakeAllThreads (Deoptimize)
Event: 70.069 Executing non-safepoint VM operation: HandshakeAllThreads (Deoptimize) done
Event: 70.273 Executing non-safepoint VM operation: HandshakeAllThreads (Deoptimize)
Event: 70.274 Executing non-safepoint VM operation: HandshakeAllThreads (Deoptimize) done
Event: 70.335 Executing non-safepoint VM operation: HandshakeAllThreads (Deoptimize)
Event: 70.335 Executing non-safepoint VM operation: HandshakeAllThreads (Deoptimize) done
Event: 71.985 Executing safepoint VM operation: G1CollectForAllocation (G1 Evacuation Pause)
Event: 71.998 Executing safepoint VM operation: G1CollectForAllocation (G1 Evacuation Pause) done
Event: 120.665 Executing non-safepoint VM operation: HandshakeAllThreads (HandshakeForDeflation)
Event: 120.665 Executing non-safepoint VM operation: HandshakeAllThreads (HandshakeForDeflation) done
Event: 120.680 Executing non-safepoint VM operation: RendezvousGCThreads
Event: 120.680 Executing non-safepoint VM operation: RendezvousGCThreads done
Event: 145.003 Executing safepoint VM operation: G1CollectForAllocation (G1 Evacuation Pause)
Event: 145.055 Executing safepoint VM operation: G1CollectForAllocation (G1 Evacuation Pause) done
Event: 145.354 Executing non-safepoint VM operation: HandshakeAllThreads (Deoptimize)
Event: 145.354 Executing non-safepoint VM operation: HandshakeAllThreads (Deoptimize) done
Event: 180.686 Executing non-safepoint VM operation: HandshakeAllThreads (HandshakeForDeflation)
Event: 180.687 Executing non-safepoint VM operation: HandshakeAllThreads (HandshakeForDeflation) done
Event: 181.022 Executing non-safepoint VM operation: RendezvousGCThreads
Event: 181.022 Executing non-safepoint VM operation: RendezvousGCThreads done

Memory protections (0 events):
No events

Nmethod flushes (20 events):
Event: 46.396 Thread 0x000001a8f4a79fc0 flushing  nmethod 0x000001a8e008fa08
Event: 46.396 Thread 0x000001a8f4a79fc0 flushing  nmethod 0x000001a8dfd76108
Event: 46.396 Thread 0x000001a8f4a79fc0 flushing  nmethod 0x000001a8dfd77308
Event: 46.396 Thread 0x000001a8f4a79fc0 flushing  nmethod 0x000001a8dfd77608
Event: 46.396 Thread 0x000001a8f4a79fc0 flushing  nmethod 0x000001a8dfd7b508
Event: 46.396 Thread 0x000001a8f4a79fc0 flushing  nmethod 0x000001a8dfda4f08
Event: 46.396 Thread 0x000001a8f4a79fc0 flushing  nmethod 0x000001a8dfdee608
Event: 46.396 Thread 0x000001a8f4a79fc0 flushing  nmethod 0x000001a8dfdf2d08
Event: 46.396 Thread 0x000001a8f4a79fc0 flushing  nmethod 0x000001a8dfdf5908
Event: 46.396 Thread 0x000001a8f4a79fc0 flushing  nmethod 0x000001a8dfdf6a08
Event: 46.396 Thread 0x000001a8f4a79fc0 flushing  nmethod 0x000001a8dfe43788
Event: 46.396 Thread 0x000001a8f4a79fc0 flushing  nmethod 0x000001a8dfe46388
Event: 46.396 Thread 0x000001a8f4a79fc0 flushing  nmethod 0x000001a8dfe48a08
Event: 46.396 Thread 0x000001a8f4a79fc0 flushing  nmethod 0x000001a8dff17188
Event: 46.396 Thread 0x000001a8f4a79fc0 flushing  nmethod 0x000001a8e00a8388
Event: 46.396 Thread 0x000001a8f4a79fc0 flushing  nmethod 0x000001a8e00a8d88
Event: 46.396 Thread 0x000001a8f4a79fc0 flushing  nmethod 0x000001a8e00ab488
Event: 46.396 Thread 0x000001a8f4a79fc0 flushing  nmethod 0x000001a8e00abb08
Event: 46.396 Thread 0x000001a8f4a79fc0 flushing  nmethod 0x000001a8e00abe88
Event: 46.396 Thread 0x000001a8f4a79fc0 flushing  nmethod 0x000001a8e00af308

Events (20 events):
Event: 27.097 Thread 0x000001a8f4aa2f50 Thread added: 0x000001a8fdb335c0
Event: 27.818 Thread 0x000001a8f4aaa9e0 Thread added: 0x000001a8fa1be6e0
Event: 27.938 Thread 0x000001a8fa1be6e0 Thread exited: 0x000001a8fa1be6e0
Event: 30.088 Thread 0x000001a8f4aa2f50 Thread added: 0x000001a8fdb31680
Event: 31.816 Thread 0x000001a8fa1bff10 Thread exited: 0x000001a8fa1bff10
Event: 38.358 Thread 0x000001a8f4aa2f50 Thread added: 0x000001a8fdb32df0
Event: 45.806 Thread 0x000001a8f4aa94a0 Thread added: 0x000001a8fa1c0f30
Event: 45.893 Thread 0x000001a8fa1c0f30 Thread added: 0x000001a8fa1be6e0
Event: 47.730 Thread 0x000001a8fa1c0f30 Thread added: 0x000001a8fd55d700
Event: 48.101 Thread 0x000001a8fd55d700 Thread exited: 0x000001a8fd55d700
Event: 48.405 Thread 0x000001a8fa1be6e0 Thread exited: 0x000001a8fa1be6e0
Event: 49.037 Thread 0x000001a8fa1c0f30 Thread exited: 0x000001a8fa1c0f30
Event: 70.067 Thread 0x000001a8f4aaa9e0 Thread added: 0x000001a8fa1be6e0
Event: 71.186 Thread 0x000001a8f4aa2f50 Thread added: 0x000001a8f93a5a40
Event: 72.725 Thread 0x000001a8fa1be6e0 Thread exited: 0x000001a8fa1be6e0
Event: 145.954 Thread 0x000001a8f4aaa9e0 Thread added: 0x000001a8fcb77100
Event: 149.609 Thread 0x000001a8fcb77100 Thread exited: 0x000001a8fcb77100
Event: 207.951 Thread 0x000001a8fa56a2d0 Thread exited: 0x000001a8fa56a2d0
Event: 270.432 Thread 0x000001a8fa566450 Thread added: 0x000001a8f93a2b60
Event: 331.034 Thread 0x000001a8f93a2b60 Thread exited: 0x000001a8f93a2b60


Dynamic libraries:
0x00007ff7cc220000 - 0x00007ff7cc22e000 	C:\Program Files\Eclipse Adoptium\jdk-25.0.4.7-hotspot\bin\java.exe
0x00007ffff7ee0000 - 0x00007ffff8146000 	C:\WINDOWS\SYSTEM32\ntdll.dll
0x00007ffff7dd0000 - 0x00007ffff7e99000 	C:\WINDOWS\System32\KERNEL32.DLL
0x00007ffff54a0000 - 0x00007ffff589f000 	C:\WINDOWS\System32\KERNELBASE.dll
0x00007ffff50f0000 - 0x00007ffff523c000 	C:\WINDOWS\System32\ucrtbase.dll
0x00007fffc44d0000 - 0x00007fffc44e6000 	C:\Program Files\Eclipse Adoptium\jdk-25.0.4.7-hotspot\bin\jli.dll
0x00007fffc3320000 - 0x00007fffc333e000 	C:\Program Files\Eclipse Adoptium\jdk-25.0.4.7-hotspot\bin\VCRUNTIME140.dll
0x00007ffff6660000 - 0x00007ffff6826000 	C:\WINDOWS\System32\USER32.dll
0x00007fffdae90000 - 0x00007fffdb121000 	C:\WINDOWS\WinSxS\amd64_microsoft.windows.common-controls_6595b64144ccf1df_6.0.26100.8972_none_3e0da176e32f9d4b\COMCTL32.dll
0x00007ffff5aa0000 - 0x00007ffff5ac7000 	C:\WINDOWS\System32\win32u.dll
0x00007ffff7020000 - 0x00007ffff70c9000 	C:\WINDOWS\System32\msvcrt.dll
0x00007ffff5db0000 - 0x00007ffff5ddb000 	C:\WINDOWS\System32\GDI32.dll
0x00007ffff5970000 - 0x00007ffff5a99000 	C:\WINDOWS\System32\gdi32full.dll
0x00007ffff5b60000 - 0x00007ffff5c03000 	C:\WINDOWS\System32\msvcp_win.dll
0x00007ffff71f0000 - 0x00007ffff7222000 	C:\WINDOWS\System32\IMM32.DLL
0x00007fffceb40000 - 0x00007fffceb4c000 	C:\Program Files\Eclipse Adoptium\jdk-25.0.4.7-hotspot\bin\vcruntime140_1.dll
0x00007fffbd640000 - 0x00007fffbd6cd000 	C:\Program Files\Eclipse Adoptium\jdk-25.0.4.7-hotspot\bin\msvcp140.dll
0x00007fff65b20000 - 0x00007fff66a51000 	C:\Program Files\Eclipse Adoptium\jdk-25.0.4.7-hotspot\bin\server\jvm.dll
0x00007ffff6ae0000 - 0x00007ffff6b9c000 	C:\WINDOWS\System32\ADVAPI32.dll
0x00007ffff65b0000 - 0x00007ffff665a000 	C:\WINDOWS\System32\sechost.dll
0x00007ffff6830000 - 0x00007ffff6948000 	C:\WINDOWS\System32\RPCRT4.dll
0x00007ffff5de0000 - 0x00007ffff5e62000 	C:\WINDOWS\System32\WS2_32.dll
0x00007ffff49b0000 - 0x00007ffff4a0e000 	C:\WINDOWS\SYSTEM32\POWRPROF.dll
0x00007fffecf60000 - 0x00007fffecf6b000 	C:\WINDOWS\SYSTEM32\VERSION.dll
0x00007fffe7ae0000 - 0x00007fffe7b16000 	C:\WINDOWS\SYSTEM32\WINMM.dll
0x00007ffff4990000 - 0x00007ffff49a5000 	C:\WINDOWS\SYSTEM32\UMPDC.dll
0x00007ffff3da0000 - 0x00007ffff3dbb000 	C:\WINDOWS\SYSTEM32\kernel.appcore.dll
0x00007fffcdfb0000 - 0x00007fffcdfba000 	C:\Program Files\Eclipse Adoptium\jdk-25.0.4.7-hotspot\bin\jimage.dll
0x00007ffff2610000 - 0x00007ffff2852000 	C:\WINDOWS\SYSTEM32\DBGHELP.DLL
0x00007ffff79c0000 - 0x00007ffff7d45000 	C:\WINDOWS\System32\combase.dll
0x00007ffff6bb0000 - 0x00007ffff6c89000 	C:\WINDOWS\System32\OLEAUT32.dll
0x00007fffcc1e0000 - 0x00007fffcc21b000 	C:\WINDOWS\SYSTEM32\dbgcore.DLL
0x00007ffff53e0000 - 0x00007ffff548c000 	C:\WINDOWS\System32\bcryptPrimitives.dll
0x00007fffcdf50000 - 0x00007fffcdf5f000 	C:\Program Files\Eclipse Adoptium\jdk-25.0.4.7-hotspot\bin\instrument.dll
0x00007fffc0dc0000 - 0x00007fffc0dde000 	C:\Program Files\Eclipse Adoptium\jdk-25.0.4.7-hotspot\bin\java.dll
0x00007ffff5f80000 - 0x00007ffff6119000 	C:\WINDOWS\System32\ole32.dll
0x00007ffff7230000 - 0x00007ffff79b8000 	C:\WINDOWS\System32\SHELL32.dll
0x00007ffff2b80000 - 0x00007ffff341b000 	C:\WINDOWS\SYSTEM32\windows.storage.dll
0x00007ffff5c10000 - 0x00007ffff5d09000 	C:\WINDOWS\System32\SHCORE.dll
0x00007ffff5d10000 - 0x00007ffff5d76000 	C:\WINDOWS\System32\shlwapi.dll
0x00007ffff5010000 - 0x00007ffff5039000 	C:\WINDOWS\SYSTEM32\profapi.dll
0x00007fffc0da0000 - 0x00007fffc0db6000 	C:\Program Files\Eclipse Adoptium\jdk-25.0.4.7-hotspot\bin\zip.dll
0x00007fffc02b0000 - 0x00007fffc02c1000 	C:\Program Files\Eclipse Adoptium\jdk-25.0.4.7-hotspot\bin\net.dll
0x00007ffff4330000 - 0x00007ffff439c000 	C:\WINDOWS\system32\mswsock.dll
0x00007fffbedf0000 - 0x00007fffbee06000 	C:\Program Files\Eclipse Adoptium\jdk-25.0.4.7-hotspot\bin\nio.dll
0x00007fffccc50000 - 0x00007fffccc60000 	C:\Program Files\Eclipse Adoptium\jdk-25.0.4.7-hotspot\bin\verify.dll
0x00007fffc4ab0000 - 0x00007fffc4ad7000 	C:\Users\leona\.gradle\native\660c5614fbf4a5f2a75b1949f50a0caf5cd603558e7d8a26e50b933a0cfb79d1\windows-amd64\native-platform.dll
0x00007fffbbe00000 - 0x00007fffbbe77000 	C:\Users\leona\.gradle\native\0.2.8\x86_64-windows-gnu\gradle-fileevents.dll
0x00007fffcc710000 - 0x00007fffcc71a000 	C:\Program Files\Eclipse Adoptium\jdk-25.0.4.7-hotspot\bin\management.dll
0x00007fffcc300000 - 0x00007fffcc30c000 	C:\Program Files\Eclipse Adoptium\jdk-25.0.4.7-hotspot\bin\management_ext.dll
0x00007ffff5f70000 - 0x00007ffff5f78000 	C:\WINDOWS\System32\PSAPI.DLL
0x00007ffff3750000 - 0x00007ffff3783000 	C:\WINDOWS\SYSTEM32\IPHLPAPI.DLL
0x00007ffff6950000 - 0x00007ffff695a000 	C:\WINDOWS\System32\NSI.dll
0x00007fffcbc00000 - 0x00007fffcbc09000 	C:\Program Files\Eclipse Adoptium\jdk-25.0.4.7-hotspot\bin\extnet.dll
0x00007ffff4750000 - 0x00007ffff476b000 	C:\WINDOWS\SYSTEM32\CRYPTSP.dll
0x00007ffff3d00000 - 0x00007ffff3d39000 	C:\WINDOWS\system32\rsaenh.dll
0x00007ffff43e0000 - 0x00007ffff4412000 	C:\WINDOWS\SYSTEM32\USERENV.dll
0x00007ffff4fe0000 - 0x00007ffff500a000 	C:\WINDOWS\SYSTEM32\bcrypt.dll
0x00007ffff4590000 - 0x00007ffff459c000 	C:\WINDOWS\SYSTEM32\CRYPTBASE.dll
0x00007fffca5a0000 - 0x00007fffca5ae000 	C:\Program Files\Eclipse Adoptium\jdk-25.0.4.7-hotspot\bin\sunmscapi.dll
0x00007ffff5250000 - 0x00007ffff53ce000 	C:\WINDOWS\System32\CRYPT32.dll
0x00007ffff4950000 - 0x00007ffff4980000 	C:\WINDOWS\SYSTEM32\ncrypt.dll
0x00007ffff4900000 - 0x00007ffff493f000 	C:\WINDOWS\SYSTEM32\NTASN1.dll
0x00007fffe5710000 - 0x00007fffe5718000 	C:\WINDOWS\system32\wshunix.dll

JVMTI agents:
C:\Users\leona\.gradle\wrapper\dists\gradle-9.6.0-bin\42k10rwplmzkhuboz9kdazi7s\gradle-9.6.0\lib\agents\gradle-instrumentation-agent-9.6.0.jar path:C:\Program Files\Eclipse Adoptium\jdk-25.0.4.7-hotspot\bin\instrument.dll, loaded, initialized, instrumentlib options:none

dbghelp: loaded successfully - version: 4.0.5 - missing functions: none
symbol engine: initialized successfully - sym options: 0x614 - pdb path: .;C:\Program Files\Eclipse Adoptium\jdk-25.0.4.7-hotspot\bin;C:\WINDOWS\SYSTEM32;C:\WINDOWS\WinSxS\amd64_microsoft.windows.common-controls_6595b64144ccf1df_6.0.26100.8972_none_3e0da176e32f9d4b;C:\Program Files\Eclipse Adoptium\jdk-25.0.4.7-hotspot\bin\server;C:\Users\leona\.gradle\native\660c5614fbf4a5f2a75b1949f50a0caf5cd603558e7d8a26e50b933a0cfb79d1\windows-amd64;C:\Users\leona\.gradle\native\0.2.8\x86_64-windows-gnu

VM Arguments:
jvm_args: --add-opens=java.base/java.lang=ALL-UNNAMED --add-opens=java.base/java.lang.invoke=ALL-UNNAMED --add-opens=java.base/java.util=ALL-UNNAMED --add-opens=java.prefs/java.util.prefs=ALL-UNNAMED --add-exports=jdk.compiler/com.sun.tools.javac.api=ALL-UNNAMED --add-exports=jdk.compiler/com.sun.tools.javac.util=ALL-UNNAMED --add-opens=java.base/java.nio.charset=ALL-UNNAMED --add-opens=java.base/java.net=ALL-UNNAMED --add-opens=java.base/java.util.concurrent=ALL-UNNAMED --add-opens=java.base/java.util.concurrent.atomic=ALL-UNNAMED --add-opens=java.xml/javax.xml.namespace=ALL-UNNAMED --add-opens=java.base/java.time=ALL-UNNAMED --enable-native-access=ALL-UNNAMED -Xmx2048m -Dfile.encoding=UTF-8 -Duser.country=US -Duser.language=en -Duser.variant -javaagent:C:\Users\leona\.gradle\wrapper\dists\gradle-9.6.0-bin\42k10rwplmzkhuboz9kdazi7s\gradle-9.6.0\lib\agents\gradle-instrumentation-agent-9.6.0.jar 
java_command: org.gradle.launcher.daemon.bootstrap.GradleDaemon 9.6.0
java_class_path (initial): C:\Users\leona\.gradle\wrapper\dists\gradle-9.6.0-bin\42k10rwplmzkhuboz9kdazi7s\gradle-9.6.0\lib\gradle-daemon-main-9.6.0.jar
Launcher Type: SUN_STANDARD

[Global flags]
     intx CICompilerCount                          = 12                                        {product} {ergonomic}
     uint ConcGCThreads                            = 3                                         {product} {ergonomic}
     uint G1ConcRefinementThreads                  = 13                                        {product} {ergonomic}
   size_t G1HeapRegionSize                         = 1048576                                   {product} {ergonomic}
   size_t InitialHeapSize                          = 264241152                                 {product} {ergonomic}
   size_t MarkStackSize                            = 4194304                                   {product} {ergonomic}
   size_t MarkStackSizeMax                         = 536870912                                 {product} {ergonomic}
   size_t MaxHeapSize                              = 2147483648                                {product} {command line}
   size_t MaxNewSize                               = 1287651328                                {product} {ergonomic}
   size_t MinHeapDeltaBytes                        = 1048576                                   {product} {ergonomic}
   size_t MinHeapSize                              = 8388608                                   {product} {ergonomic}
    uintx NonNMethodCodeHeapSize                   = 7667712                                {pd product} {ergonomic}
    uintx NonProfiledCodeHeapSize                  = 122028032                              {pd product} {ergonomic}
    uintx ProfiledCodeHeapSize                     = 122028032                              {pd product} {ergonomic}
    uintx ReservedCodeCacheSize                    = 251723776                              {pd product} {ergonomic}
     bool SegmentedCodeCache                       = true                                      {product} {ergonomic}
   size_t SoftMaxHeapSize                          = 2147483648                             {manageable} {ergonomic}
     bool UseCompressedOops                        = true                           {product lp64_product} {ergonomic}
     bool UseG1GC                                  = true                                      {product} {ergonomic}
     bool UseLargePagesIndividualAllocation        = false                                  {pd product} {ergonomic}

Logging:
Log output configuration:
 #0: stdout all=warning uptime,level,tags foldmultilines=false
 #1: stderr all=off uptime,level,tags foldmultilines=false

Release file:
IMPLEMENTOR="Eclipse Adoptium" 
IMPLEMENTOR_VERSION="Temurin-25.0.4+7" 
JAVA_RUNTIME_VERSION="25.0.4+7-LTS" 
JAVA_VERSION="25.0.4" 
JAVA_VERSION_DATE="2026-07-21" 
LIBC="default" 
MODULES="java.base java.compiler java.datatransfer java.xml java.prefs java.desktop java.instrument java.logging java.management java.security.sasl java.naming java.rmi java.management.rmi java.net.http java.scripting java.security.jgss java.transaction.xa java.sql java.sql.rowset java.xml.crypto java.se java.smartcardio jdk.accessibility jdk.internal.jvmstat jdk.attach jdk.charsets jdk.internal.opt jdk.zipfs jdk.compiler jdk.crypto.cryptoki jdk.crypto.ec jdk.crypto.mscapi jdk.dynalink jdk.internal.ed jdk.editpad jdk.internal.vm.ci jdk.graal.compiler jdk.graal.compiler.management jdk.hotspot.agent jdk.httpserver jdk.incubator.vector jdk.internal.le jdk.internal.md jdk.jartool jdk.javadoc jdk.jcmd jdk.management jdk.management.agent jdk.jconsole jdk.jdeps jdk.jdwp.agent jdk.jdi jdk.jfr jdk.jlink jdk.jpackage jdk.jshell jdk.jsobject jdk.jstatd jdk.localedata jdk.management.jfr jdk.naming.dns jdk.naming.rmi jdk.net jdk.nio.mapmode jdk.sctp jdk.security.auth jdk.security.jgss jdk.unsupported jdk.unsupported.desktop jdk.xml.dom" 
OS_ARCH="x86_64" 
OS_NAME="Windows" 
SOURCE=".:git:a2ce02c38bc9" 
BUILD_SOURCE="git:e6ba7dec3d07654074559310376a3ae89da5f4ac"
BUILD_SOURCE_REPO="https://github.com/adoptium/temurin-build.git"
SOURCE_REPO="https://github.com/adoptium/jdk25u.git"
FULL_VERSION="25.0.4+7-LTS"
SEMANTIC_VERSION="25.0.4+7"
BUILD_INFO="OS: Windows Server 2022 Version: 10.0"
JVM_VARIANT="Hotspot"
JVM_VERSION="25.0.4+7-LTS"
IMAGE_TYPE="JDK"

Environment Variables:
PATH=C:\Program Files\Eclipse Adoptium\jdk-25.0.4.7-hotspot\bin;C:\Program Files (x86)\Common Files\Oracle\Java\java8path;C:\Program Files (x86)\Common Files\Oracle\Java\javapath;C:\Python314\Scripts\;C:\Python314\;C:\WINDOWS\system32;C:\WINDOWS;C:\WINDOWS\System32\Wbem;C:\WINDOWS\System32\WindowsPowerShell\v1.0\;C:\WINDOWS\System32\OpenSSH\;C:\Program Files\nodejs\;C:\ProgramData\chocolatey\bin;C:\Program Files (x86)\NVIDIA Corporation\PhysX\Common;C:\msys64\ucrt64\bin;C:\Program Files\Git\cmd;C:\Users\leona\AppData\Local\Programs\Python\Python313\Scripts\;C:\Users\leona\AppData\Local\Programs\Python\Python313\;C:\Users\leona\AppData\Local\Microsoft\WindowsApps;C:\Users\leona\AppData\Roaming\npm;C:\Users\leona\AppData\Local\Programs\Microsoft VS Code\bin
USERNAME=leona
OS=Windows_NT
PROCESSOR_IDENTIFIER=Intel64 Family 6 Model 186 Stepping 2, GenuineIntel
TMP=C:\Users\leona\AppData\Local\Temp
TEMP=C:\Users\leona\AppData\Local\Temp




Compilation memory statistics disabled.

Periodic native trim disabled

---------------  S Y S T E M  ---------------

OS:
 Windows 11 , 64 bit Build 26100 (10.0.26100.9168)
OS uptime: 3 days 8:05 hours
Hyper-V role detected

CPU: total 16 (initial active 16) (8 cores per cpu, 2 threads per core) family 6 model 186 stepping 2 microcode 0x410e, cx8, cmov, fxsr, ht, mmx, 3dnowpref, sse, sse2, sse3, ssse3, sse4.1, sse4.2, popcnt, lzcnt, tsc, tscinvbit, avx, avx2, aes, erms, clmul, bmi1, bmi2, adx, sha, fma, vzeroupper, clflush, clflushopt, clwb, hv, serialize, rdtscp, rdpid, fsrm, gfni, f16c, cet_ibt, cet_ss
Processor Information for the first 16 processors :
  Max Mhz: 2400, Current Mhz: 2400, Mhz Limit: 2400

Memory: 4k page, system-wide physical 16122M (1032M free)
TotalPageFile size 65274M (AvailPageFile size 17M)
current process WorkingSet (physical memory assigned to process): 32M, peak: 267M
current process commit charge ("private bytes"): 289M, peak: 464M

vm_info: OpenJDK 64-Bit Server VM (25.0.4+7-LTS) for windows-amd64 JRE (25.0.4+7-LTS), built on 2026-07-21T00:00:00Z with MS VC++ 17.12 (VS2022)

END.
