#
# There is insufficient memory for the Java Runtime Environment to continue.
# Native memory allocation (malloc) failed to allocate 32752 bytes. Error detail: Chunk::new
# Possible reasons:
#   The system is out of physical RAM or swap space
#   This process is running with CompressedOops enabled, and the Java Heap may be blocking the growth of the native heap
# Possible solutions:
#   Reduce memory load on the system
#   Increase physical memory or swap space
#   Check if swap backing store is full
#   Decrease Java heap size (-Xmx/-Xms)
#   Decrease number of Java threads
#   Decrease Java thread stack sizes (-Xss)
#   Set larger code cache with -XX:ReservedCodeCacheSize=
#   JVM is running with Unscaled Compressed Oops mode in which the Java heap is
#     placed in the first 4GB address space. The Java Heap base address is the
#     maximum limit for the native heap growth. Please use -XX:HeapBaseMinAddress
#     to set the Java Heap base and to place the Java Heap above 4GB virtual address.
# This output file may be truncated or incomplete.
#
#  Out of Memory Error (arena.cpp:186), pid=31024, tid=31476
#
# JRE version: OpenJDK Runtime Environment Temurin-25.0.4+7 (25.0.4+7) (build 25.0.4+7-LTS)
# Java VM: OpenJDK 64-Bit Server VM Temurin-25.0.4+7 (25.0.4+7-LTS, mixed mode, sharing, tiered, compressed oops, compressed class ptrs, g1 gc, windows-amd64)
# No core dump will be written. Minidumps are not enabled by default on client versions of Windows
#

---------------  S U M M A R Y ------------

Command Line: --add-opens=java.base/java.lang=ALL-UNNAMED --add-opens=java.base/java.lang.invoke=ALL-UNNAMED --add-opens=java.base/java.util=ALL-UNNAMED --add-opens=java.prefs/java.util.prefs=ALL-UNNAMED --add-exports=jdk.compiler/com.sun.tools.javac.api=ALL-UNNAMED --add-exports=jdk.compiler/com.sun.tools.javac.util=ALL-UNNAMED --add-opens=java.base/java.nio.charset=ALL-UNNAMED --add-opens=java.base/java.net=ALL-UNNAMED --add-opens=java.base/java.util.concurrent=ALL-UNNAMED --add-opens=java.base/java.util.concurrent.atomic=ALL-UNNAMED --add-opens=java.xml/javax.xml.namespace=ALL-UNNAMED --add-opens=java.base/java.time=ALL-UNNAMED --enable-native-access=ALL-UNNAMED -Xmx2048m -Dfile.encoding=UTF-8 -Duser.country=US -Duser.language=en -Duser.variant -javaagent:C:\Users\leona\.gradle\wrapper\dists\gradle-9.6.0-bin\42k10rwplmzkhuboz9kdazi7s\gradle-9.6.0\lib\agents\gradle-instrumentation-agent-9.6.0.jar org.gradle.launcher.daemon.bootstrap.GradleDaemon 9.6.0

Host: 13th Gen Intel(R) Core(TM) i7-13620H, 16 cores, 15G,  Windows 11 , 64 bit Build 26100 (10.0.26100.9168)
Time: Fri Sep 11 00:41:27 2026 Central Standard Time (Mexico) elapsed time: 203.901342 seconds (0d 0h 3m 23s)

---------------  T H R E A D  ---------------

Current thread (0x000002356950ef00):  JavaThread "C2 CompilerThread0" daemon [_thread_in_native, id=31476, stack(0x0000004fb8300000,0x0000004fb8400000) (1024K)]


Current CompileTask:
C2:203903 4661       4       org.gradle.launcher.daemon.context.DefaultDaemonContext$Serializer::read (229 bytes)

Stack: [0x0000004fb8300000,0x0000004fb8400000]
Native frames: (J=compiled Java code, j=interpreted, Vv=VM code, C=native code)
V  [jvm.dll+0x7aba79]  (no source info available)
V  [jvm.dll+0x775a3d]  (no source info available)
V  [jvm.dll+0x9fb9ed]  (no source info available)
V  [jvm.dll+0x9fdfe1]  (no source info available)
V  [jvm.dll+0x9fe6f3]  (no source info available)
V  [jvm.dll+0x2fdb36]  (no source info available)
V  [jvm.dll+0x111936]  (no source info available)
V  [jvm.dll+0x111c5e]  (no source info available)
V  [jvm.dll+0x721526]  (no source info available)
V  [jvm.dll+0x7216eb]  (no source info available)
V  [jvm.dll+0x727a8b]  (no source info available)
V  [jvm.dll+0x728b09]  (no source info available)
V  [jvm.dll+0x726dd8]  (no source info available)
V  [jvm.dll+0x2c0b75]  (no source info available)
V  [jvm.dll+0x2bfebf]  (no source info available)
V  [jvm.dll+0x237a30]  (no source info available)
V  [jvm.dll+0x2cffb6]  (no source info available)
V  [jvm.dll+0x2ce23a]  (no source info available)
V  [jvm.dll+0x49131e]  (no source info available)
V  [jvm.dll+0x99cb1d]  (no source info available)
V  [jvm.dll+0x7aa025]  (no source info available)
C  [ucrtbase.dll+0x2cd30]  (no source info available)
C  [KERNEL32.DLL+0x2ccb7]  (no source info available)
C  [ntdll.dll+0xaad6c]  (no source info available)

Lock stack of current Java thread (top to bottom):


---------------  P R O C E S S  ---------------

Threads class SMR info:
_java_thread_list=0x000002356ed61460, length=32, elements={
0x000002354ba13dc0, 0x0000023569507a90, 0x0000023569508250, 0x000002356950bb80,
0x000002356950c890, 0x000002356950d450, 0x000002356950e010, 0x000002356950ef00,
0x0000023569516c00, 0x0000023569927060, 0x00000235699c1dc0, 0x000002356fe971e0,
0x0000023569a502f0, 0x00000235698e1790, 0x000002356eb65080, 0x000002356feab180,
0x000002356feaffa0, 0x000002356feae060, 0x000002356feb0770, 0x000002356feaf000,
0x000002356fead890, 0x00000235701f9f40, 0x00000235701faee0, 0x00000235701fddc0,
0x000002356ec487b0, 0x000002356ec49750, 0x000002356ec460a0, 0x0000023570a92990,
0x0000023570a90280, 0x0000023570a93930, 0x0000023570a93160, 0x00000235704b7fd0
}

Java Threads: ( => current thread )
  0x000002354ba13dc0 JavaThread "main"                              [_thread_blocked, id=31592, stack(0x0000004fb7500000,0x0000004fb7600000) (1024K)]
  0x0000023569507a90 JavaThread "Reference Handler"          daemon [_thread_blocked, id=31704, stack(0x0000004fb7d00000,0x0000004fb7e00000) (1024K)]
  0x0000023569508250 JavaThread "Finalizer"                  daemon [_thread_blocked, id=31204, stack(0x0000004fb7e00000,0x0000004fb7f00000) (1024K)]
  0x000002356950bb80 JavaThread "Signal Dispatcher"          daemon [_thread_blocked, id=31444, stack(0x0000004fb7f00000,0x0000004fb8000000) (1024K)]
  0x000002356950c890 JavaThread "Attach Listener"            daemon [_thread_blocked, id=31616, stack(0x0000004fb8000000,0x0000004fb8100000) (1024K)]
  0x000002356950d450 JavaThread "Service Thread"             daemon [_thread_blocked, id=31564, stack(0x0000004fb8100000,0x0000004fb8200000) (1024K)]
  0x000002356950e010 JavaThread "Monitor Deflation Thread"   daemon [_thread_blocked, id=30772, stack(0x0000004fb8200000,0x0000004fb8300000) (1024K)]
=>0x000002356950ef00 JavaThread "C2 CompilerThread0"         daemon [_thread_in_native, id=31476, stack(0x0000004fb8300000,0x0000004fb8400000) (1024K)]
  0x0000023569516c00 JavaThread "C1 CompilerThread0"         daemon [_thread_blocked, id=16320, stack(0x0000004fb8400000,0x0000004fb8500000) (1024K)]
  0x0000023569927060 JavaThread "Common-Cleaner"             daemon [_thread_blocked, id=29724, stack(0x0000004fb8500000,0x0000004fb8600000) (1024K)]
  0x00000235699c1dc0 JavaThread "Notification Thread"        daemon [_thread_blocked, id=20736, stack(0x0000004fb8600000,0x0000004fb8700000) (1024K)]
  0x000002356fe971e0 JavaThread "Daemon health stats"               [_thread_blocked, id=31764, stack(0x0000004fb8d00000,0x0000004fb8e00000) (1024K)]
  0x0000023569a502f0 JavaThread "Incoming local TCP Connector on port 53737"        [_thread_in_native, id=32268, stack(0x0000004fb8c00000,0x0000004fb8d00000) (1024K)]
  0x00000235698e1790 JavaThread "Daemon periodic checks"            [_thread_blocked, id=32588, stack(0x0000004fb9000000,0x0000004fb9100000) (1024K)]
  0x000002356eb65080 JavaThread "Daemon"                            [_thread_blocked, id=31244, stack(0x0000004fb8e00000,0x0000004fb8f00000) (1024K)]
  0x000002356feab180 JavaThread "Handler for socket connection from /127.0.0.1:53737 to /127.0.0.1:53744"        [_thread_in_native, id=31484, stack(0x0000004fb8f00000,0x0000004fb9000000) (1024K)]
  0x000002356feaffa0 JavaThread "Cancel handler"                    [_thread_blocked, id=32372, stack(0x0000004fb9200000,0x0000004fb9300000) (1024K)]
  0x000002356feae060 JavaThread "Daemon worker"                     [_thread_blocked, id=33048, stack(0x0000004fb9100000,0x0000004fb9200000) (1024K)]
  0x000002356feb0770 JavaThread "Asynchronous log dispatcher for DefaultDaemonConnection: socket connection from /127.0.0.1:53737 to /127.0.0.1:53744"        [_thread_blocked, id=33496, stack(0x0000004fb9300000,0x0000004fb9400000) (1024K)]
  0x000002356feaf000 JavaThread "Stdin handler"                     [_thread_blocked, id=33672, stack(0x0000004fb9400000,0x0000004fb9500000) (1024K)]
  0x000002356fead890 JavaThread "Daemon client event forwarder"        [_thread_blocked, id=33680, stack(0x0000004fb9500000,0x0000004fb9600000) (1024K)]
  0x00000235701f9f40 JavaThread "Cache worker for journal cache (C:\Users\leona\.gradle\caches\journal-1)"        [_thread_blocked, id=6776, stack(0x0000004fb9600000,0x0000004fb9700000) (1024K)]
  0x00000235701faee0 JavaThread "File lock request listener"        [_thread_in_native, id=9932, stack(0x0000004fb9700000,0x0000004fb9800000) (1024K)]
  0x00000235701fddc0 JavaThread "Cache worker for file hash cache (C:\Users\leona\.gradle\caches\9.6.0\fileHashes)"        [_thread_blocked, id=32864, stack(0x0000004fb9a00000,0x0000004fb9b00000) (1024K)]
  0x000002356ec487b0 JavaThread "Cache worker for file hash cache (C:\Users\leona\AndroidStudioProjects\Fondly\.gradle\9.6.0\fileHashes)"        [_thread_blocked, id=38148, stack(0x0000004fba000000,0x0000004fba100000) (1024K)]
  0x000002356ec49750 JavaThread "Cache worker for Build Output Cleanup Cache (C:\Users\leona\AndroidStudioProjects\Fondly\.gradle\buildOutputCleanup)"        [_thread_blocked, id=38176, stack(0x0000004fba100000,0x0000004fba200000) (1024K)]
  0x000002356ec460a0 JavaThread "File watcher server"        daemon [_thread_in_native, id=38792, stack(0x0000004fba200000,0x0000004fba300000) (1024K)]
  0x0000023570a92990 JavaThread "File watcher consumer"      daemon [_thread_blocked, id=38800, stack(0x0000004fba300000,0x0000004fba400000) (1024K)]
  0x0000023570a90280 JavaThread "Cache worker for file content cache (C:\Users\leona\.gradle\caches\9.6.0\fileContent)"        [_thread_blocked, id=38576, stack(0x0000004fba400000,0x0000004fba500000) (1024K)]
  0x0000023570a93930 JavaThread "Cache worker for checksums cache (C:\Users\leona\AndroidStudioProjects\Fondly\.gradle\9.6.0\checksums)"        [_thread_blocked, id=38600, stack(0x0000004fba500000,0x0000004fba600000) (1024K)]
  0x0000023570a93160 JavaThread "Cache worker for cache directory md-supplier (C:\Users\leona\.gradle\caches\9.6.0\md-supplier)"        [_thread_blocked, id=38116, stack(0x0000004fba600000,0x0000004fba700000) (1024K)]
  0x00000235704b7fd0 JavaThread "Cache worker for cache directory md-rule (C:\Users\leona\.gradle\caches\9.6.0\md-rule)"        [_thread_blocked, id=38836, stack(0x0000004fba700000,0x0000004fba800000) (1024K)]
Total: 32

Other Threads:
  0x00000235694f4220 VMThread "VM Thread"                           [id=31380, stack(0x0000004fb7c00000,0x0000004fb7d00000) (1024K)]
  0x00000235694df610 WatcherThread "VM Periodic Task Thread"        [id=25332, stack(0x0000004fb7b00000,0x0000004fb7c00000) (1024K)]
  0x000002354ba72a70 WorkerThread "GC Thread#0"                     [id=31540, stack(0x0000004fb7600000,0x0000004fb7700000) (1024K)]
  0x000002356ef9b5b0 WorkerThread "GC Thread#1"                     [id=15860, stack(0x0000004fb8700000,0x0000004fb8800000) (1024K)]
  0x000002356ef9b9e0 WorkerThread "GC Thread#2"                     [id=31392, stack(0x0000004fb8800000,0x0000004fb8900000) (1024K)]
  0x000002356ee5ecb0 WorkerThread "GC Thread#3"                     [id=23840, stack(0x0000004fb8900000,0x0000004fb8a00000) (1024K)]
  0x000002356ee5f0e0 WorkerThread "GC Thread#4"                     [id=30872, stack(0x0000004fb8a00000,0x0000004fb8b00000) (1024K)]
  0x000002356ee5f510 WorkerThread "GC Thread#5"                     [id=7668, stack(0x0000004fb8b00000,0x0000004fb8c00000) (1024K)]
  0x000002356fdcc260 WorkerThread "GC Thread#6"                     [id=37124, stack(0x0000004fb7200000,0x0000004fb7300000) (1024K)]
  0x000002356fdc8a50 WorkerThread "GC Thread#7"                     [id=9868, stack(0x0000004fb7300000,0x0000004fb7400000) (1024K)]
  0x000002356955f530 WorkerThread "GC Thread#8"                     [id=6604, stack(0x0000004fb7400000,0x0000004fb7500000) (1024K)]
  0x000002356955c5c0 WorkerThread "GC Thread#9"                     [id=37088, stack(0x0000004fb9900000,0x0000004fb9a00000) (1024K)]
  0x000002356955f980 WorkerThread "GC Thread#10"                    [id=36396, stack(0x0000004fb9b00000,0x0000004fb9c00000) (1024K)]
  0x000002356955e840 WorkerThread "GC Thread#11"                    [id=4224, stack(0x0000004fb9c00000,0x0000004fb9d00000) (1024K)]
  0x000002356955db50 WorkerThread "GC Thread#12"                    [id=37656, stack(0x0000004fb9d00000,0x0000004fb9e00000) (1024K)]
  0x000002354ba8bbc0 ConcurrentGCThread "G1 Main Marker"            [id=5316, stack(0x0000004fb7700000,0x0000004fb7800000) (1024K)]
  0x000002354ba8c760 WorkerThread "G1 Conc#0"                       [id=31612, stack(0x0000004fb7800000,0x0000004fb7900000) (1024K)]
  0x000002356955d2b0 WorkerThread "G1 Conc#1"                       [id=20564, stack(0x0000004fb9e00000,0x0000004fb9f00000) (1024K)]
  0x000002356955d700 WorkerThread "G1 Conc#2"                       [id=10920, stack(0x0000004fb9f00000,0x0000004fba000000) (1024K)]
  0x00000235693aa140 ConcurrentGCThread "G1 Refine#0"               [id=31736, stack(0x0000004fb7900000,0x0000004fb7a00000) (1024K)]
  0x00000235693acc60 ConcurrentGCThread "G1 Service"                [id=31324, stack(0x0000004fb7a00000,0x0000004fb7b00000) (1024K)]
Total: 21

Threads with active compile tasks:
C2 CompilerThread0  204398 4661       4       org.gradle.launcher.daemon.context.DefaultDaemonContext$Serializer::read (229 bytes)
Total: 1

VM state: not at safepoint (normal execution)

VM Mutex/Monitor currently owned by a thread: None

Heap address: 0x0000000080000000, size: 2048 MB, Compressed Oops mode: 32-bit

CDS archive(s) mapped at: [0x000000001d000000-0x000000001ddb0000-0x000000001ddb0000), size 14352384, SharedBaseAddress: 0x000000001d000000, ArchiveRelocationMode: 1.
Compressed class space mapped at: 0x000000001e000000-0x000000005e000000, reserved size: 1073741824
UseCompressedClassPointers 1, UseCompactObjectHeaders 0
Narrow klass pointer bits 32, Max shift 3
Narrow klass base: 0x000000001d000000, Narrow klass shift: 0
Encoding Range: [0x000000001d000000 - 0x000000011d000000), (4294967296 bytes)
Klass Range:    [0x000000001d010000 - 0x000000005e000000), (1090453504 bytes)
Klass ID Range:  [65536 - 1090519033) (1090453497)
Protection zone: [0x000000001d000000 - 0x000000001d010000), (65536 bytes)

GC Precious Log:
 CardTable entry size: 512
 Card Set container configuration: InlinePtr #cards 5 size 8 Array Of Cards #cards 10 size 36 Howl #buckets 4 coarsen threshold 1843 Howl Bitmap #cards 512 size 80 coarsen threshold 460 Card regions per heap region 1 cards per card region 2048
 CPUs: 16 total, 16 available
 Memory: 16122M
 Large Page Support: Disabled
 NUMA Support: Disabled
 Compressed Oops: Enabled (32-bit)
 Heap Region Size: 1M
 Heap Min Capacity: 8M
 Heap Initial Capacity: 252M
 Heap Max Capacity: 2G
 Pre-touch: Disabled
 Parallel Workers: 13
 Concurrent Workers: 3
 Concurrent Refinement Workers: 13
 Periodic GC: Disabled

Heap:
 garbage-first heap   total reserved 2097152K, committed 92160K, used 46118K [0x0000000080000000, 0x0000000100000000)
  region size 1024K, 22 young (22528K), 5 survivors (5120K)

Heap Regions: E=young(eden), S=young(survivor), O=old, HS=humongous(starts), HC=humongous(continues), CS=collection set, F=free, TAMS=top-at-mark-start, PB=parsable bottom
|   0|0x0000000080000000, 0x0000000080100000, 0x0000000080100000|100%|HS|  |TAMS 0x0000000080000000| PB 0x0000000080000000| Complete |  0
|   1|0x0000000080100000, 0x0000000080200000, 0x0000000080200000|100%|HC|  |TAMS 0x0000000080100000| PB 0x0000000080100000| Complete |  0
|   2|0x0000000080200000, 0x0000000080300000, 0x0000000080300000|100%|HC|  |TAMS 0x0000000080200000| PB 0x0000000080200000| Complete |  0
|   3|0x0000000080300000, 0x0000000080400000, 0x0000000080400000|100%|HC|  |TAMS 0x0000000080300000| PB 0x0000000080300000| Complete |  0
|   4|0x0000000080400000, 0x0000000080500000, 0x0000000080500000|100%| O|  |TAMS 0x0000000080400000| PB 0x0000000080400000| Untracked |  0
|   5|0x0000000080500000, 0x0000000080600000, 0x0000000080600000|100%| O|  |TAMS 0x0000000080500000| PB 0x0000000080500000| Untracked |  0
|   6|0x0000000080600000, 0x0000000080700000, 0x0000000080700000|100%|HS|  |TAMS 0x0000000080600000| PB 0x0000000080600000| Complete |  0
|   7|0x0000000080700000, 0x0000000080800000, 0x0000000080800000|100%| O|  |TAMS 0x0000000080700000| PB 0x0000000080700000| Untracked |  0
|   8|0x0000000080800000, 0x0000000080900000, 0x0000000080900000|100%| O|  |TAMS 0x0000000080800000| PB 0x0000000080800000| Untracked |  0
|   9|0x0000000080900000, 0x0000000080a00000, 0x0000000080a00000|100%| O|  |TAMS 0x0000000080900000| PB 0x0000000080900000| Untracked |  0
|  10|0x0000000080a00000, 0x0000000080b00000, 0x0000000080b00000|100%| O|  |TAMS 0x0000000080a00000| PB 0x0000000080a00000| Untracked |  0
|  11|0x0000000080b00000, 0x0000000080c00000, 0x0000000080c00000|100%| O|  |TAMS 0x0000000080b00000| PB 0x0000000080b00000| Untracked |  0
|  12|0x0000000080c00000, 0x0000000080d00000, 0x0000000080d00000|100%| O|  |TAMS 0x0000000080c00000| PB 0x0000000080c00000| Untracked |  0
|  13|0x0000000080d00000, 0x0000000080da79e0, 0x0000000080e00000| 65%| O|  |TAMS 0x0000000080d00000| PB 0x0000000080d00000| Untracked |  0
|  14|0x0000000080e00000, 0x0000000080f00000, 0x0000000080f00000|100%| O|  |TAMS 0x0000000080e00000| PB 0x0000000080e00000| Untracked |  0
|  15|0x0000000080f00000, 0x0000000081000000, 0x0000000081000000|100%| O|  |TAMS 0x0000000080f00000| PB 0x0000000080f00000| Untracked |  0
|  16|0x0000000081000000, 0x0000000081100000, 0x0000000081100000|100%| O|  |TAMS 0x0000000081000000| PB 0x0000000081000000| Untracked |  0
|  17|0x0000000081100000, 0x0000000081200000, 0x0000000081200000|100%| O|  |TAMS 0x0000000081100000| PB 0x0000000081100000| Untracked |  0
|  18|0x0000000081200000, 0x0000000081300000, 0x0000000081300000|100%| O|  |TAMS 0x0000000081200000| PB 0x0000000081200000| Untracked |  0
|  19|0x0000000081300000, 0x0000000081400000, 0x0000000081400000|100%| O|  |TAMS 0x0000000081300000| PB 0x0000000081300000| Untracked |  0
|  20|0x0000000081400000, 0x0000000081500000, 0x0000000081500000|100%| O|  |TAMS 0x0000000081400000| PB 0x0000000081400000| Untracked |  0
|  21|0x0000000081500000, 0x0000000081600000, 0x0000000081600000|100%| O|  |TAMS 0x0000000081500000| PB 0x0000000081500000| Untracked |  0
|  22|0x0000000081600000, 0x0000000081700000, 0x0000000081700000|100%| O|  |TAMS 0x0000000081600000| PB 0x0000000081600000| Untracked |  0
|  23|0x0000000081700000, 0x00000000817e59b0, 0x0000000081800000| 89%| O|  |TAMS 0x0000000081700000| PB 0x0000000081700000| Untracked |  0
|  24|0x0000000081800000, 0x0000000081800000, 0x0000000081900000|  0%| F|  |TAMS 0x0000000081800000| PB 0x0000000081800000| Untracked |  0
|  25|0x0000000081900000, 0x0000000081900000, 0x0000000081a00000|  0%| F|  |TAMS 0x0000000081900000| PB 0x0000000081900000| Untracked |  0
|  26|0x0000000081a00000, 0x0000000081a00000, 0x0000000081b00000|  0%| F|  |TAMS 0x0000000081a00000| PB 0x0000000081a00000| Untracked |  0
|  27|0x0000000081b00000, 0x0000000081b00000, 0x0000000081c00000|  0%| F|  |TAMS 0x0000000081b00000| PB 0x0000000081b00000| Untracked |  0
|  28|0x0000000081c00000, 0x0000000081c00000, 0x0000000081d00000|  0%| F|  |TAMS 0x0000000081c00000| PB 0x0000000081c00000| Untracked |  0
|  29|0x0000000081d00000, 0x0000000081d00000, 0x0000000081e00000|  0%| F|  |TAMS 0x0000000081d00000| PB 0x0000000081d00000| Untracked |  0
|  30|0x0000000081e00000, 0x0000000081e00000, 0x0000000081f00000|  0%| F|  |TAMS 0x0000000081e00000| PB 0x0000000081e00000| Untracked |  0
|  31|0x0000000081f00000, 0x0000000081f00000, 0x0000000082000000|  0%| F|  |TAMS 0x0000000081f00000| PB 0x0000000081f00000| Untracked |  0
|  32|0x0000000082000000, 0x0000000082000000, 0x0000000082100000|  0%| F|  |TAMS 0x0000000082000000| PB 0x0000000082000000| Untracked |  0
|  33|0x0000000082100000, 0x0000000082100000, 0x0000000082200000|  0%| F|  |TAMS 0x0000000082100000| PB 0x0000000082100000| Untracked |  0
|  34|0x0000000082200000, 0x0000000082200000, 0x0000000082300000|  0%| F|  |TAMS 0x0000000082200000| PB 0x0000000082200000| Untracked |  0
|  35|0x0000000082300000, 0x0000000082300000, 0x0000000082400000|  0%| F|  |TAMS 0x0000000082300000| PB 0x0000000082300000| Untracked |  0
|  36|0x0000000082400000, 0x0000000082400000, 0x0000000082500000|  0%| F|  |TAMS 0x0000000082400000| PB 0x0000000082400000| Untracked |  0
|  37|0x0000000082500000, 0x0000000082500000, 0x0000000082600000|  0%| F|  |TAMS 0x0000000082500000| PB 0x0000000082500000| Untracked |  0
|  38|0x0000000082600000, 0x0000000082600000, 0x0000000082700000|  0%| F|  |TAMS 0x0000000082600000| PB 0x0000000082600000| Untracked |  0
|  39|0x0000000082700000, 0x0000000082700000, 0x0000000082800000|  0%| F|  |TAMS 0x0000000082700000| PB 0x0000000082700000| Untracked |  0
|  40|0x0000000082800000, 0x0000000082800000, 0x0000000082900000|  0%| F|  |TAMS 0x0000000082800000| PB 0x0000000082800000| Untracked |  0
|  41|0x0000000082900000, 0x0000000082900000, 0x0000000082a00000|  0%| F|  |TAMS 0x0000000082900000| PB 0x0000000082900000| Untracked |  0
|  42|0x0000000082a00000, 0x0000000082a00000, 0x0000000082b00000|  0%| F|  |TAMS 0x0000000082a00000| PB 0x0000000082a00000| Untracked |  0
|  43|0x0000000082b00000, 0x0000000082b7c5f8, 0x0000000082c00000| 48%| S|CS|TAMS 0x0000000082b00000| PB 0x0000000082b00000| Complete |  0
|  44|0x0000000082c00000, 0x0000000082d00000, 0x0000000082d00000|100%| S|CS|TAMS 0x0000000082c00000| PB 0x0000000082c00000| Complete |  0
|  45|0x0000000082d00000, 0x0000000082e00000, 0x0000000082e00000|100%| S|CS|TAMS 0x0000000082d00000| PB 0x0000000082d00000| Complete |  0
|  46|0x0000000082e00000, 0x0000000082f00000, 0x0000000082f00000|100%| S|CS|TAMS 0x0000000082e00000| PB 0x0000000082e00000| Complete |  0
|  47|0x0000000082f00000, 0x0000000083000000, 0x0000000083000000|100%| S|CS|TAMS 0x0000000082f00000| PB 0x0000000082f00000| Complete |  0
|  48|0x0000000083000000, 0x0000000083000000, 0x0000000083100000|  0%| F|  |TAMS 0x0000000083000000| PB 0x0000000083000000| Untracked |  0
|  49|0x0000000083100000, 0x0000000083100000, 0x0000000083200000|  0%| F|  |TAMS 0x0000000083100000| PB 0x0000000083100000| Untracked |  0
|  50|0x0000000083200000, 0x0000000083200000, 0x0000000083300000|  0%| F|  |TAMS 0x0000000083200000| PB 0x0000000083200000| Untracked |  0
|  51|0x0000000083300000, 0x0000000083300000, 0x0000000083400000|  0%| F|  |TAMS 0x0000000083300000| PB 0x0000000083300000| Untracked |  0
|  52|0x0000000083400000, 0x0000000083400000, 0x0000000083500000|  0%| F|  |TAMS 0x0000000083400000| PB 0x0000000083400000| Untracked |  0
|  53|0x0000000083500000, 0x0000000083500000, 0x0000000083600000|  0%| F|  |TAMS 0x0000000083500000| PB 0x0000000083500000| Untracked |  0
|  54|0x0000000083600000, 0x0000000083600000, 0x0000000083700000|  0%| F|  |TAMS 0x0000000083600000| PB 0x0000000083600000| Untracked |  0
|  55|0x0000000083700000, 0x0000000083700000, 0x0000000083800000|  0%| F|  |TAMS 0x0000000083700000| PB 0x0000000083700000| Untracked |  0
|  56|0x0000000083800000, 0x0000000083800000, 0x0000000083900000|  0%| F|  |TAMS 0x0000000083800000| PB 0x0000000083800000| Untracked |  0
|  57|0x0000000083900000, 0x0000000083900000, 0x0000000083a00000|  0%| F|  |TAMS 0x0000000083900000| PB 0x0000000083900000| Untracked |  0
|  58|0x0000000083a00000, 0x0000000083a00000, 0x0000000083b00000|  0%| F|  |TAMS 0x0000000083a00000| PB 0x0000000083a00000| Untracked |  0
|  59|0x0000000083b00000, 0x0000000083b00000, 0x0000000083c00000|  0%| F|  |TAMS 0x0000000083b00000| PB 0x0000000083b00000| Untracked |  0
|  60|0x0000000083c00000, 0x0000000083c00000, 0x0000000083d00000|  0%| F|  |TAMS 0x0000000083c00000| PB 0x0000000083c00000| Untracked |  0
|  61|0x0000000083d00000, 0x0000000083d00000, 0x0000000083e00000|  0%| F|  |TAMS 0x0000000083d00000| PB 0x0000000083d00000| Untracked |  0
|  62|0x0000000083e00000, 0x0000000083e00000, 0x0000000083f00000|  0%| F|  |TAMS 0x0000000083e00000| PB 0x0000000083e00000| Untracked |  0
|  63|0x0000000083f00000, 0x0000000083f00000, 0x0000000084000000|  0%| F|  |TAMS 0x0000000083f00000| PB 0x0000000083f00000| Untracked |  0
|  64|0x0000000084000000, 0x0000000084000000, 0x0000000084100000|  0%| F|  |TAMS 0x0000000084000000| PB 0x0000000084000000| Untracked |  0
|  65|0x0000000084100000, 0x0000000084100000, 0x0000000084200000|  0%| F|  |TAMS 0x0000000084100000| PB 0x0000000084100000| Untracked |  0
|  66|0x0000000084200000, 0x0000000084200000, 0x0000000084300000|  0%| F|  |TAMS 0x0000000084200000| PB 0x0000000084200000| Untracked |  0
|  67|0x0000000084300000, 0x0000000084300000, 0x0000000084400000|  0%| F|  |TAMS 0x0000000084300000| PB 0x0000000084300000| Untracked |  0
|  68|0x0000000084400000, 0x0000000084400000, 0x0000000084500000|  0%| F|  |TAMS 0x0000000084400000| PB 0x0000000084400000| Untracked |  0
|  69|0x0000000084500000, 0x0000000084500000, 0x0000000084600000|  0%| F|  |TAMS 0x0000000084500000| PB 0x0000000084500000| Untracked |  0
|  70|0x0000000084600000, 0x0000000084600000, 0x0000000084700000|  0%| F|  |TAMS 0x0000000084600000| PB 0x0000000084600000| Untracked |  0
|  71|0x0000000084700000, 0x0000000084700000, 0x0000000084800000|  0%| F|  |TAMS 0x0000000084700000| PB 0x0000000084700000| Untracked |  0
|  72|0x0000000084800000, 0x0000000084900000, 0x0000000084900000|100%| E|  |TAMS 0x0000000084800000| PB 0x0000000084800000| Complete |  0
|  73|0x0000000084900000, 0x0000000084a00000, 0x0000000084a00000|100%| E|CS|TAMS 0x0000000084900000| PB 0x0000000084900000| Complete |  0
|  74|0x0000000084a00000, 0x0000000084b00000, 0x0000000084b00000|100%| E|CS|TAMS 0x0000000084a00000| PB 0x0000000084a00000| Complete |  0
|  75|0x0000000084b00000, 0x0000000084c00000, 0x0000000084c00000|100%| E|CS|TAMS 0x0000000084b00000| PB 0x0000000084b00000| Complete |  0
| 218|0x000000008da00000, 0x000000008db00000, 0x000000008db00000|100%| E|CS|TAMS 0x000000008da00000| PB 0x000000008da00000| Complete |  0
| 219|0x000000008db00000, 0x000000008dc00000, 0x000000008dc00000|100%| E|CS|TAMS 0x000000008db00000| PB 0x000000008db00000| Complete |  0
| 220|0x000000008dc00000, 0x000000008dd00000, 0x000000008dd00000|100%| E|CS|TAMS 0x000000008dc00000| PB 0x000000008dc00000| Complete |  0
| 221|0x000000008dd00000, 0x000000008de00000, 0x000000008de00000|100%| E|CS|TAMS 0x000000008dd00000| PB 0x000000008dd00000| Complete |  0
| 222|0x000000008de00000, 0x000000008df00000, 0x000000008df00000|100%| E|CS|TAMS 0x000000008de00000| PB 0x000000008de00000| Complete |  0
| 223|0x000000008df00000, 0x000000008e000000, 0x000000008e000000|100%| E|CS|TAMS 0x000000008df00000| PB 0x000000008df00000| Complete |  0
| 224|0x000000008e000000, 0x000000008e100000, 0x000000008e100000|100%| E|CS|TAMS 0x000000008e000000| PB 0x000000008e000000| Complete |  0
| 225|0x000000008e100000, 0x000000008e200000, 0x000000008e200000|100%| E|CS|TAMS 0x000000008e100000| PB 0x000000008e100000| Complete |  0
| 226|0x000000008e200000, 0x000000008e300000, 0x000000008e300000|100%| E|CS|TAMS 0x000000008e200000| PB 0x000000008e200000| Complete |  0
| 227|0x000000008e300000, 0x000000008e400000, 0x000000008e400000|100%| E|CS|TAMS 0x000000008e300000| PB 0x000000008e300000| Complete |  0
| 228|0x000000008e400000, 0x000000008e500000, 0x000000008e500000|100%| E|CS|TAMS 0x000000008e400000| PB 0x000000008e400000| Complete |  0
| 251|0x000000008fb00000, 0x000000008fc00000, 0x000000008fc00000|100%| E|CS|TAMS 0x000000008fb00000| PB 0x000000008fb00000| Complete |  0
|2046|0x00000000ffe00000, 0x00000000fff00000, 0x00000000fff00000|100%| O|  |TAMS 0x00000000ffe00000| PB 0x00000000ffe00000| Untracked |  0
|2047|0x00000000fff00000, 0x0000000100000000, 0x0000000100000000|100%| E|CS|TAMS 0x00000000fff00000| PB 0x00000000fff00000| Complete |  0

Card table byte_map: [0x00000235642e0000,0x00000235646e0000] _byte_map_base: 0x0000023563ee0000

Marking Bits: (CMBitMap*) 0x000002354ba73200
 Bits: [0x00000235646e0000, 0x00000235666e0000)

Polling page: 0x0000023549800000

Metaspace:
Metaspace        used 31126K, committed 32512K, reserved 1114112K
 class space     used 4842K, committed 5504K, reserved 1048576K

Usage:
  Non-class:     25.67 MB used.
      Class:      4.73 MB used.
       Both:     30.40 MB used.

Virtual space:
  Non-class space:       64.00 MB reserved,      26.38 MB ( 41%) committed,  1 nodes.
      Class space:        1.00 GB reserved,       5.38 MB ( <1%) committed,  1 nodes.
             Both:        1.06 GB reserved,      31.75 MB (  3%) committed. 

Chunk freelists:
   Non-Class:  5.09 MB
       Class:  10.48 MB
        Both:  15.58 MB

MaxMetaspaceSize: unlimited
CompressedClassSpaceSize: 1.00 GB
Initial GC threshold: 21.00 MB
Current GC threshold: 35.12 MB
CDS: on
 - commit_granule_bytes: 65536.
 - commit_granule_words: 8192.
 - virtual_space_node_default_size: 8388608.
 - enlarge_chunks_in_place: 1.
UseCompressedClassPointers 1, UseCompactObjectHeaders 0
Narrow klass pointer bits 32, Max shift 3
Narrow klass base: 0x000000001d000000, Narrow klass shift: 0
Encoding Range: [0x000000001d000000 - 0x000000011d000000), (4294967296 bytes)
Klass Range:    [0x000000001d010000 - 0x000000005e000000), (1090453504 bytes)
Klass ID Range:  [65536 - 1090519033) (1090453497)
Protection zone: [0x000000001d000000 - 0x000000001d010000), (65536 bytes)


Internal statistics:

num_allocs_failed_limit: 3.
num_arena_births: 2298.
num_arena_deaths: 0.
num_vsnodes_births: 2.
num_vsnodes_deaths: 0.
num_space_committed: 508.
num_space_uncommitted: 0.
num_chunks_returned_to_freelist: 3.
num_chunks_taken_from_freelist: 3786.
num_chunk_merges: 3.
num_chunk_splits: 2448.
num_chunks_enlarged: 1486.
num_inconsistent_stats: 0.

CodeHeap 'non-profiled nmethods': size=119168Kb used=1746Kb max_used=1746Kb free=117421Kb
 bounds [0x000002355c0d0000, 0x000002355c340000, 0x0000023563530000]
CodeHeap 'profiled nmethods': size=119168Kb used=7234Kb max_used=7234Kb free=111933Kb
 bounds [0x0000023554520000, 0x0000023554c40000, 0x000002355b980000]
CodeHeap 'non-nmethods': size=7488Kb used=1507Kb max_used=2541Kb free=5980Kb
 bounds [0x000002355b980000, 0x000002355bc00000, 0x000002355c0d0000]
CodeCache: size=245824Kb, used=10487Kb, max_used=11521Kb, free=235334Kb
 total_blobs=5284, nmethods=4652, adapters=535, full_count=0
Compilation: enabled, stopped_count=0, restarted_count=0

Compilation events (20 events):
Event: 180.791 Thread 0x000002356950ef00 nmethod 4646 0x000002355c283c88 code [0x000002355c283d80, 0x000002355c284780]
Event: 181.056 Thread 0x0000023569516c00 4647       3       java.util.stream.ReduceOps$3ReducingSink::begin (14 bytes)
Event: 181.058 Thread 0x0000023569516c00 nmethod 4647 0x0000023554c2d488 code [0x0000023554c2d580, 0x0000023554c2d7b0]
Event: 184.050 Thread 0x0000023569516c00 4648       3       java.util.stream.FindOps::makeRef (14 bytes)
Event: 184.070 Thread 0x0000023569516c00 nmethod 4648 0x0000023554c2d808 code [0x0000023554c2d900, 0x0000023554c2da60]
Event: 184.077 Thread 0x0000023569516c00 4651       3       java.util.stream.FindOps$FindSink$OfRef::<init> (5 bytes)
Event: 184.079 Thread 0x0000023569516c00 nmethod 4651 0x0000023554c2db08 code [0x0000023554c2dc00, 0x0000023554c2ddc0]
Event: 184.079 Thread 0x0000023569516c00 4652       3       java.util.stream.FindOps$FindSink::<init> (5 bytes)
Event: 184.079 Thread 0x0000023569516c00 nmethod 4652 0x0000023554c2de08 code [0x0000023554c2df00, 0x0000023554c2e060]
Event: 184.079 Thread 0x0000023569516c00 4653       3       java.util.stream.FindOps$FindSink$OfRef::get (5 bytes)
Event: 184.161 Thread 0x0000023569516c00 nmethod 4653 0x0000023554c2e108 code [0x0000023554c2e200, 0x0000023554c2e768]
Event: 195.060 Thread 0x0000023569516c00 4655       3       java.lang.ThreadLocal::remove (8 bytes)
Event: 195.086 Thread 0x0000023569516c00 nmethod 4655 0x0000023554c2e788 code [0x0000023554c2e880, 0x0000023554c2eb40]
Event: 195.086 Thread 0x0000023569516c00 4658       3       java.lang.ThreadLocal$ThreadLocalMap::expungeStaleEntry (146 bytes)
Event: 195.113 Thread 0x0000023569516c00 nmethod 4658 0x0000023554c2eb88 code [0x0000023554c2ec80, 0x0000023554c2f938]
Event: 198.053 Thread 0x0000023569516c00 4659       3       java.util.concurrent.ScheduledThreadPoolExecutor$ScheduledFutureTask::isPeriodic (15 bytes)
Event: 198.056 Thread 0x0000023569516c00 nmethod 4659 0x0000023554c2f988 code [0x0000023554c2fa80, 0x0000023554c2fbd8]
Event: 199.370 Thread 0x0000023569516c00 4660       3       java.lang.String$CaseInsensitiveComparator::compare (68 bytes)
Event: 199.497 Thread 0x0000023569516c00 nmethod 4660 0x0000023554c2fc88 code [0x0000023554c2fd80, 0x0000023554c302f0]
Event: 199.623 Thread 0x000002356950ef00 4661       4       org.gradle.launcher.daemon.context.DefaultDaemonContext$Serializer::read (229 bytes)

GC Heap Usage History (10 events):
Event: 1.738 {heap Before GC invocations=0 (full 0):
 garbage-first heap   total reserved 2097152K, committed 260096K, used 52374K [0x0000000080000000, 0x0000000100000000)
  region size 1024K, 47 young (48128K), 0 survivors (0K)
}
Event: 1.789 {heap After GC invocations=1 (full 0):
 garbage-first heap   total reserved 2097152K, committed 260096K, used 12698K [0x0000000080000000, 0x0000000100000000)
  region size 1024K, 6 young (6144K), 6 survivors (6144K)
}
Event: 105.460 {heap Before GC invocations=1 (full 0):
 garbage-first heap   total reserved 2097152K, committed 260096K, used 121242K [0x0000000080000000, 0x0000000100000000)
  region size 1024K, 110 young (112640K), 6 survivors (6144K)
}
Event: 105.591 {heap After GC invocations=2 (full 0):
 garbage-first heap   total reserved 2097152K, committed 260096K, used 23083K [0x0000000080000000, 0x0000000100000000)
  region size 1024K, 14 young (14336K), 14 survivors (14336K)
}
Event: 114.487 {heap Before GC invocations=2 (full 0):
 garbage-first heap   total reserved 2097152K, committed 260096K, used 45611K [0x0000000080000000, 0x0000000100000000)
  region size 1024K, 37 young (37888K), 14 survivors (14336K)
}
Event: 114.525 {heap After GC invocations=3 (full 0):
 garbage-first heap   total reserved 2097152K, committed 260096K, used 25869K [0x0000000080000000, 0x0000000100000000)
  region size 1024K, 11 young (11264K), 11 survivors (11264K)
}
Event: 117.914 {heap Before GC invocations=4 (full 0):
 garbage-first heap   total reserved 2097152K, committed 92160K, used 69901K [0x0000000080000000, 0x0000000100000000)
  region size 1024K, 54 young (55296K), 11 survivors (11264K)
}
Event: 117.920 {heap After GC invocations=5 (full 0):
 garbage-first heap   total reserved 2097152K, committed 92160K, used 27512K [0x0000000080000000, 0x0000000100000000)
  region size 1024K, 5 young (5120K), 5 survivors (5120K)
}
Event: 119.477 {heap Before GC invocations=5 (full 0):
 garbage-first heap   total reserved 2097152K, committed 92160K, used 68472K [0x0000000080000000, 0x0000000100000000)
  region size 1024K, 45 young (46080K), 5 survivors (5120K)
}
Event: 119.485 {heap After GC invocations=6 (full 0):
 garbage-first heap   total reserved 2097152K, committed 92160K, used 29734K [0x0000000080000000, 0x0000000100000000)
  region size 1024K, 5 young (5120K), 5 survivors (5120K)
}

Metaspace Usage History (10 events):
Event: 1.738 {metaspace Before GC invocations=0 (full 0):
 Metaspace       used 4610K, committed 4864K, reserved 1114112K
  class space    used 598K, committed 704K, reserved 1048576K
}
Event: 1.789 {metaspace After GC invocations=1 (full 0):
 Metaspace       used 4610K, committed 4864K, reserved 1114112K
  class space    used 598K, committed 704K, reserved 1048576K
}
Event: 105.461 {metaspace Before GC invocations=1 (full 0):
 Metaspace       used 18095K, committed 18688K, reserved 1114112K
  class space    used 2559K, committed 2816K, reserved 1048576K
}
Event: 105.591 {metaspace After GC invocations=2 (full 0):
 Metaspace       used 18095K, committed 18688K, reserved 1114112K
  class space    used 2559K, committed 2816K, reserved 1048576K
}
Event: 114.487 {metaspace Before GC invocations=2 (full 0):
 Metaspace       used 20819K, committed 21504K, reserved 1114112K
  class space    used 3040K, committed 3392K, reserved 1048576K
}
Event: 114.525 {metaspace After GC invocations=3 (full 0):
 Metaspace       used 20819K, committed 21504K, reserved 1114112K
  class space    used 3040K, committed 3392K, reserved 1048576K
}
Event: 117.914 {metaspace Before GC invocations=4 (full 0):
 Metaspace       used 25807K, committed 26816K, reserved 1114112K
  class space    used 3897K, committed 4352K, reserved 1048576K
}
Event: 117.920 {metaspace After GC invocations=5 (full 0):
 Metaspace       used 25807K, committed 26816K, reserved 1114112K
  class space    used 3897K, committed 4352K, reserved 1048576K
}
Event: 119.477 {metaspace Before GC invocations=5 (full 0):
 Metaspace       used 29699K, committed 31040K, reserved 1114112K
  class space    used 4599K, committed 5248K, reserved 1048576K
}
Event: 119.485 {metaspace After GC invocations=6 (full 0):
 Metaspace       used 29699K, committed 31040K, reserved 1114112K
  class space    used 4599K, committed 5248K, reserved 1048576K
}

Dll operation events (20 events):
Event: 0.121 Attempting to load shared library C:\Program Files\Eclipse Adoptium\jdk-25.0.4.7-hotspot\bin\nio.dll
Event: 0.121 Loaded shared library C:\Program Files\Eclipse Adoptium\jdk-25.0.4.7-hotspot\bin\nio.dll
Event: 0.126 Attempting to load shared library C:\Program Files\Eclipse Adoptium\jdk-25.0.4.7-hotspot\bin\zip.dll
Event: 0.126 Loaded shared library C:\Program Files\Eclipse Adoptium\jdk-25.0.4.7-hotspot\bin\zip.dll
Event: 0.432 Attempting to load shared library C:\Program Files\Eclipse Adoptium\jdk-25.0.4.7-hotspot\bin\jimage.dll
Event: 0.432 Loaded shared library C:\Program Files\Eclipse Adoptium\jdk-25.0.4.7-hotspot\bin\jimage.dll
Event: 0.700 Attempting to load shared library C:\Program Files\Eclipse Adoptium\jdk-25.0.4.7-hotspot\bin\verify.dll
Event: 0.702 Loaded shared library C:\Program Files\Eclipse Adoptium\jdk-25.0.4.7-hotspot\bin\verify.dll
Event: 0.742 Attempting to load shared library C:\Users\leona\.gradle\native\660c5614fbf4a5f2a75b1949f50a0caf5cd603558e7d8a26e50b933a0cfb79d1\windows-amd64\native-platform.dll
Event: 0.743 Loaded shared library C:\Users\leona\.gradle\native\660c5614fbf4a5f2a75b1949f50a0caf5cd603558e7d8a26e50b933a0cfb79d1\windows-amd64\native-platform.dll
Event: 0.756 Attempting to load shared library C:\Users\leona\.gradle\native\0.2.8\x86_64-windows-gnu\gradle-fileevents.dll
Event: 0.757 Loaded shared library C:\Users\leona\.gradle\native\0.2.8\x86_64-windows-gnu\gradle-fileevents.dll
Event: 2.948 Attempting to load shared library C:\Program Files\Eclipse Adoptium\jdk-25.0.4.7-hotspot\bin\management.dll
Event: 2.952 Loaded shared library C:\Program Files\Eclipse Adoptium\jdk-25.0.4.7-hotspot\bin\management.dll
Event: 2.955 Attempting to load shared library C:\Program Files\Eclipse Adoptium\jdk-25.0.4.7-hotspot\bin\management_ext.dll
Event: 2.959 Loaded shared library C:\Program Files\Eclipse Adoptium\jdk-25.0.4.7-hotspot\bin\management_ext.dll
Event: 5.066 Attempting to load shared library C:\Program Files\Eclipse Adoptium\jdk-25.0.4.7-hotspot\bin\extnet.dll
Event: 5.859 Loaded shared library C:\Program Files\Eclipse Adoptium\jdk-25.0.4.7-hotspot\bin\extnet.dll
Event: 10.619 Attempting to load shared library C:\Program Files\Eclipse Adoptium\jdk-25.0.4.7-hotspot\bin\sunmscapi.dll
Event: 10.621 Loaded shared library C:\Program Files\Eclipse Adoptium\jdk-25.0.4.7-hotspot\bin\sunmscapi.dll

Deoptimization events (20 events):
Event: 119.882 Thread 0x000002356feae060 Uncommon trap: trap_request=0xffffff45 fr.pc=0x000002355c21e6b4 relative=0x0000000000000a34
Event: 119.882 Thread 0x000002356feae060 Uncommon trap: reason=unstable_if action=reinterpret pc=0x000002355c21e6b4 method=jdk.internal.classfile.impl.StackMapGenerator.processFieldInstructions(Ljdk/internal/classfile/impl/RawBytecodeHelper;)V @ 113 c2
Event: 119.882 Thread 0x000002356feae060 DEOPT PACKING pc=0x000002355c21e6b4 sp=0x0000004fb91f8030
Event: 119.882 Thread 0x000002356feae060 DEOPT UNPACKING pc=0x000002355ba9e982 sp=0x0000004fb91f7fc8 mode 2
Event: 119.928 Thread 0x00000235701f9f40 Uncommon trap: trap_request=0xffffffc6 fr.pc=0x000002355c197bec relative=0x000000000000136c
Event: 119.928 Thread 0x00000235701f9f40 Uncommon trap: reason=bimorphic_or_optimized_type_check action=maybe_recompile pc=0x000002355c197bec method=java.io.DataInputStream.readFully([BII)V @ 30 c2
Event: 119.928 Thread 0x00000235701f9f40 DEOPT PACKING pc=0x000002355c197bec sp=0x0000004fb96fe400
Event: 119.928 Thread 0x00000235701f9f40 DEOPT UNPACKING pc=0x000002355ba9e982 sp=0x0000004fb96fe3d8 mode 2
Event: 119.928 Thread 0x00000235701f9f40 Uncommon trap: trap_request=0xffffffc6 fr.pc=0x000002355c197bec relative=0x000000000000136c
Event: 119.928 Thread 0x00000235701f9f40 Uncommon trap: reason=bimorphic_or_optimized_type_check action=maybe_recompile pc=0x000002355c197bec method=java.io.DataInputStream.readFully([BII)V @ 30 c2
Event: 119.928 Thread 0x00000235701f9f40 DEOPT PACKING pc=0x000002355c197bec sp=0x0000004fb96fe2b0
Event: 119.928 Thread 0x00000235701f9f40 DEOPT UNPACKING pc=0x000002355ba9e982 sp=0x0000004fb96fe288 mode 2
Event: 119.928 Thread 0x00000235701f9f40 Uncommon trap: trap_request=0xffffffc6 fr.pc=0x000002355c197bec relative=0x000000000000136c
Event: 119.928 Thread 0x00000235701f9f40 Uncommon trap: reason=bimorphic_or_optimized_type_check action=maybe_recompile pc=0x000002355c197bec method=java.io.DataInputStream.readFully([BII)V @ 30 c2
Event: 119.928 Thread 0x00000235701f9f40 DEOPT PACKING pc=0x000002355c197bec sp=0x0000004fb96fe370
Event: 119.928 Thread 0x00000235701f9f40 DEOPT UNPACKING pc=0x000002355ba9e982 sp=0x0000004fb96fe348 mode 2
Event: 119.928 Thread 0x00000235701f9f40 Uncommon trap: trap_request=0xffffffc6 fr.pc=0x000002355c197bec relative=0x000000000000136c
Event: 119.928 Thread 0x00000235701f9f40 Uncommon trap: reason=bimorphic_or_optimized_type_check action=maybe_recompile pc=0x000002355c197bec method=java.io.DataInputStream.readFully([BII)V @ 30 c2
Event: 119.928 Thread 0x00000235701f9f40 DEOPT PACKING pc=0x000002355c197bec sp=0x0000004fb96fe380
Event: 119.928 Thread 0x00000235701f9f40 DEOPT UNPACKING pc=0x000002355ba9e982 sp=0x0000004fb96fe358 mode 2

Classes loaded (20 events):
Event: 119.489 Loading class java/lang/invoke/BoundMethodHandle$Species_LLLLLLLLLLLLLLLLLLLLLLLLLLLLLLL
Event: 119.489 Loading class java/lang/invoke/BoundMethodHandle$Species_LLLLLLLLLLLLLLLLLLLLLLLLLLLLLLL done
Event: 119.622 Loading class java/io/StringReader
Event: 119.622 Loading class java/io/StringReader done
Event: 119.682 Loading class java/math/MutableBigInteger
Event: 119.683 Loading class java/math/MutableBigInteger done
Event: 119.911 Loading class java/nio/file/FileTreeWalker
Event: 119.920 Loading class java/nio/file/FileTreeWalker done
Event: 119.921 Loading class java/nio/file/FileTreeWalker$DirectoryNode
Event: 119.923 Loading class java/nio/file/FileTreeWalker$DirectoryNode done
Event: 119.925 Loading class java/nio/file/FileTreeWalker$Event
Event: 119.925 Loading class java/nio/file/FileTreeWalker$Event done
Event: 119.926 Loading class java/nio/file/FileTreeWalker$EventType
Event: 119.926 Loading class java/nio/file/FileTreeWalker$EventType done
Event: 119.926 Loading class java/nio/file/Files$3
Event: 119.926 Loading class java/nio/file/Files$3 done
Event: 119.928 Loading class java/nio/file/FileVisitResult
Event: 119.928 Loading class java/nio/file/FileVisitResult done
Event: 119.935 Loading class java/nio/charset/CharacterCodingException
Event: 119.935 Loading class java/nio/charset/CharacterCodingException done

Classes unloaded (0 events):
No events

Classes redefined (0 events):
No events

Internal exceptions (20 events):
Event: 118.573 Thread 0x000002356feae060 Exception <a 'java/lang/NoSuchMethodError'{0x000000008da28388}: 'java.lang.Object java.lang.invoke.DirectMethodHandle$Holder.newInvokeSpecial(java.lang.Object, java.lang.Object, java.lang.Object, java.lang.Object, java.lang.Object, java.lang.Object, java.lang.Object, java.lang.Object, java.lang.Object, java.lang.Object, java.lang.Object, java.lang.Object)'> (0x000000008da28388) 
thrown [s\src\hotspot\share\interpreter\linkResolver.cpp, line 804]
Event: 118.636 Thread 0x000002356feae060 Exception <a 'java/lang/NoSuchMethodError'{0x0000000084bbdd68}: 'java.lang.Object java.lang.invoke.DirectMethodHandle$Holder.invokeSpecialIFC(java.lang.Object, java.lang.Object, java.lang.Object, java.lang.Object)'> (0x0000000084bbdd68) 
thrown [s\src\hotspot\share\interpreter\linkResolver.cpp, line 804]
Event: 118.734 Thread 0x000002356feae060 Exception <a 'java/lang/NoSuchMethodError'{0x000000008480b320}: 'java.lang.Object java.lang.invoke.DirectMethodHandle$Holder.invokeVirtual(java.lang.Object, java.lang.Object, java.lang.Object, java.lang.Object, java.lang.Object, java.lang.Object, java.lang.Object, java.lang.Object, java.lang.Object, java.lang.Object, java.lang.Object, java.lang.Object, java.lang.Object, java.lang.Object, java.lang.Object, java.lang.Object, java.lang.Object, java.lang.Object, java.lang.Object, java.lang.Object, java.lang.Ob
Event: 118.734 Thread 0x000002356feae060 Exception <a 'java/lang/NoSuchMethodError'{0x0000000084816608}: 'java.lang.Object java.lang.invoke.DirectMethodHandle$Holder.invokeSpecial(java.lang.Object, java.lang.Object, java.lang.Object, java.lang.Object, java.lang.Object, java.lang.Object, java.lang.Object, java.lang.Object, java.lang.Object, java.lang.Object, java.lang.Object, java.lang.Object, java.lang.Object, java.lang.Object, java.lang.Object, java.lang.Object, java.lang.Object, java.lang.Object, java.lang.Object, java.lang.Object, java.lang.Ob
Event: 118.735 Thread 0x000002356feae060 Exception <a 'java/lang/NoSuchMethodError'{0x0000000084820d90}: 'java.lang.Object java.lang.invoke.DelegatingMethodHandle$Holder.reinvoke_L(java.lang.Object, java.lang.Object, java.lang.Object, java.lang.Object, java.lang.Object, java.lang.Object, java.lang.Object, java.lang.Object, java.lang.Object, java.lang.Object, java.lang.Object, java.lang.Object, java.lang.Object, java.lang.Object, java.lang.Object, java.lang.Object, java.lang.Object, java.lang.Object, java.lang.Object, java.lang.Object, java.lang.O
Event: 118.790 Thread 0x000002356feae060 Implicit null exception at 0x000002355c1678cc to 0x000002355c167b44
Event: 119.070 Thread 0x000002356feae060 Exception <a 'java/lang/NoSuchMethodError'{0x0000000084096ea8}: 'java.lang.Object java.lang.invoke.DirectMethodHandle$Holder.newInvokeSpecial(java.lang.Object, java.lang.Object, int, int)'> (0x0000000084096ea8) 
thrown [s\src\hotspot\share\interpreter\linkResolver.cpp, line 804]
Event: 119.083 Thread 0x000002356feae060 Exception <a 'java/lang/NoSuchMethodError'{0x00000000840f21f0}: 'void java.lang.invoke.DirectMethodHandle$Holder.invokeSpecial(java.lang.Object, java.lang.Object, int)'> (0x00000000840f21f0) 
thrown [s\src\hotspot\share\interpreter\linkResolver.cpp, line 804]
Event: 119.084 Thread 0x000002356feae060 Exception <a 'java/lang/NoSuchMethodError'{0x00000000840fb108}: 'void java.lang.invoke.Invokers$Holder.invokeExact_MT(java.lang.Object, int, java.lang.Object)'> (0x00000000840fb108) 
thrown [s\src\hotspot\share\interpreter\linkResolver.cpp, line 804]
Event: 119.217 Thread 0x000002356feae060 Exception <a 'java/lang/NoSuchMethodError'{0x0000000083dc06f0}: 'java.lang.Object java.lang.invoke.DirectMethodHandle$Holder.newInvokeSpecial(java.lang.Object, java.lang.Object, java.lang.Object, java.lang.Object, java.lang.Object, java.lang.Object, java.lang.Object, java.lang.Object, java.lang.Object, java.lang.Object, java.lang.Object)'> (0x0000000083dc06f0) 
thrown [s\src\hotspot\share\interpreter\linkResolver.cpp, line 804]
Event: 119.275 Thread 0x000002356feae060 Exception <a 'java/lang/NoSuchMethodError'{0x0000000083ac3a48}: 'java.lang.Object java.lang.invoke.Invokers$Holder.linkToTargetMethod(java.lang.Object, java.lang.Object, java.lang.Object, java.lang.Object, java.lang.Object, java.lang.Object, java.lang.Object, java.lang.Object, java.lang.Object, java.lang.Object, java.lang.Object, java.lang.Object)'> (0x0000000083ac3a48) 
thrown [s\src\hotspot\share\interpreter\linkResolver.cpp, line 804]
Event: 119.467 Thread 0x000002356feae060 Exception <a 'java/lang/NoSuchMethodError'{0x00000000832db9a8}: 'java.lang.Object java.lang.invoke.DelegatingMethodHandle$Holder.reinvoke_L(java.lang.Object, java.lang.Object, java.lang.Object, java.lang.Object, java.lang.Object, java.lang.Object, java.lang.Object, java.lang.Object, java.lang.Object, java.lang.Object, java.lang.Object, java.lang.Object, java.lang.Object, java.lang.Object, java.lang.Object, java.lang.Object, java.lang.Object, java.lang.Object, java.lang.Object, java.lang.Object, java.lang.O
Event: 119.474 Thread 0x000002356feae060 Exception <a 'java/lang/NoSuchMethodError'{0x00000000830830e8}: 'java.lang.Object java.lang.invoke.DirectMethodHandle$Holder.invokeStatic(java.lang.Object, java.lang.Object, java.lang.Object, java.lang.Object, java.lang.Object, java.lang.Object, java.lang.Object, java.lang.Object, java.lang.Object, java.lang.Object, java.lang.Object, java.lang.Object, java.lang.Object, java.lang.Object, java.lang.Object, java.lang.Object, java.lang.Object, java.lang.Object, java.lang.Object, java.lang.Object, java.lang.Obj
Event: 119.476 Thread 0x000002356feae060 Exception <a 'java/lang/NoSuchMethodError'{0x00000000830c43f0}: 'java.lang.Object java.lang.invoke.DirectMethodHandle$Holder.invokeStatic(java.lang.Object, java.lang.Object, java.lang.Object, java.lang.Object, java.lang.Object, java.lang.Object, java.lang.Object, java.lang.Object, java.lang.Object, java.lang.Object, java.lang.Object, java.lang.Object, java.lang.Object, java.lang.Object, java.lang.Object, java.lang.Object, java.lang.Object, java.lang.Object, java.lang.Object, java.lang.Object, java.lang.Obj
Event: 119.486 Thread 0x000002356feae060 Exception <a 'java/lang/NoSuchMethodError'{0x00000000fff11cb8}: 'java.lang.Object java.lang.invoke.DirectMethodHandle$Holder.invokeStatic(java.lang.Object, java.lang.Object, java.lang.Object, java.lang.Object, java.lang.Object, java.lang.Object, java.lang.Object, java.lang.Object, java.lang.Object, java.lang.Object, java.lang.Object, java.lang.Object, java.lang.Object, java.lang.Object, java.lang.Object, java.lang.Object, java.lang.Object, java.lang.Object, java.lang.Object, java.lang.Object, java.lang.Obj
Event: 119.488 Thread 0x000002356feae060 Exception <a 'java/lang/NoSuchMethodError'{0x00000000fff55180}: 'java.lang.Object java.lang.invoke.DirectMethodHandle$Holder.invokeStatic(java.lang.Object, java.lang.Object, java.lang.Object, java.lang.Object, java.lang.Object, java.lang.Object, java.lang.Object, java.lang.Object, java.lang.Object, java.lang.Object, java.lang.Object, java.lang.Object, java.lang.Object, java.lang.Object, java.lang.Object, java.lang.Object, java.lang.Object, java.lang.Object, java.lang.Object, java.lang.Object, java.lang.Obj
Event: 119.490 Thread 0x000002356feae060 Exception <a 'java/lang/NoSuchMethodError'{0x00000000fffa3f48}: 'java.lang.Object java.lang.invoke.DirectMethodHandle$Holder.invokeStatic(java.lang.Object, java.lang.Object, java.lang.Object, java.lang.Object, java.lang.Object, java.lang.Object, java.lang.Object, java.lang.Object, java.lang.Object, java.lang.Object, java.lang.Object, java.lang.Object, java.lang.Object, java.lang.Object, java.lang.Object, java.lang.Object, java.lang.Object, java.lang.Object, java.lang.Object, java.lang.Object, java.lang.Obj
Event: 119.747 Thread 0x000002356feae060 Exception <a 'java/lang/IncompatibleClassChangeError'{0x000000008e05c210}: Found class java.lang.Object, but interface was expected> (0x000000008e05c210) 
thrown [s\src\hotspot\share\interpreter\linkResolver.cpp, line 871]
Event: 119.883 Thread 0x000002356feae060 Exception <a 'java/lang/NoSuchMethodError'{0x000000008df93cf0}: 'java.lang.Object java.lang.invoke.DirectMethodHandle$Holder.newInvokeSpecial(java.lang.Object, java.lang.Object, long)'> (0x000000008df93cf0) 
thrown [s\src\hotspot\share\interpreter\linkResolver.cpp, line 804]
Event: 119.883 Thread 0x000002356feae060 Exception <a 'java/lang/NoSuchMethodError'{0x000000008dfb7828}: 'java.lang.Object java.lang.invoke.Invokers$Holder.linkToTargetMethod(java.lang.Object, long, java.lang.Object)'> (0x000000008dfb7828) 
thrown [s\src\hotspot\share\interpreter\linkResolver.cpp, line 804]

VM Operations (20 events):
Event: 114.643 Executing safepoint VM operation: G1PauseCleanup
Event: 114.668 Executing safepoint VM operation: G1PauseCleanup done
Event: 117.914 Executing safepoint VM operation: G1CollectForAllocation (G1 Evacuation Pause)
Event: 117.920 Executing safepoint VM operation: G1CollectForAllocation (G1 Evacuation Pause) done
Event: 118.444 Executing non-safepoint VM operation: HandshakeAllThreads (Deoptimize)
Event: 118.444 Executing non-safepoint VM operation: HandshakeAllThreads (Deoptimize) done
Event: 118.818 Executing non-safepoint VM operation: HandshakeAllThreads (Deoptimize)
Event: 118.818 Executing non-safepoint VM operation: HandshakeAllThreads (Deoptimize) done
Event: 119.477 Executing safepoint VM operation: G1CollectForAllocation (G1 Evacuation Pause)
Event: 119.485 Executing safepoint VM operation: G1CollectForAllocation (G1 Evacuation Pause) done
Event: 119.789 Executing non-safepoint VM operation: HandshakeAllThreads (Deoptimize)
Event: 119.789 Executing non-safepoint VM operation: HandshakeAllThreads (Deoptimize) done
Event: 119.913 Executing non-safepoint VM operation: HandshakeAllThreads (Deoptimize)
Event: 119.919 Executing non-safepoint VM operation: HandshakeAllThreads (Deoptimize) done
Event: 119.922 Executing non-safepoint VM operation: HandshakeAllThreads (Deoptimize)
Event: 119.924 Executing non-safepoint VM operation: HandshakeAllThreads (Deoptimize) done
Event: 120.416 Executing non-safepoint VM operation: HandshakeAllThreads (HandshakeForDeflation)
Event: 120.416 Executing non-safepoint VM operation: HandshakeAllThreads (HandshakeForDeflation) done
Event: 120.416 Executing non-safepoint VM operation: RendezvousGCThreads
Event: 120.416 Executing non-safepoint VM operation: RendezvousGCThreads done

Memory protections (0 events):
No events

Nmethod flushes (0 events):
No events

Events (20 events):
Event: 14.739 Thread 0x000002356feae060 Thread added: 0x000002356feb0770
Event: 15.334 Thread 0x000002356feae060 Thread added: 0x000002356feaf000
Event: 15.379 Thread 0x000002356feae060 Thread added: 0x000002356fead890
Event: 16.490 Thread 0x000002356feae060 Thread added: 0x00000235701f9f40
Event: 16.554 Thread 0x000002356feae060 Thread added: 0x00000235701faee0
Event: 16.593 Thread 0x00000235701faee0 Thread added: 0x00000235701fbe80
Event: 16.604 Thread 0x0000023569516c00 Thread added: 0x000002356ef6c020
Event: 16.821 Thread 0x000002356feae060 Thread added: 0x00000235701fddc0
Event: 17.357 Thread 0x000002356ef6c020 Thread exited: 0x000002356ef6c020
Event: 109.257 Thread 0x0000023569516c00 Thread added: 0x000002356ef6d040
Event: 110.511 Thread 0x000002356ef6d040 Thread exited: 0x000002356ef6d040
Event: 117.109 Thread 0x000002356feae060 Thread added: 0x000002356ec487b0
Event: 117.145 Thread 0x000002356feae060 Thread added: 0x000002356ec49750
Event: 117.801 Thread 0x000002356feae060 Thread added: 0x000002356ec460a0
Event: 117.810 Thread 0x000002356feae060 Thread added: 0x0000023570a92990
Event: 118.283 Thread 0x000002356feae060 Thread added: 0x0000023570a90280
Event: 118.620 Thread 0x000002356feae060 Thread added: 0x0000023570a93930
Event: 119.308 Thread 0x000002356feae060 Thread added: 0x0000023570a93160
Event: 119.430 Thread 0x000002356feae060 Thread added: 0x00000235704b7fd0
Event: 180.739 Thread 0x00000235701fbe80 Thread exited: 0x00000235701fbe80


Dynamic libraries:
0x00007ff7cc220000 - 0x00007ff7cc22e000 	C:\Program Files\Eclipse Adoptium\jdk-25.0.4.7-hotspot\bin\java.exe
0x00007ffff7ee0000 - 0x00007ffff8146000 	C:\WINDOWS\SYSTEM32\ntdll.dll
0x00007ffff7dd0000 - 0x00007ffff7e99000 	C:\WINDOWS\System32\KERNEL32.DLL
0x00007ffff54a0000 - 0x00007ffff589f000 	C:\WINDOWS\System32\KERNELBASE.dll
0x00007ffff50f0000 - 0x00007ffff523c000 	C:\WINDOWS\System32\ucrtbase.dll
0x00007fffc44d0000 - 0x00007fffc44e6000 	C:\Program Files\Eclipse Adoptium\jdk-25.0.4.7-hotspot\bin\jli.dll
0x00007ffff6660000 - 0x00007ffff6826000 	C:\WINDOWS\System32\USER32.dll
0x00007fffc3320000 - 0x00007fffc333e000 	C:\Program Files\Eclipse Adoptium\jdk-25.0.4.7-hotspot\bin\VCRUNTIME140.dll
0x00007ffff5aa0000 - 0x00007ffff5ac7000 	C:\WINDOWS\System32\win32u.dll
0x00007fffdae90000 - 0x00007fffdb121000 	C:\WINDOWS\WinSxS\amd64_microsoft.windows.common-controls_6595b64144ccf1df_6.0.26100.8972_none_3e0da176e32f9d4b\COMCTL32.dll
0x00007ffff5db0000 - 0x00007ffff5ddb000 	C:\WINDOWS\System32\GDI32.dll
0x00007ffff5970000 - 0x00007ffff5a99000 	C:\WINDOWS\System32\gdi32full.dll
0x00007ffff7020000 - 0x00007ffff70c9000 	C:\WINDOWS\System32\msvcrt.dll
0x00007ffff5b60000 - 0x00007ffff5c03000 	C:\WINDOWS\System32\msvcp_win.dll
0x00007ffff71f0000 - 0x00007ffff7222000 	C:\WINDOWS\System32\IMM32.DLL
0x00007fffceb40000 - 0x00007fffceb4c000 	C:\Program Files\Eclipse Adoptium\jdk-25.0.4.7-hotspot\bin\vcruntime140_1.dll
0x00007fffbd640000 - 0x00007fffbd6cd000 	C:\Program Files\Eclipse Adoptium\jdk-25.0.4.7-hotspot\bin\msvcp140.dll
0x00007fff65b20000 - 0x00007fff66a51000 	C:\Program Files\Eclipse Adoptium\jdk-25.0.4.7-hotspot\bin\server\jvm.dll
0x00007ffff6ae0000 - 0x00007ffff6b9c000 	C:\WINDOWS\System32\ADVAPI32.dll
0x00007ffff65b0000 - 0x00007ffff665a000 	C:\WINDOWS\System32\sechost.dll
0x00007ffff6830000 - 0x00007ffff6948000 	C:\WINDOWS\System32\RPCRT4.dll
0x00007ffff5de0000 - 0x00007ffff5e62000 	C:\WINDOWS\System32\WS2_32.dll
0x00007fffe7ae0000 - 0x00007fffe7b16000 	C:\WINDOWS\SYSTEM32\WINMM.dll
0x00007ffff49b0000 - 0x00007ffff4a0e000 	C:\WINDOWS\SYSTEM32\POWRPROF.dll
0x00007fffecf60000 - 0x00007fffecf6b000 	C:\WINDOWS\SYSTEM32\VERSION.dll
0x00007ffff4990000 - 0x00007ffff49a5000 	C:\WINDOWS\SYSTEM32\UMPDC.dll
0x00007ffff3da0000 - 0x00007ffff3dbb000 	C:\WINDOWS\SYSTEM32\kernel.appcore.dll
0x00007fffcdfb0000 - 0x00007fffcdfba000 	C:\Program Files\Eclipse Adoptium\jdk-25.0.4.7-hotspot\bin\jimage.dll
0x00007ffff2610000 - 0x00007ffff2852000 	C:\WINDOWS\SYSTEM32\DBGHELP.DLL
0x00007ffff79c0000 - 0x00007ffff7d45000 	C:\WINDOWS\System32\combase.dll
0x00007ffff6bb0000 - 0x00007ffff6c89000 	C:\WINDOWS\System32\OLEAUT32.dll
0x00007fffcc1e0000 - 0x00007fffcc21b000 	C:\WINDOWS\SYSTEM32\dbgcore.DLL
0x00007ffff53e0000 - 0x00007ffff548c000 	C:\WINDOWS\System32\bcryptPrimitives.dll
0x00007fffcdf50000 - 0x00007fffcdf5f000 	C:\Program Files\Eclipse Adoptium\jdk-25.0.4.7-hotspot\bin\instrument.dll
0x00007fffc0dc0000 - 0x00007fffc0dde000 	C:\Program Files\Eclipse Adoptium\jdk-25.0.4.7-hotspot\bin\java.dll
0x00007ffff5f80000 - 0x00007ffff6119000 	C:\WINDOWS\System32\ole32.dll
0x00007ffff7230000 - 0x00007ffff79b8000 	C:\WINDOWS\System32\SHELL32.dll
0x00007ffff2b80000 - 0x00007ffff341b000 	C:\WINDOWS\SYSTEM32\windows.storage.dll
0x00007ffff5c10000 - 0x00007ffff5d09000 	C:\WINDOWS\System32\SHCORE.dll
0x00007ffff5d10000 - 0x00007ffff5d76000 	C:\WINDOWS\System32\shlwapi.dll
0x00007ffff5010000 - 0x00007ffff5039000 	C:\WINDOWS\SYSTEM32\profapi.dll
0x00007fffc0da0000 - 0x00007fffc0db6000 	C:\Program Files\Eclipse Adoptium\jdk-25.0.4.7-hotspot\bin\zip.dll
0x00007fffc02b0000 - 0x00007fffc02c1000 	C:\Program Files\Eclipse Adoptium\jdk-25.0.4.7-hotspot\bin\net.dll
0x00007ffff4330000 - 0x00007ffff439c000 	C:\WINDOWS\system32\mswsock.dll
0x00007fffbedf0000 - 0x00007fffbee06000 	C:\Program Files\Eclipse Adoptium\jdk-25.0.4.7-hotspot\bin\nio.dll
0x00007fffccc50000 - 0x00007fffccc60000 	C:\Program Files\Eclipse Adoptium\jdk-25.0.4.7-hotspot\bin\verify.dll
0x00007fffc4ab0000 - 0x00007fffc4ad7000 	C:\Users\leona\.gradle\native\660c5614fbf4a5f2a75b1949f50a0caf5cd603558e7d8a26e50b933a0cfb79d1\windows-amd64\native-platform.dll
0x00007fffbbe00000 - 0x00007fffbbe77000 	C:\Users\leona\.gradle\native\0.2.8\x86_64-windows-gnu\gradle-fileevents.dll
0x00007fffcc710000 - 0x00007fffcc71a000 	C:\Program Files\Eclipse Adoptium\jdk-25.0.4.7-hotspot\bin\management.dll
0x00007fffcc300000 - 0x00007fffcc30c000 	C:\Program Files\Eclipse Adoptium\jdk-25.0.4.7-hotspot\bin\management_ext.dll
0x00007ffff5f70000 - 0x00007ffff5f78000 	C:\WINDOWS\System32\PSAPI.DLL
0x00007ffff3750000 - 0x00007ffff3783000 	C:\WINDOWS\SYSTEM32\IPHLPAPI.DLL
0x00007ffff6950000 - 0x00007ffff695a000 	C:\WINDOWS\System32\NSI.dll
0x00007fffcbc00000 - 0x00007fffcbc09000 	C:\Program Files\Eclipse Adoptium\jdk-25.0.4.7-hotspot\bin\extnet.dll
0x00007ffff4750000 - 0x00007ffff476b000 	C:\WINDOWS\SYSTEM32\CRYPTSP.dll
0x00007ffff3d00000 - 0x00007ffff3d39000 	C:\WINDOWS\system32\rsaenh.dll
0x00007ffff43e0000 - 0x00007ffff4412000 	C:\WINDOWS\SYSTEM32\USERENV.dll
0x00007ffff4fe0000 - 0x00007ffff500a000 	C:\WINDOWS\SYSTEM32\bcrypt.dll
0x00007ffff4590000 - 0x00007ffff459c000 	C:\WINDOWS\SYSTEM32\CRYPTBASE.dll
0x00007fffca5a0000 - 0x00007fffca5ae000 	C:\Program Files\Eclipse Adoptium\jdk-25.0.4.7-hotspot\bin\sunmscapi.dll
0x00007ffff5250000 - 0x00007ffff53ce000 	C:\WINDOWS\System32\CRYPT32.dll
0x00007ffff4950000 - 0x00007ffff4980000 	C:\WINDOWS\SYSTEM32\ncrypt.dll
0x00007ffff4900000 - 0x00007ffff493f000 	C:\WINDOWS\SYSTEM32\NTASN1.dll
0x00007fffe5710000 - 0x00007fffe5718000 	C:\WINDOWS\system32\wshunix.dll

JVMTI agents:
C:\Users\leona\.gradle\wrapper\dists\gradle-9.6.0-bin\42k10rwplmzkhuboz9kdazi7s\gradle-9.6.0\lib\agents\gradle-instrumentation-agent-9.6.0.jar path:C:\Program Files\Eclipse Adoptium\jdk-25.0.4.7-hotspot\bin\instrument.dll, loaded, initialized, instrumentlib options:none

dbghelp: loaded successfully - version: 4.0.5 - missing functions: none
symbol engine: initialized successfully - sym options: 0x614 - pdb path: .;C:\Program Files\Eclipse Adoptium\jdk-25.0.4.7-hotspot\bin;C:\WINDOWS\SYSTEM32;C:\WINDOWS\WinSxS\amd64_microsoft.windows.common-controls_6595b64144ccf1df_6.0.26100.8972_none_3e0da176e32f9d4b;C:\Program Files\Eclipse Adoptium\jdk-25.0.4.7-hotspot\bin\server;C:\Users\leona\.gradle\native\660c5614fbf4a5f2a75b1949f50a0caf5cd603558e7d8a26e50b933a0cfb79d1\windows-amd64;C:\Users\leona\.gradle\native\0.2.8\x86_64-windows-gnu

VM Arguments:
jvm_args: --add-opens=java.base/java.lang=ALL-UNNAMED --add-opens=java.base/java.lang.invoke=ALL-UNNAMED --add-opens=java.base/java.util=ALL-UNNAMED --add-opens=java.prefs/java.util.prefs=ALL-UNNAMED --add-exports=jdk.compiler/com.sun.tools.javac.api=ALL-UNNAMED --add-exports=jdk.compiler/com.sun.tools.javac.util=ALL-UNNAMED --add-opens=java.base/java.nio.charset=ALL-UNNAMED --add-opens=java.base/java.net=ALL-UNNAMED --add-opens=java.base/java.util.concurrent=ALL-UNNAMED --add-opens=java.base/java.util.concurrent.atomic=ALL-UNNAMED --add-opens=java.xml/javax.xml.namespace=ALL-UNNAMED --add-opens=java.base/java.time=ALL-UNNAMED --enable-native-access=ALL-UNNAMED -Xmx2048m -Dfile.encoding=UTF-8 -Duser.country=US -Duser.language=en -Duser.variant -javaagent:C:\Users\leona\.gradle\wrapper\dists\gradle-9.6.0-bin\42k10rwplmzkhuboz9kdazi7s\gradle-9.6.0\lib\agents\gradle-instrumentation-agent-9.6.0.jar 
java_command: org.gradle.launcher.daemon.bootstrap.GradleDaemon 9.6.0
java_class_path (initial): C:\Users\leona\.gradle\wrapper\dists\gradle-9.6.0-bin\42k10rwplmzkhuboz9kdazi7s\gradle-9.6.0\lib\gradle-daemon-main-9.6.0.jar
Launcher Type: SUN_STANDARD

[Global flags]
     intx CICompilerCount                          = 12                                        {product} {ergonomic}
     uint ConcGCThreads                            = 3                                         {product} {ergonomic}
     uint G1ConcRefinementThreads                  = 13                                        {product} {ergonomic}
   size_t G1HeapRegionSize                         = 1048576                                   {product} {ergonomic}
   size_t InitialHeapSize                          = 264241152                                 {product} {ergonomic}
   size_t MarkStackSize                            = 4194304                                   {product} {ergonomic}
   size_t MarkStackSizeMax                         = 536870912                                 {product} {ergonomic}
   size_t MaxHeapSize                              = 2147483648                                {product} {command line}
   size_t MaxNewSize                               = 1287651328                                {product} {ergonomic}
   size_t MinHeapDeltaBytes                        = 1048576                                   {product} {ergonomic}
   size_t MinHeapSize                              = 8388608                                   {product} {ergonomic}
    uintx NonNMethodCodeHeapSize                   = 7667712                                {pd product} {ergonomic}
    uintx NonProfiledCodeHeapSize                  = 122028032                              {pd product} {ergonomic}
    uintx ProfiledCodeHeapSize                     = 122028032                              {pd product} {ergonomic}
    uintx ReservedCodeCacheSize                    = 251723776                              {pd product} {ergonomic}
     bool SegmentedCodeCache                       = true                                      {product} {ergonomic}
   size_t SoftMaxHeapSize                          = 2147483648                             {manageable} {ergonomic}
     bool UseCompressedOops                        = true                           {product lp64_product} {ergonomic}
     bool UseG1GC                                  = true                                      {product} {ergonomic}
     bool UseLargePagesIndividualAllocation        = false                                  {pd product} {ergonomic}

Logging:
Log output configuration:
 #0: stdout all=warning uptime,level,tags foldmultilines=false
 #1: stderr all=off uptime,level,tags foldmultilines=false

Release file:
IMPLEMENTOR="Eclipse Adoptium" 
IMPLEMENTOR_VERSION="Temurin-25.0.4+7" 
JAVA_RUNTIME_VERSION="25.0.4+7-LTS" 
JAVA_VERSION="25.0.4" 
JAVA_VERSION_DATE="2026-07-21" 
LIBC="default" 
MODULES="java.base java.compiler java.datatransfer java.xml java.prefs java.desktop java.instrument java.logging java.management java.security.sasl java.naming java.rmi java.management.rmi java.net.http java.scripting java.security.jgss java.transaction.xa java.sql java.sql.rowset java.xml.crypto java.se java.smartcardio jdk.accessibility jdk.internal.jvmstat jdk.attach jdk.charsets jdk.internal.opt jdk.zipfs jdk.compiler jdk.crypto.cryptoki jdk.crypto.ec jdk.crypto.mscapi jdk.dynalink jdk.internal.ed jdk.editpad jdk.internal.vm.ci jdk.graal.compiler jdk.graal.compiler.management jdk.hotspot.agent jdk.httpserver jdk.incubator.vector jdk.internal.le jdk.internal.md jdk.jartool jdk.javadoc jdk.jcmd jdk.management jdk.management.agent jdk.jconsole jdk.jdeps jdk.jdwp.agent jdk.jdi jdk.jfr jdk.jlink jdk.jpackage jdk.jshell jdk.jsobject jdk.jstatd jdk.localedata jdk.management.jfr jdk.naming.dns jdk.naming.rmi jdk.net jdk.nio.mapmode jdk.sctp jdk.security.auth jdk.security.jgss jdk.unsupported jdk.unsupported.desktop jdk.xml.dom" 
OS_ARCH="x86_64" 
OS_NAME="Windows" 
SOURCE=".:git:a2ce02c38bc9" 
BUILD_SOURCE="git:e6ba7dec3d07654074559310376a3ae89da5f4ac"
BUILD_SOURCE_REPO="https://github.com/adoptium/temurin-build.git"
SOURCE_REPO="https://github.com/adoptium/jdk25u.git"
FULL_VERSION="25.0.4+7-LTS"
SEMANTIC_VERSION="25.0.4+7"
BUILD_INFO="OS: Windows Server 2022 Version: 10.0"
JVM_VARIANT="Hotspot"
JVM_VERSION="25.0.4+7-LTS"
IMAGE_TYPE="JDK"

Environment Variables:
PATH=C:\Program Files\Eclipse Adoptium\jdk-25.0.4.7-hotspot\bin;C:\Program Files (x86)\Common Files\Oracle\Java\java8path;C:\Program Files (x86)\Common Files\Oracle\Java\javapath;C:\Python314\Scripts\;C:\Python314\;C:\WINDOWS\system32;C:\WINDOWS;C:\WINDOWS\System32\Wbem;C:\WINDOWS\System32\WindowsPowerShell\v1.0\;C:\WINDOWS\System32\OpenSSH\;C:\Program Files\nodejs\;C:\ProgramData\chocolatey\bin;C:\Program Files (x86)\NVIDIA Corporation\PhysX\Common;C:\msys64\ucrt64\bin;C:\Program Files\Git\cmd;C:\Users\leona\AppData\Local\Programs\Python\Python313\Scripts\;C:\Users\leona\AppData\Local\Programs\Python\Python313\;C:\Users\leona\AppData\Local\Microsoft\WindowsApps;C:\Users\leona\AppData\Roaming\npm;C:\Users\leona\AppData\Local\Programs\Microsoft VS Code\bin
USERNAME=leona
OS=Windows_NT
PROCESSOR_IDENTIFIER=Intel64 Family 6 Model 186 Stepping 2, GenuineIntel
TMP=C:\Users\leona\AppData\Local\Temp
TEMP=C:\Users\leona\AppData\Local\Temp




Compilation memory statistics disabled.

Periodic native trim disabled

---------------  S Y S T E M  ---------------

OS:
 Windows 11 , 64 bit Build 26100 (10.0.26100.9168)
OS uptime: 3 days 8:04 hours
Hyper-V role detected

CPU: total 16 (initial active 16) (8 cores per cpu, 2 threads per core) family 6 model 186 stepping 2 microcode 0x410e, cx8, cmov, fxsr, ht, mmx, 3dnowpref, sse, sse2, sse3, ssse3, sse4.1, sse4.2, popcnt, lzcnt, tsc, tscinvbit, avx, avx2, aes, erms, clmul, bmi1, bmi2, adx, sha, fma, vzeroupper, clflush, clflushopt, clwb, hv, serialize, rdtscp, rdpid, fsrm, gfni, f16c, cet_ibt, cet_ss
Processor Information for the first 16 processors :
  Max Mhz: 2400, Current Mhz: 2400, Mhz Limit: 2400

Memory: 4k page, system-wide physical 16122M (586M free)
TotalPageFile size 65274M (AvailPageFile size 118M)
current process WorkingSet (physical memory assigned to process): 29M, peak: 191M
current process commit charge ("private bytes"): 269M, peak: 447M

vm_info: OpenJDK 64-Bit Server VM (25.0.4+7-LTS) for windows-amd64 JRE (25.0.4+7-LTS), built on 2026-07-21T00:00:00Z with MS VC++ 17.12 (VS2022)

END.
