#
# There is insufficient memory for the Java Runtime Environment to continue.
# Native memory allocation (malloc) failed to allocate 194712 bytes. Error detail: Chunk::new
# Possible reasons:
#   The system is out of physical RAM or swap space
#   This process is running with CompressedOops enabled, and the Java Heap may be blocking the growth of the native heap
# Possible solutions:
#   Reduce memory load on the system
#   Increase physical memory or swap space
#   Check if swap backing store is full
#   Decrease Java heap size (-Xmx/-Xms)
#   Decrease number of Java threads
#   Decrease Java thread stack sizes (-Xss)
#   Set larger code cache with -XX:ReservedCodeCacheSize=
#   JVM is running with Unscaled Compressed Oops mode in which the Java heap is
#     placed in the first 4GB address space. The Java Heap base address is the
#     maximum limit for the native heap growth. Please use -XX:HeapBaseMinAddress
#     to set the Java Heap base and to place the Java Heap above 4GB virtual address.
# This output file may be truncated or incomplete.
#
#  Out of Memory Error (arena.cpp:186), pid=30544, tid=28948
#
# JRE version: OpenJDK Runtime Environment Temurin-25.0.4+7 (25.0.4+7) (build 25.0.4+7-LTS)
# Java VM: OpenJDK 64-Bit Server VM Temurin-25.0.4+7 (25.0.4+7-LTS, mixed mode, sharing, tiered, compressed oops, compressed class ptrs, g1 gc, windows-amd64)
# No core dump will be written. Minidumps are not enabled by default on client versions of Windows
#

---------------  S U M M A R Y ------------

Command Line: --add-opens=java.base/java.lang=ALL-UNNAMED --add-opens=java.base/java.lang.invoke=ALL-UNNAMED --add-opens=java.base/java.util=ALL-UNNAMED --add-opens=java.prefs/java.util.prefs=ALL-UNNAMED --add-exports=jdk.compiler/com.sun.tools.javac.api=ALL-UNNAMED --add-exports=jdk.compiler/com.sun.tools.javac.util=ALL-UNNAMED --add-opens=java.base/java.nio.charset=ALL-UNNAMED --add-opens=java.base/java.net=ALL-UNNAMED --add-opens=java.base/java.util.concurrent=ALL-UNNAMED --add-opens=java.base/java.util.concurrent.atomic=ALL-UNNAMED --add-opens=java.xml/javax.xml.namespace=ALL-UNNAMED --add-opens=java.base/java.time=ALL-UNNAMED --enable-native-access=ALL-UNNAMED -Xmx2048m -Dfile.encoding=UTF-8 -Duser.country=US -Duser.language=en -Duser.variant -javaagent:C:\Users\leona\.gradle\wrapper\dists\gradle-9.6.0-bin\42k10rwplmzkhuboz9kdazi7s\gradle-9.6.0\lib\agents\gradle-instrumentation-agent-9.6.0.jar org.gradle.launcher.daemon.bootstrap.GradleDaemon 9.6.0

Host: 13th Gen Intel(R) Core(TM) i7-13620H, 16 cores, 15G,  Windows 11 , 64 bit Build 26100 (10.0.26100.9168)
Time: Fri Sep 11 00:42:09 2026 Central Standard Time (Mexico) elapsed time: 258.335365 seconds (0d 0h 4m 18s)

---------------  T H R E A D  ---------------

Current thread (0x0000024939cb0c70):  JavaThread "C2 CompilerThread0" daemon [_thread_in_native, id=28948, stack(0x0000006f64000000,0x0000006f64100000) (1024K)]


Current CompileTask:
C2:258409 5453   !   4       sun.nio.ch.NativeThreadSet::remove (132 bytes)

Stack: [0x0000006f64000000,0x0000006f64100000]
Native frames: (J=compiled Java code, j=interpreted, Vv=VM code, C=native code)
V  [jvm.dll+0x7aba79]  (no source info available)
V  [jvm.dll+0x775a3d]  (no source info available)
V  [jvm.dll+0x9fb9ed]  (no source info available)
V  [jvm.dll+0x9fdfe1]  (no source info available)
V  [jvm.dll+0x9fe6f3]  (no source info available)
V  [jvm.dll+0x2fdb36]  (no source info available)
V  [jvm.dll+0x111936]  (no source info available)
V  [jvm.dll+0x111c5e]  (no source info available)
V  [jvm.dll+0x1a08d2]  (no source info available)
V  [jvm.dll+0x3b7292]  (no source info available)
V  [jvm.dll+0x7b13fc]  (no source info available)
V  [jvm.dll+0x2c0ef7]  (no source info available)
V  [jvm.dll+0x2bfebf]  (no source info available)
V  [jvm.dll+0x237a30]  (no source info available)
V  [jvm.dll+0x2cffb6]  (no source info available)
V  [jvm.dll+0x2ce23a]  (no source info available)
V  [jvm.dll+0x49131e]  (no source info available)
V  [jvm.dll+0x99cb1d]  (no source info available)
V  [jvm.dll+0x7aa025]  (no source info available)
C  [ucrtbase.dll+0x2cd30]  (no source info available)
C  [KERNEL32.DLL+0x2ccb7]  (no source info available)
C  [ntdll.dll+0xaad6c]  (no source info available)

Lock stack of current Java thread (top to bottom):


---------------  P R O C E S S  ---------------

Threads class SMR info:
_java_thread_list=0x0000024940f14000, length=34, elements={
0x000002491c311600, 0x0000024939dfde30, 0x0000024939dfe740, 0x0000024939dff9b0,
0x0000024939e006c0, 0x0000024939e01280, 0x0000024939e01e40, 0x0000024939cb0c70,
0x0000024939cb1480, 0x000002493a21fd50, 0x000002493a20ede0, 0x0000024940812f10,
0x0000024940839f00, 0x00000249409a4350, 0x000002493a0a97b0, 0x000002493a0aafc0,
0x000002493a6d15e0, 0x000002493a6d1db0, 0x000002493f0b53d0, 0x000002493f0b6370,
0x000002493f0b7310, 0x000002493f0b82b0, 0x000002493f0ba9c0, 0x000002493f0bb190,
0x0000024941e70d90, 0x0000024941e6deb0, 0x0000024941e734a0, 0x0000024941e72500,
0x0000024941c09e80, 0x0000024941c0a650, 0x0000024941c0ae20, 0x0000024941c0b5f0,
0x0000024941c0bdc0, 0x0000024941c0cd60
}

Java Threads: ( => current thread )
  0x000002491c311600 JavaThread "main"                              [_thread_blocked, id=23576, stack(0x0000006f63200000,0x0000006f63300000) (1024K)]
  0x0000024939dfde30 JavaThread "Reference Handler"          daemon [_thread_blocked, id=30420, stack(0x0000006f63a00000,0x0000006f63b00000) (1024K)]
  0x0000024939dfe740 JavaThread "Finalizer"                  daemon [_thread_blocked, id=30452, stack(0x0000006f63b00000,0x0000006f63c00000) (1024K)]
  0x0000024939dff9b0 JavaThread "Signal Dispatcher"          daemon [_thread_blocked, id=30336, stack(0x0000006f63c00000,0x0000006f63d00000) (1024K)]
  0x0000024939e006c0 JavaThread "Attach Listener"            daemon [_thread_blocked, id=30580, stack(0x0000006f63d00000,0x0000006f63e00000) (1024K)]
  0x0000024939e01280 JavaThread "Service Thread"             daemon [_thread_blocked, id=30564, stack(0x0000006f63e00000,0x0000006f63f00000) (1024K)]
  0x0000024939e01e40 JavaThread "Monitor Deflation Thread"   daemon [_thread_blocked, id=30700, stack(0x0000006f63f00000,0x0000006f64000000) (1024K)]
=>0x0000024939cb0c70 JavaThread "C2 CompilerThread0"         daemon [_thread_in_native, id=28948, stack(0x0000006f64000000,0x0000006f64100000) (1024K)]
  0x0000024939cb1480 JavaThread "C1 CompilerThread0"         daemon [_thread_blocked, id=26800, stack(0x0000006f64100000,0x0000006f64200000) (1024K)]
  0x000002493a21fd50 JavaThread "Common-Cleaner"             daemon [_thread_blocked, id=29144, stack(0x0000006f64200000,0x0000006f64300000) (1024K)]
  0x000002493a20ede0 JavaThread "Notification Thread"        daemon [_thread_blocked, id=29132, stack(0x0000006f64300000,0x0000006f64400000) (1024K)]
  0x0000024940812f10 JavaThread "Daemon health stats"               [_thread_in_vm, id=13148, stack(0x0000006f64700000,0x0000006f64800000) (1024K)]
  0x0000024940839f00 JavaThread "Incoming local TCP Connector on port 53718"        [_thread_in_native, id=18876, stack(0x0000006f64400000,0x0000006f64500000) (1024K)]
  0x00000249409a4350 JavaThread "Daemon periodic checks"            [_thread_blocked, id=29616, stack(0x0000006f64500000,0x0000006f64600000) (1024K)]
  0x000002493a0a97b0 JavaThread "Daemon"                            [_thread_blocked, id=31148, stack(0x0000006f64600000,0x0000006f64700000) (1024K)]
  0x000002493a0aafc0 JavaThread "Handler for socket connection from /127.0.0.1:53718 to /127.0.0.1:53722"        [_thread_in_native, id=31228, stack(0x0000006f64d00000,0x0000006f64e00000) (1024K)]
  0x000002493a6d15e0 JavaThread "Cancel handler"                    [_thread_blocked, id=31572, stack(0x0000006f64e00000,0x0000006f64f00000) (1024K)]
  0x000002493a6d1db0 JavaThread "Daemon worker"                     [_thread_blocked, id=31672, stack(0x0000006f64f00000,0x0000006f65000000) (1024K)]
  0x000002493f0b53d0 JavaThread "Asynchronous log dispatcher for DefaultDaemonConnection: socket connection from /127.0.0.1:53718 to /127.0.0.1:53722"        [_thread_blocked, id=31688, stack(0x0000006f65000000,0x0000006f65100000) (1024K)]
  0x000002493f0b6370 JavaThread "Stdin handler"                     [_thread_blocked, id=31740, stack(0x0000006f65100000,0x0000006f65200000) (1024K)]
  0x000002493f0b7310 JavaThread "Daemon client event forwarder"        [_thread_blocked, id=30764, stack(0x0000006f65200000,0x0000006f65300000) (1024K)]
  0x000002493f0b82b0 JavaThread "Cache worker for journal cache (C:\Users\leona\.gradle\caches\journal-1)"        [_thread_blocked, id=31708, stack(0x0000006f65300000,0x0000006f65400000) (1024K)]
  0x000002493f0ba9c0 JavaThread "File lock request listener"        [_thread_in_native, id=31720, stack(0x0000006f65400000,0x0000006f65500000) (1024K)]
  0x000002493f0bb190 JavaThread "Cache worker for file hash cache (C:\Users\leona\.gradle\caches\9.6.0\fileHashes)"        [_thread_blocked, id=31396, stack(0x0000006f65600000,0x0000006f65700000) (1024K)]
  0x0000024941e70d90 JavaThread "Cache worker for file hash cache (C:\Users\leona\AndroidStudioProjects\Fondly\.gradle\9.6.0\fileHashes)"        [_thread_blocked, id=34592, stack(0x0000006f66000000,0x0000006f66100000) (1024K)]
  0x0000024941e6deb0 JavaThread "Cache worker for Build Output Cleanup Cache (C:\Users\leona\AndroidStudioProjects\Fondly\.gradle\buildOutputCleanup)"        [_thread_blocked, id=16712, stack(0x0000006f66100000,0x0000006f66200000) (1024K)]
  0x0000024941e734a0 JavaThread "File watcher server"        daemon [_thread_in_native, id=12680, stack(0x0000006f66200000,0x0000006f66300000) (1024K)]
  0x0000024941e72500 JavaThread "File watcher consumer"      daemon [_thread_blocked, id=34716, stack(0x0000006f66300000,0x0000006f66400000) (1024K)]
  0x0000024941c09e80 JavaThread "Cache worker for file content cache (C:\Users\leona\.gradle\caches\9.6.0\fileContent)"        [_thread_blocked, id=31260, stack(0x0000006f66400000,0x0000006f66500000) (1024K)]
  0x0000024941c0a650 JavaThread "Cache worker for checksums cache (C:\Users\leona\AndroidStudioProjects\Fondly\.gradle\9.6.0\checksums)"        [_thread_blocked, id=34056, stack(0x0000006f66500000,0x0000006f66600000) (1024K)]
  0x0000024941c0ae20 JavaThread "Cache worker for cache directory md-supplier (C:\Users\leona\.gradle\caches\9.6.0\md-supplier)"        [_thread_blocked, id=20968, stack(0x0000006f65f00000,0x0000006f66000000) (1024K)]
  0x0000024941c0b5f0 JavaThread "Cache worker for cache directory md-rule (C:\Users\leona\.gradle\caches\9.6.0\md-rule)"        [_thread_blocked, id=32148, stack(0x0000006f66600000,0x0000006f66700000) (1024K)]
  0x0000024941c0bdc0 JavaThread "jar transforms"                    [_thread_blocked, id=28732, stack(0x0000006f62f00000,0x0000006f63000000) (1024K)]
  0x0000024941c0cd60 JavaThread "jar transforms Thread 2"           [_thread_blocked, id=31680, stack(0x0000006f63000000,0x0000006f63100000) (1024K)]
Total: 34

Other Threads:
  0x0000024939de87f0 VMThread "VM Thread"                           [id=29604, stack(0x0000006f63900000,0x0000006f63a00000) (1024K)]
  0x0000024939cb6c60 WatcherThread "VM Periodic Task Thread"        [id=30296, stack(0x0000006f63800000,0x0000006f63900000) (1024K)]
  0x000002491c370660 WorkerThread "GC Thread#0"                     [id=29876, stack(0x0000006f63300000,0x0000006f63400000) (1024K)]
  0x000002493a304cb0 WorkerThread "GC Thread#1"                     [id=2072, stack(0x0000006f64800000,0x0000006f64900000) (1024K)]
  0x000002493a306f30 WorkerThread "GC Thread#2"                     [id=16512, stack(0x0000006f64900000,0x0000006f64a00000) (1024K)]
  0x000002493a303b70 WorkerThread "GC Thread#3"                     [id=17196, stack(0x0000006f64a00000,0x0000006f64b00000) (1024K)]
  0x000002493a304410 WorkerThread "GC Thread#4"                     [id=30052, stack(0x0000006f64b00000,0x0000006f64c00000) (1024K)]
  0x000002493a307380 WorkerThread "GC Thread#5"                     [id=29484, stack(0x0000006f64c00000,0x0000006f64d00000) (1024K)]
  0x00000249408180e0 WorkerThread "GC Thread#6"                     [id=14852, stack(0x0000006f63100000,0x0000006f63200000) (1024K)]
  0x0000024940818530 WorkerThread "GC Thread#7"                     [id=32660, stack(0x0000006f65700000,0x0000006f65800000) (1024K)]
  0x0000024940818980 WorkerThread "GC Thread#8"                     [id=31340, stack(0x0000006f65800000,0x0000006f65900000) (1024K)]
  0x0000024940814d20 WorkerThread "GC Thread#9"                     [id=31884, stack(0x0000006f65900000,0x0000006f65a00000) (1024K)]
  0x0000024940818dd0 WorkerThread "GC Thread#10"                    [id=33348, stack(0x0000006f65a00000,0x0000006f65b00000) (1024K)]
  0x0000024940819ac0 WorkerThread "GC Thread#11"                    [id=16528, stack(0x0000006f65b00000,0x0000006f65c00000) (1024K)]
  0x0000024940819220 WorkerThread "GC Thread#12"                    [id=33356, stack(0x0000006f65c00000,0x0000006f65d00000) (1024K)]
  0x000002491c3897b0 ConcurrentGCThread "G1 Main Marker"            [id=29720, stack(0x0000006f63400000,0x0000006f63500000) (1024K)]
  0x000002491c38b360 WorkerThread "G1 Conc#0"                       [id=29856, stack(0x0000006f63500000,0x0000006f63600000) (1024K)]
  0x000002494081a360 WorkerThread "G1 Conc#1"                       [id=26676, stack(0x0000006f65d00000,0x0000006f65e00000) (1024K)]
  0x000002494081a7b0 WorkerThread "G1 Conc#2"                       [id=27124, stack(0x0000006f65e00000,0x0000006f65f00000) (1024K)]
  0x0000024939c8ade0 ConcurrentGCThread "G1 Refine#0"               [id=30628, stack(0x0000006f63600000,0x0000006f63700000) (1024K)]
  0x0000024939c8b9f0 ConcurrentGCThread "G1 Service"                [id=25664, stack(0x0000006f63700000,0x0000006f63800000) (1024K)]
Total: 21

Threads with active compile tasks:
C2 CompilerThread0  259785 5453   !   4       sun.nio.ch.NativeThreadSet::remove (132 bytes)
Total: 1

VM state: not at safepoint (normal execution)

VM Mutex/Monitor currently owned by a thread: None

Heap address: 0x0000000080000000, size: 2048 MB, Compressed Oops mode: 32-bit

CDS archive(s) mapped at: [0x0000000027000000-0x0000000027db0000-0x0000000027db0000), size 14352384, SharedBaseAddress: 0x0000000027000000, ArchiveRelocationMode: 1.
Compressed class space mapped at: 0x0000000028000000-0x0000000068000000, reserved size: 1073741824
UseCompressedClassPointers 1, UseCompactObjectHeaders 0
Narrow klass pointer bits 32, Max shift 3
Narrow klass base: 0x0000000027000000, Narrow klass shift: 0
Encoding Range: [0x0000000027000000 - 0x0000000127000000), (4294967296 bytes)
Klass Range:    [0x0000000027010000 - 0x0000000068000000), (1090453504 bytes)
Klass ID Range:  [65536 - 1090519033) (1090453497)
Protection zone: [0x0000000027000000 - 0x0000000027010000), (65536 bytes)

GC Precious Log:
 CardTable entry size: 512
 Card Set container configuration: InlinePtr #cards 5 size 8 Array Of Cards #cards 10 size 36 Howl #buckets 4 coarsen threshold 1843 Howl Bitmap #cards 512 size 80 coarsen threshold 460 Card regions per heap region 1 cards per card region 2048
 CPUs: 16 total, 16 available
 Memory: 16122M
 Large Page Support: Disabled
 NUMA Support: Disabled
 Compressed Oops: Enabled (32-bit)
 Heap Region Size: 1M
 Heap Min Capacity: 8M
 Heap Initial Capacity: 252M
 Heap Max Capacity: 2G
 Pre-touch: Disabled
 Parallel Workers: 13
 Concurrent Workers: 3
 Concurrent Refinement Workers: 13
 Periodic GC: Disabled

Heap:
 garbage-first heap   total reserved 2097152K, committed 92160K, used 47930K [0x0000000080000000, 0x0000000100000000)
  region size 1024K, 20 young (20480K), 6 survivors (6144K)

Heap Regions: E=young(eden), S=young(survivor), O=old, HS=humongous(starts), HC=humongous(continues), CS=collection set, F=free, TAMS=top-at-mark-start, PB=parsable bottom
|   0|0x0000000080000000, 0x0000000080100000, 0x0000000080100000|100%|HS|  |TAMS 0x0000000080000000| PB 0x0000000080000000| Complete |  0
|   1|0x0000000080100000, 0x0000000080200000, 0x0000000080200000|100%|HC|  |TAMS 0x0000000080100000| PB 0x0000000080100000| Complete |  0
|   2|0x0000000080200000, 0x0000000080300000, 0x0000000080300000|100%|HC|  |TAMS 0x0000000080200000| PB 0x0000000080200000| Complete |  0
|   3|0x0000000080300000, 0x0000000080400000, 0x0000000080400000|100%|HC|  |TAMS 0x0000000080300000| PB 0x0000000080300000| Complete |  0
|   4|0x0000000080400000, 0x0000000080500000, 0x0000000080500000|100%| O|  |TAMS 0x0000000080400000| PB 0x0000000080400000| Untracked |  0
|   5|0x0000000080500000, 0x0000000080600000, 0x0000000080600000|100%| O|  |TAMS 0x0000000080500000| PB 0x0000000080500000| Untracked |  0
|   6|0x0000000080600000, 0x0000000080700000, 0x0000000080700000|100%|HS|  |TAMS 0x0000000080600000| PB 0x0000000080600000| Complete |  0
|   7|0x0000000080700000, 0x0000000080800000, 0x0000000080800000|100%| O|  |TAMS 0x0000000080700000| PB 0x0000000080700000| Untracked |  0
|   8|0x0000000080800000, 0x0000000080900000, 0x0000000080900000|100%| O|  |TAMS 0x0000000080800000| PB 0x0000000080800000| Untracked |  0
|   9|0x0000000080900000, 0x0000000080a00000, 0x0000000080a00000|100%| O|  |TAMS 0x0000000080900000| PB 0x0000000080900000| Untracked |  0
|  10|0x0000000080a00000, 0x0000000080b00000, 0x0000000080b00000|100%| O|  |TAMS 0x0000000080a00000| PB 0x0000000080a00000| Untracked |  0
|  11|0x0000000080b00000, 0x0000000080c00000, 0x0000000080c00000|100%| O|  |TAMS 0x0000000080b00000| PB 0x0000000080b00000| Untracked |  0
|  12|0x0000000080c00000, 0x0000000080d00000, 0x0000000080d00000|100%| O|  |TAMS 0x0000000080c00000| PB 0x0000000080c00000| Untracked |  0
|  13|0x0000000080d00000, 0x0000000080d4ea68, 0x0000000080e00000| 30%| O|Cm|TAMS 0x0000000080d00000| PB 0x0000000080d00000| Complete |  0
|  14|0x0000000080e00000, 0x0000000080f00000, 0x0000000080f00000|100%| O|  |TAMS 0x0000000080e00000| PB 0x0000000080e00000| Untracked |  0
|  15|0x0000000080f00000, 0x0000000081000000, 0x0000000081000000|100%| O|  |TAMS 0x0000000080f00000| PB 0x0000000080f00000| Untracked |  0
|  16|0x0000000081000000, 0x0000000081100000, 0x0000000081100000|100%| O|  |TAMS 0x0000000081000000| PB 0x0000000081000000| Untracked |  0
|  17|0x0000000081100000, 0x0000000081200000, 0x0000000081200000|100%| O|  |TAMS 0x0000000081100000| PB 0x0000000081100000| Untracked |  0
|  18|0x0000000081200000, 0x0000000081300000, 0x0000000081300000|100%| O|  |TAMS 0x0000000081200000| PB 0x0000000081200000| Untracked |  0
|  19|0x0000000081300000, 0x0000000081400000, 0x0000000081400000|100%| O|  |TAMS 0x0000000081300000| PB 0x0000000081300000| Untracked |  0
|  20|0x0000000081400000, 0x0000000081500000, 0x0000000081500000|100%| O|  |TAMS 0x0000000081400000| PB 0x0000000081400000| Untracked |  0
|  21|0x0000000081500000, 0x0000000081600000, 0x0000000081600000|100%| O|  |TAMS 0x0000000081500000| PB 0x0000000081500000| Untracked |  0
|  22|0x0000000081600000, 0x0000000081700000, 0x0000000081700000|100%| O|  |TAMS 0x0000000081600000| PB 0x0000000081600000| Untracked |  0
|  23|0x0000000081700000, 0x0000000081800000, 0x0000000081800000|100%| O|  |TAMS 0x0000000081700000| PB 0x0000000081700000| Untracked |  0
|  24|0x0000000081800000, 0x0000000081900000, 0x0000000081900000|100%| O|  |TAMS 0x0000000081800000| PB 0x0000000081800000| Untracked |  0
|  25|0x0000000081900000, 0x0000000081a00000, 0x0000000081a00000|100%| O|  |TAMS 0x0000000081900000| PB 0x0000000081900000| Untracked |  0
|  26|0x0000000081a00000, 0x0000000081b00000, 0x0000000081b00000|100%| O|  |TAMS 0x0000000081a00000| PB 0x0000000081a00000| Untracked |  0
|  27|0x0000000081b00000, 0x0000000081b00000, 0x0000000081c00000|  0%| F|  |TAMS 0x0000000081b00000| PB 0x0000000081b00000| Untracked |  0
|  28|0x0000000081c00000, 0x0000000081c00000, 0x0000000081d00000|  0%| F|  |TAMS 0x0000000081c00000| PB 0x0000000081c00000| Untracked |  0
|  29|0x0000000081d00000, 0x0000000081e00000, 0x0000000081e00000|100%| O|  |TAMS 0x0000000081d00000| PB 0x0000000081d00000| Untracked |  0
|  30|0x0000000081e00000, 0x0000000081e61168, 0x0000000081f00000| 37%| O|  |TAMS 0x0000000081e00000| PB 0x0000000081e00000| Untracked |  0
|  31|0x0000000081f00000, 0x0000000081f00000, 0x0000000082000000|  0%| F|  |TAMS 0x0000000081f00000| PB 0x0000000081f00000| Untracked |  0
|  32|0x0000000082000000, 0x0000000082000000, 0x0000000082100000|  0%| F|  |TAMS 0x0000000082000000| PB 0x0000000082000000| Untracked |  0
|  33|0x0000000082100000, 0x0000000082100000, 0x0000000082200000|  0%| F|  |TAMS 0x0000000082100000| PB 0x0000000082100000| Untracked |  0
|  34|0x0000000082200000, 0x0000000082200000, 0x0000000082300000|  0%| F|  |TAMS 0x0000000082200000| PB 0x0000000082200000| Untracked |  0
|  35|0x0000000082300000, 0x0000000082300000, 0x0000000082400000|  0%| F|  |TAMS 0x0000000082300000| PB 0x0000000082300000| Untracked |  0
|  36|0x0000000082400000, 0x0000000082400000, 0x0000000082500000|  0%| F|  |TAMS 0x0000000082400000| PB 0x0000000082400000| Untracked |  0
|  37|0x0000000082500000, 0x000000008251ec60, 0x0000000082600000| 12%| S|CS|TAMS 0x0000000082500000| PB 0x0000000082500000| Complete |  0
|  38|0x0000000082600000, 0x0000000082700000, 0x0000000082700000|100%| S|CS|TAMS 0x0000000082600000| PB 0x0000000082600000| Complete |  0
|  39|0x0000000082700000, 0x0000000082800000, 0x0000000082800000|100%| S|CS|TAMS 0x0000000082700000| PB 0x0000000082700000| Complete |  0
|  40|0x0000000082800000, 0x0000000082900000, 0x0000000082900000|100%| S|CS|TAMS 0x0000000082800000| PB 0x0000000082800000| Complete |  0
|  41|0x0000000082900000, 0x0000000082a00000, 0x0000000082a00000|100%| S|CS|TAMS 0x0000000082900000| PB 0x0000000082900000| Complete |  0
|  42|0x0000000082a00000, 0x0000000082b00000, 0x0000000082b00000|100%| S|CS|TAMS 0x0000000082a00000| PB 0x0000000082a00000| Complete |  0
|  43|0x0000000082b00000, 0x0000000082b00000, 0x0000000082c00000|  0%| F|  |TAMS 0x0000000082b00000| PB 0x0000000082b00000| Untracked |  0
|  44|0x0000000082c00000, 0x0000000082c00000, 0x0000000082d00000|  0%| F|  |TAMS 0x0000000082c00000| PB 0x0000000082c00000| Untracked |  0
|  45|0x0000000082d00000, 0x0000000082d00000, 0x0000000082e00000|  0%| F|  |TAMS 0x0000000082d00000| PB 0x0000000082d00000| Untracked |  0
|  46|0x0000000082e00000, 0x0000000082e00000, 0x0000000082f00000|  0%| F|  |TAMS 0x0000000082e00000| PB 0x0000000082e00000| Untracked |  0
|  47|0x0000000082f00000, 0x0000000082f00000, 0x0000000083000000|  0%| F|  |TAMS 0x0000000082f00000| PB 0x0000000082f00000| Untracked |  0
|  48|0x0000000083000000, 0x0000000083000000, 0x0000000083100000|  0%| F|  |TAMS 0x0000000083000000| PB 0x0000000083000000| Untracked |  0
|  49|0x0000000083100000, 0x0000000083100000, 0x0000000083200000|  0%| F|  |TAMS 0x0000000083100000| PB 0x0000000083100000| Untracked |  0
|  50|0x0000000083200000, 0x0000000083200000, 0x0000000083300000|  0%| F|  |TAMS 0x0000000083200000| PB 0x0000000083200000| Untracked |  0
|  51|0x0000000083300000, 0x0000000083300000, 0x0000000083400000|  0%| F|  |TAMS 0x0000000083300000| PB 0x0000000083300000| Untracked |  0
|  52|0x0000000083400000, 0x0000000083400000, 0x0000000083500000|  0%| F|  |TAMS 0x0000000083400000| PB 0x0000000083400000| Untracked |  0
|  53|0x0000000083500000, 0x0000000083500000, 0x0000000083600000|  0%| F|  |TAMS 0x0000000083500000| PB 0x0000000083500000| Untracked |  0
|  54|0x0000000083600000, 0x0000000083600000, 0x0000000083700000|  0%| F|  |TAMS 0x0000000083600000| PB 0x0000000083600000| Untracked |  0
|  55|0x0000000083700000, 0x0000000083700000, 0x0000000083800000|  0%| F|  |TAMS 0x0000000083700000| PB 0x0000000083700000| Untracked |  0
|  56|0x0000000083800000, 0x0000000083800000, 0x0000000083900000|  0%| F|  |TAMS 0x0000000083800000| PB 0x0000000083800000| Untracked |  0
|  57|0x0000000083900000, 0x0000000083900000, 0x0000000083a00000|  0%| F|  |TAMS 0x0000000083900000| PB 0x0000000083900000| Untracked |  0
|  58|0x0000000083a00000, 0x0000000083a00000, 0x0000000083b00000|  0%| F|  |TAMS 0x0000000083a00000| PB 0x0000000083a00000| Untracked |  0
|  59|0x0000000083b00000, 0x0000000083b00000, 0x0000000083c00000|  0%| F|  |TAMS 0x0000000083b00000| PB 0x0000000083b00000| Untracked |  0
|  60|0x0000000083c00000, 0x0000000083c00000, 0x0000000083d00000|  0%| F|  |TAMS 0x0000000083c00000| PB 0x0000000083c00000| Untracked |  0
|  61|0x0000000083d00000, 0x0000000083d00000, 0x0000000083e00000|  0%| F|  |TAMS 0x0000000083d00000| PB 0x0000000083d00000| Untracked |  0
|  62|0x0000000083e00000, 0x0000000083e00000, 0x0000000083f00000|  0%| F|  |TAMS 0x0000000083e00000| PB 0x0000000083e00000| Untracked |  0
|  63|0x0000000083f00000, 0x0000000083f00000, 0x0000000084000000|  0%| F|  |TAMS 0x0000000083f00000| PB 0x0000000083f00000| Untracked |  0
|  64|0x0000000084000000, 0x0000000084000000, 0x0000000084100000|  0%| F|  |TAMS 0x0000000084000000| PB 0x0000000084000000| Untracked |  0
|  65|0x0000000084100000, 0x0000000084100000, 0x0000000084200000|  0%| F|  |TAMS 0x0000000084100000| PB 0x0000000084100000| Untracked |  0
|  66|0x0000000084200000, 0x0000000084200000, 0x0000000084300000|  0%| F|  |TAMS 0x0000000084200000| PB 0x0000000084200000| Untracked |  0
|  67|0x0000000084300000, 0x0000000084300000, 0x0000000084400000|  0%| F|  |TAMS 0x0000000084300000| PB 0x0000000084300000| Untracked |  0
|  68|0x0000000084400000, 0x0000000084400000, 0x0000000084500000|  0%| F|  |TAMS 0x0000000084400000| PB 0x0000000084400000| Untracked |  0
|  69|0x0000000084500000, 0x0000000084500000, 0x0000000084600000|  0%| F|  |TAMS 0x0000000084500000| PB 0x0000000084500000| Untracked |  0
|  70|0x0000000084600000, 0x0000000084600000, 0x0000000084700000|  0%| F|  |TAMS 0x0000000084600000| PB 0x0000000084600000| Untracked |  0
|  71|0x0000000084700000, 0x0000000084700000, 0x0000000084800000|  0%| F|  |TAMS 0x0000000084700000| PB 0x0000000084700000| Untracked |  0
|  72|0x0000000084800000, 0x0000000084800000, 0x0000000084900000|  0%| F|  |TAMS 0x0000000084800000| PB 0x0000000084800000| Untracked |  0
|  73|0x0000000084900000, 0x0000000084900000, 0x0000000084a00000|  0%| F|  |TAMS 0x0000000084900000| PB 0x0000000084900000| Untracked |  0
|  74|0x0000000084a00000, 0x0000000084a00000, 0x0000000084b00000|  0%| F|  |TAMS 0x0000000084a00000| PB 0x0000000084a00000| Untracked |  0
|  75|0x0000000084b00000, 0x0000000084b3b328, 0x0000000084c00000| 23%| E|  |TAMS 0x0000000084b00000| PB 0x0000000084b00000| Complete |  0
| 221|0x000000008dd00000, 0x000000008de00000, 0x000000008de00000|100%| E|CS|TAMS 0x000000008dd00000| PB 0x000000008dd00000| Complete |  0
| 222|0x000000008de00000, 0x000000008df00000, 0x000000008df00000|100%| E|CS|TAMS 0x000000008de00000| PB 0x000000008de00000| Complete |  0
| 223|0x000000008df00000, 0x000000008e000000, 0x000000008e000000|100%| E|CS|TAMS 0x000000008df00000| PB 0x000000008df00000| Complete |  0
| 224|0x000000008e000000, 0x000000008e100000, 0x000000008e100000|100%| E|CS|TAMS 0x000000008e000000| PB 0x000000008e000000| Complete |  0
| 225|0x000000008e100000, 0x000000008e200000, 0x000000008e200000|100%| E|CS|TAMS 0x000000008e100000| PB 0x000000008e100000| Complete |  0
| 226|0x000000008e200000, 0x000000008e300000, 0x000000008e300000|100%| E|CS|TAMS 0x000000008e200000| PB 0x000000008e200000| Complete |  0
| 227|0x000000008e300000, 0x000000008e400000, 0x000000008e400000|100%| E|CS|TAMS 0x000000008e300000| PB 0x000000008e300000| Complete |  0
| 228|0x000000008e400000, 0x000000008e500000, 0x000000008e500000|100%| E|CS|TAMS 0x000000008e400000| PB 0x000000008e400000| Complete |  0
| 229|0x000000008e500000, 0x000000008e600000, 0x000000008e600000|100%| E|CS|TAMS 0x000000008e500000| PB 0x000000008e500000| Complete |  0
| 230|0x000000008e600000, 0x000000008e700000, 0x000000008e700000|100%| E|CS|TAMS 0x000000008e600000| PB 0x000000008e600000| Complete |  0
| 231|0x000000008e700000, 0x000000008e800000, 0x000000008e800000|100%| E|CS|TAMS 0x000000008e700000| PB 0x000000008e700000| Complete |  0
| 251|0x000000008fb00000, 0x000000008fc00000, 0x000000008fc00000|100%| E|CS|TAMS 0x000000008fb00000| PB 0x000000008fb00000| Complete |  0
|2046|0x00000000ffe00000, 0x00000000fff00000, 0x00000000fff00000|100%| O|  |TAMS 0x00000000ffe00000| PB 0x00000000ffe00000| Untracked |  0
|2047|0x00000000fff00000, 0x0000000100000000, 0x0000000100000000|100%| E|CS|TAMS 0x00000000fff00000| PB 0x00000000fff00000| Complete |  0

Card table byte_map: [0x0000024934bd0000,0x0000024934fd0000] _byte_map_base: 0x00000249347d0000

Marking Bits: (CMBitMap*) 0x000002491c370df0
 Bits: [0x0000024934fd0000, 0x0000024936fd0000)

Polling page: 0x000002491a400000

Metaspace:
Metaspace        used 38084K, committed 39616K, reserved 1114112K
 class space     used 5665K, committed 6400K, reserved 1048576K

Usage:
  Non-class:     31.66 MB used.
      Class:      5.53 MB used.
       Both:     37.19 MB used.

Virtual space:
  Non-class space:       64.00 MB reserved,      32.44 MB ( 51%) committed,  1 nodes.
      Class space:        1.00 GB reserved,       6.25 MB ( <1%) committed,  1 nodes.
             Both:        1.06 GB reserved,      38.69 MB (  4%) committed. 

Chunk freelists:
   Non-Class:  15.33 MB
       Class:  9.67 MB
        Both:  25.00 MB

MaxMetaspaceSize: unlimited
CompressedClassSpaceSize: 1.00 GB
Initial GC threshold: 21.00 MB
Current GC threshold: 58.69 MB
CDS: on
 - commit_granule_bytes: 65536.
 - commit_granule_words: 8192.
 - virtual_space_node_default_size: 8388608.
 - enlarge_chunks_in_place: 1.
UseCompressedClassPointers 1, UseCompactObjectHeaders 0
Narrow klass pointer bits 32, Max shift 3
Narrow klass base: 0x0000000027000000, Narrow klass shift: 0
Encoding Range: [0x0000000027000000 - 0x0000000127000000), (4294967296 bytes)
Klass Range:    [0x0000000027010000 - 0x0000000068000000), (1090453504 bytes)
Klass ID Range:  [65536 - 1090519033) (1090453497)
Protection zone: [0x0000000027000000 - 0x0000000027010000), (65536 bytes)


Internal statistics:

num_allocs_failed_limit: 6.
num_arena_births: 2632.
num_arena_deaths: 0.
num_vsnodes_births: 2.
num_vsnodes_deaths: 0.
num_space_committed: 619.
num_space_uncommitted: 0.
num_chunks_returned_to_freelist: 6.
num_chunks_taken_from_freelist: 4383.
num_chunk_merges: 3.
num_chunk_splits: 2889.
num_chunks_enlarged: 1805.
num_inconsistent_stats: 0.

CodeHeap 'non-profiled nmethods': size=119168Kb used=2106Kb max_used=2106Kb free=117061Kb
 bounds [0x000002492c9d0000, 0x000002492cc40000, 0x0000024933e30000]
CodeHeap 'profiled nmethods': size=119168Kb used=7442Kb max_used=7787Kb free=111725Kb
 bounds [0x0000024924e20000, 0x00000249255c0000, 0x000002492c280000]
CodeHeap 'non-nmethods': size=7488Kb used=1895Kb max_used=3147Kb free=5592Kb
 bounds [0x000002492c280000, 0x000002492c5a0000, 0x000002492c9d0000]
CodeCache: size=245824Kb, used=11443Kb, max_used=13040Kb, free=234378Kb
 total_blobs=5698, nmethods=4950, adapters=650, full_count=0
Compilation: enabled, stopped_count=0, restarted_count=0

Compilation events (20 events):
Event: 243.634 Thread 0x0000024939cb1480 5438       3       java.util.stream.ReferencePipeline$7::opWrapSink (20 bytes)
Event: 243.635 Thread 0x0000024939cb1480 nmethod 5438 0x0000024924ebb208 code [0x0000024924ebb300, 0x0000024924ebb718]
Event: 243.635 Thread 0x0000024939cb1480 5440       3       java.util.stream.ReferencePipeline$7$1FlatMap::<init> (28 bytes)
Event: 243.635 Thread 0x0000024939cb1480 nmethod 5440 0x0000024924ebad88 code [0x0000024924ebae80, 0x0000024924ebb1f8]
Event: 243.635 Thread 0x0000024939cb1480 5441       3       java.util.stream.ReferencePipeline$7$1FlatMap::begin (13 bytes)
Event: 243.635 Thread 0x0000024939cb1480 nmethod 5441 0x0000024924ebaa88 code [0x0000024924ebab80, 0x0000024924ebad58]
Event: 243.635 Thread 0x0000024939cb1480 5442       3       java.util.stream.ReferencePipeline$7$1FlatMap::end (10 bytes)
Event: 243.636 Thread 0x0000024939cb1480 nmethod 5442 0x0000024924eba788 code [0x0000024924eba880, 0x0000024924ebaa50]
Event: 245.721 Thread 0x0000024939cb0c70 5443       4       java.util.LinkedList$Node::<init> (20 bytes)
Event: 245.732 Thread 0x0000024939cb0c70 nmethod 5443 0x000002492cbddc08 code [0x000002492cbddd00, 0x000002492cbde110]
Event: 245.815 Thread 0x0000024939cb1480 5444       3       java.util.regex.Pattern::compile (537 bytes)
Event: 245.934 Thread 0x0000024939cb1480 nmethod 5444 0x0000024924e4e108 code [0x0000024924e4e200, 0x0000024924e50fe0]
Event: 253.822 Thread 0x0000024939cb1480 5445       3       java.util.stream.ReferencePipeline::findFirst (12 bytes)
Event: 253.823 Thread 0x0000024939cb1480 nmethod 5445 0x0000024924e4dc88 code [0x0000024924e4dd80, 0x0000024924e4e088]
Event: 255.028 Thread 0x0000024939cb0c70 5446       4       java.util.ArrayList::toArray (12 bytes)
Event: 255.036 Thread 0x0000024939cb0c70 nmethod 5446 0x000002492cbde188 code [0x000002492cbde280, 0x000002492cbde580]
Event: 255.628 Thread 0x0000024939cb1480 5447       3       java.lang.management.ManagementFactory::getPlatformMXBeans (57 bytes)
Event: 255.729 Thread 0x0000024939cb0c70 5452   !   4       sun.nio.ch.NativeThreadSet::add (177 bytes)
Event: 255.934 Thread 0x0000024939cb0c70 nmethod 5452 0x000002492cbde588 code [0x000002492cbde680, 0x000002492cbde888]
Event: 255.935 Thread 0x0000024939cb0c70 5453   !   4       sun.nio.ch.NativeThreadSet::remove (132 bytes)

GC Heap Usage History (14 events):
Event: 2.030 {heap Before GC invocations=0 (full 0):
 garbage-first heap   total reserved 2097152K, committed 260096K, used 52374K [0x0000000080000000, 0x0000000100000000)
  region size 1024K, 47 young (48128K), 0 survivors (0K)
}
Event: 2.034 {heap After GC invocations=1 (full 0):
 garbage-first heap   total reserved 2097152K, committed 260096K, used 12700K [0x0000000080000000, 0x0000000100000000)
  region size 1024K, 6 young (6144K), 6 survivors (6144K)
}
Event: 39.327 {heap Before GC invocations=1 (full 0):
 garbage-first heap   total reserved 2097152K, committed 260096K, used 121244K [0x0000000080000000, 0x0000000100000000)
  region size 1024K, 110 young (112640K), 6 survivors (6144K)
}
Event: 39.571 {heap After GC invocations=2 (full 0):
 garbage-first heap   total reserved 2097152K, committed 260096K, used 23260K [0x0000000080000000, 0x0000000100000000)
  region size 1024K, 14 young (14336K), 14 survivors (14336K)
}
Event: 43.637 {heap Before GC invocations=2 (full 0):
 garbage-first heap   total reserved 2097152K, committed 260096K, used 42716K [0x0000000080000000, 0x0000000100000000)
  region size 1024K, 34 young (34816K), 14 survivors (14336K)
}
Event: 43.648 {heap After GC invocations=3 (full 0):
 garbage-first heap   total reserved 2097152K, committed 260096K, used 25168K [0x0000000080000000, 0x0000000100000000)
  region size 1024K, 11 young (11264K), 11 survivors (11264K)
}
Event: 51.297 {heap Before GC invocations=4 (full 0):
 garbage-first heap   total reserved 2097152K, committed 92160K, used 69200K [0x0000000080000000, 0x0000000100000000)
  region size 1024K, 54 young (55296K), 11 survivors (11264K)
}
Event: 51.331 {heap After GC invocations=5 (full 0):
 garbage-first heap   total reserved 2097152K, committed 92160K, used 27504K [0x0000000080000000, 0x0000000100000000)
  region size 1024K, 4 young (4096K), 4 survivors (4096K)
}
Event: 54.852 {heap Before GC invocations=5 (full 0):
 garbage-first heap   total reserved 2097152K, committed 92160K, used 68464K [0x0000000080000000, 0x0000000100000000)
  region size 1024K, 44 young (45056K), 4 survivors (4096K)
}
Event: 54.861 {heap After GC invocations=6 (full 0):
 garbage-first heap   total reserved 2097152K, committed 92160K, used 29436K [0x0000000080000000, 0x0000000100000000)
  region size 1024K, 5 young (5120K), 5 survivors (5120K)
}
Event: 89.773 {heap Before GC invocations=6 (full 0):
 garbage-first heap   total reserved 2097152K, committed 92160K, used 61180K [0x0000000080000000, 0x0000000100000000)
  region size 1024K, 38 young (38912K), 5 survivors (5120K)
}
Event: 89.782 {heap After GC invocations=7 (full 0):
 garbage-first heap   total reserved 2097152K, committed 92160K, used 31839K [0x0000000080000000, 0x0000000100000000)
  region size 1024K, 5 young (5120K), 5 survivors (5120K)
}
Event: 122.704 {heap Before GC invocations=8 (full 0):
 garbage-first heap   total reserved 2097152K, committed 92160K, used 74847K [0x0000000080000000, 0x0000000100000000)
  region size 1024K, 46 young (47104K), 5 survivors (5120K)
}
Event: 122.723 {heap After GC invocations=9 (full 0):
 garbage-first heap   total reserved 2097152K, committed 92160K, used 34618K [0x0000000080000000, 0x0000000100000000)
  region size 1024K, 6 young (6144K), 6 survivors (6144K)
}

Metaspace Usage History (14 events):
Event: 2.030 {metaspace Before GC invocations=0 (full 0):
 Metaspace       used 4623K, committed 4864K, reserved 1114112K
  class space    used 595K, committed 704K, reserved 1048576K
}
Event: 2.034 {metaspace After GC invocations=1 (full 0):
 Metaspace       used 4623K, committed 4864K, reserved 1114112K
  class space    used 595K, committed 704K, reserved 1048576K
}
Event: 39.327 {metaspace Before GC invocations=1 (full 0):
 Metaspace       used 18600K, committed 19072K, reserved 1114112K
  class space    used 2651K, committed 2880K, reserved 1048576K
}
Event: 39.571 {metaspace After GC invocations=2 (full 0):
 Metaspace       used 18600K, committed 19072K, reserved 1114112K
  class space    used 2651K, committed 2880K, reserved 1048576K
}
Event: 43.637 {metaspace Before GC invocations=2 (full 0):
 Metaspace       used 20868K, committed 21504K, reserved 1114112K
  class space    used 3053K, committed 3392K, reserved 1048576K
}
Event: 43.648 {metaspace After GC invocations=3 (full 0):
 Metaspace       used 20868K, committed 21504K, reserved 1114112K
  class space    used 3053K, committed 3392K, reserved 1048576K
}
Event: 51.297 {metaspace Before GC invocations=4 (full 0):
 Metaspace       used 25858K, committed 26816K, reserved 1114112K
  class space    used 3906K, committed 4352K, reserved 1048576K
}
Event: 51.331 {metaspace After GC invocations=5 (full 0):
 Metaspace       used 25858K, committed 26816K, reserved 1114112K
  class space    used 3906K, committed 4352K, reserved 1048576K
}
Event: 54.852 {metaspace Before GC invocations=5 (full 0):
 Metaspace       used 29760K, committed 31104K, reserved 1114112K
  class space    used 4606K, committed 5248K, reserved 1048576K
}
Event: 54.861 {metaspace After GC invocations=6 (full 0):
 Metaspace       used 29760K, committed 31104K, reserved 1114112K
  class space    used 4606K, committed 5248K, reserved 1048576K
}
Event: 89.773 {metaspace Before GC invocations=6 (full 0):
 Metaspace       used 34631K, committed 35968K, reserved 1114112K
  class space    used 5239K, committed 5888K, reserved 1048576K
}
Event: 89.782 {metaspace After GC invocations=7 (full 0):
 Metaspace       used 34631K, committed 35968K, reserved 1114112K
  class space    used 5239K, committed 5888K, reserved 1048576K
}
Event: 122.704 {metaspace Before GC invocations=8 (full 0):
 Metaspace       used 37972K, committed 39424K, reserved 1114112K
  class space    used 5654K, committed 6336K, reserved 1048576K
}
Event: 122.723 {metaspace After GC invocations=9 (full 0):
 Metaspace       used 37972K, committed 39424K, reserved 1114112K
  class space    used 5654K, committed 6336K, reserved 1048576K
}

Dll operation events (20 events):
Event: 0.394 Attempting to load shared library C:\Program Files\Eclipse Adoptium\jdk-25.0.4.7-hotspot\bin\nio.dll
Event: 0.396 Loaded shared library C:\Program Files\Eclipse Adoptium\jdk-25.0.4.7-hotspot\bin\nio.dll
Event: 0.400 Attempting to load shared library C:\Program Files\Eclipse Adoptium\jdk-25.0.4.7-hotspot\bin\zip.dll
Event: 0.400 Loaded shared library C:\Program Files\Eclipse Adoptium\jdk-25.0.4.7-hotspot\bin\zip.dll
Event: 0.664 Attempting to load shared library C:\Program Files\Eclipse Adoptium\jdk-25.0.4.7-hotspot\bin\jimage.dll
Event: 0.664 Loaded shared library C:\Program Files\Eclipse Adoptium\jdk-25.0.4.7-hotspot\bin\jimage.dll
Event: 1.757 Attempting to load shared library C:\Program Files\Eclipse Adoptium\jdk-25.0.4.7-hotspot\bin\verify.dll
Event: 1.757 Loaded shared library C:\Program Files\Eclipse Adoptium\jdk-25.0.4.7-hotspot\bin\verify.dll
Event: 1.771 Attempting to load shared library C:\Users\leona\.gradle\native\660c5614fbf4a5f2a75b1949f50a0caf5cd603558e7d8a26e50b933a0cfb79d1\windows-amd64\native-platform.dll
Event: 1.771 Loaded shared library C:\Users\leona\.gradle\native\660c5614fbf4a5f2a75b1949f50a0caf5cd603558e7d8a26e50b933a0cfb79d1\windows-amd64\native-platform.dll
Event: 1.776 Attempting to load shared library C:\Users\leona\.gradle\native\0.2.8\x86_64-windows-gnu\gradle-fileevents.dll
Event: 1.776 Loaded shared library C:\Users\leona\.gradle\native\0.2.8\x86_64-windows-gnu\gradle-fileevents.dll
Event: 2.546 Attempting to load shared library C:\Program Files\Eclipse Adoptium\jdk-25.0.4.7-hotspot\bin\management.dll
Event: 2.550 Loaded shared library C:\Program Files\Eclipse Adoptium\jdk-25.0.4.7-hotspot\bin\management.dll
Event: 2.556 Attempting to load shared library C:\Program Files\Eclipse Adoptium\jdk-25.0.4.7-hotspot\bin\management_ext.dll
Event: 2.564 Loaded shared library C:\Program Files\Eclipse Adoptium\jdk-25.0.4.7-hotspot\bin\management_ext.dll
Event: 3.833 Attempting to load shared library C:\Program Files\Eclipse Adoptium\jdk-25.0.4.7-hotspot\bin\extnet.dll
Event: 3.835 Loaded shared library C:\Program Files\Eclipse Adoptium\jdk-25.0.4.7-hotspot\bin\extnet.dll
Event: 5.825 Attempting to load shared library C:\Program Files\Eclipse Adoptium\jdk-25.0.4.7-hotspot\bin\sunmscapi.dll
Event: 5.830 Loaded shared library C:\Program Files\Eclipse Adoptium\jdk-25.0.4.7-hotspot\bin\sunmscapi.dll

Deoptimization events (20 events):
Event: 91.837 Thread 0x000002493a6d1db0 DEOPT PACKING pc=0x000002492cb3b408 sp=0x0000006f64ff92e0
Event: 91.837 Thread 0x000002493a6d1db0 DEOPT UNPACKING pc=0x000002492c3a1b82 sp=0x0000006f64ff92a8 mode 2
Event: 91.837 Thread 0x000002493a6d1db0 Uncommon trap: trap_request=0xffffff45 fr.pc=0x000002492cb02d58 relative=0x0000000000000858
Event: 91.837 Thread 0x000002493a6d1db0 Uncommon trap: reason=unstable_if action=reinterpret pc=0x000002492cb02d58 method=java.lang.invoke.LambdaForm$BasicType.basicType(C)Ljava/lang/invoke/LambdaForm$BasicType; @ 1 c2
Event: 91.837 Thread 0x000002493a6d1db0 DEOPT PACKING pc=0x000002492cb02d58 sp=0x0000006f64ff9270
Event: 91.837 Thread 0x000002493a6d1db0 DEOPT UNPACKING pc=0x000002492c3a1b82 sp=0x0000006f64ff9190 mode 2
Event: 91.993 Thread 0x000002493a6d1db0 Uncommon trap: trap_request=0xffffffde fr.pc=0x000002492cb048cc relative=0x00000000000003cc
Event: 91.993 Thread 0x000002493a6d1db0 Uncommon trap: reason=class_check action=maybe_recompile pc=0x000002492cb048cc method=java.util.Collections$SetFromMap.remove(Ljava/lang/Object;)Z @ 5 c2
Event: 91.993 Thread 0x000002493a6d1db0 DEOPT PACKING pc=0x000002492cb048cc sp=0x0000006f64ffb010
Event: 91.993 Thread 0x000002493a6d1db0 DEOPT UNPACKING pc=0x000002492c3a1b82 sp=0x0000006f64ffaff8 mode 2
Event: 92.562 Thread 0x000002493a6d1db0 Uncommon trap: trap_request=0xffffff45 fr.pc=0x000002492cb7b288 relative=0x0000000000000208
Event: 92.562 Thread 0x000002493a6d1db0 Uncommon trap: reason=unstable_if action=reinterpret pc=0x000002492cb7b288 method=java.util.HashMap.putVal(ILjava/lang/Object;Ljava/lang/Object;ZZ)Ljava/lang/Object; @ 162 c2
Event: 92.562 Thread 0x000002493a6d1db0 DEOPT PACKING pc=0x000002492cb7b288 sp=0x0000006f64ffa2e0
Event: 92.562 Thread 0x000002493a6d1db0 DEOPT UNPACKING pc=0x000002492c3a1b82 sp=0x0000006f64ffa1c0 mode 2
Event: 147.342 Thread 0x000002493a6d1db0 DEOPT PACKING pc=0x000002492507e995 sp=0x0000006f64ff99e0
Event: 147.342 Thread 0x000002493a6d1db0 DEOPT UNPACKING pc=0x000002492c2d1702 sp=0x0000006f64ff8ea8 mode 0
Event: 235.208 Thread 0x00000249409a4350 Uncommon trap: trap_request=0xffffff45 fr.pc=0x000002492ca3d528 relative=0x0000000000000428
Event: 235.211 Thread 0x00000249409a4350 Uncommon trap: reason=unstable_if action=reinterpret pc=0x000002492ca3d528 method=java.io.DataInputStream.readBoolean()Z @ 4 c2
Event: 235.211 Thread 0x00000249409a4350 DEOPT PACKING pc=0x000002492ca3d528 sp=0x0000006f645fe930
Event: 235.211 Thread 0x00000249409a4350 DEOPT UNPACKING pc=0x000002492c3a1b82 sp=0x0000006f645fe890 mode 2

Classes loaded (20 events):
Event: 91.822 Loading class jdk/internal/classfile/impl/StackMapGenerator$RawExceptionCatch
Event: 91.822 Loading class jdk/internal/classfile/impl/StackMapGenerator$RawExceptionCatch done
Event: 91.839 Loading class java/util/stream/Nodes$FixedNodeBuilder
Event: 91.840 Loading class java/util/stream/Nodes$ArrayNode
Event: 91.840 Loading class java/util/stream/Nodes$ArrayNode done
Event: 91.840 Loading class java/util/stream/Nodes$FixedNodeBuilder done
Event: 91.952 Loading class java/lang/Override
Event: 91.952 Loading class java/lang/Override done
Event: 92.625 Loading class java/util/BitSet$1BitSetSpliterator
Event: 92.625 Loading class java/util/BitSet$1BitSetSpliterator done
Event: 92.695 Loading class java/nio/file/FileAlreadyExistsException
Event: 92.696 Loading class java/nio/file/FileAlreadyExistsException done
Event: 92.699 Loading class java/nio/file/AccessMode
Event: 92.699 Loading class java/nio/file/AccessMode done
Event: 92.887 Loading class java/util/Collections$SynchronizedRandomAccessList
Event: 92.887 Loading class java/util/Collections$SynchronizedList
Event: 92.898 Loading class java/util/Collections$SynchronizedList done
Event: 92.898 Loading class java/util/Collections$SynchronizedRandomAccessList done
Event: 119.142 Loading class java/nio/file/FileSystemLoopException
Event: 119.142 Loading class java/nio/file/FileSystemLoopException done

Classes unloaded (0 events):
No events

Classes redefined (0 events):
No events

Internal exceptions (20 events):
Event: 91.858 Thread 0x000002493a6d1db0 Exception <a 'java/lang/NoSuchMethodError'{0x000000008dfc9668}: 'java.lang.Object java.lang.invoke.DirectMethodHandle$Holder.newInvokeSpecial(java.lang.Object, int, java.lang.Object, java.lang.Object)'> (0x000000008dfc9668) 
thrown [s\src\hotspot\share\interpreter\linkResolver.cpp, line 804]
Event: 91.860 Thread 0x000002493a6d1db0 Exception <a 'java/lang/NoSuchMethodError'{0x000000008dfe3248}: 'void java.lang.invoke.Invokers$Holder.invoke_MT(java.lang.Object, java.lang.Object, java.lang.Object, java.lang.Object)'> (0x000000008dfe3248) 
thrown [s\src\hotspot\share\interpreter\linkResolver.cpp, line 804]
Event: 91.880 Thread 0x000002493a6d1db0 Exception <a 'java/lang/ClassNotFoundException'{0x000000008de897d0}: org/gradle/invocation/DefaultGradle_DecoratedBeanInfo> (0x000000008de897d0) 
thrown [s\src\hotspot\share\classfile\systemDictionary.cpp, line 328]
Event: 91.881 Thread 0x000002493a6d1db0 Exception <a 'java/lang/ClassNotFoundException'{0x000000008de94c98}: org/gradle/invocation/DefaultGradleBeanInfo> (0x000000008de94c98) 
thrown [s\src\hotspot\share\classfile\systemDictionary.cpp, line 328]
Event: 91.882 Thread 0x000002493a6d1db0 Exception <a 'java/lang/ClassNotFoundException'{0x000000008dea0a58}: org/gradle/api/internal/project/AbstractPluginAwareBeanInfo> (0x000000008dea0a58) 
thrown [s\src\hotspot\share\classfile\systemDictionary.cpp, line 328]
Event: 91.883 Thread 0x000002493a6d1db0 Exception <a 'java/lang/ClassNotFoundException'{0x000000008deac5e0}: org/gradle/api/internal/project/AbstractPluginAwareCustomizer> (0x000000008deac5e0) 
thrown [s\src\hotspot\share\classfile\systemDictionary.cpp, line 328]
Event: 91.885 Thread 0x000002493a6d1db0 Exception <a 'java/lang/ClassNotFoundException'{0x000000008debd590}: org/gradle/invocation/DefaultGradleCustomizer> (0x000000008debd590) 
thrown [s\src\hotspot\share\classfile\systemDictionary.cpp, line 328]
Event: 91.888 Thread 0x000002493a6d1db0 Exception <a 'java/lang/ClassNotFoundException'{0x000000008defb250}: org/gradle/invocation/DefaultGradle_DecoratedCustomizer> (0x000000008defb250) 
thrown [s\src\hotspot\share\classfile\systemDictionary.cpp, line 328]
Event: 92.640 Thread 0x000002493a6d1db0 Exception <a 'java/lang/IncompatibleClassChangeError'{0x0000000084949648}: Found class java.lang.Object, but interface was expected> (0x0000000084949648) 
thrown [s\src\hotspot\share\interpreter\linkResolver.cpp, line 871]
Event: 92.695 Thread 0x000002493a6d1db0 Exception <a 'sun/nio/fs/WindowsException'{0x0000000084803d70}> (0x0000000084803d70) 
thrown [s\src\hotspot\share\prims\jni.cpp, line 516]
Event: 92.700 Thread 0x000002493a6d1db0 Exception <a 'sun/nio/fs/WindowsException'{0x0000000084805bc0}> (0x0000000084805bc0) 
thrown [s\src\hotspot\share\prims\jni.cpp, line 516]
Event: 92.701 Thread 0x000002493a6d1db0 Exception <a 'sun/nio/fs/WindowsException'{0x0000000084807088}> (0x0000000084807088) 
thrown [s\src\hotspot\share\prims\jni.cpp, line 516]
Event: 92.701 Thread 0x000002493a6d1db0 Exception <a 'sun/nio/fs/WindowsException'{0x0000000084808558}> (0x0000000084808558) 
thrown [s\src\hotspot\share\prims\jni.cpp, line 516]
Event: 92.842 Thread 0x000002493a6d1db0 Exception <a 'java/lang/NoSuchMethodError'{0x00000000847569d8}: 'java.lang.Object java.lang.invoke.Invokers$Holder.invoker(java.lang.Object, java.lang.Object, java.lang.Object, java.lang.Object, java.lang.Object, java.lang.Object)'> (0x00000000847569d8) 
thrown [s\src\hotspot\share\interpreter\linkResolver.cpp, line 804]
Event: 118.216 Thread 0x000002493a6d1db0 Exception <a 'java/lang/NoSuchMethodError'{0x00000000841c1208}: 'java.lang.Object java.lang.invoke.Invokers$Holder.invoker(java.lang.Object, java.lang.Object, java.lang.Object, java.lang.Object, java.lang.Object, java.lang.Object, java.lang.Object, java.lang.Object, java.lang.Object, java.lang.Object, java.lang.Object, java.lang.Object, java.lang.Object, java.lang.Object, java.lang.Object, java.lang.Object, java.lang.Object, java.lang.Object, java.lang.Object, java.lang.Object, java.lang.Object, java.lang.
Event: 118.216 Thread 0x000002493a6d1db0 Exception <a 'java/lang/NoSuchMethodError'{0x00000000841cc440}: 'java.lang.Object java.lang.invoke.DelegatingMethodHandle$Holder.delegate(java.lang.Object, java.lang.Object, java.lang.Object, java.lang.Object, java.lang.Object, java.lang.Object, java.lang.Object, java.lang.Object, java.lang.Object, java.lang.Object, java.lang.Object, java.lang.Object, java.lang.Object, java.lang.Object, java.lang.Object, java.lang.Object, java.lang.Object, java.lang.Object, java.lang.Object, java.lang.Object, java.lang.Obj
Event: 118.789 Thread 0x000002493a6d1db0 Exception <a 'java/lang/NoSuchMethodError'{0x0000000083ec4188}: 'java.lang.Object java.lang.invoke.DirectMethodHandle$Holder.invokeStatic(java.lang.Object, java.lang.Object, java.lang.Object, java.lang.Object, java.lang.Object, java.lang.Object, int, java.lang.Object)'> (0x0000000083ec4188) 
thrown [s\src\hotspot\share\interpreter\linkResolver.cpp, line 804]
Event: 118.798 Thread 0x000002493a6d1db0 Exception <a 'java/lang/NoSuchMethodError'{0x0000000083ed6730}: 'java.lang.Object java.lang.invoke.DirectMethodHandle$Holder.newInvokeSpecial(java.lang.Object, java.lang.Object, java.lang.Object, java.lang.Object, java.lang.Object, java.lang.Object, int)'> (0x0000000083ed6730) 
thrown [s\src\hotspot\share\interpreter\linkResolver.cpp, line 804]
Event: 118.798 Thread 0x000002493a6d1db0 Exception <a 'java/lang/NoSuchMethodError'{0x0000000083edfc90}: 'java.lang.Object java.lang.invoke.DirectMethodHandle$Holder.invokeSpecial(java.lang.Object, java.lang.Object, java.lang.Object, java.lang.Object, java.lang.Object, java.lang.Object, java.lang.Object, int)'> (0x0000000083edfc90) 
thrown [s\src\hotspot\share\interpreter\linkResolver.cpp, line 804]
Event: 118.798 Thread 0x000002493a6d1db0 Exception <a 'java/lang/NoSuchMethodError'{0x0000000083ee8a20}: 'java.lang.Object java.lang.invoke.Invokers$Holder.linkToTargetMethod(java.lang.Object, java.lang.Object, java.lang.Object, java.lang.Object, java.lang.Object, int, java.lang.Object)'> (0x0000000083ee8a20) 
thrown [s\src\hotspot\share\interpreter\linkResolver.cpp, line 804]

VM Operations (20 events):
Event: 89.827 Executing safepoint VM operation: G1PauseCleanup
Event: 89.827 Executing safepoint VM operation: G1PauseCleanup done
Event: 89.847 Executing non-safepoint VM operation: HandshakeAllThreads (Deoptimize)
Event: 89.847 Executing non-safepoint VM operation: HandshakeAllThreads (Deoptimize) done
Event: 91.617 Executing non-safepoint VM operation: HandshakeAllThreads (Deoptimize)
Event: 91.617 Executing non-safepoint VM operation: HandshakeAllThreads (Deoptimize) done
Event: 91.738 Executing non-safepoint VM operation: HandshakeAllThreads (Deoptimize)
Event: 91.739 Executing non-safepoint VM operation: HandshakeAllThreads (Deoptimize) done
Event: 91.754 Executing non-safepoint VM operation: HandshakeAllThreads (Deoptimize)
Event: 91.754 Executing non-safepoint VM operation: HandshakeAllThreads (Deoptimize) done
Event: 91.831 Executing non-safepoint VM operation: HandshakeAllThreads (Deoptimize)
Event: 91.831 Executing non-safepoint VM operation: HandshakeAllThreads (Deoptimize) done
Event: 92.698 Executing non-safepoint VM operation: HandshakeAllThreads (Deoptimize)
Event: 92.698 Executing non-safepoint VM operation: HandshakeAllThreads (Deoptimize) done
Event: 120.527 Executing non-safepoint VM operation: HandshakeAllThreads (HandshakeForDeflation)
Event: 120.527 Executing non-safepoint VM operation: HandshakeAllThreads (HandshakeForDeflation) done
Event: 120.527 Executing non-safepoint VM operation: RendezvousGCThreads
Event: 120.527 Executing non-safepoint VM operation: RendezvousGCThreads done
Event: 122.704 Executing safepoint VM operation: G1CollectForAllocation (G1 Evacuation Pause)
Event: 122.723 Executing safepoint VM operation: G1CollectForAllocation (G1 Evacuation Pause) done

Memory protections (0 events):
No events

Nmethod flushes (20 events):
Event: 89.818 Thread 0x0000024939de87f0 flushing  nmethod 0x0000024924f41088
Event: 89.818 Thread 0x0000024939de87f0 flushing  nmethod 0x0000024924f41688
Event: 89.818 Thread 0x0000024939de87f0 flushing  nmethod 0x0000024924f60c88
Event: 89.818 Thread 0x0000024939de87f0 flushing  nmethod 0x0000024924f61088
Event: 89.818 Thread 0x0000024939de87f0 flushing  nmethod 0x0000024924f61e88
Event: 89.818 Thread 0x0000024939de87f0 flushing  nmethod 0x0000024924f90088
Event: 89.818 Thread 0x0000024939de87f0 flushing  nmethod 0x0000024925002188
Event: 89.818 Thread 0x0000024939de87f0 flushing  nmethod 0x0000024925002508
Event: 89.818 Thread 0x0000024939de87f0 flushing  nmethod 0x0000024924e46008
Event: 89.818 Thread 0x0000024939de87f0 flushing  nmethod 0x0000024924e46a88
Event: 89.818 Thread 0x0000024939de87f0 flushing  nmethod 0x0000024924e48c08
Event: 89.818 Thread 0x0000024939de87f0 flushing  nmethod 0x0000024924e48f08
Event: 89.818 Thread 0x0000024939de87f0 flushing  nmethod 0x0000024924e49488
Event: 89.818 Thread 0x0000024939de87f0 flushing  nmethod 0x0000024924e49808
Event: 89.819 Thread 0x0000024939de87f0 flushing  nmethod 0x0000024924e49d88
Event: 89.819 Thread 0x0000024939de87f0 flushing  nmethod 0x0000024924e4a108
Event: 89.819 Thread 0x0000024939de87f0 flushing  nmethod 0x0000024924e4a808
Event: 89.819 Thread 0x0000024939de87f0 flushing  nmethod 0x0000024924e4b508
Event: 89.819 Thread 0x0000024939de87f0 flushing  nmethod 0x00000249250c2688
Event: 89.819 Thread 0x0000024939de87f0 flushing  nmethod 0x00000249250c9b08

Events (20 events):
Event: 8.567 Thread 0x000002493a6d1db0 Thread added: 0x000002493f0bb190
Event: 39.996 Thread 0x0000024939cb1480 Thread added: 0x000002493f8d66f0
Event: 42.031 Thread 0x000002493f8d66f0 Thread exited: 0x000002493f8d66f0
Event: 48.063 Thread 0x0000024939cb1480 Thread added: 0x000002493f8d8f40
Event: 49.632 Thread 0x000002493a6d1db0 Thread added: 0x0000024941e70d90
Event: 50.021 Thread 0x000002493a6d1db0 Thread added: 0x0000024941e6deb0
Event: 50.913 Thread 0x000002493a6d1db0 Thread added: 0x0000024941e734a0
Event: 50.935 Thread 0x000002493a6d1db0 Thread added: 0x0000024941e72500
Event: 51.614 Thread 0x000002493a6d1db0 Thread added: 0x0000024941c09e80
Event: 51.859 Thread 0x000002493a6d1db0 Thread added: 0x0000024941c0a650
Event: 53.734 Thread 0x000002493f8d8f40 Thread exited: 0x000002493f8d8f40
Event: 53.959 Thread 0x000002493a6d1db0 Thread added: 0x0000024941c0ae20
Event: 54.365 Thread 0x000002493a6d1db0 Thread added: 0x0000024941c0b5f0
Event: 68.831 Thread 0x000002493a6d1db0 Thread added: 0x0000024941c0bdc0
Event: 83.376 Thread 0x000002493a6d1db0 Thread added: 0x0000024941c0cd60
Event: 88.645 Thread 0x0000024939cb1480 Thread added: 0x000002493f8d46b0
Event: 88.645 Thread 0x0000024939cb1480 Thread added: 0x000002493f8d9f60
Event: 91.002 Thread 0x000002493f8d9f60 Thread exited: 0x000002493f8d9f60
Event: 94.861 Thread 0x000002493f8d46b0 Thread exited: 0x000002493f8d46b0
Event: 207.137 Thread 0x000002493f0bc900 Thread exited: 0x000002493f0bc900


Dynamic libraries:
0x00007ff7cc220000 - 0x00007ff7cc22e000 	C:\Program Files\Eclipse Adoptium\jdk-25.0.4.7-hotspot\bin\java.exe
0x00007ffff7ee0000 - 0x00007ffff8146000 	C:\WINDOWS\SYSTEM32\ntdll.dll
0x00007ffff7dd0000 - 0x00007ffff7e99000 	C:\WINDOWS\System32\KERNEL32.DLL
0x00007ffff54a0000 - 0x00007ffff589f000 	C:\WINDOWS\System32\KERNELBASE.dll
0x00007ffff50f0000 - 0x00007ffff523c000 	C:\WINDOWS\System32\ucrtbase.dll
0x00007fffc44d0000 - 0x00007fffc44e6000 	C:\Program Files\Eclipse Adoptium\jdk-25.0.4.7-hotspot\bin\jli.dll
0x00007fffc3320000 - 0x00007fffc333e000 	C:\Program Files\Eclipse Adoptium\jdk-25.0.4.7-hotspot\bin\VCRUNTIME140.dll
0x00007ffff6660000 - 0x00007ffff6826000 	C:\WINDOWS\System32\USER32.dll
0x00007fffdae90000 - 0x00007fffdb121000 	C:\WINDOWS\WinSxS\amd64_microsoft.windows.common-controls_6595b64144ccf1df_6.0.26100.8972_none_3e0da176e32f9d4b\COMCTL32.dll
0x00007ffff5aa0000 - 0x00007ffff5ac7000 	C:\WINDOWS\System32\win32u.dll
0x00007ffff5db0000 - 0x00007ffff5ddb000 	C:\WINDOWS\System32\GDI32.dll
0x00007ffff5970000 - 0x00007ffff5a99000 	C:\WINDOWS\System32\gdi32full.dll
0x00007ffff5b60000 - 0x00007ffff5c03000 	C:\WINDOWS\System32\msvcp_win.dll
0x00007ffff7020000 - 0x00007ffff70c9000 	C:\WINDOWS\System32\msvcrt.dll
0x00007ffff71f0000 - 0x00007ffff7222000 	C:\WINDOWS\System32\IMM32.DLL
0x00007fffceb40000 - 0x00007fffceb4c000 	C:\Program Files\Eclipse Adoptium\jdk-25.0.4.7-hotspot\bin\vcruntime140_1.dll
0x00007fffbd640000 - 0x00007fffbd6cd000 	C:\Program Files\Eclipse Adoptium\jdk-25.0.4.7-hotspot\bin\msvcp140.dll
0x00007fff65b20000 - 0x00007fff66a51000 	C:\Program Files\Eclipse Adoptium\jdk-25.0.4.7-hotspot\bin\server\jvm.dll
0x00007ffff6ae0000 - 0x00007ffff6b9c000 	C:\WINDOWS\System32\ADVAPI32.dll
0x00007ffff65b0000 - 0x00007ffff665a000 	C:\WINDOWS\System32\sechost.dll
0x00007ffff6830000 - 0x00007ffff6948000 	C:\WINDOWS\System32\RPCRT4.dll
0x00007ffff5de0000 - 0x00007ffff5e62000 	C:\WINDOWS\System32\WS2_32.dll
0x00007ffff49b0000 - 0x00007ffff4a0e000 	C:\WINDOWS\SYSTEM32\POWRPROF.dll
0x00007fffe7ae0000 - 0x00007fffe7b16000 	C:\WINDOWS\SYSTEM32\WINMM.dll
0x00007fffecf60000 - 0x00007fffecf6b000 	C:\WINDOWS\SYSTEM32\VERSION.dll
0x00007ffff4990000 - 0x00007ffff49a5000 	C:\WINDOWS\SYSTEM32\UMPDC.dll
0x00007ffff3da0000 - 0x00007ffff3dbb000 	C:\WINDOWS\SYSTEM32\kernel.appcore.dll
0x00007fffcdfb0000 - 0x00007fffcdfba000 	C:\Program Files\Eclipse Adoptium\jdk-25.0.4.7-hotspot\bin\jimage.dll
0x00007ffff2610000 - 0x00007ffff2852000 	C:\WINDOWS\SYSTEM32\DBGHELP.DLL
0x00007ffff79c0000 - 0x00007ffff7d45000 	C:\WINDOWS\System32\combase.dll
0x00007ffff6bb0000 - 0x00007ffff6c89000 	C:\WINDOWS\System32\OLEAUT32.dll
0x00007fffcc1e0000 - 0x00007fffcc21b000 	C:\WINDOWS\SYSTEM32\dbgcore.DLL
0x00007ffff53e0000 - 0x00007ffff548c000 	C:\WINDOWS\System32\bcryptPrimitives.dll
0x00007fffcdf50000 - 0x00007fffcdf5f000 	C:\Program Files\Eclipse Adoptium\jdk-25.0.4.7-hotspot\bin\instrument.dll
0x00007fffc0dc0000 - 0x00007fffc0dde000 	C:\Program Files\Eclipse Adoptium\jdk-25.0.4.7-hotspot\bin\java.dll
0x00007ffff5f80000 - 0x00007ffff6119000 	C:\WINDOWS\System32\ole32.dll
0x00007ffff7230000 - 0x00007ffff79b8000 	C:\WINDOWS\System32\SHELL32.dll
0x00007ffff2b80000 - 0x00007ffff341b000 	C:\WINDOWS\SYSTEM32\windows.storage.dll
0x00007ffff5c10000 - 0x00007ffff5d09000 	C:\WINDOWS\System32\SHCORE.dll
0x00007ffff5d10000 - 0x00007ffff5d76000 	C:\WINDOWS\System32\shlwapi.dll
0x00007ffff5010000 - 0x00007ffff5039000 	C:\WINDOWS\SYSTEM32\profapi.dll
0x00007fffc0da0000 - 0x00007fffc0db6000 	C:\Program Files\Eclipse Adoptium\jdk-25.0.4.7-hotspot\bin\zip.dll
0x00007fffc02b0000 - 0x00007fffc02c1000 	C:\Program Files\Eclipse Adoptium\jdk-25.0.4.7-hotspot\bin\net.dll
0x00007ffff4330000 - 0x00007ffff439c000 	C:\WINDOWS\system32\mswsock.dll
0x00007fffbedf0000 - 0x00007fffbee06000 	C:\Program Files\Eclipse Adoptium\jdk-25.0.4.7-hotspot\bin\nio.dll
0x00007fffccc50000 - 0x00007fffccc60000 	C:\Program Files\Eclipse Adoptium\jdk-25.0.4.7-hotspot\bin\verify.dll
0x00007fffc4ab0000 - 0x00007fffc4ad7000 	C:\Users\leona\.gradle\native\660c5614fbf4a5f2a75b1949f50a0caf5cd603558e7d8a26e50b933a0cfb79d1\windows-amd64\native-platform.dll
0x00007fffbbe00000 - 0x00007fffbbe77000 	C:\Users\leona\.gradle\native\0.2.8\x86_64-windows-gnu\gradle-fileevents.dll
0x00007fffcc710000 - 0x00007fffcc71a000 	C:\Program Files\Eclipse Adoptium\jdk-25.0.4.7-hotspot\bin\management.dll
0x00007fffcc300000 - 0x00007fffcc30c000 	C:\Program Files\Eclipse Adoptium\jdk-25.0.4.7-hotspot\bin\management_ext.dll
0x00007ffff5f70000 - 0x00007ffff5f78000 	C:\WINDOWS\System32\PSAPI.DLL
0x00007ffff3750000 - 0x00007ffff3783000 	C:\WINDOWS\SYSTEM32\IPHLPAPI.DLL
0x00007ffff6950000 - 0x00007ffff695a000 	C:\WINDOWS\System32\NSI.dll
0x00007fffcbc00000 - 0x00007fffcbc09000 	C:\Program Files\Eclipse Adoptium\jdk-25.0.4.7-hotspot\bin\extnet.dll
0x00007ffff4750000 - 0x00007ffff476b000 	C:\WINDOWS\SYSTEM32\CRYPTSP.dll
0x00007ffff3d00000 - 0x00007ffff3d39000 	C:\WINDOWS\system32\rsaenh.dll
0x00007ffff43e0000 - 0x00007ffff4412000 	C:\WINDOWS\SYSTEM32\USERENV.dll
0x00007ffff4fe0000 - 0x00007ffff500a000 	C:\WINDOWS\SYSTEM32\bcrypt.dll
0x00007ffff4590000 - 0x00007ffff459c000 	C:\WINDOWS\SYSTEM32\CRYPTBASE.dll
0x00007fffca5a0000 - 0x00007fffca5ae000 	C:\Program Files\Eclipse Adoptium\jdk-25.0.4.7-hotspot\bin\sunmscapi.dll
0x00007ffff5250000 - 0x00007ffff53ce000 	C:\WINDOWS\System32\CRYPT32.dll
0x00007ffff4950000 - 0x00007ffff4980000 	C:\WINDOWS\SYSTEM32\ncrypt.dll
0x00007ffff4900000 - 0x00007ffff493f000 	C:\WINDOWS\SYSTEM32\NTASN1.dll
0x00007fffe5710000 - 0x00007fffe5718000 	C:\WINDOWS\system32\wshunix.dll

JVMTI agents:
C:\Users\leona\.gradle\wrapper\dists\gradle-9.6.0-bin\42k10rwplmzkhuboz9kdazi7s\gradle-9.6.0\lib\agents\gradle-instrumentation-agent-9.6.0.jar path:C:\Program Files\Eclipse Adoptium\jdk-25.0.4.7-hotspot\bin\instrument.dll, loaded, initialized, instrumentlib options:none

dbghelp: loaded successfully - version: 4.0.5 - missing functions: none
symbol engine: initialized successfully - sym options: 0x614 - pdb path: .;C:\Program Files\Eclipse Adoptium\jdk-25.0.4.7-hotspot\bin;C:\WINDOWS\SYSTEM32;C:\WINDOWS\WinSxS\amd64_microsoft.windows.common-controls_6595b64144ccf1df_6.0.26100.8972_none_3e0da176e32f9d4b;C:\Program Files\Eclipse Adoptium\jdk-25.0.4.7-hotspot\bin\server;C:\Users\leona\.gradle\native\660c5614fbf4a5f2a75b1949f50a0caf5cd603558e7d8a26e50b933a0cfb79d1\windows-amd64;C:\Users\leona\.gradle\native\0.2.8\x86_64-windows-gnu

VM Arguments:
jvm_args: --add-opens=java.base/java.lang=ALL-UNNAMED --add-opens=java.base/java.lang.invoke=ALL-UNNAMED --add-opens=java.base/java.util=ALL-UNNAMED --add-opens=java.prefs/java.util.prefs=ALL-UNNAMED --add-exports=jdk.compiler/com.sun.tools.javac.api=ALL-UNNAMED --add-exports=jdk.compiler/com.sun.tools.javac.util=ALL-UNNAMED --add-opens=java.base/java.nio.charset=ALL-UNNAMED --add-opens=java.base/java.net=ALL-UNNAMED --add-opens=java.base/java.util.concurrent=ALL-UNNAMED --add-opens=java.base/java.util.concurrent.atomic=ALL-UNNAMED --add-opens=java.xml/javax.xml.namespace=ALL-UNNAMED --add-opens=java.base/java.time=ALL-UNNAMED --enable-native-access=ALL-UNNAMED -Xmx2048m -Dfile.encoding=UTF-8 -Duser.country=US -Duser.language=en -Duser.variant -javaagent:C:\Users\leona\.gradle\wrapper\dists\gradle-9.6.0-bin\42k10rwplmzkhuboz9kdazi7s\gradle-9.6.0\lib\agents\gradle-instrumentation-agent-9.6.0.jar 
java_command: org.gradle.launcher.daemon.bootstrap.GradleDaemon 9.6.0
java_class_path (initial): C:\Users\leona\.gradle\wrapper\dists\gradle-9.6.0-bin\42k10rwplmzkhuboz9kdazi7s\gradle-9.6.0\lib\gradle-daemon-main-9.6.0.jar
Launcher Type: SUN_STANDARD

[Global flags]
     intx CICompilerCount                          = 12                                        {product} {ergonomic}
     uint ConcGCThreads                            = 3                                         {product} {ergonomic}
     uint G1ConcRefinementThreads                  = 13                                        {product} {ergonomic}
   size_t G1HeapRegionSize                         = 1048576                                   {product} {ergonomic}
   size_t InitialHeapSize                          = 264241152                                 {product} {ergonomic}
   size_t MarkStackSize                            = 4194304                                   {product} {ergonomic}
   size_t MarkStackSizeMax                         = 536870912                                 {product} {ergonomic}
   size_t MaxHeapSize                              = 2147483648                                {product} {command line}
   size_t MaxNewSize                               = 1287651328                                {product} {ergonomic}
   size_t MinHeapDeltaBytes                        = 1048576                                   {product} {ergonomic}
   size_t MinHeapSize                              = 8388608                                   {product} {ergonomic}
    uintx NonNMethodCodeHeapSize                   = 7667712                                {pd product} {ergonomic}
    uintx NonProfiledCodeHeapSize                  = 122028032                              {pd product} {ergonomic}
    uintx ProfiledCodeHeapSize                     = 122028032                              {pd product} {ergonomic}
    uintx ReservedCodeCacheSize                    = 251723776                              {pd product} {ergonomic}
     bool SegmentedCodeCache                       = true                                      {product} {ergonomic}
   size_t SoftMaxHeapSize                          = 2147483648                             {manageable} {ergonomic}
     bool UseCompressedOops                        = true                           {product lp64_product} {ergonomic}
     bool UseG1GC                                  = true                                      {product} {ergonomic}
     bool UseLargePagesIndividualAllocation        = false                                  {pd product} {ergonomic}

Logging:
Log output configuration:
 #0: stdout all=warning uptime,level,tags foldmultilines=false
 #1: stderr all=off uptime,level,tags foldmultilines=false

Release file:
IMPLEMENTOR="Eclipse Adoptium" 
IMPLEMENTOR_VERSION="Temurin-25.0.4+7" 
JAVA_RUNTIME_VERSION="25.0.4+7-LTS" 
JAVA_VERSION="25.0.4" 
JAVA_VERSION_DATE="2026-07-21" 
LIBC="default" 
MODULES="java.base java.compiler java.datatransfer java.xml java.prefs java.desktop java.instrument java.logging java.management java.security.sasl java.naming java.rmi java.management.rmi java.net.http java.scripting java.security.jgss java.transaction.xa java.sql java.sql.rowset java.xml.crypto java.se java.smartcardio jdk.accessibility jdk.internal.jvmstat jdk.attach jdk.charsets jdk.internal.opt jdk.zipfs jdk.compiler jdk.crypto.cryptoki jdk.crypto.ec jdk.crypto.mscapi jdk.dynalink jdk.internal.ed jdk.editpad jdk.internal.vm.ci jdk.graal.compiler jdk.graal.compiler.management jdk.hotspot.agent jdk.httpserver jdk.incubator.vector jdk.internal.le jdk.internal.md jdk.jartool jdk.javadoc jdk.jcmd jdk.management jdk.management.agent jdk.jconsole jdk.jdeps jdk.jdwp.agent jdk.jdi jdk.jfr jdk.jlink jdk.jpackage jdk.jshell jdk.jsobject jdk.jstatd jdk.localedata jdk.management.jfr jdk.naming.dns jdk.naming.rmi jdk.net jdk.nio.mapmode jdk.sctp jdk.security.auth jdk.security.jgss jdk.unsupported jdk.unsupported.desktop jdk.xml.dom" 
OS_ARCH="x86_64" 
OS_NAME="Windows" 
SOURCE=".:git:a2ce02c38bc9" 
BUILD_SOURCE="git:e6ba7dec3d07654074559310376a3ae89da5f4ac"
BUILD_SOURCE_REPO="https://github.com/adoptium/temurin-build.git"
SOURCE_REPO="https://github.com/adoptium/jdk25u.git"
FULL_VERSION="25.0.4+7-LTS"
SEMANTIC_VERSION="25.0.4+7"
BUILD_INFO="OS: Windows Server 2022 Version: 10.0"
JVM_VARIANT="Hotspot"
JVM_VERSION="25.0.4+7-LTS"
IMAGE_TYPE="JDK"

Environment Variables:
PATH=C:\Program Files\Eclipse Adoptium\jdk-25.0.4.7-hotspot\bin;C:\Program Files (x86)\Common Files\Oracle\Java\java8path;C:\Program Files (x86)\Common Files\Oracle\Java\javapath;C:\Python314\Scripts\;C:\Python314\;C:\WINDOWS\system32;C:\WINDOWS;C:\WINDOWS\System32\Wbem;C:\WINDOWS\System32\WindowsPowerShell\v1.0\;C:\WINDOWS\System32\OpenSSH\;C:\Program Files\nodejs\;C:\ProgramData\chocolatey\bin;C:\Program Files (x86)\NVIDIA Corporation\PhysX\Common;C:\msys64\ucrt64\bin;C:\Program Files\Git\cmd;C:\Users\leona\AppData\Local\Programs\Python\Python313\Scripts\;C:\Users\leona\AppData\Local\Programs\Python\Python313\;C:\Users\leona\AppData\Local\Microsoft\WindowsApps;C:\Users\leona\AppData\Roaming\npm;C:\Users\leona\AppData\Local\Programs\Microsoft VS Code\bin
USERNAME=leona
OS=Windows_NT
PROCESSOR_IDENTIFIER=Intel64 Family 6 Model 186 Stepping 2, GenuineIntel
TMP=C:\Users\leona\AppData\Local\Temp
TEMP=C:\Users\leona\AppData\Local\Temp




Compilation memory statistics disabled.

Periodic native trim disabled

---------------  S Y S T E M  ---------------

OS:
 Windows 11 , 64 bit Build 26100 (10.0.26100.9168)
OS uptime: 3 days 8:04 hours
Hyper-V role detected

CPU: total 16 (initial active 16) (8 cores per cpu, 2 threads per core) family 6 model 186 stepping 2 microcode 0x410e, cx8, cmov, fxsr, ht, mmx, 3dnowpref, sse, sse2, sse3, ssse3, sse4.1, sse4.2, popcnt, lzcnt, tsc, tscinvbit, avx, avx2, aes, erms, clmul, bmi1, bmi2, adx, sha, fma, vzeroupper, clflush, clflushopt, clwb, hv, serialize, rdtscp, rdpid, fsrm, gfni, f16c, cet_ibt, cet_ss
Processor Information for the first 16 processors :
  Max Mhz: 2400, Current Mhz: 2400, Mhz Limit: 2400

Memory: 4k page, system-wide physical 16122M (997M free)
TotalPageFile size 65274M (AvailPageFile size 443M)
current process WorkingSet (physical memory assigned to process): 23M, peak: 207M
current process commit charge ("private bytes"): 275M, peak: 448M

vm_info: OpenJDK 64-Bit Server VM (25.0.4+7-LTS) for windows-amd64 JRE (25.0.4+7-LTS), built on 2026-07-21T00:00:00Z with MS VC++ 17.12 (VS2022)

END.
