#
# There is insufficient memory for the Java Runtime Environment to continue.
# Native memory allocation (malloc) failed to allocate 3407064 bytes. Error detail: Chunk::new
# Possible reasons:
#   The system is out of physical RAM or swap space
#   This process is running with CompressedOops enabled, and the Java Heap may be blocking the growth of the native heap
# Possible solutions:
#   Reduce memory load on the system
#   Increase physical memory or swap space
#   Check if swap backing store is full
#   Decrease Java heap size (-Xmx/-Xms)
#   JVM is running with Unscaled Compressed Oops mode in which the Java heap is
#     placed in the first 4GB address space. The Java Heap base address is the
#     maximum limit for the native heap growth. Please use -XX:HeapBaseMinAddress
#     to set the Java Heap base and to place the Java Heap above 4GB virtual address.
# This output file may be truncated or incomplete.
#
#  Out of Memory Error (arena.cpp:186), pid=30360, tid=28740
#
# JRE version: OpenJDK Runtime Environment Temurin-25.0.4+7 (25.0.4+7) (build 25.0.4+7-LTS)
# Java VM: OpenJDK 64-Bit Server VM Temurin-25.0.4+7 (25.0.4+7-LTS, mixed mode, sharing, tiered, compressed oops, compressed class ptrs, g1 gc, windows-amd64)
# No core dump will be written. Minidumps are not enabled by default on client versions of Windows
#

---------------  S U M M A R Y ------------

Command Line: --add-opens=java.base/java.lang=ALL-UNNAMED --add-opens=java.base/java.lang.invoke=ALL-UNNAMED --add-opens=java.base/java.util=ALL-UNNAMED --add-opens=java.prefs/java.util.prefs=ALL-UNNAMED --add-exports=jdk.compiler/com.sun.tools.javac.api=ALL-UNNAMED --add-exports=jdk.compiler/com.sun.tools.javac.util=ALL-UNNAMED --add-opens=java.base/java.nio.charset=ALL-UNNAMED --add-opens=java.base/java.net=ALL-UNNAMED --add-opens=java.base/java.util.concurrent=ALL-UNNAMED --add-opens=java.base/java.util.concurrent.atomic=ALL-UNNAMED --add-opens=java.xml/javax.xml.namespace=ALL-UNNAMED --add-opens=java.base/java.time=ALL-UNNAMED --enable-native-access=ALL-UNNAMED -Xmx2048m -Dfile.encoding=UTF-8 -Duser.country=US -Duser.language=en -Duser.variant -javaagent:C:\Users\leona\.gradle\wrapper\dists\gradle-9.6.0-bin\42k10rwplmzkhuboz9kdazi7s\gradle-9.6.0\lib\agents\gradle-instrumentation-agent-9.6.0.jar org.gradle.launcher.daemon.bootstrap.GradleDaemon 9.6.0

Host: 13th Gen Intel(R) Core(TM) i7-13620H, 16 cores, 15G,  Windows 11 , 64 bit Build 26100 (10.0.26100.9168)
Time: Fri Sep 11 00:42:34 2026 Central Standard Time (Mexico) elapsed time: 284.351578 seconds (0d 0h 4m 44s)

---------------  T H R E A D  ---------------

Current thread (0x000001e3e3b272c0):  JavaThread "C2 CompilerThread0" daemon [_thread_in_native, id=28740, stack(0x000000c234f00000,0x000000c235000000) (1024K)]


Current CompileTask:
C2:284352 5350       4       org.gradle.internal.remote.internal.inet.MultiChoiceAddressSerializer::read (95 bytes)

Stack: [0x000000c234f00000,0x000000c235000000]
Native frames: (J=compiled Java code, j=interpreted, Vv=VM code, C=native code)
V  [jvm.dll+0x7aba79]  (no source info available)
V  [jvm.dll+0x775a3d]  (no source info available)
V  [jvm.dll+0x9fb9ed]  (no source info available)
V  [jvm.dll+0x9fdfe1]  (no source info available)
V  [jvm.dll+0x9fe6f3]  (no source info available)
V  [jvm.dll+0x2fdb36]  (no source info available)
V  [jvm.dll+0x111936]  (no source info available)
V  [jvm.dll+0x111c5e]  (no source info available)
V  [jvm.dll+0x1a08d2]  (no source info available)
V  [jvm.dll+0x3b7292]  (no source info available)
V  [jvm.dll+0x7b13fc]  (no source info available)
V  [jvm.dll+0x2c0ef7]  (no source info available)
V  [jvm.dll+0x2bfebf]  (no source info available)
V  [jvm.dll+0x237a30]  (no source info available)
V  [jvm.dll+0x2cffb6]  (no source info available)
V  [jvm.dll+0x2ce23a]  (no source info available)
V  [jvm.dll+0x49131e]  (no source info available)
V  [jvm.dll+0x99cb1d]  (no source info available)
V  [jvm.dll+0x7aa025]  (no source info available)
C  [ucrtbase.dll+0x2cd30]  (no source info available)
C  [KERNEL32.DLL+0x2ccb7]  (no source info available)
C  [ntdll.dll+0xaad6c]  (no source info available)

Lock stack of current Java thread (top to bottom):


---------------  P R O C E S S  ---------------

Threads class SMR info:
_java_thread_list=0x000001e3e9256a10, length=34, elements={
0x000001e3c63c4c80, 0x000001e3e3c725a0, 0x000001e3e3c75b90, 0x000001e3e3c7a6e0,
0x000001e3e3c7b3f0, 0x000001e3e3c81770, 0x000001e3e3c7eb60, 0x000001e3e3b272c0,
0x000001e3e3b27ad0, 0x000001e3e81ddfa0, 0x000001e3e825f9c0, 0x000001e3ea288ee0,
0x000001e3ea54b540, 0x000001e3ea4c83e0, 0x000001e3ea381f10, 0x000001e3ea380b10,
0x000001e3ea4b8e60, 0x000001e3ea355e80, 0x000001e3ea3556b0, 0x000001e3ea35a4d0,
0x000001e3ea35aca0, 0x000001e3ea357dc0, 0x000001e3ea359530, 0x000001e3eb05ef70,
0x000001e3ea8baf90, 0x000001e3ea8bee10, 0x000001e3ea8be640, 0x000001e3ea8bfdb0,
0x000001e3ea8c1520, 0x000001e3ea599970, 0x000001e3ea5989d0, 0x000001e3ea598200,
0x000001e3eafe88a0, 0x000001e3eafeb780
}

Java Threads: ( => current thread )
  0x000001e3c63c4c80 JavaThread "main"                              [_thread_blocked, id=29028, stack(0x000000c234100000,0x000000c234200000) (1024K)]
  0x000001e3e3c725a0 JavaThread "Reference Handler"          daemon [_thread_blocked, id=30364, stack(0x000000c234900000,0x000000c234a00000) (1024K)]
  0x000001e3e3c75b90 JavaThread "Finalizer"                  daemon [_thread_blocked, id=29284, stack(0x000000c234a00000,0x000000c234b00000) (1024K)]
  0x000001e3e3c7a6e0 JavaThread "Signal Dispatcher"          daemon [_thread_blocked, id=30512, stack(0x000000c234b00000,0x000000c234c00000) (1024K)]
  0x000001e3e3c7b3f0 JavaThread "Attach Listener"            daemon [_thread_blocked, id=30548, stack(0x000000c234c00000,0x000000c234d00000) (1024K)]
  0x000001e3e3c81770 JavaThread "Service Thread"             daemon [_thread_blocked, id=30516, stack(0x000000c234d00000,0x000000c234e00000) (1024K)]
  0x000001e3e3c7eb60 JavaThread "Monitor Deflation Thread"   daemon [_thread_blocked, id=30160, stack(0x000000c234e00000,0x000000c234f00000) (1024K)]
=>0x000001e3e3b272c0 JavaThread "C2 CompilerThread0"         daemon [_thread_in_native, id=28740, stack(0x000000c234f00000,0x000000c235000000) (1024K)]
  0x000001e3e3b27ad0 JavaThread "C1 CompilerThread0"         daemon [_thread_blocked, id=30600, stack(0x000000c235000000,0x000000c235100000) (1024K)]
  0x000001e3e81ddfa0 JavaThread "Common-Cleaner"             daemon [_thread_blocked, id=30540, stack(0x000000c235100000,0x000000c235200000) (1024K)]
  0x000001e3e825f9c0 JavaThread "Notification Thread"        daemon [_thread_blocked, id=29880, stack(0x000000c235200000,0x000000c235300000) (1024K)]
  0x000001e3ea288ee0 JavaThread "Daemon health stats"               [_thread_blocked, id=18376, stack(0x000000c235900000,0x000000c235a00000) (1024K)]
  0x000001e3ea54b540 JavaThread "Incoming local TCP Connector on port 53703"        [_thread_in_native, id=20804, stack(0x000000c235b00000,0x000000c235c00000) (1024K)]
  0x000001e3ea4c83e0 JavaThread "Daemon periodic checks"            [_thread_blocked, id=27272, stack(0x000000c235c00000,0x000000c235d00000) (1024K)]
  0x000001e3ea381f10 JavaThread "Daemon"                            [_thread_blocked, id=7488, stack(0x000000c235a00000,0x000000c235b00000) (1024K)]
  0x000001e3ea380b10 JavaThread "Handler for socket connection from /127.0.0.1:53703 to /127.0.0.1:53713"        [_thread_in_native, id=6728, stack(0x000000c235d00000,0x000000c235e00000) (1024K)]
  0x000001e3ea4b8e60 JavaThread "Cancel handler"                    [_thread_blocked, id=21512, stack(0x000000c235e00000,0x000000c235f00000) (1024K)]
  0x000001e3ea355e80 JavaThread "Daemon worker"                     [_thread_blocked, id=26336, stack(0x000000c235f00000,0x000000c236000000) (1024K)]
  0x000001e3ea3556b0 JavaThread "Asynchronous log dispatcher for DefaultDaemonConnection: socket connection from /127.0.0.1:53703 to /127.0.0.1:53713"        [_thread_blocked, id=27664, stack(0x000000c236000000,0x000000c236100000) (1024K)]
  0x000001e3ea35a4d0 JavaThread "Stdin handler"                     [_thread_blocked, id=30900, stack(0x000000c236100000,0x000000c236200000) (1024K)]
  0x000001e3ea35aca0 JavaThread "Daemon client event forwarder"        [_thread_blocked, id=30904, stack(0x000000c236200000,0x000000c236300000) (1024K)]
  0x000001e3ea357dc0 JavaThread "Cache worker for journal cache (C:\Users\leona\.gradle\caches\journal-1)"        [_thread_blocked, id=31928, stack(0x000000c235800000,0x000000c235900000) (1024K)]
  0x000001e3ea359530 JavaThread "File lock request listener"        [_thread_in_native, id=31948, stack(0x000000c236300000,0x000000c236400000) (1024K)]
  0x000001e3eb05ef70 JavaThread "Cache worker for file hash cache (C:\Users\leona\.gradle\caches\9.6.0\fileHashes)"        [_thread_blocked, id=31780, stack(0x000000c236500000,0x000000c236600000) (1024K)]
  0x000001e3ea8baf90 JavaThread "Cache worker for file hash cache (C:\Users\leona\AndroidStudioProjects\Fondly\.gradle\9.6.0\fileHashes)"        [_thread_blocked, id=13820, stack(0x000000c236d00000,0x000000c236e00000) (1024K)]
  0x000001e3ea8bee10 JavaThread "Cache worker for Build Output Cleanup Cache (C:\Users\leona\AndroidStudioProjects\Fondly\.gradle\buildOutputCleanup)"        [_thread_blocked, id=22804, stack(0x000000c234000000,0x000000c234100000) (1024K)]
  0x000001e3ea8be640 JavaThread "File watcher server"        daemon [_thread_in_native, id=12728, stack(0x000000c236e00000,0x000000c236f00000) (1024K)]
  0x000001e3ea8bfdb0 JavaThread "File watcher consumer"      daemon [_thread_blocked, id=3128, stack(0x000000c236f00000,0x000000c237000000) (1024K)]
  0x000001e3ea8c1520 JavaThread "Cache worker for file content cache (C:\Users\leona\.gradle\caches\9.6.0\fileContent)"        [_thread_blocked, id=36312, stack(0x000000c237000000,0x000000c237100000) (1024K)]
  0x000001e3ea599970 JavaThread "Cache worker for checksums cache (C:\Users\leona\AndroidStudioProjects\Fondly\.gradle\9.6.0\checksums)"        [_thread_blocked, id=13752, stack(0x000000c237100000,0x000000c237200000) (1024K)]
  0x000001e3ea5989d0 JavaThread "Cache worker for cache directory md-supplier (C:\Users\leona\.gradle\caches\9.6.0\md-supplier)"        [_thread_blocked, id=37032, stack(0x000000c237200000,0x000000c237300000) (1024K)]
  0x000001e3ea598200 JavaThread "Cache worker for cache directory md-rule (C:\Users\leona\.gradle\caches\9.6.0\md-rule)"        [_thread_blocked, id=37744, stack(0x000000c237300000,0x000000c237400000) (1024K)]
  0x000001e3eafe88a0 JavaThread "jar transforms"                    [_thread_blocked, id=37520, stack(0x000000c237400000,0x000000c237500000) (1024K)]
  0x000001e3eafeb780 JavaThread "jar transforms Thread 2"           [_thread_blocked, id=19064, stack(0x000000c237500000,0x000000c237600000) (1024K)]
Total: 34

Other Threads:
  0x000001e3e3c60e90 VMThread "VM Thread"                           [id=29828, stack(0x000000c234800000,0x000000c234900000) (1024K)]
  0x000001e3e3b30340 WatcherThread "VM Periodic Task Thread"        [id=29668, stack(0x000000c234700000,0x000000c234800000) (1024K)]
  0x000001e3c6424430 WorkerThread "GC Thread#0"                     [id=29600, stack(0x000000c234200000,0x000000c234300000) (1024K)]
  0x000001e3e9260a50 WorkerThread "GC Thread#1"                     [id=30532, stack(0x000000c235300000,0x000000c235400000) (1024K)]
  0x000001e3e9260e80 WorkerThread "GC Thread#2"                     [id=28860, stack(0x000000c235400000,0x000000c235500000) (1024K)]
  0x000001e3e9349fe0 WorkerThread "GC Thread#3"                     [id=26896, stack(0x000000c235500000,0x000000c235600000) (1024K)]
  0x000001e3e934a410 WorkerThread "GC Thread#4"                     [id=30036, stack(0x000000c235600000,0x000000c235700000) (1024K)]
  0x000001e3e934a840 WorkerThread "GC Thread#5"                     [id=29988, stack(0x000000c235700000,0x000000c235800000) (1024K)]
  0x000001e3ea082c10 WorkerThread "GC Thread#6"                     [id=23444, stack(0x000000c236600000,0x000000c236700000) (1024K)]
  0x000001e3ea0834b0 WorkerThread "GC Thread#7"                     [id=32264, stack(0x000000c236700000,0x000000c236800000) (1024K)]
  0x000001e3ea084e90 WorkerThread "GC Thread#8"                     [id=9036, stack(0x000000c236800000,0x000000c236900000) (1024K)]
  0x000001e3ea083d50 WorkerThread "GC Thread#9"                     [id=32424, stack(0x000000c236900000,0x000000c236a00000) (1024K)]
  0x000001e3ea081680 WorkerThread "GC Thread#10"                    [id=23504, stack(0x000000c236a00000,0x000000c236b00000) (1024K)]
  0x000001e3ea081ad0 WorkerThread "GC Thread#11"                    [id=8096, stack(0x000000c236b00000,0x000000c236c00000) (1024K)]
  0x000001e3ea081f20 WorkerThread "GC Thread#12"                    [id=32592, stack(0x000000c236c00000,0x000000c236d00000) (1024K)]
  0x000001e3c643e510 ConcurrentGCThread "G1 Main Marker"            [id=29900, stack(0x000000c234300000,0x000000c234400000) (1024K)]
  0x000001e3c643f0b0 WorkerThread "G1 Conc#0"                       [id=28888, stack(0x000000c234400000,0x000000c234500000) (1024K)]
  0x000001e3e8e33300 WorkerThread "G1 Conc#1"                       [id=35448, stack(0x000000c233e00000,0x000000c233f00000) (1024K)]
  0x000001e3e8e34890 WorkerThread "G1 Conc#2"                       [id=35700, stack(0x000000c233f00000,0x000000c234000000) (1024K)]
  0x000001e3e3b0da30 ConcurrentGCThread "G1 Refine#0"               [id=28892, stack(0x000000c234500000,0x000000c234600000) (1024K)]
  0x000001e3e3b10450 ConcurrentGCThread "G1 Service"                [id=30368, stack(0x000000c234600000,0x000000c234700000) (1024K)]
Total: 21

Threads with active compile tasks:
C2 CompilerThread0  284586 5350       4       org.gradle.internal.remote.internal.inet.MultiChoiceAddressSerializer::read (95 bytes)
Total: 1

VM state: not at safepoint (normal execution)

VM Mutex/Monitor currently owned by a thread: None

Heap address: 0x0000000080000000, size: 2048 MB, Compressed Oops mode: 32-bit

CDS archive(s) mapped at: [0x0000000019000000-0x0000000019db0000-0x0000000019db0000), size 14352384, SharedBaseAddress: 0x0000000019000000, ArchiveRelocationMode: 1.
Compressed class space mapped at: 0x000000001a000000-0x000000005a000000, reserved size: 1073741824
UseCompressedClassPointers 1, UseCompactObjectHeaders 0
Narrow klass pointer bits 32, Max shift 3
Narrow klass base: 0x0000000019000000, Narrow klass shift: 0
Encoding Range: [0x0000000019000000 - 0x0000000119000000), (4294967296 bytes)
Klass Range:    [0x0000000019010000 - 0x000000005a000000), (1090453504 bytes)
Klass ID Range:  [65536 - 1090519033) (1090453497)
Protection zone: [0x0000000019000000 - 0x0000000019010000), (65536 bytes)

GC Precious Log:
 CardTable entry size: 512
 Card Set container configuration: InlinePtr #cards 5 size 8 Array Of Cards #cards 10 size 36 Howl #buckets 4 coarsen threshold 1843 Howl Bitmap #cards 512 size 80 coarsen threshold 460 Card regions per heap region 1 cards per card region 2048
 CPUs: 16 total, 16 available
 Memory: 16122M
 Large Page Support: Disabled
 NUMA Support: Disabled
 Compressed Oops: Enabled (32-bit)
 Heap Region Size: 1M
 Heap Min Capacity: 8M
 Heap Initial Capacity: 252M
 Heap Max Capacity: 2G
 Pre-touch: Disabled
 Parallel Workers: 13
 Concurrent Workers: 3
 Concurrent Refinement Workers: 13
 Periodic GC: Disabled

Heap:
 garbage-first heap   total reserved 2097152K, committed 89088K, used 64373K [0x0000000080000000, 0x0000000100000000)
  region size 1024K, 38 young (38912K), 5 survivors (5120K)

Heap Regions: E=young(eden), S=young(survivor), O=old, HS=humongous(starts), HC=humongous(continues), CS=collection set, F=free, TAMS=top-at-mark-start, PB=parsable bottom
|   0|0x0000000080000000, 0x0000000080100000, 0x0000000080100000|100%|HS|  |TAMS 0x0000000080000000| PB 0x0000000080000000| Complete |  0
|   1|0x0000000080100000, 0x0000000080200000, 0x0000000080200000|100%|HC|  |TAMS 0x0000000080100000| PB 0x0000000080100000| Complete |  0
|   2|0x0000000080200000, 0x0000000080300000, 0x0000000080300000|100%|HC|  |TAMS 0x0000000080200000| PB 0x0000000080200000| Complete |  0
|   3|0x0000000080300000, 0x0000000080400000, 0x0000000080400000|100%|HC|  |TAMS 0x0000000080300000| PB 0x0000000080300000| Complete |  0
|   4|0x0000000080400000, 0x0000000080500000, 0x0000000080500000|100%| O|  |TAMS 0x0000000080400000| PB 0x0000000080400000| Untracked |  0
|   5|0x0000000080500000, 0x0000000080600000, 0x0000000080600000|100%| O|  |TAMS 0x0000000080500000| PB 0x0000000080500000| Untracked |  0
|   6|0x0000000080600000, 0x0000000080700000, 0x0000000080700000|100%|HS|  |TAMS 0x0000000080600000| PB 0x0000000080600000| Complete |  0
|   7|0x0000000080700000, 0x0000000080800000, 0x0000000080800000|100%| O|  |TAMS 0x0000000080700000| PB 0x0000000080700000| Untracked |  0
|   8|0x0000000080800000, 0x0000000080900000, 0x0000000080900000|100%| O|  |TAMS 0x0000000080800000| PB 0x0000000080800000| Untracked |  0
|   9|0x0000000080900000, 0x0000000080a00000, 0x0000000080a00000|100%| O|  |TAMS 0x0000000080900000| PB 0x0000000080900000| Untracked |  0
|  10|0x0000000080a00000, 0x0000000080b00000, 0x0000000080b00000|100%| O|  |TAMS 0x0000000080a00000| PB 0x0000000080a00000| Untracked |  0
|  11|0x0000000080b00000, 0x0000000080c00000, 0x0000000080c00000|100%| O|  |TAMS 0x0000000080b00000| PB 0x0000000080b00000| Untracked |  0
|  12|0x0000000080c00000, 0x0000000080d00000, 0x0000000080d00000|100%| O|  |TAMS 0x0000000080c00000| PB 0x0000000080c00000| Untracked |  0
|  13|0x0000000080d00000, 0x0000000080d9d748, 0x0000000080e00000| 61%| O|Cm|TAMS 0x0000000080d00000| PB 0x0000000080d00000| Complete |  0
|  14|0x0000000080e00000, 0x0000000080f00000, 0x0000000080f00000|100%| O|  |TAMS 0x0000000080e00000| PB 0x0000000080e00000| Untracked |  0
|  15|0x0000000080f00000, 0x0000000081000000, 0x0000000081000000|100%| O|  |TAMS 0x0000000080f00000| PB 0x0000000080f00000| Untracked |  0
|  16|0x0000000081000000, 0x0000000081100000, 0x0000000081100000|100%| O|  |TAMS 0x0000000081000000| PB 0x0000000081000000| Untracked |  0
|  17|0x0000000081100000, 0x0000000081200000, 0x0000000081200000|100%| O|  |TAMS 0x0000000081100000| PB 0x0000000081100000| Untracked |  0
|  18|0x0000000081200000, 0x0000000081300000, 0x0000000081300000|100%| O|  |TAMS 0x0000000081200000| PB 0x0000000081200000| Untracked |  0
|  19|0x0000000081300000, 0x0000000081400000, 0x0000000081400000|100%| O|  |TAMS 0x0000000081300000| PB 0x0000000081300000| Untracked |  0
|  20|0x0000000081400000, 0x0000000081500000, 0x0000000081500000|100%| O|  |TAMS 0x0000000081400000| PB 0x0000000081400000| Untracked |  0
|  21|0x0000000081500000, 0x0000000081600000, 0x0000000081600000|100%| O|  |TAMS 0x0000000081500000| PB 0x0000000081500000| Untracked |  0
|  22|0x0000000081600000, 0x0000000081700000, 0x0000000081700000|100%| O|  |TAMS 0x0000000081600000| PB 0x0000000081600000| Untracked |  0
|  23|0x0000000081700000, 0x0000000081800000, 0x0000000081800000|100%| O|  |TAMS 0x0000000081700000| PB 0x0000000081700000| Untracked |  0
|  24|0x0000000081800000, 0x0000000081900000, 0x0000000081900000|100%| O|  |TAMS 0x0000000081800000| PB 0x0000000081800000| Untracked |  0
|  25|0x0000000081900000, 0x00000000819e8928, 0x0000000081a00000| 90%| O|  |TAMS 0x0000000081900000| PB 0x0000000081900000| Untracked |  0
|  26|0x0000000081a00000, 0x0000000081a00000, 0x0000000081b00000|  0%| F|  |TAMS 0x0000000081a00000| PB 0x0000000081a00000| Untracked |  0
|  27|0x0000000081b00000, 0x0000000081b00000, 0x0000000081c00000|  0%| F|  |TAMS 0x0000000081b00000| PB 0x0000000081b00000| Untracked |  0
|  28|0x0000000081c00000, 0x0000000081c00000, 0x0000000081d00000|  0%| F|  |TAMS 0x0000000081c00000| PB 0x0000000081c00000| Untracked |  0
|  29|0x0000000081d00000, 0x0000000081d00000, 0x0000000081e00000|  0%| F|  |TAMS 0x0000000081d00000| PB 0x0000000081d00000| Untracked |  0
|  30|0x0000000081e00000, 0x0000000081e00000, 0x0000000081f00000|  0%| F|  |TAMS 0x0000000081e00000| PB 0x0000000081e00000| Untracked |  0
|  31|0x0000000081f00000, 0x0000000081f00000, 0x0000000082000000|  0%| F|  |TAMS 0x0000000081f00000| PB 0x0000000081f00000| Untracked |  0
|  32|0x0000000082000000, 0x0000000082000000, 0x0000000082100000|  0%| F|  |TAMS 0x0000000082000000| PB 0x0000000082000000| Untracked |  0
|  33|0x0000000082100000, 0x0000000082100000, 0x0000000082200000|  0%| F|  |TAMS 0x0000000082100000| PB 0x0000000082100000| Untracked |  0
|  34|0x0000000082200000, 0x0000000082200000, 0x0000000082300000|  0%| F|  |TAMS 0x0000000082200000| PB 0x0000000082200000| Untracked |  0
|  35|0x0000000082300000, 0x0000000082300000, 0x0000000082400000|  0%| F|  |TAMS 0x0000000082300000| PB 0x0000000082300000| Untracked |  0
|  36|0x0000000082400000, 0x0000000082400000, 0x0000000082500000|  0%| F|  |TAMS 0x0000000082400000| PB 0x0000000082400000| Untracked |  0
|  37|0x0000000082500000, 0x0000000082500000, 0x0000000082600000|  0%| F|  |TAMS 0x0000000082500000| PB 0x0000000082500000| Untracked |  0
|  38|0x0000000082600000, 0x0000000082600000, 0x0000000082700000|  0%| F|  |TAMS 0x0000000082600000| PB 0x0000000082600000| Untracked |  0
|  39|0x0000000082700000, 0x0000000082757558, 0x0000000082800000| 34%| S|CS|TAMS 0x0000000082700000| PB 0x0000000082700000| Complete |  0
|  40|0x0000000082800000, 0x0000000082900000, 0x0000000082900000|100%| S|CS|TAMS 0x0000000082800000| PB 0x0000000082800000| Complete |  0
|  41|0x0000000082900000, 0x0000000082900000, 0x0000000082a00000|  0%| F|  |TAMS 0x0000000082900000| PB 0x0000000082900000| Untracked |  0
|  42|0x0000000082a00000, 0x0000000082a00000, 0x0000000082b00000|  0%| F|  |TAMS 0x0000000082a00000| PB 0x0000000082a00000| Untracked |  0
|  43|0x0000000082b00000, 0x0000000082b00000, 0x0000000082c00000|  0%| F|  |TAMS 0x0000000082b00000| PB 0x0000000082b00000| Untracked |  0
|  44|0x0000000082c00000, 0x0000000082c00000, 0x0000000082d00000|  0%| F|  |TAMS 0x0000000082c00000| PB 0x0000000082c00000| Untracked |  0
|  45|0x0000000082d00000, 0x0000000082d00000, 0x0000000082e00000|  0%| F|  |TAMS 0x0000000082d00000| PB 0x0000000082d00000| Untracked |  0
|  46|0x0000000082e00000, 0x0000000082e00000, 0x0000000082f00000|  0%| F|  |TAMS 0x0000000082e00000| PB 0x0000000082e00000| Untracked |  0
|  47|0x0000000082f00000, 0x0000000083000000, 0x0000000083000000|100%| S|CS|TAMS 0x0000000082f00000| PB 0x0000000082f00000| Complete |  0
|  48|0x0000000083000000, 0x0000000083100000, 0x0000000083100000|100%| S|CS|TAMS 0x0000000083000000| PB 0x0000000083000000| Complete |  0
|  49|0x0000000083100000, 0x0000000083200000, 0x0000000083200000|100%| S|CS|TAMS 0x0000000083100000| PB 0x0000000083100000| Complete |  0
|  50|0x0000000083200000, 0x0000000083200000, 0x0000000083300000|  0%| F|  |TAMS 0x0000000083200000| PB 0x0000000083200000| Untracked |  0
|  51|0x0000000083300000, 0x0000000083300000, 0x0000000083400000|  0%| F|  |TAMS 0x0000000083300000| PB 0x0000000083300000| Untracked |  0
|  52|0x0000000083400000, 0x0000000083400000, 0x0000000083500000|  0%| F|  |TAMS 0x0000000083400000| PB 0x0000000083400000| Untracked |  0
|  53|0x0000000083500000, 0x00000000835736f8, 0x0000000083600000| 45%| E|  |TAMS 0x0000000083500000| PB 0x0000000083500000| Complete |  0
|  54|0x0000000083600000, 0x0000000083700000, 0x0000000083700000|100%| E|CS|TAMS 0x0000000083600000| PB 0x0000000083600000| Complete |  0
|  55|0x0000000083700000, 0x0000000083800000, 0x0000000083800000|100%| E|CS|TAMS 0x0000000083700000| PB 0x0000000083700000| Complete |  0
|  56|0x0000000083800000, 0x0000000083900000, 0x0000000083900000|100%| E|CS|TAMS 0x0000000083800000| PB 0x0000000083800000| Complete |  0
|  57|0x0000000083900000, 0x0000000083a00000, 0x0000000083a00000|100%| E|CS|TAMS 0x0000000083900000| PB 0x0000000083900000| Complete |  0
|  58|0x0000000083a00000, 0x0000000083b00000, 0x0000000083b00000|100%| E|CS|TAMS 0x0000000083a00000| PB 0x0000000083a00000| Complete |  0
|  59|0x0000000083b00000, 0x0000000083c00000, 0x0000000083c00000|100%| E|CS|TAMS 0x0000000083b00000| PB 0x0000000083b00000| Complete |  0
|  60|0x0000000083c00000, 0x0000000083d00000, 0x0000000083d00000|100%| E|CS|TAMS 0x0000000083c00000| PB 0x0000000083c00000| Complete |  0
|  61|0x0000000083d00000, 0x0000000083e00000, 0x0000000083e00000|100%| E|CS|TAMS 0x0000000083d00000| PB 0x0000000083d00000| Complete |  0
|  62|0x0000000083e00000, 0x0000000083f00000, 0x0000000083f00000|100%| E|CS|TAMS 0x0000000083e00000| PB 0x0000000083e00000| Complete |  0
|  63|0x0000000083f00000, 0x0000000084000000, 0x0000000084000000|100%| E|CS|TAMS 0x0000000083f00000| PB 0x0000000083f00000| Complete |  0
|  64|0x0000000084000000, 0x0000000084100000, 0x0000000084100000|100%| E|CS|TAMS 0x0000000084000000| PB 0x0000000084000000| Complete |  0
|  65|0x0000000084100000, 0x0000000084200000, 0x0000000084200000|100%| E|CS|TAMS 0x0000000084100000| PB 0x0000000084100000| Complete |  0
|  66|0x0000000084200000, 0x0000000084300000, 0x0000000084300000|100%| E|CS|TAMS 0x0000000084200000| PB 0x0000000084200000| Complete |  0
|  67|0x0000000084300000, 0x0000000084400000, 0x0000000084400000|100%| E|CS|TAMS 0x0000000084300000| PB 0x0000000084300000| Complete |  0
|  68|0x0000000084400000, 0x0000000084500000, 0x0000000084500000|100%| E|CS|TAMS 0x0000000084400000| PB 0x0000000084400000| Complete |  0
|  69|0x0000000084500000, 0x0000000084600000, 0x0000000084600000|100%| E|CS|TAMS 0x0000000084500000| PB 0x0000000084500000| Complete |  0
|  70|0x0000000084600000, 0x0000000084700000, 0x0000000084700000|100%| E|CS|TAMS 0x0000000084600000| PB 0x0000000084600000| Complete |  0
|  71|0x0000000084700000, 0x0000000084800000, 0x0000000084800000|100%| E|CS|TAMS 0x0000000084700000| PB 0x0000000084700000| Complete |  0
|  72|0x0000000084800000, 0x0000000084900000, 0x0000000084900000|100%| E|CS|TAMS 0x0000000084800000| PB 0x0000000084800000| Complete |  0
|  73|0x0000000084900000, 0x0000000084a00000, 0x0000000084a00000|100%| E|CS|TAMS 0x0000000084900000| PB 0x0000000084900000| Complete |  0
| 223|0x000000008df00000, 0x000000008e000000, 0x000000008e000000|100%| E|CS|TAMS 0x000000008df00000| PB 0x000000008df00000| Complete |  0
| 224|0x000000008e000000, 0x000000008e100000, 0x000000008e100000|100%| E|CS|TAMS 0x000000008e000000| PB 0x000000008e000000| Complete |  0
| 225|0x000000008e100000, 0x000000008e200000, 0x000000008e200000|100%| E|CS|TAMS 0x000000008e100000| PB 0x000000008e100000| Complete |  0
| 226|0x000000008e200000, 0x000000008e300000, 0x000000008e300000|100%| E|CS|TAMS 0x000000008e200000| PB 0x000000008e200000| Complete |  0
| 227|0x000000008e300000, 0x000000008e400000, 0x000000008e400000|100%| E|CS|TAMS 0x000000008e300000| PB 0x000000008e300000| Complete |  0
| 228|0x000000008e400000, 0x000000008e500000, 0x000000008e500000|100%| E|CS|TAMS 0x000000008e400000| PB 0x000000008e400000| Complete |  0
| 229|0x000000008e500000, 0x000000008e600000, 0x000000008e600000|100%| E|CS|TAMS 0x000000008e500000| PB 0x000000008e500000| Complete |  0
| 230|0x000000008e600000, 0x000000008e700000, 0x000000008e700000|100%| E|CS|TAMS 0x000000008e600000| PB 0x000000008e600000| Complete |  0
| 231|0x000000008e700000, 0x000000008e800000, 0x000000008e800000|100%| E|CS|TAMS 0x000000008e700000| PB 0x000000008e700000| Complete |  0
| 232|0x000000008e800000, 0x000000008e900000, 0x000000008e900000|100%| E|CS|TAMS 0x000000008e800000| PB 0x000000008e800000| Complete |  0
| 251|0x000000008fb00000, 0x000000008fc00000, 0x000000008fc00000|100%| E|CS|TAMS 0x000000008fb00000| PB 0x000000008fb00000| Complete |  0
|2046|0x00000000ffe00000, 0x00000000fff00000, 0x00000000fff00000|100%| O|  |TAMS 0x00000000ffe00000| PB 0x00000000ffe00000| Untracked |  0
|2047|0x00000000fff00000, 0x0000000100000000, 0x0000000100000000|100%| E|CS|TAMS 0x00000000fff00000| PB 0x00000000fff00000| Complete |  0

Card table byte_map: [0x000001e3deb60000,0x000001e3def60000] _byte_map_base: 0x000001e3de760000

Marking Bits: (CMBitMap*) 0x000001e3c6425bd0
 Bits: [0x000001e3def60000, 0x000001e3e0f60000)

Polling page: 0x000001e3c4120000

Metaspace:
Metaspace        used 36729K, committed 38208K, reserved 1114112K
 class space     used 5577K, committed 6272K, reserved 1048576K

Usage:
  Non-class:     30.42 MB used.
      Class:      5.45 MB used.
       Both:     35.87 MB used.

Virtual space:
  Non-class space:       64.00 MB reserved,      31.19 MB ( 49%) committed,  1 nodes.
      Class space:        1.00 GB reserved,       6.12 MB ( <1%) committed,  1 nodes.
             Both:        1.06 GB reserved,      37.31 MB (  3%) committed. 

Chunk freelists:
   Non-Class:  592.00 KB
       Class:  9.76 MB
        Both:  10.34 MB

MaxMetaspaceSize: unlimited
CompressedClassSpaceSize: 1.00 GB
Initial GC threshold: 21.00 MB
Current GC threshold: 58.69 MB
CDS: on
 - commit_granule_bytes: 65536.
 - commit_granule_words: 8192.
 - virtual_space_node_default_size: 8388608.
 - enlarge_chunks_in_place: 1.
UseCompressedClassPointers 1, UseCompactObjectHeaders 0
Narrow klass pointer bits 32, Max shift 3
Narrow klass base: 0x0000000019000000, Narrow klass shift: 0
Encoding Range: [0x0000000019000000 - 0x0000000119000000), (4294967296 bytes)
Klass Range:    [0x0000000019010000 - 0x000000005a000000), (1090453504 bytes)
Klass ID Range:  [65536 - 1090519033) (1090453497)
Protection zone: [0x0000000019000000 - 0x0000000019010000), (65536 bytes)


Internal statistics:

num_allocs_failed_limit: 6.
num_arena_births: 2600.
num_arena_deaths: 0.
num_vsnodes_births: 2.
num_vsnodes_deaths: 0.
num_space_committed: 597.
num_space_uncommitted: 0.
num_chunks_returned_to_freelist: 6.
num_chunks_taken_from_freelist: 4345.
num_chunk_merges: 3.
num_chunk_splits: 2794.
num_chunks_enlarged: 1689.
num_inconsistent_stats: 0.

CodeHeap 'non-profiled nmethods': size=119168Kb used=2030Kb max_used=2030Kb free=117137Kb
 bounds [0x000001e3d6a80000, 0x000001e3d6cf0000, 0x000001e3ddee0000]
CodeHeap 'profiled nmethods': size=119168Kb used=7327Kb max_used=7647Kb free=111841Kb
 bounds [0x000001e3ceed0000, 0x000001e3cf650000, 0x000001e3d6330000]
CodeHeap 'non-nmethods': size=7488Kb used=1886Kb max_used=3014Kb free=5601Kb
 bounds [0x000001e3d6330000, 0x000001e3d6650000, 0x000001e3d6a80000]
CodeCache: size=245824Kb, used=11243Kb, max_used=12691Kb, free=234579Kb
 total_blobs=5582, nmethods=4844, adapters=640, full_count=0
Compilation: enabled, stopped_count=0, restarted_count=0

Compilation events (20 events):
Event: 273.873 Thread 0x000001e3e3b272c0 nmethod 5341 0x000001e3d6c7ab88 code [0x000001e3d6c7ac80, 0x000001e3d6c7b3d8]
Event: 273.873 Thread 0x000001e3e3b272c0 5342       4       java.net.Inet4Address::<init> (91 bytes)
Event: 273.891 Thread 0x000001e3e3b272c0 nmethod 5342 0x000001e3d6c7b408 code [0x000001e3d6c7b500, 0x000001e3d6c7b868]
Event: 274.564 Thread 0x000001e3e3b27ad0 5343       3       java.lang.ThreadLocal$ThreadLocalMap::expungeStaleEntry (146 bytes)
Event: 274.565 Thread 0x000001e3e3b27ad0 nmethod 5343 0x000001e3cef21d88 code [0x000001e3cef21e80, 0x000001e3cef22b38]
Event: 280.238 Thread 0x000001e3e3b27ad0 5344       3       sun.nio.ch.DatagramChannelImpl::sourceSocketAddress (83 bytes)
Event: 280.242 Thread 0x000001e3e3b27ad0 nmethod 5344 0x000001e3cf1e7508 code [0x000001e3cf1e7600, 0x000001e3cf1e7af8]
Event: 280.242 Thread 0x000001e3e3b27ad0 5346   !   3       sun.nio.ch.DatagramChannelImpl::tryBlockingReceive (231 bytes)
Event: 280.265 Thread 0x000001e3e3b27ad0 nmethod 5346 0x000001e3cef4af88 code [0x000001e3cef4b080, 0x000001e3cef4c290]
Event: 280.265 Thread 0x000001e3e3b27ad0 5347   !   3       sun.nio.ch.DatagramChannelImpl::receive (141 bytes)
Event: 280.280 Thread 0x000001e3e3b27ad0 nmethod 5347 0x000001e3cef21288 code [0x000001e3cef21380, 0x000001e3cef21c28]
Event: 280.280 Thread 0x000001e3e3b27ad0 5348   !   3       sun.nio.ch.DatagramChannelImpl::receiveIntoNativeBuffer (88 bytes)
Event: 280.317 Thread 0x000001e3e3b27ad0 nmethod 5348 0x000001e3cf1cb288 code [0x000001e3cf1cb380, 0x000001e3cf1cc450]
Event: 281.977 Thread 0x000001e3e3b272c0 5349       4       java.util.stream.ReferencePipeline$3$1::accept (20 bytes)
Event: 281.979 Thread 0x000001e3e3b272c0 nmethod 5349 0x000001e3d6c7b888 code [0x000001e3d6c7b980, 0x000001e3d6c7ba48]
Event: 283.286 Thread 0x000001e3e3b272c0 5350       4       org.gradle.internal.remote.internal.inet.MultiChoiceAddressSerializer::read (95 bytes)
Event: 283.351 Thread 0x000001e3e3b27ad0 5351       3       sun.nio.fs.WindowsPath::getFileSystem (5 bytes)
Event: 283.352 Thread 0x000001e3e3b27ad0 nmethod 5351 0x000001e3cef33088 code [0x000001e3cef33180, 0x000001e3cef33320]
Event: 283.352 Thread 0x000001e3e3b27ad0 5352       3       sun.nio.fs.WindowsPath::toWindowsPath (32 bytes)
Event: 283.352 Thread 0x000001e3e3b27ad0 nmethod 5352 0x000001e3cef4a888 code [0x000001e3cef4a980, 0x000001e3cef4ada0]

GC Heap Usage History (12 events):
Event: 1.763 {heap Before GC invocations=0 (full 0):
 garbage-first heap   total reserved 2097152K, committed 260096K, used 52374K [0x0000000080000000, 0x0000000100000000)
  region size 1024K, 47 young (48128K), 0 survivors (0K)
}
Event: 1.772 {heap After GC invocations=1 (full 0):
 garbage-first heap   total reserved 2097152K, committed 260096K, used 12646K [0x0000000080000000, 0x0000000100000000)
  region size 1024K, 6 young (6144K), 6 survivors (6144K)
}
Event: 54.368 {heap Before GC invocations=1 (full 0):
 garbage-first heap   total reserved 2097152K, committed 260096K, used 121190K [0x0000000080000000, 0x0000000100000000)
  region size 1024K, 110 young (112640K), 6 survivors (6144K)
}
Event: 54.727 {heap After GC invocations=2 (full 0):
 garbage-first heap   total reserved 2097152K, committed 260096K, used 23120K [0x0000000080000000, 0x0000000100000000)
  region size 1024K, 14 young (14336K), 14 survivors (14336K)
}
Event: 73.019 {heap Before GC invocations=2 (full 0):
 garbage-first heap   total reserved 2097152K, committed 260096K, used 41552K [0x0000000080000000, 0x0000000100000000)
  region size 1024K, 33 young (33792K), 14 survivors (14336K)
}
Event: 73.035 {heap After GC invocations=3 (full 0):
 garbage-first heap   total reserved 2097152K, committed 260096K, used 25236K [0x0000000080000000, 0x0000000100000000)
  region size 1024K, 10 young (10240K), 10 survivors (10240K)
}
Event: 92.102 {heap Before GC invocations=4 (full 0):
 garbage-first heap   total reserved 2097152K, committed 89088K, used 68244K [0x0000000080000000, 0x0000000100000000)
  region size 1024K, 52 young (53248K), 10 survivors (10240K)
}
Event: 92.110 {heap After GC invocations=5 (full 0):
 garbage-first heap   total reserved 2097152K, committed 89088K, used 27812K [0x0000000080000000, 0x0000000100000000)
  region size 1024K, 4 young (4096K), 4 survivors (4096K)
}
Event: 104.207 {heap Before GC invocations=5 (full 0):
 garbage-first heap   total reserved 2097152K, committed 89088K, used 66724K [0x0000000080000000, 0x0000000100000000)
  region size 1024K, 42 young (43008K), 4 survivors (4096K)
}
Event: 104.213 {heap After GC invocations=6 (full 0):
 garbage-first heap   total reserved 2097152K, committed 89088K, used 29123K [0x0000000080000000, 0x0000000100000000)
  region size 1024K, 6 young (6144K), 6 survivors (6144K)
}
Event: 128.041 {heap Before GC invocations=6 (full 0):
 garbage-first heap   total reserved 2097152K, committed 89088K, used 63939K [0x0000000080000000, 0x0000000100000000)
  region size 1024K, 42 young (43008K), 6 survivors (6144K)
}
Event: 128.050 {heap After GC invocations=7 (full 0):
 garbage-first heap   total reserved 2097152K, committed 89088K, used 31605K [0x0000000080000000, 0x0000000100000000)
  region size 1024K, 5 young (5120K), 5 survivors (5120K)
}

Metaspace Usage History (12 events):
Event: 1.763 {metaspace Before GC invocations=0 (full 0):
 Metaspace       used 4600K, committed 4864K, reserved 1114112K
  class space    used 595K, committed 704K, reserved 1048576K
}
Event: 1.772 {metaspace After GC invocations=1 (full 0):
 Metaspace       used 4600K, committed 4864K, reserved 1114112K
  class space    used 595K, committed 704K, reserved 1048576K
}
Event: 54.369 {metaspace Before GC invocations=1 (full 0):
 Metaspace       used 18776K, committed 19328K, reserved 1114112K
  class space    used 2689K, committed 2944K, reserved 1048576K
}
Event: 54.728 {metaspace After GC invocations=2 (full 0):
 Metaspace       used 18776K, committed 19328K, reserved 1114112K
  class space    used 2689K, committed 2944K, reserved 1048576K
}
Event: 73.019 {metaspace Before GC invocations=2 (full 0):
 Metaspace       used 20832K, committed 21504K, reserved 1114112K
  class space    used 3052K, committed 3392K, reserved 1048576K
}
Event: 73.035 {metaspace After GC invocations=3 (full 0):
 Metaspace       used 20832K, committed 21504K, reserved 1114112K
  class space    used 3052K, committed 3392K, reserved 1048576K
}
Event: 92.102 {metaspace Before GC invocations=4 (full 0):
 Metaspace       used 25688K, committed 26688K, reserved 1114112K
  class space    used 3880K, committed 4352K, reserved 1048576K
}
Event: 92.111 {metaspace After GC invocations=5 (full 0):
 Metaspace       used 25688K, committed 26688K, reserved 1114112K
  class space    used 3880K, committed 4352K, reserved 1048576K
}
Event: 104.207 {metaspace Before GC invocations=5 (full 0):
 Metaspace       used 29490K, committed 30784K, reserved 1114112K
  class space    used 4565K, committed 5184K, reserved 1048576K
}
Event: 104.213 {metaspace After GC invocations=6 (full 0):
 Metaspace       used 29490K, committed 30784K, reserved 1114112K
  class space    used 4565K, committed 5184K, reserved 1048576K
}
Event: 128.041 {metaspace Before GC invocations=6 (full 0):
 Metaspace       used 34580K, committed 35968K, reserved 1114112K
  class space    used 5238K, committed 5952K, reserved 1048576K
}
Event: 128.051 {metaspace After GC invocations=7 (full 0):
 Metaspace       used 34580K, committed 35968K, reserved 1114112K
  class space    used 5238K, committed 5952K, reserved 1048576K
}

Dll operation events (20 events):
Event: 0.312 Attempting to load shared library C:\Program Files\Eclipse Adoptium\jdk-25.0.4.7-hotspot\bin\nio.dll
Event: 0.313 Loaded shared library C:\Program Files\Eclipse Adoptium\jdk-25.0.4.7-hotspot\bin\nio.dll
Event: 0.317 Attempting to load shared library C:\Program Files\Eclipse Adoptium\jdk-25.0.4.7-hotspot\bin\zip.dll
Event: 0.317 Loaded shared library C:\Program Files\Eclipse Adoptium\jdk-25.0.4.7-hotspot\bin\zip.dll
Event: 0.571 Attempting to load shared library C:\Program Files\Eclipse Adoptium\jdk-25.0.4.7-hotspot\bin\jimage.dll
Event: 0.571 Loaded shared library C:\Program Files\Eclipse Adoptium\jdk-25.0.4.7-hotspot\bin\jimage.dll
Event: 0.966 Attempting to load shared library C:\Program Files\Eclipse Adoptium\jdk-25.0.4.7-hotspot\bin\verify.dll
Event: 0.968 Loaded shared library C:\Program Files\Eclipse Adoptium\jdk-25.0.4.7-hotspot\bin\verify.dll
Event: 1.147 Attempting to load shared library C:\Users\leona\.gradle\native\660c5614fbf4a5f2a75b1949f50a0caf5cd603558e7d8a26e50b933a0cfb79d1\windows-amd64\native-platform.dll
Event: 1.150 Loaded shared library C:\Users\leona\.gradle\native\660c5614fbf4a5f2a75b1949f50a0caf5cd603558e7d8a26e50b933a0cfb79d1\windows-amd64\native-platform.dll
Event: 1.160 Attempting to load shared library C:\Users\leona\.gradle\native\0.2.8\x86_64-windows-gnu\gradle-fileevents.dll
Event: 1.161 Loaded shared library C:\Users\leona\.gradle\native\0.2.8\x86_64-windows-gnu\gradle-fileevents.dll
Event: 2.180 Attempting to load shared library C:\Program Files\Eclipse Adoptium\jdk-25.0.4.7-hotspot\bin\management.dll
Event: 2.187 Loaded shared library C:\Program Files\Eclipse Adoptium\jdk-25.0.4.7-hotspot\bin\management.dll
Event: 2.189 Attempting to load shared library C:\Program Files\Eclipse Adoptium\jdk-25.0.4.7-hotspot\bin\management_ext.dll
Event: 2.190 Loaded shared library C:\Program Files\Eclipse Adoptium\jdk-25.0.4.7-hotspot\bin\management_ext.dll
Event: 2.436 Attempting to load shared library C:\Program Files\Eclipse Adoptium\jdk-25.0.4.7-hotspot\bin\extnet.dll
Event: 2.619 Loaded shared library C:\Program Files\Eclipse Adoptium\jdk-25.0.4.7-hotspot\bin\extnet.dll
Event: 4.816 Attempting to load shared library C:\Program Files\Eclipse Adoptium\jdk-25.0.4.7-hotspot\bin\sunmscapi.dll
Event: 4.819 Loaded shared library C:\Program Files\Eclipse Adoptium\jdk-25.0.4.7-hotspot\bin\sunmscapi.dll

Deoptimization events (20 events):
Event: 132.847 Thread 0x000001e3ea355e80 Uncommon trap: trap_request=0xffffff45 fr.pc=0x000001e3d6be1a08 relative=0x0000000000000688
Event: 132.847 Thread 0x000001e3ea355e80 Uncommon trap: reason=unstable_if action=reinterpret pc=0x000001e3d6be1a08 method=jdk.internal.classfile.impl.AttributeHolder.withAttribute(Ljava/lang/classfile/Attribute;)V @ 53 c2
Event: 132.847 Thread 0x000001e3ea355e80 DEOPT PACKING pc=0x000001e3d6be1a08 sp=0x000000c235ff8f00
Event: 132.847 Thread 0x000001e3ea355e80 DEOPT UNPACKING pc=0x000001e3d644e982 sp=0x000000c235ff8ec8 mode 2
Event: 132.848 Thread 0x000001e3ea355e80 Uncommon trap: trap_request=0xffffff45 fr.pc=0x000001e3d6ba0158 relative=0x0000000000000858
Event: 132.848 Thread 0x000001e3ea355e80 Uncommon trap: reason=unstable_if action=reinterpret pc=0x000001e3d6ba0158 method=java.lang.invoke.LambdaForm$BasicType.basicType(C)Ljava/lang/invoke/LambdaForm$BasicType; @ 1 c2
Event: 132.848 Thread 0x000001e3ea355e80 DEOPT PACKING pc=0x000001e3d6ba0158 sp=0x000000c235ff8e90
Event: 132.848 Thread 0x000001e3ea355e80 DEOPT UNPACKING pc=0x000001e3d644e982 sp=0x000000c235ff8db0 mode 2
Event: 133.208 Thread 0x000001e3ea355e80 Uncommon trap: trap_request=0xffffffde fr.pc=0x000001e3d6baa8cc relative=0x00000000000003cc
Event: 133.208 Thread 0x000001e3ea355e80 Uncommon trap: reason=class_check action=maybe_recompile pc=0x000001e3d6baa8cc method=java.util.Collections$SetFromMap.remove(Ljava/lang/Object;)Z @ 5 c2
Event: 133.208 Thread 0x000001e3ea355e80 DEOPT PACKING pc=0x000001e3d6baa8cc sp=0x000000c235ffac30
Event: 133.208 Thread 0x000001e3ea355e80 DEOPT UNPACKING pc=0x000001e3d644e982 sp=0x000000c235ffac18 mode 2
Event: 133.252 Thread 0x000001e3ea355e80 Uncommon trap: trap_request=0xffffff45 fr.pc=0x000001e3d6c00008 relative=0x0000000000000208
Event: 133.252 Thread 0x000001e3ea355e80 Uncommon trap: reason=unstable_if action=reinterpret pc=0x000001e3d6c00008 method=java.util.HashMap.putVal(ILjava/lang/Object;Ljava/lang/Object;ZZ)Ljava/lang/Object; @ 162 c2
Event: 133.252 Thread 0x000001e3ea355e80 DEOPT PACKING pc=0x000001e3d6c00008 sp=0x000000c235ff9f00
Event: 133.252 Thread 0x000001e3ea355e80 DEOPT UNPACKING pc=0x000001e3d644e982 sp=0x000000c235ff9de0 mode 2
Event: 234.183 Thread 0x000001e3ea4c83e0 Uncommon trap: trap_request=0xffffff45 fr.pc=0x000001e3d6c1e514 relative=0x0000000000000594
Event: 234.191 Thread 0x000001e3ea4c83e0 Uncommon trap: reason=unstable_if action=reinterpret pc=0x000001e3d6c1e514 method=java.io.DataInputStream.readBoolean()Z @ 4 c2
Event: 234.191 Thread 0x000001e3ea4c83e0 DEOPT PACKING pc=0x000001e3d6c1e514 sp=0x000000c235cfe460
Event: 234.199 Thread 0x000001e3ea4c83e0 DEOPT UNPACKING pc=0x000001e3d644e982 sp=0x000000c235cfe3c0 mode 2

Classes loaded (20 events):
Event: 132.730 Loading class java/lang/invoke/BoundMethodHandle$Species_LLLLILLLLL
Event: 132.732 Loading class java/lang/invoke/BoundMethodHandle$Species_LLLLILLLLL done
Event: 132.791 Loading class jdk/internal/classfile/impl/StackMapGenerator$RawExceptionCatch
Event: 132.796 Loading class jdk/internal/classfile/impl/StackMapGenerator$RawExceptionCatch done
Event: 132.853 Loading class java/util/stream/Nodes$FixedNodeBuilder
Event: 132.855 Loading class java/util/stream/Nodes$ArrayNode
Event: 132.856 Loading class java/util/stream/Nodes$ArrayNode done
Event: 132.856 Loading class java/util/stream/Nodes$FixedNodeBuilder done
Event: 133.153 Loading class java/lang/Override
Event: 133.153 Loading class java/lang/Override done
Event: 133.279 Loading class java/util/BitSet$1BitSetSpliterator
Event: 133.292 Loading class java/util/BitSet$1BitSetSpliterator done
Event: 133.421 Loading class java/nio/file/FileAlreadyExistsException
Event: 133.422 Loading class java/nio/file/FileAlreadyExistsException done
Event: 133.445 Loading class java/nio/file/AccessMode
Event: 133.445 Loading class java/nio/file/AccessMode done
Event: 133.579 Loading class java/util/Collections$SynchronizedRandomAccessList
Event: 133.580 Loading class java/util/Collections$SynchronizedList
Event: 133.583 Loading class java/util/Collections$SynchronizedList done
Event: 133.583 Loading class java/util/Collections$SynchronizedRandomAccessList done

Classes unloaded (0 events):
No events

Classes redefined (0 events):
No events

Internal exceptions (20 events):
Event: 132.723 Thread 0x000001e3ea355e80 Exception <a 'java/lang/NoSuchMethodError'{0x000000008e110178}: 'java.lang.Object java.lang.invoke.DirectMethodHandle$Holder.invokeStatic(java.lang.Object, java.lang.Object, java.lang.Object, java.lang.Object, java.lang.Object, java.lang.Object, java.lang.Object, int)'> (0x000000008e110178) 
thrown [s\src\hotspot\share\interpreter\linkResolver.cpp, line 804]
Event: 132.778 Thread 0x000001e3ea355e80 Exception <a 'java/lang/IncompatibleClassChangeError'{0x000000008e03e080}: Found class java.lang.Object, but interface was expected> (0x000000008e03e080) 
thrown [s\src\hotspot\share\interpreter\linkResolver.cpp, line 871]
Event: 132.782 Thread 0x000001e3ea355e80 Exception <a 'java/lang/NoSuchMethodError'{0x000000008e03f750}: 'java.lang.Object java.lang.invoke.DirectMethodHandle$Holder.invokeInterface(java.lang.Object, java.lang.Object, java.lang.Object, java.lang.Object, java.lang.Object)'> (0x000000008e03f750) 
thrown [s\src\hotspot\share\interpreter\linkResolver.cpp, line 804]
Event: 132.783 Thread 0x000001e3ea355e80 Exception <a 'java/lang/NoSuchMethodError'{0x000000008e0488a8}: 'java.lang.Object java.lang.invoke.DirectMethodHandle$Holder.invokeStaticInit(java.lang.Object, java.lang.Object, java.lang.Object, java.lang.Object)'> (0x000000008e0488a8) 
thrown [s\src\hotspot\share\interpreter\linkResolver.cpp, line 804]
Event: 132.783 Thread 0x000001e3ea355e80 Exception <a 'java/lang/NoSuchMethodError'{0x000000008e051ba8}: 'java.lang.Object java.lang.invoke.DirectMethodHandle$Holder.invokeInterface(java.lang.Object, java.lang.Object, java.lang.Object, java.lang.Object)'> (0x000000008e051ba8) 
thrown [s\src\hotspot\share\interpreter\linkResolver.cpp, line 804]
Event: 132.784 Thread 0x000001e3ea355e80 Exception <a 'java/lang/IncompatibleClassChangeError'{0x000000008e05ad18}: Found class java.lang.Object, but interface was expected> (0x000000008e05ad18) 
thrown [s\src\hotspot\share\interpreter\linkResolver.cpp, line 871]
Event: 132.917 Thread 0x000001e3ea355e80 Exception <a 'java/lang/NoSuchMethodError'{0x000000008df5c230}: 'java.lang.Object java.lang.invoke.DirectMethodHandle$Holder.newInvokeSpecial(java.lang.Object, int, java.lang.Object, java.lang.Object)'> (0x000000008df5c230) 
thrown [s\src\hotspot\share\interpreter\linkResolver.cpp, line 804]
Event: 132.948 Thread 0x000001e3ea355e80 Exception <a 'java/lang/NoSuchMethodError'{0x000000008df75e10}: 'void java.lang.invoke.Invokers$Holder.invoke_MT(java.lang.Object, java.lang.Object, java.lang.Object, java.lang.Object)'> (0x000000008df75e10) 
thrown [s\src\hotspot\share\interpreter\linkResolver.cpp, line 804]
Event: 133.009 Thread 0x000001e3ea355e80 Exception <a 'java/lang/ClassNotFoundException'{0x000000008491be80}: org/gradle/invocation/DefaultGradle_DecoratedBeanInfo> (0x000000008491be80) 
thrown [s\src\hotspot\share\classfile\systemDictionary.cpp, line 328]
Event: 133.009 Thread 0x000001e3ea355e80 Exception <a 'java/lang/ClassNotFoundException'{0x0000000084927348}: org/gradle/invocation/DefaultGradleBeanInfo> (0x0000000084927348) 
thrown [s\src\hotspot\share\classfile\systemDictionary.cpp, line 328]
Event: 133.009 Thread 0x000001e3ea355e80 Exception <a 'java/lang/ClassNotFoundException'{0x0000000084933108}: org/gradle/api/internal/project/AbstractPluginAwareBeanInfo> (0x0000000084933108) 
thrown [s\src\hotspot\share\classfile\systemDictionary.cpp, line 328]
Event: 133.010 Thread 0x000001e3ea355e80 Exception <a 'java/lang/ClassNotFoundException'{0x000000008493ec90}: org/gradle/api/internal/project/AbstractPluginAwareCustomizer> (0x000000008493ec90) 
thrown [s\src\hotspot\share\classfile\systemDictionary.cpp, line 328]
Event: 133.011 Thread 0x000001e3ea355e80 Exception <a 'java/lang/ClassNotFoundException'{0x000000008494fc40}: org/gradle/invocation/DefaultGradleCustomizer> (0x000000008494fc40) 
thrown [s\src\hotspot\share\classfile\systemDictionary.cpp, line 328]
Event: 133.012 Thread 0x000001e3ea355e80 Exception <a 'java/lang/ClassNotFoundException'{0x000000008498db20}: org/gradle/invocation/DefaultGradle_DecoratedCustomizer> (0x000000008498db20) 
thrown [s\src\hotspot\share\classfile\systemDictionary.cpp, line 328]
Event: 133.323 Thread 0x000001e3ea355e80 Exception <a 'java/lang/IncompatibleClassChangeError'{0x000000008452c110}: Found class java.lang.Object, but interface was expected> (0x000000008452c110) 
thrown [s\src\hotspot\share\interpreter\linkResolver.cpp, line 871]
Event: 133.421 Thread 0x000001e3ea355e80 Exception <a 'sun/nio/fs/WindowsException'{0x00000000845d4528}> (0x00000000845d4528) 
thrown [s\src\hotspot\share\prims\jni.cpp, line 516]
Event: 133.446 Thread 0x000001e3ea355e80 Exception <a 'sun/nio/fs/WindowsException'{0x00000000845d6378}> (0x00000000845d6378) 
thrown [s\src\hotspot\share\prims\jni.cpp, line 516]
Event: 133.446 Thread 0x000001e3ea355e80 Exception <a 'sun/nio/fs/WindowsException'{0x00000000845d7840}> (0x00000000845d7840) 
thrown [s\src\hotspot\share\prims\jni.cpp, line 516]
Event: 133.447 Thread 0x000001e3ea355e80 Exception <a 'sun/nio/fs/WindowsException'{0x00000000845d8d10}> (0x00000000845d8d10) 
thrown [s\src\hotspot\share\prims\jni.cpp, line 516]
Event: 133.541 Thread 0x000001e3ea355e80 Exception <a 'java/lang/NoSuchMethodError'{0x000000008432f920}: 'java.lang.Object java.lang.invoke.Invokers$Holder.invoker(java.lang.Object, java.lang.Object, java.lang.Object, java.lang.Object, java.lang.Object, java.lang.Object)'> (0x000000008432f920) 
thrown [s\src\hotspot\share\interpreter\linkResolver.cpp, line 804]

VM Operations (20 events):
Event: 128.041 Executing safepoint VM operation: CollectForMetadataAllocation (Metadata GC Threshold)
Event: 128.051 Executing safepoint VM operation: CollectForMetadataAllocation (Metadata GC Threshold) done
Event: 128.083 Executing safepoint VM operation: G1PauseRemark
Event: 128.137 Executing safepoint VM operation: G1PauseRemark done
Event: 128.143 Executing safepoint VM operation: G1PauseCleanup
Event: 128.144 Executing safepoint VM operation: G1PauseCleanup done
Event: 132.701 Executing non-safepoint VM operation: HandshakeAllThreads (Deoptimize)
Event: 132.701 Executing non-safepoint VM operation: HandshakeAllThreads (Deoptimize) done
Event: 132.716 Executing non-safepoint VM operation: HandshakeAllThreads (Deoptimize)
Event: 132.716 Executing non-safepoint VM operation: HandshakeAllThreads (Deoptimize) done
Event: 132.719 Executing non-safepoint VM operation: HandshakeAllThreads (Deoptimize)
Event: 132.719 Executing non-safepoint VM operation: HandshakeAllThreads (Deoptimize) done
Event: 132.801 Executing non-safepoint VM operation: HandshakeAllThreads (Deoptimize)
Event: 132.801 Executing non-safepoint VM operation: HandshakeAllThreads (Deoptimize) done
Event: 133.423 Executing non-safepoint VM operation: HandshakeAllThreads (Deoptimize)
Event: 133.423 Executing non-safepoint VM operation: HandshakeAllThreads (Deoptimize) done
Event: 180.733 Executing non-safepoint VM operation: HandshakeAllThreads (HandshakeForDeflation)
Event: 180.736 Executing non-safepoint VM operation: HandshakeAllThreads (HandshakeForDeflation) done
Event: 180.737 Executing non-safepoint VM operation: RendezvousGCThreads
Event: 180.737 Executing non-safepoint VM operation: RendezvousGCThreads done

Memory protections (0 events):
No events

Nmethod flushes (20 events):
Event: 128.133 Thread 0x000001e3e3c60e90 flushing  nmethod 0x000001e3cef44408
Event: 128.133 Thread 0x000001e3e3c60e90 flushing  nmethod 0x000001e3cef44988
Event: 128.133 Thread 0x000001e3e3c60e90 flushing  nmethod 0x000001e3cef45d08
Event: 128.133 Thread 0x000001e3e3c60e90 flushing  nmethod 0x000001e3cef46a08
Event: 128.133 Thread 0x000001e3e3c60e90 flushing  nmethod 0x000001e3cef47c08
Event: 128.133 Thread 0x000001e3e3c60e90 flushing  nmethod 0x000001e3cef48308
Event: 128.133 Thread 0x000001e3e3c60e90 flushing  nmethod 0x000001e3cef4f588
Event: 128.133 Thread 0x000001e3e3c60e90 flushing  nmethod 0x000001e3cef4ff08
Event: 128.133 Thread 0x000001e3e3c60e90 flushing  nmethod 0x000001e3cef51d08
Event: 128.133 Thread 0x000001e3e3c60e90 flushing  nmethod 0x000001e3cef52108
Event: 128.133 Thread 0x000001e3e3c60e90 flushing  nmethod 0x000001e3cef52d08
Event: 128.133 Thread 0x000001e3e3c60e90 flushing  nmethod 0x000001e3cef56d88
Event: 128.133 Thread 0x000001e3e3c60e90 flushing  nmethod 0x000001e3cef5c108
Event: 128.133 Thread 0x000001e3e3c60e90 flushing  nmethod 0x000001e3cf1caa08
Event: 128.133 Thread 0x000001e3e3c60e90 flushing  nmethod 0x000001e3cf1cf708
Event: 128.133 Thread 0x000001e3e3c60e90 flushing  nmethod 0x000001e3cf1cff88
Event: 128.133 Thread 0x000001e3e3c60e90 flushing  nmethod 0x000001e3cf1d4f08
Event: 128.133 Thread 0x000001e3e3c60e90 flushing  nmethod 0x000001e3cf2c7a08
Event: 128.133 Thread 0x000001e3e3c60e90 flushing  nmethod 0x000001e3cf2c7d88
Event: 128.133 Thread 0x000001e3e3c60e90 flushing  nmethod 0x000001e3cf2caa08

Events (20 events):
Event: 61.463 Thread 0x000001e3e8fe2320 Thread exited: 0x000001e3e8fe2320
Event: 81.905 Thread 0x000001e3e3b27ad0 Thread added: 0x000001e3e8fe4360
Event: 83.952 Thread 0x000001e3ea355e80 Thread added: 0x000001e3ea8baf90
Event: 84.076 Thread 0x000001e3e8fe4360 Thread exited: 0x000001e3e8fe4360
Event: 84.925 Thread 0x000001e3ea355e80 Thread added: 0x000001e3ea8bee10
Event: 90.506 Thread 0x000001e3ea355e80 Thread added: 0x000001e3ea8be640
Event: 90.526 Thread 0x000001e3ea355e80 Thread added: 0x000001e3ea8bfdb0
Event: 93.565 Thread 0x000001e3ea355e80 Thread added: 0x000001e3ea8c1520
Event: 95.116 Thread 0x000001e3ea355e80 Thread added: 0x000001e3ea599970
Event: 97.468 Thread 0x000001e3e3b27ad0 Thread added: 0x000001e3e8fe1300
Event: 99.345 Thread 0x000001e3e8fe1300 Thread exited: 0x000001e3e8fe1300
Event: 102.749 Thread 0x000001e3ea355e80 Thread added: 0x000001e3ea5989d0
Event: 104.118 Thread 0x000001e3ea355e80 Thread added: 0x000001e3ea598200
Event: 108.592 Thread 0x000001e3ea355e80 Thread added: 0x000001e3eafe88a0
Event: 121.481 Thread 0x000001e3ea355e80 Thread added: 0x000001e3eafeb780
Event: 124.861 Thread 0x000001e3e3b27ad0 Thread added: 0x000001e3e8fe63a0
Event: 124.861 Thread 0x000001e3e3b27ad0 Thread added: 0x000001e3e8fe8bf0
Event: 130.257 Thread 0x000001e3e8fe8bf0 Thread exited: 0x000001e3e8fe8bf0
Event: 137.702 Thread 0x000001e3e8fe63a0 Thread exited: 0x000001e3e8fe63a0
Event: 195.588 Thread 0x000001e3e3cab450 Thread exited: 0x000001e3e3cab450


Dynamic libraries:
0x00007ff7cc220000 - 0x00007ff7cc22e000 	C:\Program Files\Eclipse Adoptium\jdk-25.0.4.7-hotspot\bin\java.exe
0x00007ffff7ee0000 - 0x00007ffff8146000 	C:\WINDOWS\SYSTEM32\ntdll.dll
0x00007ffff7dd0000 - 0x00007ffff7e99000 	C:\WINDOWS\System32\KERNEL32.DLL
0x00007ffff54a0000 - 0x00007ffff589f000 	C:\WINDOWS\System32\KERNELBASE.dll
0x00007ffff50f0000 - 0x00007ffff523c000 	C:\WINDOWS\System32\ucrtbase.dll
0x00007fffc44d0000 - 0x00007fffc44e6000 	C:\Program Files\Eclipse Adoptium\jdk-25.0.4.7-hotspot\bin\jli.dll
0x00007fffc3320000 - 0x00007fffc333e000 	C:\Program Files\Eclipse Adoptium\jdk-25.0.4.7-hotspot\bin\VCRUNTIME140.dll
0x00007ffff6660000 - 0x00007ffff6826000 	C:\WINDOWS\System32\USER32.dll
0x00007fffdae90000 - 0x00007fffdb121000 	C:\WINDOWS\WinSxS\amd64_microsoft.windows.common-controls_6595b64144ccf1df_6.0.26100.8972_none_3e0da176e32f9d4b\COMCTL32.dll
0x00007ffff5aa0000 - 0x00007ffff5ac7000 	C:\WINDOWS\System32\win32u.dll
0x00007ffff5db0000 - 0x00007ffff5ddb000 	C:\WINDOWS\System32\GDI32.dll
0x00007ffff7020000 - 0x00007ffff70c9000 	C:\WINDOWS\System32\msvcrt.dll
0x00007ffff5970000 - 0x00007ffff5a99000 	C:\WINDOWS\System32\gdi32full.dll
0x00007ffff5b60000 - 0x00007ffff5c03000 	C:\WINDOWS\System32\msvcp_win.dll
0x00007ffff71f0000 - 0x00007ffff7222000 	C:\WINDOWS\System32\IMM32.DLL
0x00007fffceb40000 - 0x00007fffceb4c000 	C:\Program Files\Eclipse Adoptium\jdk-25.0.4.7-hotspot\bin\vcruntime140_1.dll
0x00007fffbd640000 - 0x00007fffbd6cd000 	C:\Program Files\Eclipse Adoptium\jdk-25.0.4.7-hotspot\bin\msvcp140.dll
0x00007fff65b20000 - 0x00007fff66a51000 	C:\Program Files\Eclipse Adoptium\jdk-25.0.4.7-hotspot\bin\server\jvm.dll
0x00007ffff6ae0000 - 0x00007ffff6b9c000 	C:\WINDOWS\System32\ADVAPI32.dll
0x00007ffff65b0000 - 0x00007ffff665a000 	C:\WINDOWS\System32\sechost.dll
0x00007ffff6830000 - 0x00007ffff6948000 	C:\WINDOWS\System32\RPCRT4.dll
0x00007ffff5de0000 - 0x00007ffff5e62000 	C:\WINDOWS\System32\WS2_32.dll
0x00007ffff49b0000 - 0x00007ffff4a0e000 	C:\WINDOWS\SYSTEM32\POWRPROF.dll
0x00007fffe7ae0000 - 0x00007fffe7b16000 	C:\WINDOWS\SYSTEM32\WINMM.dll
0x00007fffecf60000 - 0x00007fffecf6b000 	C:\WINDOWS\SYSTEM32\VERSION.dll
0x00007ffff4990000 - 0x00007ffff49a5000 	C:\WINDOWS\SYSTEM32\UMPDC.dll
0x00007ffff3da0000 - 0x00007ffff3dbb000 	C:\WINDOWS\SYSTEM32\kernel.appcore.dll
0x00007fffcdfb0000 - 0x00007fffcdfba000 	C:\Program Files\Eclipse Adoptium\jdk-25.0.4.7-hotspot\bin\jimage.dll
0x00007ffff2610000 - 0x00007ffff2852000 	C:\WINDOWS\SYSTEM32\DBGHELP.DLL
0x00007ffff79c0000 - 0x00007ffff7d45000 	C:\WINDOWS\System32\combase.dll
0x00007ffff6bb0000 - 0x00007ffff6c89000 	C:\WINDOWS\System32\OLEAUT32.dll
0x00007fffcc1e0000 - 0x00007fffcc21b000 	C:\WINDOWS\SYSTEM32\dbgcore.DLL
0x00007ffff53e0000 - 0x00007ffff548c000 	C:\WINDOWS\System32\bcryptPrimitives.dll
0x00007fffcdf50000 - 0x00007fffcdf5f000 	C:\Program Files\Eclipse Adoptium\jdk-25.0.4.7-hotspot\bin\instrument.dll
0x00007fffc0dc0000 - 0x00007fffc0dde000 	C:\Program Files\Eclipse Adoptium\jdk-25.0.4.7-hotspot\bin\java.dll
0x00007ffff5f80000 - 0x00007ffff6119000 	C:\WINDOWS\System32\ole32.dll
0x00007ffff7230000 - 0x00007ffff79b8000 	C:\WINDOWS\System32\SHELL32.dll
0x00007ffff2b80000 - 0x00007ffff341b000 	C:\WINDOWS\SYSTEM32\windows.storage.dll
0x00007ffff5c10000 - 0x00007ffff5d09000 	C:\WINDOWS\System32\SHCORE.dll
0x00007ffff5d10000 - 0x00007ffff5d76000 	C:\WINDOWS\System32\shlwapi.dll
0x00007ffff5010000 - 0x00007ffff5039000 	C:\WINDOWS\SYSTEM32\profapi.dll
0x00007fffc0da0000 - 0x00007fffc0db6000 	C:\Program Files\Eclipse Adoptium\jdk-25.0.4.7-hotspot\bin\zip.dll
0x00007fffc02b0000 - 0x00007fffc02c1000 	C:\Program Files\Eclipse Adoptium\jdk-25.0.4.7-hotspot\bin\net.dll
0x00007ffff4330000 - 0x00007ffff439c000 	C:\WINDOWS\system32\mswsock.dll
0x00007fffbedf0000 - 0x00007fffbee06000 	C:\Program Files\Eclipse Adoptium\jdk-25.0.4.7-hotspot\bin\nio.dll
0x00007fffccc50000 - 0x00007fffccc60000 	C:\Program Files\Eclipse Adoptium\jdk-25.0.4.7-hotspot\bin\verify.dll
0x00007fffc4ab0000 - 0x00007fffc4ad7000 	C:\Users\leona\.gradle\native\660c5614fbf4a5f2a75b1949f50a0caf5cd603558e7d8a26e50b933a0cfb79d1\windows-amd64\native-platform.dll
0x00007fffbbe00000 - 0x00007fffbbe77000 	C:\Users\leona\.gradle\native\0.2.8\x86_64-windows-gnu\gradle-fileevents.dll
0x00007fffcc710000 - 0x00007fffcc71a000 	C:\Program Files\Eclipse Adoptium\jdk-25.0.4.7-hotspot\bin\management.dll
0x00007fffcc300000 - 0x00007fffcc30c000 	C:\Program Files\Eclipse Adoptium\jdk-25.0.4.7-hotspot\bin\management_ext.dll
0x00007ffff5f70000 - 0x00007ffff5f78000 	C:\WINDOWS\System32\PSAPI.DLL
0x00007ffff3750000 - 0x00007ffff3783000 	C:\WINDOWS\SYSTEM32\IPHLPAPI.DLL
0x00007ffff6950000 - 0x00007ffff695a000 	C:\WINDOWS\System32\NSI.dll
0x00007fffcbc00000 - 0x00007fffcbc09000 	C:\Program Files\Eclipse Adoptium\jdk-25.0.4.7-hotspot\bin\extnet.dll
0x00007ffff4750000 - 0x00007ffff476b000 	C:\WINDOWS\SYSTEM32\CRYPTSP.dll
0x00007ffff3d00000 - 0x00007ffff3d39000 	C:\WINDOWS\system32\rsaenh.dll
0x00007ffff43e0000 - 0x00007ffff4412000 	C:\WINDOWS\SYSTEM32\USERENV.dll
0x00007ffff4fe0000 - 0x00007ffff500a000 	C:\WINDOWS\SYSTEM32\bcrypt.dll
0x00007ffff4590000 - 0x00007ffff459c000 	C:\WINDOWS\SYSTEM32\CRYPTBASE.dll
0x00007fffca5a0000 - 0x00007fffca5ae000 	C:\Program Files\Eclipse Adoptium\jdk-25.0.4.7-hotspot\bin\sunmscapi.dll
0x00007ffff5250000 - 0x00007ffff53ce000 	C:\WINDOWS\System32\CRYPT32.dll
0x00007ffff4950000 - 0x00007ffff4980000 	C:\WINDOWS\SYSTEM32\ncrypt.dll
0x00007ffff4900000 - 0x00007ffff493f000 	C:\WINDOWS\SYSTEM32\NTASN1.dll
0x00007fffe5710000 - 0x00007fffe5718000 	C:\WINDOWS\system32\wshunix.dll

JVMTI agents:
C:\Users\leona\.gradle\wrapper\dists\gradle-9.6.0-bin\42k10rwplmzkhuboz9kdazi7s\gradle-9.6.0\lib\agents\gradle-instrumentation-agent-9.6.0.jar path:C:\Program Files\Eclipse Adoptium\jdk-25.0.4.7-hotspot\bin\instrument.dll, loaded, initialized, instrumentlib options:none

dbghelp: loaded successfully - version: 4.0.5 - missing functions: none
symbol engine: initialized successfully - sym options: 0x614 - pdb path: .;C:\Program Files\Eclipse Adoptium\jdk-25.0.4.7-hotspot\bin;C:\WINDOWS\SYSTEM32;C:\WINDOWS\WinSxS\amd64_microsoft.windows.common-controls_6595b64144ccf1df_6.0.26100.8972_none_3e0da176e32f9d4b;C:\Program Files\Eclipse Adoptium\jdk-25.0.4.7-hotspot\bin\server;C:\Users\leona\.gradle\native\660c5614fbf4a5f2a75b1949f50a0caf5cd603558e7d8a26e50b933a0cfb79d1\windows-amd64;C:\Users\leona\.gradle\native\0.2.8\x86_64-windows-gnu

VM Arguments:
jvm_args: --add-opens=java.base/java.lang=ALL-UNNAMED --add-opens=java.base/java.lang.invoke=ALL-UNNAMED --add-opens=java.base/java.util=ALL-UNNAMED --add-opens=java.prefs/java.util.prefs=ALL-UNNAMED --add-exports=jdk.compiler/com.sun.tools.javac.api=ALL-UNNAMED --add-exports=jdk.compiler/com.sun.tools.javac.util=ALL-UNNAMED --add-opens=java.base/java.nio.charset=ALL-UNNAMED --add-opens=java.base/java.net=ALL-UNNAMED --add-opens=java.base/java.util.concurrent=ALL-UNNAMED --add-opens=java.base/java.util.concurrent.atomic=ALL-UNNAMED --add-opens=java.xml/javax.xml.namespace=ALL-UNNAMED --add-opens=java.base/java.time=ALL-UNNAMED --enable-native-access=ALL-UNNAMED -Xmx2048m -Dfile.encoding=UTF-8 -Duser.country=US -Duser.language=en -Duser.variant -javaagent:C:\Users\leona\.gradle\wrapper\dists\gradle-9.6.0-bin\42k10rwplmzkhuboz9kdazi7s\gradle-9.6.0\lib\agents\gradle-instrumentation-agent-9.6.0.jar 
java_command: org.gradle.launcher.daemon.bootstrap.GradleDaemon 9.6.0
java_class_path (initial): C:\Users\leona\.gradle\wrapper\dists\gradle-9.6.0-bin\42k10rwplmzkhuboz9kdazi7s\gradle-9.6.0\lib\gradle-daemon-main-9.6.0.jar
Launcher Type: SUN_STANDARD

[Global flags]
     intx CICompilerCount                          = 12                                        {product} {ergonomic}
     uint ConcGCThreads                            = 3                                         {product} {ergonomic}
     uint G1ConcRefinementThreads                  = 13                                        {product} {ergonomic}
   size_t G1HeapRegionSize                         = 1048576                                   {product} {ergonomic}
   size_t InitialHeapSize                          = 264241152                                 {product} {ergonomic}
   size_t MarkStackSize                            = 4194304                                   {product} {ergonomic}
   size_t MarkStackSizeMax                         = 536870912                                 {product} {ergonomic}
   size_t MaxHeapSize                              = 2147483648                                {product} {command line}
   size_t MaxNewSize                               = 1287651328                                {product} {ergonomic}
   size_t MinHeapDeltaBytes                        = 1048576                                   {product} {ergonomic}
   size_t MinHeapSize                              = 8388608                                   {product} {ergonomic}
    uintx NonNMethodCodeHeapSize                   = 7667712                                {pd product} {ergonomic}
    uintx NonProfiledCodeHeapSize                  = 122028032                              {pd product} {ergonomic}
    uintx ProfiledCodeHeapSize                     = 122028032                              {pd product} {ergonomic}
    uintx ReservedCodeCacheSize                    = 251723776                              {pd product} {ergonomic}
     bool SegmentedCodeCache                       = true                                      {product} {ergonomic}
   size_t SoftMaxHeapSize                          = 2147483648                             {manageable} {ergonomic}
     bool UseCompressedOops                        = true                           {product lp64_product} {ergonomic}
     bool UseG1GC                                  = true                                      {product} {ergonomic}
     bool UseLargePagesIndividualAllocation        = false                                  {pd product} {ergonomic}

Logging:
Log output configuration:
 #0: stdout all=warning uptime,level,tags foldmultilines=false
 #1: stderr all=off uptime,level,tags foldmultilines=false

Release file:
IMPLEMENTOR="Eclipse Adoptium" 
IMPLEMENTOR_VERSION="Temurin-25.0.4+7" 
JAVA_RUNTIME_VERSION="25.0.4+7-LTS" 
JAVA_VERSION="25.0.4" 
JAVA_VERSION_DATE="2026-07-21" 
LIBC="default" 
MODULES="java.base java.compiler java.datatransfer java.xml java.prefs java.desktop java.instrument java.logging java.management java.security.sasl java.naming java.rmi java.management.rmi java.net.http java.scripting java.security.jgss java.transaction.xa java.sql java.sql.rowset java.xml.crypto java.se java.smartcardio jdk.accessibility jdk.internal.jvmstat jdk.attach jdk.charsets jdk.internal.opt jdk.zipfs jdk.compiler jdk.crypto.cryptoki jdk.crypto.ec jdk.crypto.mscapi jdk.dynalink jdk.internal.ed jdk.editpad jdk.internal.vm.ci jdk.graal.compiler jdk.graal.compiler.management jdk.hotspot.agent jdk.httpserver jdk.incubator.vector jdk.internal.le jdk.internal.md jdk.jartool jdk.javadoc jdk.jcmd jdk.management jdk.management.agent jdk.jconsole jdk.jdeps jdk.jdwp.agent jdk.jdi jdk.jfr jdk.jlink jdk.jpackage jdk.jshell jdk.jsobject jdk.jstatd jdk.localedata jdk.management.jfr jdk.naming.dns jdk.naming.rmi jdk.net jdk.nio.mapmode jdk.sctp jdk.security.auth jdk.security.jgss jdk.unsupported jdk.unsupported.desktop jdk.xml.dom" 
OS_ARCH="x86_64" 
OS_NAME="Windows" 
SOURCE=".:git:a2ce02c38bc9" 
BUILD_SOURCE="git:e6ba7dec3d07654074559310376a3ae89da5f4ac"
BUILD_SOURCE_REPO="https://github.com/adoptium/temurin-build.git"
SOURCE_REPO="https://github.com/adoptium/jdk25u.git"
FULL_VERSION="25.0.4+7-LTS"
SEMANTIC_VERSION="25.0.4+7"
BUILD_INFO="OS: Windows Server 2022 Version: 10.0"
JVM_VARIANT="Hotspot"
JVM_VERSION="25.0.4+7-LTS"
IMAGE_TYPE="JDK"

Environment Variables:
PATH=C:\Program Files\Eclipse Adoptium\jdk-25.0.4.7-hotspot\bin;C:\Program Files (x86)\Common Files\Oracle\Java\java8path;C:\Program Files (x86)\Common Files\Oracle\Java\javapath;C:\Python314\Scripts\;C:\Python314\;C:\WINDOWS\system32;C:\WINDOWS;C:\WINDOWS\System32\Wbem;C:\WINDOWS\System32\WindowsPowerShell\v1.0\;C:\WINDOWS\System32\OpenSSH\;C:\Program Files\nodejs\;C:\ProgramData\chocolatey\bin;C:\Program Files (x86)\NVIDIA Corporation\PhysX\Common;C:\msys64\ucrt64\bin;C:\Program Files\Git\cmd;C:\Users\leona\AppData\Local\Programs\Python\Python313\Scripts\;C:\Users\leona\AppData\Local\Programs\Python\Python313\;C:\Users\leona\AppData\Local\Microsoft\WindowsApps;C:\Users\leona\AppData\Roaming\npm;C:\Users\leona\AppData\Local\Programs\Microsoft VS Code\bin
USERNAME=leona
OS=Windows_NT
PROCESSOR_IDENTIFIER=Intel64 Family 6 Model 186 Stepping 2, GenuineIntel
TMP=C:\Users\leona\AppData\Local\Temp
TEMP=C:\Users\leona\AppData\Local\Temp




Compilation memory statistics disabled.

Periodic native trim disabled

---------------  S Y S T E M  ---------------

OS:
 Windows 11 , 64 bit Build 26100 (10.0.26100.9168)
OS uptime: 3 days 8:05 hours
Hyper-V role detected

CPU: total 16 (initial active 16) (8 cores per cpu, 2 threads per core) family 6 model 186 stepping 2 microcode 0x410e, cx8, cmov, fxsr, ht, mmx, 3dnowpref, sse, sse2, sse3, ssse3, sse4.1, sse4.2, popcnt, lzcnt, tsc, tscinvbit, avx, avx2, aes, erms, clmul, bmi1, bmi2, adx, sha, fma, vzeroupper, clflush, clflushopt, clwb, hv, serialize, rdtscp, rdpid, fsrm, gfni, f16c, cet_ibt, cet_ss
Processor Information for the first 16 processors :
  Max Mhz: 2400, Current Mhz: 2400, Mhz Limit: 2400

Memory: 4k page, system-wide physical 16122M (814M free)
TotalPageFile size 65274M (AvailPageFile size 88M)
current process WorkingSet (physical memory assigned to process): 35M, peak: 206M
current process commit charge ("private bytes"): 274M, peak: 448M

vm_info: OpenJDK 64-Bit Server VM (25.0.4+7-LTS) for windows-amd64 JRE (25.0.4+7-LTS), built on 2026-07-21T00:00:00Z with MS VC++ 17.12 (VS2022)

END.
