#
# There is insufficient memory for the Java Runtime Environment to continue.
# Native memory allocation (malloc) failed to allocate 2790552 bytes. Error detail: Chunk::new
# Possible reasons:
#   The system is out of physical RAM or swap space
#   This process is running with CompressedOops enabled, and the Java Heap may be blocking the growth of the native heap
# Possible solutions:
#   Reduce memory load on the system
#   Increase physical memory or swap space
#   Check if swap backing store is full
#   Decrease Java heap size (-Xmx/-Xms)
#   Decrease number of Java threads
#   Decrease Java thread stack sizes (-Xss)
#   Set larger code cache with -XX:ReservedCodeCacheSize=
#   JVM is running with Unscaled Compressed Oops mode in which the Java heap is
#     placed in the first 4GB address space. The Java Heap base address is the
#     maximum limit for the native heap growth. Please use -XX:HeapBaseMinAddress
#     to set the Java Heap base and to place the Java Heap above 4GB virtual address.
# This output file may be truncated or incomplete.
#
#  Out of Memory Error (arena.cpp:186), pid=20580, tid=33604
#
# JRE version: OpenJDK Runtime Environment Temurin-25.0.4+7 (25.0.4+7) (build 25.0.4+7-LTS)
# Java VM: OpenJDK 64-Bit Server VM Temurin-25.0.4+7 (25.0.4+7-LTS, mixed mode, sharing, tiered, compressed oops, compressed class ptrs, g1 gc, windows-amd64)
# No core dump will be written. Minidumps are not enabled by default on client versions of Windows
#

---------------  S U M M A R Y ------------

Command Line: --add-opens=java.base/java.lang=ALL-UNNAMED --add-opens=java.base/java.lang.invoke=ALL-UNNAMED --add-opens=java.base/java.util=ALL-UNNAMED --add-opens=java.prefs/java.util.prefs=ALL-UNNAMED --add-exports=jdk.compiler/com.sun.tools.javac.api=ALL-UNNAMED --add-exports=jdk.compiler/com.sun.tools.javac.util=ALL-UNNAMED --add-opens=java.base/java.nio.charset=ALL-UNNAMED --add-opens=java.base/java.net=ALL-UNNAMED --add-opens=java.base/java.util.concurrent=ALL-UNNAMED --add-opens=java.base/java.util.concurrent.atomic=ALL-UNNAMED --add-opens=java.xml/javax.xml.namespace=ALL-UNNAMED --add-opens=java.base/java.time=ALL-UNNAMED --enable-native-access=ALL-UNNAMED -Xmx2048m -Dfile.encoding=UTF-8 -Duser.country=US -Duser.language=en -Duser.variant -javaagent:C:\Users\leona\.gradle\wrapper\dists\gradle-9.6.0-bin\42k10rwplmzkhuboz9kdazi7s\gradle-9.6.0\lib\agents\gradle-instrumentation-agent-9.6.0.jar org.gradle.launcher.daemon.bootstrap.GradleDaemon 9.6.0

Host: 13th Gen Intel(R) Core(TM) i7-13620H, 16 cores, 15G,  Windows 11 , 64 bit Build 26100 (10.0.26100.9168)
Time: Fri Sep 11 00:41:26 2026 Central Standard Time (Mexico) elapsed time: 183.395372 seconds (0d 0h 3m 3s)

---------------  T H R E A D  ---------------

Current thread (0x000001ffb03513d0):  JavaThread "C2 CompilerThread0" daemon [_thread_in_native, id=33604, stack(0x000000aec9600000,0x000000aec9700000) (1024K)]


Current CompileTask:
C2:183395 4220       4       jdk.internal.classfile.impl.StackMapGenerator::processInvokeInstructions (262 bytes)

Stack: [0x000000aec9600000,0x000000aec9700000]
Native frames: (J=compiled Java code, j=interpreted, Vv=VM code, C=native code)
V  [jvm.dll+0x7aba79]  (no source info available)
V  [jvm.dll+0x775a3d]  (no source info available)
V  [jvm.dll+0x9fb9ed]  (no source info available)
V  [jvm.dll+0x9fdfe1]  (no source info available)
V  [jvm.dll+0x9fe6f3]  (no source info available)
V  [jvm.dll+0x2fdb36]  (no source info available)
V  [jvm.dll+0x111936]  (no source info available)
V  [jvm.dll+0x111c5e]  (no source info available)
V  [jvm.dll+0x1a08d2]  (no source info available)
V  [jvm.dll+0x3b7292]  (no source info available)
V  [jvm.dll+0x7b13fc]  (no source info available)
V  [jvm.dll+0x2c0ef7]  (no source info available)
V  [jvm.dll+0x2bfebf]  (no source info available)
V  [jvm.dll+0x237a30]  (no source info available)
V  [jvm.dll+0x2cffb6]  (no source info available)
V  [jvm.dll+0x2ce23a]  (no source info available)
V  [jvm.dll+0x49131e]  (no source info available)
V  [jvm.dll+0x99cb1d]  (no source info available)
V  [jvm.dll+0x7aa025]  (no source info available)
C  [ucrtbase.dll+0x2cd30]  (no source info available)
C  [KERNEL32.DLL+0x2ccb7]  (no source info available)
C  [ntdll.dll+0xaad6c]  (no source info available)

Lock stack of current Java thread (top to bottom):


---------------  P R O C E S S  ---------------

Threads class SMR info:
_java_thread_list=0x000001ffb6d01050, length=27, elements={
0x000001ff925e48c0, 0x000001ffaf650ec0, 0x000001ffaf651680, 0x000001ffaf653350,
0x000001ffaf655070, 0x000001ffaf655c30, 0x000001ffaf6596c0, 0x000001ffb03513d0,
0x000001ffaf65d130, 0x000001ffb0365ac0, 0x000001ffb0366290, 0x000001ffb5828c30,
0x000001ffb5827c90, 0x000001ffb582a3a0, 0x000001ffb582b340, 0x000001ffb582cab0,
0x000001ffb582e220, 0x000001ffb582da50, 0x000001ffb07f63e0, 0x000001ffb07f7b50,
0x000001ffb07f92c0, 0x000001ffb07f8af0, 0x000001ffb6f57880, 0x000001ffb6f570b0,
0x000001ffb6f56110, 0x000001ffb6f5a760, 0x000001ffb76e5250
}

Java Threads: ( => current thread )
  0x000001ff925e48c0 JavaThread "main"                              [_thread_blocked, id=23112, stack(0x000000aec8800000,0x000000aec8900000) (1024K)]
  0x000001ffaf650ec0 JavaThread "Reference Handler"          daemon [_thread_blocked, id=25832, stack(0x000000aec9000000,0x000000aec9100000) (1024K)]
  0x000001ffaf651680 JavaThread "Finalizer"                  daemon [_thread_blocked, id=33312, stack(0x000000aec9100000,0x000000aec9200000) (1024K)]
  0x000001ffaf653350 JavaThread "Signal Dispatcher"          daemon [_thread_blocked, id=33124, stack(0x000000aec9200000,0x000000aec9300000) (1024K)]
  0x000001ffaf655070 JavaThread "Attach Listener"            daemon [_thread_blocked, id=32648, stack(0x000000aec9300000,0x000000aec9400000) (1024K)]
  0x000001ffaf655c30 JavaThread "Service Thread"             daemon [_thread_blocked, id=33584, stack(0x000000aec9400000,0x000000aec9500000) (1024K)]
  0x000001ffaf6596c0 JavaThread "Monitor Deflation Thread"   daemon [_thread_blocked, id=14472, stack(0x000000aec9500000,0x000000aec9600000) (1024K)]
=>0x000001ffb03513d0 JavaThread "C2 CompilerThread0"         daemon [_thread_in_native, id=33604, stack(0x000000aec9600000,0x000000aec9700000) (1024K)]
  0x000001ffaf65d130 JavaThread "C1 CompilerThread0"         daemon [_thread_blocked, id=14020, stack(0x000000aec9700000,0x000000aec9800000) (1024K)]
  0x000001ffb0365ac0 JavaThread "Common-Cleaner"             daemon [_thread_blocked, id=33100, stack(0x000000aec9a00000,0x000000aec9b00000) (1024K)]
  0x000001ffb0366290 JavaThread "Notification Thread"        daemon [_thread_blocked, id=20972, stack(0x000000aec9b00000,0x000000aec9c00000) (1024K)]
  0x000001ffb5828c30 JavaThread "Daemon health stats"               [_thread_blocked, id=33108, stack(0x000000aeca100000,0x000000aeca200000) (1024K)]
  0x000001ffb5827c90 JavaThread "Incoming local TCP Connector on port 53760"        [_thread_in_native, id=29336, stack(0x000000aeca200000,0x000000aeca300000) (1024K)]
  0x000001ffb582a3a0 JavaThread "Daemon periodic checks"            [_thread_blocked, id=22972, stack(0x000000aeca300000,0x000000aeca400000) (1024K)]
  0x000001ffb582b340 JavaThread "Daemon"                            [_thread_blocked, id=13984, stack(0x000000aec9800000,0x000000aec9900000) (1024K)]
  0x000001ffb582cab0 JavaThread "Handler for socket connection from /127.0.0.1:53760 to /127.0.0.1:53764"        [_thread_in_native, id=32936, stack(0x000000aec9900000,0x000000aec9a00000) (1024K)]
  0x000001ffb582e220 JavaThread "Cancel handler"                    [_thread_blocked, id=5468, stack(0x000000aeca400000,0x000000aeca500000) (1024K)]
  0x000001ffb582da50 JavaThread "Daemon worker"                     [_thread_in_vm, id=27404, stack(0x000000aeca600000,0x000000aeca700000) (1024K)]
  0x000001ffb07f63e0 JavaThread "Asynchronous log dispatcher for DefaultDaemonConnection: socket connection from /127.0.0.1:53760 to /127.0.0.1:53764"        [_thread_blocked, id=27756, stack(0x000000aeca700000,0x000000aeca800000) (1024K)]
  0x000001ffb07f7b50 JavaThread "Stdin handler"                     [_thread_blocked, id=33916, stack(0x000000aeca800000,0x000000aeca900000) (1024K)]
  0x000001ffb07f92c0 JavaThread "Daemon client event forwarder"        [_thread_blocked, id=33920, stack(0x000000aeca900000,0x000000aecaa00000) (1024K)]
  0x000001ffb07f8af0 JavaThread "Cache worker for journal cache (C:\Users\leona\.gradle\caches\journal-1)"        [_thread_blocked, id=7920, stack(0x000000aeca500000,0x000000aeca600000) (1024K)]
  0x000001ffb6f57880 JavaThread "File lock request listener"        [_thread_in_native, id=6300, stack(0x000000aecaa00000,0x000000aecab00000) (1024K)]
  0x000001ffb6f570b0 JavaThread "Cache worker for file hash cache (C:\Users\leona\.gradle\caches\9.6.0\fileHashes)"        [_thread_blocked, id=3032, stack(0x000000aecac00000,0x000000aecad00000) (1024K)]
  0x000001ffb6f56110 JavaThread "File lock release action executor Thread 2"        [_thread_blocked, id=41532, stack(0x000000aec8500000,0x000000aec8600000) (1024K)]
  0x000001ffb6f5a760 JavaThread "Cache worker for file hash cache (C:\Users\leona\AndroidStudioProjects\Fondly\.gradle\9.6.0\fileHashes)"        [_thread_blocked, id=49840, stack(0x000000aecb300000,0x000000aecb400000) (1024K)]
  0x000001ffb76e5250 JavaThread "Cache worker for Build Output Cleanup Cache (C:\Users\leona\AndroidStudioProjects\Fondly\.gradle\buildOutputCleanup)"        [_thread_blocked, id=50024, stack(0x000000aecb400000,0x000000aecb500000) (1024K)]
Total: 27

Other Threads:
  0x000001ffaf63bd50 VMThread "VM Thread"                           [id=33132, stack(0x000000aec8f00000,0x000000aec9000000) (1024K)]
  0x000001ffaf508150 WatcherThread "VM Periodic Task Thread"        [id=33156, stack(0x000000aec8e00000,0x000000aec8f00000) (1024K)]
  0x000001ff92643920 WorkerThread "GC Thread#0"                     [id=9612, stack(0x000000aec8900000,0x000000aec8a00000) (1024K)]
  0x000001ffb06be8d0 WorkerThread "GC Thread#1"                     [id=33180, stack(0x000000aec9c00000,0x000000aec9d00000) (1024K)]
  0x000001ffb06bed00 WorkerThread "GC Thread#2"                     [id=33748, stack(0x000000aec9d00000,0x000000aec9e00000) (1024K)]
  0x000001ffb06bf130 WorkerThread "GC Thread#3"                     [id=11064, stack(0x000000aec9e00000,0x000000aec9f00000) (1024K)]
  0x000001ffb06bf560 WorkerThread "GC Thread#4"                     [id=14600, stack(0x000000aec9f00000,0x000000aeca000000) (1024K)]
  0x000001ffb06bf990 WorkerThread "GC Thread#5"                     [id=33080, stack(0x000000aeca000000,0x000000aeca100000) (1024K)]
  0x000001ffb50cfa70 WorkerThread "GC Thread#6"                     [id=42604, stack(0x000000aec8600000,0x000000aec8700000) (1024K)]
  0x000001ffb50d0310 WorkerThread "GC Thread#7"                     [id=42608, stack(0x000000aec8700000,0x000000aec8800000) (1024K)]
  0x000001ffb50d2590 WorkerThread "GC Thread#8"                     [id=42612, stack(0x000000aecab00000,0x000000aecac00000) (1024K)]
  0x000001ffb50d0bb0 WorkerThread "GC Thread#9"                     [id=42616, stack(0x000000aecad00000,0x000000aecae00000) (1024K)]
  0x000001ffb50d1000 WorkerThread "GC Thread#10"                    [id=42620, stack(0x000000aecae00000,0x000000aecaf00000) (1024K)]
  0x000001ffb50ced80 WorkerThread "GC Thread#11"                    [id=42624, stack(0x000000aecaf00000,0x000000aecb000000) (1024K)]
  0x000001ffb50d1450 WorkerThread "GC Thread#12"                    [id=42628, stack(0x000000aecb000000,0x000000aecb100000) (1024K)]
  0x000001ff9269b010 ConcurrentGCThread "G1 Main Marker"            [id=7012, stack(0x000000aec8a00000,0x000000aec8b00000) (1024K)]
  0x000001ff9269cbc0 WorkerThread "G1 Conc#0"                       [id=15452, stack(0x000000aec8b00000,0x000000aec8c00000) (1024K)]
  0x000001ffb50d29e0 WorkerThread "G1 Conc#1"                       [id=46868, stack(0x000000aecb100000,0x000000aecb200000) (1024K)]
  0x000001ffb50d4810 WorkerThread "G1 Conc#2"                       [id=46872, stack(0x000000aecb200000,0x000000aecb300000) (1024K)]
  0x000001ffaf4f8310 ConcurrentGCThread "G1 Refine#0"               [id=32872, stack(0x000000aec8c00000,0x000000aec8d00000) (1024K)]
  0x000001ffaf4fae30 ConcurrentGCThread "G1 Service"                [id=472, stack(0x000000aec8d00000,0x000000aec8e00000) (1024K)]
Total: 21

Threads with active compile tasks:
C2 CompilerThread0  183485 4220       4       jdk.internal.classfile.impl.StackMapGenerator::processInvokeInstructions (262 bytes)
Total: 1

VM state: not at safepoint (normal execution)

VM Mutex/Monitor currently owned by a thread:  ([mutex/lock_event])
[0x00007fff6695d558] Metaspace_lock - owner thread: 0x000001ffb582da50

Heap address: 0x0000000080000000, size: 2048 MB, Compressed Oops mode: 32-bit

CDS archive(s) mapped at: [0x0000000028000000-0x0000000028db0000-0x0000000028db0000), size 14352384, SharedBaseAddress: 0x0000000028000000, ArchiveRelocationMode: 1.
Compressed class space mapped at: 0x0000000029000000-0x0000000069000000, reserved size: 1073741824
UseCompressedClassPointers 1, UseCompactObjectHeaders 0
Narrow klass pointer bits 32, Max shift 3
Narrow klass base: 0x0000000028000000, Narrow klass shift: 0
Encoding Range: [0x0000000028000000 - 0x0000000128000000), (4294967296 bytes)
Klass Range:    [0x0000000028010000 - 0x0000000069000000), (1090453504 bytes)
Klass ID Range:  [65536 - 1090519033) (1090453497)
Protection zone: [0x0000000028000000 - 0x0000000028010000), (65536 bytes)

GC Precious Log:
 CardTable entry size: 512
 Card Set container configuration: InlinePtr #cards 5 size 8 Array Of Cards #cards 10 size 36 Howl #buckets 4 coarsen threshold 1843 Howl Bitmap #cards 512 size 80 coarsen threshold 460 Card regions per heap region 1 cards per card region 2048
 CPUs: 16 total, 16 available
 Memory: 16122M
 Large Page Support: Disabled
 NUMA Support: Disabled
 Compressed Oops: Enabled (32-bit)
 Heap Region Size: 1M
 Heap Min Capacity: 8M
 Heap Initial Capacity: 252M
 Heap Max Capacity: 2G
 Pre-touch: Disabled
 Parallel Workers: 13
 Concurrent Workers: 3
 Concurrent Refinement Workers: 13
 Periodic GC: Disabled

Heap:
 garbage-first heap   total reserved 2097152K, committed 89088K, used 59848K [0x0000000080000000, 0x0000000100000000)
  region size 1024K, 46 young (47104K), 11 survivors (11264K)

Heap Regions: E=young(eden), S=young(survivor), O=old, HS=humongous(starts), HC=humongous(continues), CS=collection set, F=free, TAMS=top-at-mark-start, PB=parsable bottom
|   0|0x0000000080000000, 0x0000000080100000, 0x0000000080100000|100%|HS|  |TAMS 0x0000000080000000| PB 0x0000000080000000| Complete |  0
|   1|0x0000000080100000, 0x0000000080200000, 0x0000000080200000|100%|HC|  |TAMS 0x0000000080100000| PB 0x0000000080100000| Complete |  0
|   2|0x0000000080200000, 0x0000000080300000, 0x0000000080300000|100%|HC|  |TAMS 0x0000000080200000| PB 0x0000000080200000| Complete |  0
|   3|0x0000000080300000, 0x0000000080400000, 0x0000000080400000|100%|HC|  |TAMS 0x0000000080300000| PB 0x0000000080300000| Complete |  0
|   4|0x0000000080400000, 0x0000000080500000, 0x0000000080500000|100%| O|  |TAMS 0x0000000080400000| PB 0x0000000080400000| Untracked |  0
|   5|0x0000000080500000, 0x0000000080600000, 0x0000000080600000|100%| O|  |TAMS 0x0000000080500000| PB 0x0000000080500000| Untracked |  0
|   6|0x0000000080600000, 0x0000000080700000, 0x0000000080700000|100%|HS|  |TAMS 0x0000000080600000| PB 0x0000000080600000| Complete |  0
|   7|0x0000000080700000, 0x0000000080800000, 0x0000000080800000|100%| O|  |TAMS 0x0000000080700000| PB 0x0000000080700000| Untracked |  0
|   8|0x0000000080800000, 0x0000000080900000, 0x0000000080900000|100%| O|  |TAMS 0x0000000080800000| PB 0x0000000080800000| Untracked |  0
|   9|0x0000000080900000, 0x0000000080a00000, 0x0000000080a00000|100%| O|  |TAMS 0x0000000080900000| PB 0x0000000080900000| Untracked |  0
|  10|0x0000000080a00000, 0x0000000080b00000, 0x0000000080b00000|100%| O|  |TAMS 0x0000000080a00000| PB 0x0000000080a00000| Untracked |  0
|  11|0x0000000080b00000, 0x0000000080c00000, 0x0000000080c00000|100%| O|  |TAMS 0x0000000080b00000| PB 0x0000000080b00000| Untracked |  0
|  12|0x0000000080c00000, 0x0000000080ce49d0, 0x0000000080d00000| 89%| O|  |TAMS 0x0000000080c00000| PB 0x0000000080c00000| Untracked |  0
|  13|0x0000000080d00000, 0x0000000080d00000, 0x0000000080e00000|  0%| F|  |TAMS 0x0000000080d00000| PB 0x0000000080d00000| Untracked |  0
|  14|0x0000000080e00000, 0x0000000080e00000, 0x0000000080f00000|  0%| F|  |TAMS 0x0000000080e00000| PB 0x0000000080e00000| Untracked |  0
|  15|0x0000000080f00000, 0x0000000080f00000, 0x0000000081000000|  0%| F|  |TAMS 0x0000000080f00000| PB 0x0000000080f00000| Untracked |  0
|  16|0x0000000081000000, 0x0000000081000000, 0x0000000081100000|  0%| F|  |TAMS 0x0000000081000000| PB 0x0000000081000000| Untracked |  0
|  17|0x0000000081100000, 0x0000000081100000, 0x0000000081200000|  0%| F|  |TAMS 0x0000000081100000| PB 0x0000000081100000| Untracked |  0
|  18|0x0000000081200000, 0x0000000081200000, 0x0000000081300000|  0%| F|  |TAMS 0x0000000081200000| PB 0x0000000081200000| Untracked |  0
|  19|0x0000000081300000, 0x0000000081300000, 0x0000000081400000|  0%| F|  |TAMS 0x0000000081300000| PB 0x0000000081300000| Untracked |  0
|  20|0x0000000081400000, 0x0000000081400000, 0x0000000081500000|  0%| F|  |TAMS 0x0000000081400000| PB 0x0000000081400000| Untracked |  0
|  21|0x0000000081500000, 0x0000000081500000, 0x0000000081600000|  0%| F|  |TAMS 0x0000000081500000| PB 0x0000000081500000| Untracked |  0
|  22|0x0000000081600000, 0x0000000081600000, 0x0000000081700000|  0%| F|  |TAMS 0x0000000081600000| PB 0x0000000081600000| Untracked |  0
|  23|0x0000000081700000, 0x0000000081700000, 0x0000000081800000|  0%| F|  |TAMS 0x0000000081700000| PB 0x0000000081700000| Untracked |  0
|  24|0x0000000081800000, 0x0000000081800000, 0x0000000081900000|  0%| F|  |TAMS 0x0000000081800000| PB 0x0000000081800000| Untracked |  0
|  25|0x0000000081900000, 0x0000000081900000, 0x0000000081a00000|  0%| F|  |TAMS 0x0000000081900000| PB 0x0000000081900000| Untracked |  0
|  26|0x0000000081a00000, 0x0000000081a00000, 0x0000000081b00000|  0%| F|  |TAMS 0x0000000081a00000| PB 0x0000000081a00000| Untracked |  0
|  27|0x0000000081b00000, 0x0000000081b00000, 0x0000000081c00000|  0%| F|  |TAMS 0x0000000081b00000| PB 0x0000000081b00000| Untracked |  0
|  28|0x0000000081c00000, 0x0000000081c00000, 0x0000000081d00000|  0%| F|  |TAMS 0x0000000081c00000| PB 0x0000000081c00000| Untracked |  0
|  29|0x0000000081d00000, 0x0000000081d00000, 0x0000000081e00000|  0%| F|  |TAMS 0x0000000081d00000| PB 0x0000000081d00000| Untracked |  0
|  30|0x0000000081e00000, 0x0000000081e00000, 0x0000000081f00000|  0%| F|  |TAMS 0x0000000081e00000| PB 0x0000000081e00000| Untracked |  0
|  31|0x0000000081f00000, 0x0000000081f00000, 0x0000000082000000|  0%| F|  |TAMS 0x0000000081f00000| PB 0x0000000081f00000| Untracked |  0
|  32|0x0000000082000000, 0x0000000082000000, 0x0000000082100000|  0%| F|  |TAMS 0x0000000082000000| PB 0x0000000082000000| Untracked |  0
|  33|0x0000000082100000, 0x0000000082100000, 0x0000000082200000|  0%| F|  |TAMS 0x0000000082100000| PB 0x0000000082100000| Untracked |  0
|  34|0x0000000082200000, 0x0000000082200000, 0x0000000082300000|  0%| F|  |TAMS 0x0000000082200000| PB 0x0000000082200000| Untracked |  0
|  35|0x0000000082300000, 0x0000000082300000, 0x0000000082400000|  0%| F|  |TAMS 0x0000000082300000| PB 0x0000000082300000| Untracked |  0
|  36|0x0000000082400000, 0x0000000082400000, 0x0000000082500000|  0%| F|  |TAMS 0x0000000082400000| PB 0x0000000082400000| Untracked |  0
|  37|0x0000000082500000, 0x0000000082500000, 0x0000000082600000|  0%| F|  |TAMS 0x0000000082500000| PB 0x0000000082500000| Untracked |  0
|  38|0x0000000082600000, 0x0000000082600000, 0x0000000082700000|  0%| F|  |TAMS 0x0000000082600000| PB 0x0000000082600000| Untracked |  0
|  39|0x0000000082700000, 0x0000000082780000, 0x0000000082800000| 50%| E|  |TAMS 0x0000000082700000| PB 0x0000000082700000| Complete |  0
|  40|0x0000000082800000, 0x0000000082900000, 0x0000000082900000|100%| E|CS|TAMS 0x0000000082800000| PB 0x0000000082800000| Complete |  0
|  41|0x0000000082900000, 0x0000000082a00000, 0x0000000082a00000|100%| E|CS|TAMS 0x0000000082900000| PB 0x0000000082900000| Complete |  0
|  42|0x0000000082a00000, 0x0000000082b00000, 0x0000000082b00000|100%| E|CS|TAMS 0x0000000082a00000| PB 0x0000000082a00000| Complete |  0
|  43|0x0000000082b00000, 0x0000000082c00000, 0x0000000082c00000|100%| E|CS|TAMS 0x0000000082b00000| PB 0x0000000082b00000| Complete |  0
|  44|0x0000000082c00000, 0x0000000082d00000, 0x0000000082d00000|100%| E|CS|TAMS 0x0000000082c00000| PB 0x0000000082c00000| Complete |  0
|  45|0x0000000082d00000, 0x0000000082e00000, 0x0000000082e00000|100%| E|CS|TAMS 0x0000000082d00000| PB 0x0000000082d00000| Complete |  0
|  46|0x0000000082e00000, 0x0000000082f00000, 0x0000000082f00000|100%| E|CS|TAMS 0x0000000082e00000| PB 0x0000000082e00000| Complete |  0
|  47|0x0000000082f00000, 0x0000000083000000, 0x0000000083000000|100%| E|CS|TAMS 0x0000000082f00000| PB 0x0000000082f00000| Complete |  0
|  48|0x0000000083000000, 0x0000000083100000, 0x0000000083100000|100%| E|CS|TAMS 0x0000000083000000| PB 0x0000000083000000| Complete |  0
|  49|0x0000000083100000, 0x0000000083200000, 0x0000000083200000|100%| E|CS|TAMS 0x0000000083100000| PB 0x0000000083100000| Complete |  0
|  50|0x0000000083200000, 0x0000000083300000, 0x0000000083300000|100%| E|CS|TAMS 0x0000000083200000| PB 0x0000000083200000| Complete |  0
|  51|0x0000000083300000, 0x0000000083400000, 0x0000000083400000|100%| E|CS|TAMS 0x0000000083300000| PB 0x0000000083300000| Complete |  0
|  52|0x0000000083400000, 0x0000000083500000, 0x0000000083500000|100%| E|CS|TAMS 0x0000000083400000| PB 0x0000000083400000| Complete |  0
|  53|0x0000000083500000, 0x0000000083600000, 0x0000000083600000|100%| E|CS|TAMS 0x0000000083500000| PB 0x0000000083500000| Complete |  0
|  54|0x0000000083600000, 0x0000000083700000, 0x0000000083700000|100%| E|CS|TAMS 0x0000000083600000| PB 0x0000000083600000| Complete |  0
|  55|0x0000000083700000, 0x0000000083800000, 0x0000000083800000|100%| E|CS|TAMS 0x0000000083700000| PB 0x0000000083700000| Complete |  0
|  56|0x0000000083800000, 0x0000000083900000, 0x0000000083900000|100%| E|CS|TAMS 0x0000000083800000| PB 0x0000000083800000| Complete |  0
|  57|0x0000000083900000, 0x0000000083a00000, 0x0000000083a00000|100%| E|CS|TAMS 0x0000000083900000| PB 0x0000000083900000| Complete |  0
|  58|0x0000000083a00000, 0x0000000083b00000, 0x0000000083b00000|100%| E|CS|TAMS 0x0000000083a00000| PB 0x0000000083a00000| Complete |  0
|  59|0x0000000083b00000, 0x0000000083c00000, 0x0000000083c00000|100%| E|CS|TAMS 0x0000000083b00000| PB 0x0000000083b00000| Complete |  0
|  60|0x0000000083c00000, 0x0000000083d00000, 0x0000000083d00000|100%| E|CS|TAMS 0x0000000083c00000| PB 0x0000000083c00000| Complete |  0
|  61|0x0000000083d00000, 0x0000000083e00000, 0x0000000083e00000|100%| E|CS|TAMS 0x0000000083d00000| PB 0x0000000083d00000| Complete |  0
|  62|0x0000000083e00000, 0x0000000083f00000, 0x0000000083f00000|100%| E|CS|TAMS 0x0000000083e00000| PB 0x0000000083e00000| Complete |  0
|  63|0x0000000083f00000, 0x0000000084000000, 0x0000000084000000|100%| E|CS|TAMS 0x0000000083f00000| PB 0x0000000083f00000| Complete |  0
|  64|0x0000000084000000, 0x0000000084100000, 0x0000000084100000|100%| E|CS|TAMS 0x0000000084000000| PB 0x0000000084000000| Complete |  0
|  65|0x0000000084100000, 0x0000000084200000, 0x0000000084200000|100%| E|CS|TAMS 0x0000000084100000| PB 0x0000000084100000| Complete |  0
|  66|0x0000000084200000, 0x0000000084300000, 0x0000000084300000|100%| E|CS|TAMS 0x0000000084200000| PB 0x0000000084200000| Complete |  0
|  67|0x0000000084300000, 0x0000000084400000, 0x0000000084400000|100%| E|CS|TAMS 0x0000000084300000| PB 0x0000000084300000| Complete |  0
|  68|0x0000000084400000, 0x0000000084500000, 0x0000000084500000|100%| E|CS|TAMS 0x0000000084400000| PB 0x0000000084400000| Complete |  0
|  69|0x0000000084500000, 0x0000000084600000, 0x0000000084600000|100%| E|CS|TAMS 0x0000000084500000| PB 0x0000000084500000| Complete |  0
|  70|0x0000000084600000, 0x0000000084700000, 0x0000000084700000|100%| E|CS|TAMS 0x0000000084600000| PB 0x0000000084600000| Complete |  0
|  71|0x0000000084700000, 0x0000000084800000, 0x0000000084800000|100%| E|CS|TAMS 0x0000000084700000| PB 0x0000000084700000| Complete |  0
|  72|0x0000000084800000, 0x0000000084900000, 0x0000000084900000|100%| E|CS|TAMS 0x0000000084800000| PB 0x0000000084800000| Complete |  0
| 214|0x000000008d600000, 0x000000008d668100, 0x000000008d700000| 40%| S|CS|TAMS 0x000000008d600000| PB 0x000000008d600000| Complete |  0
| 215|0x000000008d700000, 0x000000008d800000, 0x000000008d800000|100%| S|CS|TAMS 0x000000008d700000| PB 0x000000008d700000| Complete |  0
| 216|0x000000008d800000, 0x000000008d900000, 0x000000008d900000|100%| S|CS|TAMS 0x000000008d800000| PB 0x000000008d800000| Complete |  0
| 217|0x000000008d900000, 0x000000008da00000, 0x000000008da00000|100%| S|CS|TAMS 0x000000008d900000| PB 0x000000008d900000| Complete |  0
| 218|0x000000008da00000, 0x000000008db00000, 0x000000008db00000|100%| S|CS|TAMS 0x000000008da00000| PB 0x000000008da00000| Complete |  0
| 219|0x000000008db00000, 0x000000008dc00000, 0x000000008dc00000|100%| S|CS|TAMS 0x000000008db00000| PB 0x000000008db00000| Complete |  0
| 220|0x000000008dc00000, 0x000000008dd00000, 0x000000008dd00000|100%| S|CS|TAMS 0x000000008dc00000| PB 0x000000008dc00000| Complete |  0
| 221|0x000000008dd00000, 0x000000008de00000, 0x000000008de00000|100%| S|CS|TAMS 0x000000008dd00000| PB 0x000000008dd00000| Complete |  0
| 222|0x000000008de00000, 0x000000008df00000, 0x000000008df00000|100%| S|CS|TAMS 0x000000008de00000| PB 0x000000008de00000| Complete |  0
| 223|0x000000008df00000, 0x000000008e000000, 0x000000008e000000|100%| S|CS|TAMS 0x000000008df00000| PB 0x000000008df00000| Complete |  0
| 224|0x000000008e000000, 0x000000008e100000, 0x000000008e100000|100%| S|CS|TAMS 0x000000008e000000| PB 0x000000008e000000| Complete |  0
| 251|0x000000008fb00000, 0x000000008fc00000, 0x000000008fc00000|100%| E|CS|TAMS 0x000000008fb00000| PB 0x000000008fb00000| Complete |  0
|2046|0x00000000ffe00000, 0x00000000fff00000, 0x00000000fff00000|100%| O|  |TAMS 0x00000000ffe00000| PB 0x00000000ffe00000| Untracked |  0
|2047|0x00000000fff00000, 0x00000000fff25860, 0x0000000100000000| 14%| O|Cm|TAMS 0x00000000fff00000| PB 0x00000000fff00000| Complete |  0

Card table byte_map: [0x000001ffaae90000,0x000001ffab290000] _byte_map_base: 0x000001ffaaa90000

Marking Bits: (CMBitMap*) 0x000001ff926440b0
 Bits: [0x000001ffab290000, 0x000001ffad290000)

Polling page: 0x000001ff907b0000

Metaspace:
Metaspace        used 24378K, committed 25344K, reserved 1114112K
 class space     used 3665K, committed 4160K, reserved 1048576K

Usage:
  Non-class:     20.23 MB used.
      Class:      3.58 MB used.
       Both:     23.81 MB used.

Virtual space:
  Non-class space:       64.00 MB reserved,      20.69 MB ( 32%) committed,  1 nodes.
      Class space:        1.00 GB reserved,       4.06 MB ( <1%) committed,  1 nodes.
             Both:        1.06 GB reserved,      24.75 MB (  2%) committed. 

Chunk freelists:
   Non-Class:  10.50 MB
       Class:  11.81 MB
        Both:  22.31 MB

MaxMetaspaceSize: unlimited
CompressedClassSpaceSize: 1.00 GB
Initial GC threshold: 21.00 MB
Current GC threshold: 35.12 MB
CDS: on
 - commit_granule_bytes: 65536.
 - commit_granule_words: 8192.
 - virtual_space_node_default_size: 8388608.
 - enlarge_chunks_in_place: 1.
UseCompressedClassPointers 1, UseCompactObjectHeaders 0
Narrow klass pointer bits 32, Max shift 3
Narrow klass base: 0x0000000028000000, Narrow klass shift: 0
Encoding Range: [0x0000000028000000 - 0x0000000128000000), (4294967296 bytes)
Klass Range:    [0x0000000028010000 - 0x0000000069000000), (1090453504 bytes)
Klass ID Range:  [65536 - 1090519033) (1090453497)
Protection zone: [0x0000000028000000 - 0x0000000028010000), (65536 bytes)


Internal statistics:

num_allocs_failed_limit: 3.
num_arena_births: 1426.
num_arena_deaths: 0.
num_vsnodes_births: 2.
num_vsnodes_deaths: 0.
num_space_committed: 396.
num_space_uncommitted: 0.
num_chunks_returned_to_freelist: 3.
num_chunks_taken_from_freelist: 2488.
num_chunk_merges: 3.
num_chunk_splits: 1602.
num_chunks_enlarged: 996.
num_inconsistent_stats: 0.

CodeHeap 'non-profiled nmethods': size=119168Kb used=1602Kb max_used=1602Kb free=117565Kb
 bounds [0x000001ffa2ca0000, 0x000001ffa2f10000, 0x000001ffaa100000]
CodeHeap 'profiled nmethods': size=119168Kb used=6559Kb max_used=6559Kb free=112608Kb
 bounds [0x000001ff9b0f0000, 0x000001ff9b760000, 0x000001ffa2550000]
CodeHeap 'non-nmethods': size=7488Kb used=1500Kb max_used=2608Kb free=5988Kb
 bounds [0x000001ffa2550000, 0x000001ffa27e0000, 0x000001ffa2ca0000]
CodeCache: size=245824Kb, used=9661Kb, max_used=10769Kb, free=236161Kb
 total_blobs=4845, nmethods=4222, adapters=525, full_count=0
Compilation: enabled, stopped_count=0, restarted_count=0

Compilation events (20 events):
Event: 182.236 Thread 0x000001ffb03513d0 nmethod 4217 0x000001ffa2e2eb88 code [0x000001ffa2e2ec80, 0x000001ffa2e2f360]
Event: 182.283 Thread 0x000001ffb03513d0 4218       4       jdk.internal.classfile.impl.BufWriterImpl::writeU2U2 (61 bytes)
Event: 182.287 Thread 0x000001ffb03513d0 nmethod 4218 0x000001ffa2e2f388 code [0x000001ffa2e2f480, 0x000001ffa2e2fb30]
Event: 182.287 Thread 0x000001ffb03513d0 4219       4       jdk.internal.classfile.impl.AttributeHolder::withAttribute (124 bytes)
Event: 182.291 Thread 0x000001ffb03513d0 nmethod 4219 0x000001ffa2e2fb88 code [0x000001ffa2e2fc80, 0x000001ffa2e30508]
Event: 182.337 Thread 0x000001ffb03513d0 4220       4       jdk.internal.classfile.impl.StackMapGenerator::processInvokeInstructions (262 bytes)
Event: 183.173 Thread 0x000001ffaf65d130 4221       3       java.util.stream.FindOps::makeRef (14 bytes)
Event: 183.179 Thread 0x000001ffaf65d130 nmethod 4221 0x000001ff9b755e08 code [0x000001ff9b755f00, 0x000001ff9b756060]
Event: 183.179 Thread 0x000001ffaf65d130 4222       3       java.util.stream.FindOps$FindOp::evaluateSequential (39 bytes)
Event: 183.179 Thread 0x000001ffaf65d130 nmethod 4222 0x000001ff9b756108 code [0x000001ff9b756200, 0x000001ff9b7567a8]
Event: 183.179 Thread 0x000001ffaf65d130 4223       3       java.util.stream.FindOps$FindSink$OfRef$$Lambda/0x800000048::get (8 bytes)
Event: 183.179 Thread 0x000001ffaf65d130 nmethod 4223 0x000001ff9b756808 code [0x000001ff9b756900, 0x000001ff9b756b78]
Event: 183.179 Thread 0x000001ffaf65d130 4224       3       java.util.stream.FindOps$FindSink$OfRef::<init> (5 bytes)
Event: 183.179 Thread 0x000001ffaf65d130 nmethod 4224 0x000001ff9b756b88 code [0x000001ff9b756c80, 0x000001ff9b756e40]
Event: 183.179 Thread 0x000001ffaf65d130 4225       3       java.util.stream.FindOps$FindSink::<init> (5 bytes)
Event: 183.179 Thread 0x000001ffaf65d130 nmethod 4225 0x000001ff9b756e88 code [0x000001ff9b756f80, 0x000001ff9b7570e0]
Event: 183.179 Thread 0x000001ffaf65d130 4226       3       java.util.stream.FindOps$FindSink$OfRef::get (5 bytes)
Event: 183.179 Thread 0x000001ffaf65d130 nmethod 4226 0x000001ff9b757188 code [0x000001ff9b757280, 0x000001ff9b7577e8]
Event: 183.179 Thread 0x000001ffaf65d130 4227       3       java.util.stream.FindOps$FindSink$OfRef::get (19 bytes)
Event: 183.179 Thread 0x000001ffaf65d130 nmethod 4227 0x000001ff9b757808 code [0x000001ff9b757900, 0x000001ff9b757d88]

GC Heap Usage History (6 events):
Event: 0.914 {heap Before GC invocations=0 (full 0):
 garbage-first heap   total reserved 2097152K, committed 260096K, used 52374K [0x0000000080000000, 0x0000000100000000)
  region size 1024K, 47 young (48128K), 0 survivors (0K)
}
Event: 0.931 {heap After GC invocations=1 (full 0):
 garbage-first heap   total reserved 2097152K, committed 260096K, used 12758K [0x0000000080000000, 0x0000000100000000)
  region size 1024K, 6 young (6144K), 6 survivors (6144K)
}
Event: 131.195 {heap Before GC invocations=1 (full 0):
 garbage-first heap   total reserved 2097152K, committed 260096K, used 120278K [0x0000000080000000, 0x0000000100000000)
  region size 1024K, 110 young (112640K), 6 survivors (6144K)
}
Event: 131.304 {heap After GC invocations=2 (full 0):
 garbage-first heap   total reserved 2097152K, committed 260096K, used 22780K [0x0000000080000000, 0x0000000100000000)
  region size 1024K, 14 young (14336K), 14 survivors (14336K)
}
Event: 158.684 {heap Before GC invocations=2 (full 0):
 garbage-first heap   total reserved 2097152K, committed 260096K, used 48380K [0x0000000080000000, 0x0000000100000000)
  region size 1024K, 41 young (41984K), 14 survivors (14336K)
}
Event: 158.829 {heap After GC invocations=3 (full 0):
 garbage-first heap   total reserved 2097152K, committed 260096K, used 25032K [0x0000000080000000, 0x0000000100000000)
  region size 1024K, 11 young (11264K), 11 survivors (11264K)
}

Metaspace Usage History (6 events):
Event: 0.914 {metaspace Before GC invocations=0 (full 0):
 Metaspace       used 4614K, committed 4864K, reserved 1114112K
  class space    used 593K, committed 704K, reserved 1048576K
}
Event: 0.931 {metaspace After GC invocations=1 (full 0):
 Metaspace       used 4614K, committed 4864K, reserved 1114112K
  class space    used 593K, committed 704K, reserved 1048576K
}
Event: 131.195 {metaspace Before GC invocations=1 (full 0):
 Metaspace       used 17613K, committed 18112K, reserved 1114112K
  class space    used 2477K, committed 2688K, reserved 1048576K
}
Event: 131.304 {metaspace After GC invocations=2 (full 0):
 Metaspace       used 17613K, committed 18112K, reserved 1114112K
  class space    used 2477K, committed 2688K, reserved 1048576K
}
Event: 158.685 {metaspace Before GC invocations=2 (full 0):
 Metaspace       used 20832K, committed 21504K, reserved 1114112K
  class space    used 3034K, committed 3392K, reserved 1048576K
}
Event: 158.829 {metaspace After GC invocations=3 (full 0):
 Metaspace       used 20832K, committed 21504K, reserved 1114112K
  class space    used 3034K, committed 3392K, reserved 1048576K
}

Dll operation events (20 events):
Event: 0.094 Attempting to load shared library C:\Program Files\Eclipse Adoptium\jdk-25.0.4.7-hotspot\bin\nio.dll
Event: 0.094 Loaded shared library C:\Program Files\Eclipse Adoptium\jdk-25.0.4.7-hotspot\bin\nio.dll
Event: 0.097 Attempting to load shared library C:\Program Files\Eclipse Adoptium\jdk-25.0.4.7-hotspot\bin\zip.dll
Event: 0.097 Loaded shared library C:\Program Files\Eclipse Adoptium\jdk-25.0.4.7-hotspot\bin\zip.dll
Event: 0.263 Attempting to load shared library C:\Program Files\Eclipse Adoptium\jdk-25.0.4.7-hotspot\bin\jimage.dll
Event: 0.263 Loaded shared library C:\Program Files\Eclipse Adoptium\jdk-25.0.4.7-hotspot\bin\jimage.dll
Event: 0.442 Attempting to load shared library C:\Program Files\Eclipse Adoptium\jdk-25.0.4.7-hotspot\bin\verify.dll
Event: 0.442 Loaded shared library C:\Program Files\Eclipse Adoptium\jdk-25.0.4.7-hotspot\bin\verify.dll
Event: 0.462 Attempting to load shared library C:\Users\leona\.gradle\native\660c5614fbf4a5f2a75b1949f50a0caf5cd603558e7d8a26e50b933a0cfb79d1\windows-amd64\native-platform.dll
Event: 0.463 Loaded shared library C:\Users\leona\.gradle\native\660c5614fbf4a5f2a75b1949f50a0caf5cd603558e7d8a26e50b933a0cfb79d1\windows-amd64\native-platform.dll
Event: 0.478 Attempting to load shared library C:\Users\leona\.gradle\native\0.2.8\x86_64-windows-gnu\gradle-fileevents.dll
Event: 0.480 Loaded shared library C:\Users\leona\.gradle\native\0.2.8\x86_64-windows-gnu\gradle-fileevents.dll
Event: 1.154 Attempting to load shared library C:\Program Files\Eclipse Adoptium\jdk-25.0.4.7-hotspot\bin\management.dll
Event: 1.155 Loaded shared library C:\Program Files\Eclipse Adoptium\jdk-25.0.4.7-hotspot\bin\management.dll
Event: 1.156 Attempting to load shared library C:\Program Files\Eclipse Adoptium\jdk-25.0.4.7-hotspot\bin\management_ext.dll
Event: 1.156 Loaded shared library C:\Program Files\Eclipse Adoptium\jdk-25.0.4.7-hotspot\bin\management_ext.dll
Event: 1.238 Attempting to load shared library C:\Program Files\Eclipse Adoptium\jdk-25.0.4.7-hotspot\bin\extnet.dll
Event: 1.238 Loaded shared library C:\Program Files\Eclipse Adoptium\jdk-25.0.4.7-hotspot\bin\extnet.dll
Event: 5.937 Attempting to load shared library C:\Program Files\Eclipse Adoptium\jdk-25.0.4.7-hotspot\bin\sunmscapi.dll
Event: 5.949 Loaded shared library C:\Program Files\Eclipse Adoptium\jdk-25.0.4.7-hotspot\bin\sunmscapi.dll

Deoptimization events (20 events):
Event: 170.268 Thread 0x000001ffb582da50 Uncommon trap: trap_request=0xffffff45 fr.pc=0x000001ffa2d75de8 relative=0x00000000000001e8
Event: 170.268 Thread 0x000001ffb582da50 Uncommon trap: reason=unstable_if action=reinterpret pc=0x000001ffa2d75de8 method=jdk.internal.classfile.impl.SplitConstantPool.maybeCloneUtf8Entry(Ljava/lang/classfile/constantpool/Utf8Entry;)Ljdk/internal/classfile/impl/AbstractPoolEntry$Utf8EntryImpl; 
Event: 170.268 Thread 0x000001ffb582da50 DEOPT PACKING pc=0x000001ffa2d75de8 sp=0x000000aeca6f9b60
Event: 170.268 Thread 0x000001ffb582da50 DEOPT UNPACKING pc=0x000001ffa267ef02 sp=0x000000aeca6f9af0 mode 2
Event: 176.111 Thread 0x000001ffb582da50 Uncommon trap: trap_request=0xffffffde fr.pc=0x000001ffa2caf4d4 relative=0x00000000000001d4
Event: 176.111 Thread 0x000001ffb582da50 Uncommon trap: reason=class_check action=maybe_recompile pc=0x000001ffa2caf4d4 method=java.lang.String.equals(Ljava/lang/Object;)Z @ 8 c2
Event: 176.111 Thread 0x000001ffb582da50 DEOPT PACKING pc=0x000001ffa2caf4d4 sp=0x000000aeca6fa6c0
Event: 176.111 Thread 0x000001ffb582da50 DEOPT UNPACKING pc=0x000001ffa267ef02 sp=0x000000aeca6fa658 mode 2
Event: 182.331 Thread 0x000001ffb582da50 Uncommon trap: trap_request=0xffffffd6 fr.pc=0x000001ffa2e30114 relative=0x0000000000000494
Event: 182.331 Thread 0x000001ffb582da50 Uncommon trap: reason=array_check action=maybe_recompile pc=0x000001ffa2e30114 method=jdk.internal.classfile.impl.AttributeHolder.withAttribute(Ljava/lang/classfile/Attribute;)V @ 115 c2
Event: 182.331 Thread 0x000001ffb582da50 DEOPT PACKING pc=0x000001ffa2e30114 sp=0x000000aeca6fae40
Event: 182.334 Thread 0x000001ffb582da50 DEOPT UNPACKING pc=0x000001ffa267ef02 sp=0x000000aeca6fae00 mode 2
Event: 182.334 Thread 0x000001ffb582da50 Uncommon trap: trap_request=0xffffffd6 fr.pc=0x000001ffa2e30114 relative=0x0000000000000494
Event: 182.334 Thread 0x000001ffb582da50 Uncommon trap: reason=array_check action=maybe_recompile pc=0x000001ffa2e30114 method=jdk.internal.classfile.impl.AttributeHolder.withAttribute(Ljava/lang/classfile/Attribute;)V @ 115 c2
Event: 182.334 Thread 0x000001ffb582da50 DEOPT PACKING pc=0x000001ffa2e30114 sp=0x000000aeca6faab0
Event: 182.334 Thread 0x000001ffb582da50 DEOPT UNPACKING pc=0x000001ffa267ef02 sp=0x000000aeca6faa70 mode 2
Event: 182.335 Thread 0x000001ffb582da50 Uncommon trap: trap_request=0xffffff66 fr.pc=0x000001ffa2e30240 relative=0x00000000000005c0
Event: 182.335 Thread 0x000001ffb582da50 Uncommon trap: reason=loop_limit_check action=maybe_recompile pc=0x000001ffa2e30240 method=jdk.internal.classfile.impl.AttributeHolder.withAttribute(Ljava/lang/classfile/Attribute;)V @ 39 c2
Event: 182.335 Thread 0x000001ffb582da50 DEOPT PACKING pc=0x000001ffa2e30240 sp=0x000000aeca6fab20
Event: 182.335 Thread 0x000001ffb582da50 DEOPT UNPACKING pc=0x000001ffa267ef02 sp=0x000000aeca6faaf0 mode 2

Classes loaded (20 events):
Event: 163.203 Loading class javax/xml/parsers/ParserConfigurationException
Event: 163.280 Loading class javax/xml/parsers/ParserConfigurationException done
Event: 163.280 Loading class org/xml/sax/SAXException
Event: 163.508 Loading class org/xml/sax/SAXException done
Event: 163.508 Loading class javax/xml/xpath/XPathExpressionException
Event: 163.508 Loading class javax/xml/xpath/XPathException
Event: 163.546 Loading class javax/xml/xpath/XPathException done
Event: 163.546 Loading class javax/xml/xpath/XPathExpressionException done
Event: 163.546 Loading class org/xml/sax/ErrorHandler
Event: 163.549 Loading class org/xml/sax/ErrorHandler done
Event: 163.968 Loading class java/nio/file/AtomicMoveNotSupportedException
Event: 163.984 Loading class java/nio/file/AtomicMoveNotSupportedException done
Event: 174.986 Loading class java/util/zip/GZIPOutputStream
Event: 174.990 Loading class java/util/zip/DeflaterOutputStream
Event: 174.992 Loading class java/util/zip/DeflaterOutputStream done
Event: 174.993 Loading class java/util/zip/GZIPOutputStream done
Event: 174.993 Loading class java/util/zip/GZIPInputStream
Event: 175.015 Loading class java/util/zip/GZIPInputStream done
Event: 175.047 Loading class java/io/UnsupportedEncodingException
Event: 175.072 Loading class java/io/UnsupportedEncodingException done

Classes unloaded (0 events):
No events

Classes redefined (0 events):
No events

Internal exceptions (20 events):
Event: 151.345 Thread 0x000001ffb582da50 Exception <a 'java/lang/NoSuchMethodError'{0x000000008e853390}: 'java.lang.Object java.lang.invoke.DirectMethodHandle$Holder.invokeStatic(java.lang.Object, java.lang.Object, java.lang.Object, java.lang.Object, java.lang.Object, java.lang.Object, java.lang.Object, java.lang.Object, java.lang.Object, java.lang.Object, java.lang.Object, java.lang.Object, java.lang.Object, java.lang.Object, java.lang.Object, java.lang.Object, java.lang.Object, java.lang.Object, java.lang.Object, java.lang.Object, java.lang.Obj
Event: 152.600 Thread 0x000001ffb582da50 Exception <a 'java/lang/NoSuchMethodError'{0x000000008e8fc3d8}: 'int java.lang.invoke.DirectMethodHandle$Holder.invokeStatic(java.lang.Object, java.lang.Object, java.lang.Object, java.lang.Object)'> (0x000000008e8fc3d8) 
thrown [s\src\hotspot\share\interpreter\linkResolver.cpp, line 804]
Event: 153.432 Thread 0x000001ffb582da50 Exception <a 'java/lang/IncompatibleClassChangeError'{0x000000008e7c16c8}: Found class java.lang.Object, but interface was expected> (0x000000008e7c16c8) 
thrown [s\src\hotspot\share\interpreter\linkResolver.cpp, line 871]
Event: 154.743 Thread 0x000001ffb582da50 Exception <a 'java/lang/NoSuchMethodError'{0x000000008e5e7578}: 'void java.lang.invoke.DirectMethodHandle$Holder.invokeVirtual(java.lang.Object, java.lang.Object, java.lang.Object, java.lang.Object, java.lang.Object)'> (0x000000008e5e7578) 
thrown [s\src\hotspot\share\interpreter\linkResolver.cpp, line 804]
Event: 160.490 Thread 0x000001ffb582da50 Exception <a 'java/lang/NoSuchMethodError'{0x00000000848179c0}: 'java.lang.Object java.lang.invoke.Invokers$Holder.invoker(java.lang.Object, java.lang.Object, java.lang.Object, java.lang.Object)'> (0x00000000848179c0) 
thrown [s\src\hotspot\share\interpreter\linkResolver.cpp, line 804]
Event: 162.278 Thread 0x000001ffb582da50 Exception <a 'java/lang/NoSuchMethodError'{0x0000000084641c58}: 'java.lang.Object java.lang.invoke.DirectMethodHandle$Holder.invokeVirtual(java.lang.Object, java.lang.Object, java.lang.Object, java.lang.Object, java.lang.Object, java.lang.Object, java.lang.Object, java.lang.Object, java.lang.Object, java.lang.Object, java.lang.Object, java.lang.Object, java.lang.Object, java.lang.Object, java.lang.Object, java.lang.Object, java.lang.Object, java.lang.Object, java.lang.Object, java.lang.Object, java.lang.Ob
Event: 164.942 Thread 0x000001ffb582da50 Exception <a 'java/lang/NoSuchMethodError'{0x00000000845eab40}: 'java.lang.Object java.lang.invoke.DirectMethodHandle$Holder.invokeSpecial(java.lang.Object, java.lang.Object, java.lang.Object, java.lang.Object, java.lang.Object, java.lang.Object, java.lang.Object, java.lang.Object, java.lang.Object, java.lang.Object, java.lang.Object, java.lang.Object, java.lang.Object, java.lang.Object, java.lang.Object, java.lang.Object, java.lang.Object, java.lang.Object, java.lang.Object, java.lang.Object, java.lang.Ob
Event: 168.711 Thread 0x000001ffb582da50 Exception <a 'java/lang/NoSuchMethodError'{0x0000000084062f90}: 'void java.lang.invoke.DirectMethodHandle$Holder.invokeVirtual(java.lang.Object, java.lang.Object, java.lang.Object, java.lang.Object, java.lang.Object, java.lang.Object)'> (0x0000000084062f90) 
thrown [s\src\hotspot\share\interpreter\linkResolver.cpp, line 804]
Event: 168.712 Thread 0x000001ffb582da50 Exception <a 'java/lang/NoSuchMethodError'{0x000000008406bd78}: 'void java.lang.invoke.DelegatingMethodHandle$Holder.reinvoke_L(java.lang.Object, java.lang.Object, java.lang.Object, java.lang.Object, java.lang.Object, java.lang.Object)'> (0x000000008406bd78) 
thrown [s\src\hotspot\share\interpreter\linkResolver.cpp, line 804]
Event: 169.614 Thread 0x000001ffb582da50 Exception <a 'java/lang/NoSuchMethodError'{0x0000000083e536c0}: 'java.lang.Object java.lang.invoke.DirectMethodHandle$Holder.newInvokeSpecial(java.lang.Object, java.lang.Object, java.lang.Object, java.lang.Object, java.lang.Object, java.lang.Object, java.lang.Object)'> (0x0000000083e536c0) 
thrown [s\src\hotspot\share\interpreter\linkResolver.cpp, line 804]
Event: 178.771 Thread 0x000001ffb582da50 Exception <a 'java/lang/NoSuchMethodError'{0x000000008326f9f8}: 'java.lang.Object java.lang.invoke.DirectMethodHandle$Holder.invokeSpecial(java.lang.Object, java.lang.Object, java.lang.Object, java.lang.Object, java.lang.Object, java.lang.Object, java.lang.Object, java.lang.Object, java.lang.Object, java.lang.Object, java.lang.Object, java.lang.Object, java.lang.Object, java.lang.Object, java.lang.Object, java.lang.Object, java.lang.Object, java.lang.Object, java.lang.Object, java.lang.Object, java.lang.Ob
Event: 178.773 Thread 0x000001ffb582da50 Exception <a 'java/lang/NoSuchMethodError'{0x0000000083279b40}: 'java.lang.Object java.lang.invoke.DelegatingMethodHandle$Holder.reinvoke_L(java.lang.Object, java.lang.Object, java.lang.Object, java.lang.Object, java.lang.Object, java.lang.Object, java.lang.Object, java.lang.Object, java.lang.Object, java.lang.Object, java.lang.Object, java.lang.Object, java.lang.Object, java.lang.Object, java.lang.Object, java.lang.Object, java.lang.Object, java.lang.Object, java.lang.Object, java.lang.Object, java.lang.O
Event: 178.775 Thread 0x000001ffb582da50 Exception <a 'java/lang/NoSuchMethodError'{0x000000008328e180}: 'java.lang.Object java.lang.invoke.DirectMethodHandle$Holder.invokeSpecial(java.lang.Object, java.lang.Object, java.lang.Object, java.lang.Object, java.lang.Object, java.lang.Object, java.lang.Object, java.lang.Object, java.lang.Object, java.lang.Object, java.lang.Object, java.lang.Object, java.lang.Object, java.lang.Object, java.lang.Object, java.lang.Object, java.lang.Object, java.lang.Object, java.lang.Object, java.lang.Object, java.lang.Ob
Event: 178.776 Thread 0x000001ffb582da50 Exception <a 'java/lang/NoSuchMethodError'{0x00000000832982e0}: 'java.lang.Object java.lang.invoke.Invokers$Holder.invoker(java.lang.Object, java.lang.Object, java.lang.Object, java.lang.Object, java.lang.Object, java.lang.Object, java.lang.Object, java.lang.Object, java.lang.Object, java.lang.Object, java.lang.Object, java.lang.Object, java.lang.Object, java.lang.Object, java.lang.Object, java.lang.Object, java.lang.Object, java.lang.Object, java.lang.Object, java.lang.Object, java.lang.Object, java.lang.
Event: 178.777 Thread 0x000001ffb582da50 Exception <a 'java/lang/NoSuchMethodError'{0x00000000832a2e98}: 'java.lang.Object java.lang.invoke.DelegatingMethodHandle$Holder.delegate(java.lang.Object, java.lang.Object, java.lang.Object, java.lang.Object, java.lang.Object, java.lang.Object, java.lang.Object, java.lang.Object, java.lang.Object, java.lang.Object, java.lang.Object, java.lang.Object, java.lang.Object, java.lang.Object, java.lang.Object, java.lang.Object, java.lang.Object, java.lang.Object, java.lang.Object, java.lang.Object, java.lang.Obj
Event: 180.243 Thread 0x000001ffb582da50 Exception <a 'java/lang/NoSuchMethodError'{0x0000000082d05a48}: 'int java.lang.invoke.DirectMethodHandle$Holder.invokeStaticInit(java.lang.Object, java.lang.Object)'> (0x0000000082d05a48) 
thrown [s\src\hotspot\share\interpreter\linkResolver.cpp, line 804]
Event: 180.404 Thread 0x000001ffb582da50 Exception <a 'java/lang/IncompatibleClassChangeError'{0x0000000082d4fc00}: Found class java.lang.Object, but interface was expected> (0x0000000082d4fc00) 
thrown [s\src\hotspot\share\interpreter\linkResolver.cpp, line 871]
Event: 181.011 Thread 0x000001ffb582da50 Exception <a 'java/lang/NoSuchMethodError'{0x0000000082c3da30}: 'java.lang.Object java.lang.invoke.DirectMethodHandle$Holder.invokeVirtual(java.lang.Object, java.lang.Object, java.lang.Object, java.lang.Object, java.lang.Object, java.lang.Object, java.lang.Object, java.lang.Object, java.lang.Object, java.lang.Object, java.lang.Object, java.lang.Object, java.lang.Object)'> (0x0000000082c3da30) 
thrown [s\src\hotspot\share\interpreter\linkResolver.cpp, line 804]
Event: 181.012 Thread 0x000001ffb582da50 Exception <a 'java/lang/NoSuchMethodError'{0x0000000082c47cf0}: 'java.lang.Object java.lang.invoke.DirectMethodHandle$Holder.invokeSpecial(java.lang.Object, java.lang.Object, java.lang.Object, java.lang.Object, java.lang.Object, java.lang.Object, java.lang.Object, java.lang.Object, java.lang.Object, java.lang.Object, java.lang.Object, java.lang.Object, java.lang.Object, java.lang.Object)'> (0x0000000082c47cf0) 
thrown [s\src\hotspot\share\interpreter\linkResolver.cpp, line 804]
Event: 182.124 Thread 0x000001ffb582da50 Exception <a 'java/lang/NoSuchMethodError'{0x0000000082a81128}: 'void java.lang.invoke.DirectMethodHandle$Holder.invokeStaticInit(java.lang.Object, java.lang.Object)'> (0x0000000082a81128) 
thrown [s\src\hotspot\share\interpreter\linkResolver.cpp, line 804]

VM Operations (20 events):
Event: 60.213 Executing non-safepoint VM operation: HandshakeAllThreads (HandshakeForDeflation)
Event: 60.216 Executing non-safepoint VM operation: HandshakeAllThreads (HandshakeForDeflation) done
Event: 60.216 Executing non-safepoint VM operation: RendezvousGCThreads
Event: 60.216 Executing non-safepoint VM operation: RendezvousGCThreads done
Event: 131.112 Executing non-safepoint VM operation: HandshakeAllThreads (Deoptimize)
Event: 131.115 Executing non-safepoint VM operation: HandshakeAllThreads (Deoptimize) done
Event: 131.116 Executing non-safepoint VM operation: HandshakeAllThreads (Deoptimize)
Event: 131.116 Executing non-safepoint VM operation: HandshakeAllThreads (Deoptimize) done
Event: 131.194 Executing safepoint VM operation: G1CollectForAllocation (G1 Evacuation Pause)
Event: 131.304 Executing safepoint VM operation: G1CollectForAllocation (G1 Evacuation Pause) done
Event: 158.684 Executing safepoint VM operation: CollectForMetadataAllocation (Metadata GC Threshold)
Event: 158.830 Executing safepoint VM operation: CollectForMetadataAllocation (Metadata GC Threshold) done
Event: 158.876 Executing safepoint VM operation: G1PauseRemark
Event: 158.979 Executing safepoint VM operation: G1PauseRemark done
Event: 158.981 Executing safepoint VM operation: G1PauseCleanup
Event: 158.986 Executing safepoint VM operation: G1PauseCleanup done
Event: 180.499 Executing non-safepoint VM operation: HandshakeAllThreads (HandshakeForDeflation)
Event: 180.569 Executing non-safepoint VM operation: HandshakeAllThreads (HandshakeForDeflation) done
Event: 180.570 Executing non-safepoint VM operation: RendezvousGCThreads
Event: 180.570 Executing non-safepoint VM operation: RendezvousGCThreads done

Memory protections (0 events):
No events

Nmethod flushes (0 events):
No events

Events (20 events):
Event: 5.866 Thread 0x000001ffb04538b0 Thread exited: 0x000001ffb04538b0
Event: 5.998 Thread 0x000001ffb5827c90 Thread added: 0x000001ffb582b340
Event: 6.025 Thread 0x000001ffb582b340 Thread added: 0x000001ffb582cab0
Event: 6.922 Thread 0x000001ffb582b340 Thread added: 0x000001ffb582e220
Event: 6.925 Thread 0x000001ffaf65d130 Thread added: 0x000001ffb58114a0
Event: 6.945 Thread 0x000001ffb582b340 Thread added: 0x000001ffb582da50
Event: 7.140 Thread 0x000001ffb582da50 Thread added: 0x000001ffb07f63e0
Event: 7.261 Thread 0x000001ffb582da50 Thread added: 0x000001ffb07f7b50
Event: 7.273 Thread 0x000001ffb582da50 Thread added: 0x000001ffb07f92c0
Event: 9.580 Thread 0x000001ffb58114a0 Thread exited: 0x000001ffb58114a0
Event: 14.873 Thread 0x000001ffb582da50 Thread added: 0x000001ffb07f8af0
Event: 14.966 Thread 0x000001ffb582da50 Thread added: 0x000001ffb6f57880
Event: 16.478 Thread 0x000001ffb6f57880 Thread added: 0x000001ffb6f549a0
Event: 16.935 Thread 0x000001ffb582da50 Thread added: 0x000001ffb6f570b0
Event: 112.037 Thread 0x000001ffb6f549a0 Thread exited: 0x000001ffb6f549a0
Event: 123.008 Thread 0x000001ffb6f57880 Thread added: 0x000001ffb6f56110
Event: 130.996 Thread 0x000001ffb03513d0 Thread added: 0x000001ffb580f460
Event: 131.129 Thread 0x000001ffb580f460 Thread exited: 0x000001ffb580f460
Event: 177.352 Thread 0x000001ffb582da50 Thread added: 0x000001ffb6f5a760
Event: 178.334 Thread 0x000001ffb582da50 Thread added: 0x000001ffb76e5250


Dynamic libraries:
0x00007ff7cc220000 - 0x00007ff7cc22e000 	C:\Program Files\Eclipse Adoptium\jdk-25.0.4.7-hotspot\bin\java.exe
0x00007ffff7ee0000 - 0x00007ffff8146000 	C:\WINDOWS\SYSTEM32\ntdll.dll
0x00007ffff7dd0000 - 0x00007ffff7e99000 	C:\WINDOWS\System32\KERNEL32.DLL
0x00007ffff54a0000 - 0x00007ffff589f000 	C:\WINDOWS\System32\KERNELBASE.dll
0x00007ffff50f0000 - 0x00007ffff523c000 	C:\WINDOWS\System32\ucrtbase.dll
0x00007fffc44d0000 - 0x00007fffc44e6000 	C:\Program Files\Eclipse Adoptium\jdk-25.0.4.7-hotspot\bin\jli.dll
0x00007fffc3320000 - 0x00007fffc333e000 	C:\Program Files\Eclipse Adoptium\jdk-25.0.4.7-hotspot\bin\VCRUNTIME140.dll
0x00007ffff6660000 - 0x00007ffff6826000 	C:\WINDOWS\System32\USER32.dll
0x00007ffff5aa0000 - 0x00007ffff5ac7000 	C:\WINDOWS\System32\win32u.dll
0x00007fffdae90000 - 0x00007fffdb121000 	C:\WINDOWS\WinSxS\amd64_microsoft.windows.common-controls_6595b64144ccf1df_6.0.26100.8972_none_3e0da176e32f9d4b\COMCTL32.dll
0x00007ffff7020000 - 0x00007ffff70c9000 	C:\WINDOWS\System32\msvcrt.dll
0x00007ffff5db0000 - 0x00007ffff5ddb000 	C:\WINDOWS\System32\GDI32.dll
0x00007ffff5970000 - 0x00007ffff5a99000 	C:\WINDOWS\System32\gdi32full.dll
0x00007ffff5b60000 - 0x00007ffff5c03000 	C:\WINDOWS\System32\msvcp_win.dll
0x00007ffff71f0000 - 0x00007ffff7222000 	C:\WINDOWS\System32\IMM32.DLL
0x00007fffceb40000 - 0x00007fffceb4c000 	C:\Program Files\Eclipse Adoptium\jdk-25.0.4.7-hotspot\bin\vcruntime140_1.dll
0x00007fffbd640000 - 0x00007fffbd6cd000 	C:\Program Files\Eclipse Adoptium\jdk-25.0.4.7-hotspot\bin\msvcp140.dll
0x00007fff65b20000 - 0x00007fff66a51000 	C:\Program Files\Eclipse Adoptium\jdk-25.0.4.7-hotspot\bin\server\jvm.dll
0x00007ffff6ae0000 - 0x00007ffff6b9c000 	C:\WINDOWS\System32\ADVAPI32.dll
0x00007ffff65b0000 - 0x00007ffff665a000 	C:\WINDOWS\System32\sechost.dll
0x00007ffff6830000 - 0x00007ffff6948000 	C:\WINDOWS\System32\RPCRT4.dll
0x00007ffff5de0000 - 0x00007ffff5e62000 	C:\WINDOWS\System32\WS2_32.dll
0x00007ffff49b0000 - 0x00007ffff4a0e000 	C:\WINDOWS\SYSTEM32\POWRPROF.dll
0x00007fffe7ae0000 - 0x00007fffe7b16000 	C:\WINDOWS\SYSTEM32\WINMM.dll
0x00007fffecf60000 - 0x00007fffecf6b000 	C:\WINDOWS\SYSTEM32\VERSION.dll
0x00007ffff4990000 - 0x00007ffff49a5000 	C:\WINDOWS\SYSTEM32\UMPDC.dll
0x00007ffff3da0000 - 0x00007ffff3dbb000 	C:\WINDOWS\SYSTEM32\kernel.appcore.dll
0x00007fffcdfb0000 - 0x00007fffcdfba000 	C:\Program Files\Eclipse Adoptium\jdk-25.0.4.7-hotspot\bin\jimage.dll
0x00007ffff2610000 - 0x00007ffff2852000 	C:\WINDOWS\SYSTEM32\DBGHELP.DLL
0x00007ffff79c0000 - 0x00007ffff7d45000 	C:\WINDOWS\System32\combase.dll
0x00007ffff6bb0000 - 0x00007ffff6c89000 	C:\WINDOWS\System32\OLEAUT32.dll
0x00007fffcc1e0000 - 0x00007fffcc21b000 	C:\WINDOWS\SYSTEM32\dbgcore.DLL
0x00007ffff53e0000 - 0x00007ffff548c000 	C:\WINDOWS\System32\bcryptPrimitives.dll
0x00007fffcdf50000 - 0x00007fffcdf5f000 	C:\Program Files\Eclipse Adoptium\jdk-25.0.4.7-hotspot\bin\instrument.dll
0x00007fffc0dc0000 - 0x00007fffc0dde000 	C:\Program Files\Eclipse Adoptium\jdk-25.0.4.7-hotspot\bin\java.dll
0x00007ffff5f80000 - 0x00007ffff6119000 	C:\WINDOWS\System32\ole32.dll
0x00007ffff7230000 - 0x00007ffff79b8000 	C:\WINDOWS\System32\SHELL32.dll
0x00007ffff2b80000 - 0x00007ffff341b000 	C:\WINDOWS\SYSTEM32\windows.storage.dll
0x00007ffff5c10000 - 0x00007ffff5d09000 	C:\WINDOWS\System32\SHCORE.dll
0x00007ffff5d10000 - 0x00007ffff5d76000 	C:\WINDOWS\System32\shlwapi.dll
0x00007ffff5010000 - 0x00007ffff5039000 	C:\WINDOWS\SYSTEM32\profapi.dll
0x00007fffc0da0000 - 0x00007fffc0db6000 	C:\Program Files\Eclipse Adoptium\jdk-25.0.4.7-hotspot\bin\zip.dll
0x00007fffc02b0000 - 0x00007fffc02c1000 	C:\Program Files\Eclipse Adoptium\jdk-25.0.4.7-hotspot\bin\net.dll
0x00007ffff4330000 - 0x00007ffff439c000 	C:\WINDOWS\system32\mswsock.dll
0x00007fffbedf0000 - 0x00007fffbee06000 	C:\Program Files\Eclipse Adoptium\jdk-25.0.4.7-hotspot\bin\nio.dll
0x00007fffccc50000 - 0x00007fffccc60000 	C:\Program Files\Eclipse Adoptium\jdk-25.0.4.7-hotspot\bin\verify.dll
0x00007fffc4ab0000 - 0x00007fffc4ad7000 	C:\Users\leona\.gradle\native\660c5614fbf4a5f2a75b1949f50a0caf5cd603558e7d8a26e50b933a0cfb79d1\windows-amd64\native-platform.dll
0x00007fffbbe00000 - 0x00007fffbbe77000 	C:\Users\leona\.gradle\native\0.2.8\x86_64-windows-gnu\gradle-fileevents.dll
0x00007fffcc710000 - 0x00007fffcc71a000 	C:\Program Files\Eclipse Adoptium\jdk-25.0.4.7-hotspot\bin\management.dll
0x00007fffcc300000 - 0x00007fffcc30c000 	C:\Program Files\Eclipse Adoptium\jdk-25.0.4.7-hotspot\bin\management_ext.dll
0x00007ffff5f70000 - 0x00007ffff5f78000 	C:\WINDOWS\System32\PSAPI.DLL
0x00007ffff3750000 - 0x00007ffff3783000 	C:\WINDOWS\SYSTEM32\IPHLPAPI.DLL
0x00007ffff6950000 - 0x00007ffff695a000 	C:\WINDOWS\System32\NSI.dll
0x00007fffcbc00000 - 0x00007fffcbc09000 	C:\Program Files\Eclipse Adoptium\jdk-25.0.4.7-hotspot\bin\extnet.dll
0x00007ffff4750000 - 0x00007ffff476b000 	C:\WINDOWS\SYSTEM32\CRYPTSP.dll
0x00007ffff3d00000 - 0x00007ffff3d39000 	C:\WINDOWS\system32\rsaenh.dll
0x00007ffff43e0000 - 0x00007ffff4412000 	C:\WINDOWS\SYSTEM32\USERENV.dll
0x00007ffff4fe0000 - 0x00007ffff500a000 	C:\WINDOWS\SYSTEM32\bcrypt.dll
0x00007ffff4590000 - 0x00007ffff459c000 	C:\WINDOWS\SYSTEM32\CRYPTBASE.dll
0x00007fffca5a0000 - 0x00007fffca5ae000 	C:\Program Files\Eclipse Adoptium\jdk-25.0.4.7-hotspot\bin\sunmscapi.dll
0x00007ffff5250000 - 0x00007ffff53ce000 	C:\WINDOWS\System32\CRYPT32.dll
0x00007ffff4950000 - 0x00007ffff4980000 	C:\WINDOWS\SYSTEM32\ncrypt.dll
0x00007ffff4900000 - 0x00007ffff493f000 	C:\WINDOWS\SYSTEM32\NTASN1.dll
0x00007fffe5710000 - 0x00007fffe5718000 	C:\WINDOWS\system32\wshunix.dll

JVMTI agents:
C:\Users\leona\.gradle\wrapper\dists\gradle-9.6.0-bin\42k10rwplmzkhuboz9kdazi7s\gradle-9.6.0\lib\agents\gradle-instrumentation-agent-9.6.0.jar path:C:\Program Files\Eclipse Adoptium\jdk-25.0.4.7-hotspot\bin\instrument.dll, loaded, initialized, instrumentlib options:none

dbghelp: loaded successfully - version: 4.0.5 - missing functions: none
symbol engine: initialized successfully - sym options: 0x614 - pdb path: .;C:\Program Files\Eclipse Adoptium\jdk-25.0.4.7-hotspot\bin;C:\WINDOWS\SYSTEM32;C:\WINDOWS\WinSxS\amd64_microsoft.windows.common-controls_6595b64144ccf1df_6.0.26100.8972_none_3e0da176e32f9d4b;C:\Program Files\Eclipse Adoptium\jdk-25.0.4.7-hotspot\bin\server;C:\Users\leona\.gradle\native\660c5614fbf4a5f2a75b1949f50a0caf5cd603558e7d8a26e50b933a0cfb79d1\windows-amd64;C:\Users\leona\.gradle\native\0.2.8\x86_64-windows-gnu

VM Arguments:
jvm_args: --add-opens=java.base/java.lang=ALL-UNNAMED --add-opens=java.base/java.lang.invoke=ALL-UNNAMED --add-opens=java.base/java.util=ALL-UNNAMED --add-opens=java.prefs/java.util.prefs=ALL-UNNAMED --add-exports=jdk.compiler/com.sun.tools.javac.api=ALL-UNNAMED --add-exports=jdk.compiler/com.sun.tools.javac.util=ALL-UNNAMED --add-opens=java.base/java.nio.charset=ALL-UNNAMED --add-opens=java.base/java.net=ALL-UNNAMED --add-opens=java.base/java.util.concurrent=ALL-UNNAMED --add-opens=java.base/java.util.concurrent.atomic=ALL-UNNAMED --add-opens=java.xml/javax.xml.namespace=ALL-UNNAMED --add-opens=java.base/java.time=ALL-UNNAMED --enable-native-access=ALL-UNNAMED -Xmx2048m -Dfile.encoding=UTF-8 -Duser.country=US -Duser.language=en -Duser.variant -javaagent:C:\Users\leona\.gradle\wrapper\dists\gradle-9.6.0-bin\42k10rwplmzkhuboz9kdazi7s\gradle-9.6.0\lib\agents\gradle-instrumentation-agent-9.6.0.jar 
java_command: org.gradle.launcher.daemon.bootstrap.GradleDaemon 9.6.0
java_class_path (initial): C:\Users\leona\.gradle\wrapper\dists\gradle-9.6.0-bin\42k10rwplmzkhuboz9kdazi7s\gradle-9.6.0\lib\gradle-daemon-main-9.6.0.jar
Launcher Type: SUN_STANDARD

[Global flags]
     intx CICompilerCount                          = 12                                        {product} {ergonomic}
     uint ConcGCThreads                            = 3                                         {product} {ergonomic}
     uint G1ConcRefinementThreads                  = 13                                        {product} {ergonomic}
   size_t G1HeapRegionSize                         = 1048576                                   {product} {ergonomic}
   size_t InitialHeapSize                          = 264241152                                 {product} {ergonomic}
   size_t MarkStackSize                            = 4194304                                   {product} {ergonomic}
   size_t MarkStackSizeMax                         = 536870912                                 {product} {ergonomic}
   size_t MaxHeapSize                              = 2147483648                                {product} {command line}
   size_t MaxNewSize                               = 1287651328                                {product} {ergonomic}
   size_t MinHeapDeltaBytes                        = 1048576                                   {product} {ergonomic}
   size_t MinHeapSize                              = 8388608                                   {product} {ergonomic}
    uintx NonNMethodCodeHeapSize                   = 7667712                                {pd product} {ergonomic}
    uintx NonProfiledCodeHeapSize                  = 122028032                              {pd product} {ergonomic}
    uintx ProfiledCodeHeapSize                     = 122028032                              {pd product} {ergonomic}
    uintx ReservedCodeCacheSize                    = 251723776                              {pd product} {ergonomic}
     bool SegmentedCodeCache                       = true                                      {product} {ergonomic}
   size_t SoftMaxHeapSize                          = 2147483648                             {manageable} {ergonomic}
     bool UseCompressedOops                        = true                           {product lp64_product} {ergonomic}
     bool UseG1GC                                  = true                                      {product} {ergonomic}
     bool UseLargePagesIndividualAllocation        = false                                  {pd product} {ergonomic}

Logging:
Log output configuration:
 #0: stdout all=warning uptime,level,tags foldmultilines=false
 #1: stderr all=off uptime,level,tags foldmultilines=false

Release file:
IMPLEMENTOR="Eclipse Adoptium" 
IMPLEMENTOR_VERSION="Temurin-25.0.4+7" 
JAVA_RUNTIME_VERSION="25.0.4+7-LTS" 
JAVA_VERSION="25.0.4" 
JAVA_VERSION_DATE="2026-07-21" 
LIBC="default" 
MODULES="java.base java.compiler java.datatransfer java.xml java.prefs java.desktop java.instrument java.logging java.management java.security.sasl java.naming java.rmi java.management.rmi java.net.http java.scripting java.security.jgss java.transaction.xa java.sql java.sql.rowset java.xml.crypto java.se java.smartcardio jdk.accessibility jdk.internal.jvmstat jdk.attach jdk.charsets jdk.internal.opt jdk.zipfs jdk.compiler jdk.crypto.cryptoki jdk.crypto.ec jdk.crypto.mscapi jdk.dynalink jdk.internal.ed jdk.editpad jdk.internal.vm.ci jdk.graal.compiler jdk.graal.compiler.management jdk.hotspot.agent jdk.httpserver jdk.incubator.vector jdk.internal.le jdk.internal.md jdk.jartool jdk.javadoc jdk.jcmd jdk.management jdk.management.agent jdk.jconsole jdk.jdeps jdk.jdwp.agent jdk.jdi jdk.jfr jdk.jlink jdk.jpackage jdk.jshell jdk.jsobject jdk.jstatd jdk.localedata jdk.management.jfr jdk.naming.dns jdk.naming.rmi jdk.net jdk.nio.mapmode jdk.sctp jdk.security.auth jdk.security.jgss jdk.unsupported jdk.unsupported.desktop jdk.xml.dom" 
OS_ARCH="x86_64" 
OS_NAME="Windows" 
SOURCE=".:git:a2ce02c38bc9" 
BUILD_SOURCE="git:e6ba7dec3d07654074559310376a3ae89da5f4ac"
BUILD_SOURCE_REPO="https://github.com/adoptium/temurin-build.git"
SOURCE_REPO="https://github.com/adoptium/jdk25u.git"
FULL_VERSION="25.0.4+7-LTS"
SEMANTIC_VERSION="25.0.4+7"
BUILD_INFO="OS: Windows Server 2022 Version: 10.0"
JVM_VARIANT="Hotspot"
JVM_VERSION="25.0.4+7-LTS"
IMAGE_TYPE="JDK"

Environment Variables:
PATH=C:\Program Files\Eclipse Adoptium\jdk-25.0.4.7-hotspot\bin;C:\Program Files (x86)\Common Files\Oracle\Java\java8path;C:\Program Files (x86)\Common Files\Oracle\Java\javapath;C:\Python314\Scripts\;C:\Python314\;C:\WINDOWS\system32;C:\WINDOWS;C:\WINDOWS\System32\Wbem;C:\WINDOWS\System32\WindowsPowerShell\v1.0\;C:\WINDOWS\System32\OpenSSH\;C:\Program Files\nodejs\;C:\ProgramData\chocolatey\bin;C:\Program Files (x86)\NVIDIA Corporation\PhysX\Common;C:\msys64\ucrt64\bin;C:\Program Files\Git\cmd;C:\Users\leona\AppData\Local\Programs\Python\Python313\Scripts\;C:\Users\leona\AppData\Local\Programs\Python\Python313\;C:\Users\leona\AppData\Local\Microsoft\WindowsApps;C:\Users\leona\AppData\Roaming\npm;C:\Users\leona\AppData\Local\Programs\Microsoft VS Code\bin
USERNAME=leona
OS=Windows_NT
PROCESSOR_IDENTIFIER=Intel64 Family 6 Model 186 Stepping 2, GenuineIntel
TMP=C:\Users\leona\AppData\Local\Temp
TEMP=C:\Users\leona\AppData\Local\Temp




Compilation memory statistics disabled.

Periodic native trim disabled

---------------  S Y S T E M  ---------------

OS:
 Windows 11 , 64 bit Build 26100 (10.0.26100.9168)
OS uptime: 3 days 8:04 hours
Hyper-V role detected

CPU: total 16 (initial active 16) (8 cores per cpu, 2 threads per core) family 6 model 186 stepping 2 microcode 0x410e, cx8, cmov, fxsr, ht, mmx, 3dnowpref, sse, sse2, sse3, ssse3, sse4.1, sse4.2, popcnt, lzcnt, tsc, tscinvbit, avx, avx2, aes, erms, clmul, bmi1, bmi2, adx, sha, fma, vzeroupper, clflush, clflushopt, clwb, hv, serialize, rdtscp, rdpid, fsrm, gfni, f16c, cet_ibt, cet_ss
Processor Information for the first 16 processors :
  Max Mhz: 2400, Current Mhz: 2400, Mhz Limit: 2400

Memory: 4k page, system-wide physical 16122M (573M free)
TotalPageFile size 65274M (AvailPageFile size 54M)
current process WorkingSet (physical memory assigned to process): 79M, peak: 205M
current process commit charge ("private bytes"): 259M, peak: 449M

vm_info: OpenJDK 64-Bit Server VM (25.0.4+7-LTS) for windows-amd64 JRE (25.0.4+7-LTS), built on 2026-07-21T00:00:00Z with MS VC++ 17.12 (VS2022)

END.
