#
# There is insufficient memory for the Java Runtime Environment to continue.
# Native memory allocation (malloc) failed to allocate 3147480 bytes. Error detail: Chunk::new
# Possible reasons:
#   The system is out of physical RAM or swap space
#   This process is running with CompressedOops enabled, and the Java Heap may be blocking the growth of the native heap
# Possible solutions:
#   Reduce memory load on the system
#   Increase physical memory or swap space
#   Check if swap backing store is full
#   Decrease Java heap size (-Xmx/-Xms)
#   Decrease number of Java threads
#   Decrease Java thread stack sizes (-Xss)
#   Set larger code cache with -XX:ReservedCodeCacheSize=
#   JVM is running with Unscaled Compressed Oops mode in which the Java heap is
#     placed in the first 4GB address space. The Java Heap base address is the
#     maximum limit for the native heap growth. Please use -XX:HeapBaseMinAddress
#     to set the Java Heap base and to place the Java Heap above 4GB virtual address.
# This output file may be truncated or incomplete.
#
#  Out of Memory Error (arena.cpp:186), pid=23472, tid=24364
#
# JRE version: OpenJDK Runtime Environment Temurin-25.0.4+7 (25.0.4+7) (build 25.0.4+7-LTS)
# Java VM: OpenJDK 64-Bit Server VM Temurin-25.0.4+7 (25.0.4+7-LTS, mixed mode, sharing, tiered, compressed oops, compressed class ptrs, g1 gc, windows-amd64)
# No core dump will be written. Minidumps are not enabled by default on client versions of Windows
#

---------------  S U M M A R Y ------------

Command Line: --add-opens=java.base/java.lang=ALL-UNNAMED --add-opens=java.base/java.lang.invoke=ALL-UNNAMED --add-opens=java.base/java.util=ALL-UNNAMED --add-opens=java.prefs/java.util.prefs=ALL-UNNAMED --add-exports=jdk.compiler/com.sun.tools.javac.api=ALL-UNNAMED --add-exports=jdk.compiler/com.sun.tools.javac.util=ALL-UNNAMED --add-opens=java.base/java.nio.charset=ALL-UNNAMED --add-opens=java.base/java.net=ALL-UNNAMED --add-opens=java.base/java.util.concurrent=ALL-UNNAMED --add-opens=java.base/java.util.concurrent.atomic=ALL-UNNAMED --add-opens=java.xml/javax.xml.namespace=ALL-UNNAMED --add-opens=java.base/java.time=ALL-UNNAMED --enable-native-access=ALL-UNNAMED -Xmx2048m -Dfile.encoding=UTF-8 -Duser.country=US -Duser.language=en -Duser.variant -javaagent:C:\Users\leona\.gradle\wrapper\dists\gradle-9.6.0-bin\42k10rwplmzkhuboz9kdazi7s\gradle-9.6.0\lib\agents\gradle-instrumentation-agent-9.6.0.jar org.gradle.launcher.daemon.bootstrap.GradleDaemon 9.6.0

Host: 13th Gen Intel(R) Core(TM) i7-13620H, 16 cores, 15G,  Windows 11 , 64 bit Build 26100 (10.0.26100.9168)
Time: Fri Sep 11 00:42:08 2026 Central Standard Time (Mexico) elapsed time: 278.082527 seconds (0d 0h 4m 38s)

---------------  T H R E A D  ---------------

Current thread (0x00000267341672f0):  JavaThread "C2 CompilerThread0" daemon [_thread_in_native, id=24364, stack(0x000000be9fa00000,0x000000be9fb00000) (1024K)]


Current CompileTask:
C2:278082 4797   !   4       java.util.concurrent.locks.AbstractQueuedSynchronizer::acquire (448 bytes)

Stack: [0x000000be9fa00000,0x000000be9fb00000]
Native frames: (J=compiled Java code, j=interpreted, Vv=VM code, C=native code)
V  [jvm.dll+0x7aba79]  (no source info available)
V  [jvm.dll+0x775a3d]  (no source info available)
V  [jvm.dll+0x9fb9ed]  (no source info available)
V  [jvm.dll+0x9fdfe1]  (no source info available)
V  [jvm.dll+0x9fe6f3]  (no source info available)
V  [jvm.dll+0x2fdb36]  (no source info available)
V  [jvm.dll+0x111936]  (no source info available)
V  [jvm.dll+0x111c5e]  (no source info available)
V  [jvm.dll+0x1a08d2]  (no source info available)
V  [jvm.dll+0x3b7292]  (no source info available)
V  [jvm.dll+0x7b13fc]  (no source info available)
V  [jvm.dll+0x2c0ef7]  (no source info available)
V  [jvm.dll+0x2bfebf]  (no source info available)
V  [jvm.dll+0x237a30]  (no source info available)
V  [jvm.dll+0x2cffb6]  (no source info available)
V  [jvm.dll+0x2ce23a]  (no source info available)
V  [jvm.dll+0x49131e]  (no source info available)
V  [jvm.dll+0x99cb1d]  (no source info available)
V  [jvm.dll+0x7aa025]  (no source info available)
C  [ucrtbase.dll+0x2cd30]  (no source info available)
C  [KERNEL32.DLL+0x2ccb7]  (no source info available)
C  [ntdll.dll+0xaad6c]  (no source info available)

Lock stack of current Java thread (top to bottom):


---------------  P R O C E S S  ---------------

Threads class SMR info:
_java_thread_list=0x0000026739a73f30, length=33, elements={
0x00000267168b80b0, 0x000002673415d850, 0x000002673415e160, 0x000002673415fbd0,
0x0000026734161a20, 0x0000026734162e00, 0x0000026734169360, 0x00000267341672f0,
0x0000026734167f00, 0x000002673483e8c0, 0x0000026734868b90, 0x000002673ade7610,
0x000002673b1d72f0, 0x000002673b1fb4e0, 0x000002673adb8ad0, 0x000002673b0666b0,
0x000002673b066e80, 0x000002673b067650, 0x000002673b06ad00, 0x000002673b06a530,
0x000002673b067e20, 0x000002673416af10, 0x000002673416ddf0, 0x000002673bcd7550,
0x000002673bcd9c60, 0x000002673b4cdf70, 0x000002673b4cb860, 0x000002673b4cc800,
0x000002673b4cfeb0, 0x000002673b4d0680, 0x000002673b4cd7a0, 0x000002673b4d1df0,
0x000002673bcd5de0
}

Java Threads: ( => current thread )
  0x00000267168b80b0 JavaThread "main"                              [_thread_blocked, id=19004, stack(0x000000be9ec00000,0x000000be9ed00000) (1024K)]
  0x000002673415d850 JavaThread "Reference Handler"          daemon [_thread_blocked, id=26192, stack(0x000000be9f400000,0x000000be9f500000) (1024K)]
  0x000002673415e160 JavaThread "Finalizer"                  daemon [_thread_blocked, id=12756, stack(0x000000be9f500000,0x000000be9f600000) (1024K)]
  0x000002673415fbd0 JavaThread "Signal Dispatcher"          daemon [_thread_blocked, id=27636, stack(0x000000be9f600000,0x000000be9f700000) (1024K)]
  0x0000026734161a20 JavaThread "Attach Listener"            daemon [_thread_blocked, id=27596, stack(0x000000be9f700000,0x000000be9f800000) (1024K)]
  0x0000026734162e00 JavaThread "Service Thread"             daemon [_thread_blocked, id=25900, stack(0x000000be9f800000,0x000000be9f900000) (1024K)]
  0x0000026734169360 JavaThread "Monitor Deflation Thread"   daemon [_thread_blocked, id=28344, stack(0x000000be9f900000,0x000000be9fa00000) (1024K)]
=>0x00000267341672f0 JavaThread "C2 CompilerThread0"         daemon [_thread_in_native, id=24364, stack(0x000000be9fa00000,0x000000be9fb00000) (1024K)]
  0x0000026734167f00 JavaThread "C1 CompilerThread0"         daemon [_thread_blocked, id=26584, stack(0x000000be9fb00000,0x000000be9fc00000) (1024K)]
  0x000002673483e8c0 JavaThread "Common-Cleaner"             daemon [_thread_blocked, id=28660, stack(0x000000be9fe00000,0x000000be9ff00000) (1024K)]
  0x0000026734868b90 JavaThread "Notification Thread"        daemon [_thread_blocked, id=28668, stack(0x000000be9ff00000,0x000000bea0000000) (1024K)]
  0x000002673ade7610 JavaThread "Daemon health stats"               [_thread_blocked, id=27708, stack(0x000000bea0500000,0x000000bea0600000) (1024K)]
  0x000002673b1d72f0 JavaThread "Incoming local TCP Connector on port 60658"        [_thread_in_native, id=28140, stack(0x000000bea0700000,0x000000bea0800000) (1024K)]
  0x000002673b1fb4e0 JavaThread "Daemon periodic checks"            [_thread_blocked, id=26948, stack(0x000000bea0600000,0x000000bea0700000) (1024K)]
  0x000002673adb8ad0 JavaThread "Daemon"                            [_thread_blocked, id=27876, stack(0x000000bea0800000,0x000000bea0900000) (1024K)]
  0x000002673b0666b0 JavaThread "Handler for socket connection from /127.0.0.1:60658 to /127.0.0.1:60662"        [_thread_in_native, id=27260, stack(0x000000bea0900000,0x000000bea0a00000) (1024K)]
  0x000002673b066e80 JavaThread "Cancel handler"                    [_thread_blocked, id=27548, stack(0x000000bea0a00000,0x000000bea0b00000) (1024K)]
  0x000002673b067650 JavaThread "Daemon worker"                     [_thread_blocked, id=6900, stack(0x000000bea0b00000,0x000000bea0c00000) (1024K)]
  0x000002673b06ad00 JavaThread "Asynchronous log dispatcher for DefaultDaemonConnection: socket connection from /127.0.0.1:60658 to /127.0.0.1:60662"        [_thread_blocked, id=26816, stack(0x000000bea0c00000,0x000000bea0d00000) (1024K)]
  0x000002673b06a530 JavaThread "Stdin handler"                     [_thread_blocked, id=27656, stack(0x000000bea0d00000,0x000000bea0e00000) (1024K)]
  0x000002673b067e20 JavaThread "Daemon client event forwarder"        [_thread_blocked, id=27324, stack(0x000000bea0e00000,0x000000bea0f00000) (1024K)]
  0x000002673416af10 JavaThread "Cache worker for journal cache (C:\Users\leona\.gradle\caches\journal-1)"        [_thread_blocked, id=29424, stack(0x000000be9fc00000,0x000000be9fd00000) (1024K)]
  0x000002673416ddf0 JavaThread "File lock request listener"        [_thread_in_native, id=29500, stack(0x000000be9fd00000,0x000000be9fe00000) (1024K)]
  0x000002673bcd7550 JavaThread "Cache worker for file hash cache (C:\Users\leona\.gradle\caches\9.6.0\fileHashes)"        [_thread_blocked, id=27024, stack(0x000000bea1100000,0x000000bea1200000) (1024K)]
  0x000002673bcd9c60 JavaThread "Cache worker for file hash cache (C:\Users\leona\AndroidStudioProjects\Fondly\.gradle\9.6.0\fileHashes)"        [_thread_blocked, id=41372, stack(0x000000bea1700000,0x000000bea1800000) (1024K)]
  0x000002673b4cdf70 JavaThread "Cache worker for Build Output Cleanup Cache (C:\Users\leona\AndroidStudioProjects\Fondly\.gradle\buildOutputCleanup)"        [_thread_blocked, id=41340, stack(0x000000bea1800000,0x000000bea1900000) (1024K)]
  0x000002673b4cb860 JavaThread "File watcher server"        daemon [_thread_in_native, id=42488, stack(0x000000bea1900000,0x000000bea1a00000) (1024K)]
  0x000002673b4cc800 JavaThread "File watcher consumer"      daemon [_thread_blocked, id=42508, stack(0x000000bea1a00000,0x000000bea1b00000) (1024K)]
  0x000002673b4cfeb0 JavaThread "Cache worker for file content cache (C:\Users\leona\.gradle\caches\9.6.0\fileContent)"        [_thread_blocked, id=42968, stack(0x000000bea1b00000,0x000000bea1c00000) (1024K)]
  0x000002673b4d0680 JavaThread "Cache worker for checksums cache (C:\Users\leona\AndroidStudioProjects\Fondly\.gradle\9.6.0\checksums)"        [_thread_blocked, id=32440, stack(0x000000bea1c00000,0x000000bea1d00000) (1024K)]
  0x000002673b4cd7a0 JavaThread "Cache worker for cache directory md-supplier (C:\Users\leona\.gradle\caches\9.6.0\md-supplier)"        [_thread_blocked, id=39524, stack(0x000000bea1d00000,0x000000bea1e00000) (1024K)]
  0x000002673b4d1df0 JavaThread "Cache worker for cache directory md-rule (C:\Users\leona\.gradle\caches\9.6.0\md-rule)"        [_thread_blocked, id=42288, stack(0x000000bea1e00000,0x000000bea1f00000) (1024K)]
  0x000002673bcd5de0 JavaThread "File lock release action executor Thread 3"        [_thread_blocked, id=45756, stack(0x000000be9e900000,0x000000be9ea00000) (1024K)]
Total: 33

Other Threads:
  0x0000026734149b10 VMThread "VM Thread"                           [id=24012, stack(0x000000be9f300000,0x000000be9f400000) (1024K)]
  0x000002673401a0a0 WatcherThread "VM Periodic Task Thread"        [id=27948, stack(0x000000be9f200000,0x000000be9f300000) (1024K)]
  0x00000267169178d0 WorkerThread "GC Thread#0"                     [id=28548, stack(0x000000be9ed00000,0x000000be9ee00000) (1024K)]
  0x0000026739f62100 WorkerThread "GC Thread#1"                     [id=12392, stack(0x000000bea0000000,0x000000bea0100000) (1024K)]
  0x0000026739f62940 WorkerThread "GC Thread#2"                     [id=18172, stack(0x000000bea0100000,0x000000bea0200000) (1024K)]
  0x0000026739f63180 WorkerThread "GC Thread#3"                     [id=26096, stack(0x000000bea0200000,0x000000bea0300000) (1024K)]
  0x0000026739f67bd0 WorkerThread "GC Thread#4"                     [id=9964, stack(0x000000bea0300000,0x000000bea0400000) (1024K)]
  0x0000026739f68210 WorkerThread "GC Thread#5"                     [id=11864, stack(0x000000bea0400000,0x000000bea0500000) (1024K)]
  0x000002673ab48070 WorkerThread "GC Thread#6"                     [id=38588, stack(0x000000be9ea00000,0x000000be9eb00000) (1024K)]
  0x000002673ab484c0 WorkerThread "GC Thread#7"                     [id=37964, stack(0x000000be9eb00000,0x000000be9ec00000) (1024K)]
  0x000002673ab45100 WorkerThread "GC Thread#8"                     [id=38544, stack(0x000000bea0f00000,0x000000bea1000000) (1024K)]
  0x000002673ab45df0 WorkerThread "GC Thread#9"                     [id=38540, stack(0x000000bea1000000,0x000000bea1100000) (1024K)]
  0x0000026734643d50 WorkerThread "GC Thread#10"                    [id=38412, stack(0x000000bea1200000,0x000000bea1300000) (1024K)]
  0x00000267346434b0 WorkerThread "GC Thread#11"                    [id=35808, stack(0x000000bea1300000,0x000000bea1400000) (1024K)]
  0x0000026734641f20 WorkerThread "GC Thread#12"                    [id=37948, stack(0x000000bea1400000,0x000000bea1500000) (1024K)]
  0x000002671453df90 ConcurrentGCThread "G1 Main Marker"            [id=28384, stack(0x000000be9ee00000,0x000000be9ef00000) (1024K)]
  0x000002671453eb30 WorkerThread "G1 Conc#0"                       [id=27556, stack(0x000000be9ef00000,0x000000be9f000000) (1024K)]
  0x0000026734641230 WorkerThread "G1 Conc#1"                       [id=41512, stack(0x000000bea1500000,0x000000bea1600000) (1024K)]
  0x00000267346400f0 WorkerThread "G1 Conc#2"                       [id=41516, stack(0x000000bea1600000,0x000000bea1700000) (1024K)]
  0x0000026734001a20 ConcurrentGCThread "G1 Refine#0"               [id=26988, stack(0x000000be9f000000,0x000000be9f100000) (1024K)]
  0x0000026734004540 ConcurrentGCThread "G1 Service"                [id=460, stack(0x000000be9f100000,0x000000be9f200000) (1024K)]
Total: 21

Threads with active compile tasks:
C2 CompilerThread0  278250 4797   !   4       java.util.concurrent.locks.AbstractQueuedSynchronizer::acquire (448 bytes)
Total: 1

VM state: not at safepoint (normal execution)

VM Mutex/Monitor currently owned by a thread: None

Heap address: 0x0000000080000000, size: 2048 MB, Compressed Oops mode: 32-bit

CDS archive(s) mapped at: [0x0000000033000000-0x0000000033db0000-0x0000000033db0000), size 14352384, SharedBaseAddress: 0x0000000033000000, ArchiveRelocationMode: 1.
Compressed class space mapped at: 0x0000000034000000-0x0000000074000000, reserved size: 1073741824
UseCompressedClassPointers 1, UseCompactObjectHeaders 0
Narrow klass pointer bits 32, Max shift 3
Narrow klass base: 0x0000000033000000, Narrow klass shift: 0
Encoding Range: [0x0000000033000000 - 0x0000000133000000), (4294967296 bytes)
Klass Range:    [0x0000000033010000 - 0x0000000074000000), (1090453504 bytes)
Klass ID Range:  [65536 - 1090519033) (1090453497)
Protection zone: [0x0000000033000000 - 0x0000000033010000), (65536 bytes)

GC Precious Log:
 CardTable entry size: 512
 Card Set container configuration: InlinePtr #cards 5 size 8 Array Of Cards #cards 10 size 36 Howl #buckets 4 coarsen threshold 1843 Howl Bitmap #cards 512 size 80 coarsen threshold 460 Card regions per heap region 1 cards per card region 2048
 CPUs: 16 total, 16 available
 Memory: 16122M
 Large Page Support: Disabled
 NUMA Support: Disabled
 Compressed Oops: Enabled (32-bit)
 Heap Region Size: 1M
 Heap Min Capacity: 8M
 Heap Initial Capacity: 252M
 Heap Max Capacity: 2G
 Pre-touch: Disabled
 Parallel Workers: 13
 Concurrent Workers: 3
 Concurrent Refinement Workers: 13
 Periodic GC: Disabled

Heap:
 garbage-first heap   total reserved 2097152K, committed 94208K, used 69358K [0x0000000080000000, 0x0000000100000000)
  region size 1024K, 47 young (48128K), 5 survivors (5120K)

Heap Regions: E=young(eden), S=young(survivor), O=old, HS=humongous(starts), HC=humongous(continues), CS=collection set, F=free, TAMS=top-at-mark-start, PB=parsable bottom
|   0|0x0000000080000000, 0x0000000080100000, 0x0000000080100000|100%|HS|  |TAMS 0x0000000080000000| PB 0x0000000080000000| Complete |  0
|   1|0x0000000080100000, 0x0000000080200000, 0x0000000080200000|100%|HC|  |TAMS 0x0000000080100000| PB 0x0000000080100000| Complete |  0
|   2|0x0000000080200000, 0x0000000080300000, 0x0000000080300000|100%|HC|  |TAMS 0x0000000080200000| PB 0x0000000080200000| Complete |  0
|   3|0x0000000080300000, 0x0000000080400000, 0x0000000080400000|100%|HC|  |TAMS 0x0000000080300000| PB 0x0000000080300000| Complete |  0
|   4|0x0000000080400000, 0x0000000080500000, 0x0000000080500000|100%| O|  |TAMS 0x0000000080400000| PB 0x0000000080400000| Untracked |  0
|   5|0x0000000080500000, 0x0000000080600000, 0x0000000080600000|100%| O|  |TAMS 0x0000000080500000| PB 0x0000000080500000| Untracked |  0
|   6|0x0000000080600000, 0x0000000080700000, 0x0000000080700000|100%|HS|  |TAMS 0x0000000080600000| PB 0x0000000080600000| Complete |  0
|   7|0x0000000080700000, 0x0000000080800000, 0x0000000080800000|100%| O|  |TAMS 0x0000000080700000| PB 0x0000000080700000| Untracked |  0
|   8|0x0000000080800000, 0x0000000080900000, 0x0000000080900000|100%| O|  |TAMS 0x0000000080800000| PB 0x0000000080800000| Untracked |  0
|   9|0x0000000080900000, 0x0000000080a00000, 0x0000000080a00000|100%| O|  |TAMS 0x0000000080900000| PB 0x0000000080900000| Untracked |  0
|  10|0x0000000080a00000, 0x0000000080b00000, 0x0000000080b00000|100%| O|  |TAMS 0x0000000080a00000| PB 0x0000000080a00000| Untracked |  0
|  11|0x0000000080b00000, 0x0000000080c00000, 0x0000000080c00000|100%| O|  |TAMS 0x0000000080b00000| PB 0x0000000080b00000| Untracked |  0
|  12|0x0000000080c00000, 0x0000000080d00000, 0x0000000080d00000|100%| O|  |TAMS 0x0000000080c00000| PB 0x0000000080c00000| Untracked |  0
|  13|0x0000000080d00000, 0x0000000080e00000, 0x0000000080e00000|100%| O|  |TAMS 0x0000000080d00000| PB 0x0000000080d00000| Untracked |  0
|  14|0x0000000080e00000, 0x0000000080f00000, 0x0000000080f00000|100%| O|  |TAMS 0x0000000080e00000| PB 0x0000000080e00000| Untracked |  0
|  15|0x0000000080f00000, 0x0000000081000000, 0x0000000081000000|100%| O|  |TAMS 0x0000000080f00000| PB 0x0000000080f00000| Untracked |  0
|  16|0x0000000081000000, 0x0000000081100000, 0x0000000081100000|100%| O|  |TAMS 0x0000000081000000| PB 0x0000000081000000| Untracked |  0
|  17|0x0000000081100000, 0x0000000081200000, 0x0000000081200000|100%| O|  |TAMS 0x0000000081100000| PB 0x0000000081100000| Untracked |  0
|  18|0x0000000081200000, 0x0000000081300000, 0x0000000081300000|100%| O|  |TAMS 0x0000000081200000| PB 0x0000000081200000| Untracked |  0
|  19|0x0000000081300000, 0x0000000081400000, 0x0000000081400000|100%| O|  |TAMS 0x0000000081300000| PB 0x0000000081300000| Untracked |  0
|  20|0x0000000081400000, 0x00000000814d6f98, 0x0000000081500000| 83%| O|  |TAMS 0x0000000081400000| PB 0x0000000081400000| Untracked |  0
|  21|0x0000000081500000, 0x0000000081500000, 0x0000000081600000|  0%| F|  |TAMS 0x0000000081500000| PB 0x0000000081500000| Untracked |  0
|  22|0x0000000081600000, 0x0000000081600000, 0x0000000081700000|  0%| F|  |TAMS 0x0000000081600000| PB 0x0000000081600000| Untracked |  0
|  23|0x0000000081700000, 0x0000000081700000, 0x0000000081800000|  0%| F|  |TAMS 0x0000000081700000| PB 0x0000000081700000| Untracked |  0
|  24|0x0000000081800000, 0x0000000081800000, 0x0000000081900000|  0%| F|  |TAMS 0x0000000081800000| PB 0x0000000081800000| Untracked |  0
|  25|0x0000000081900000, 0x0000000081900000, 0x0000000081a00000|  0%| F|  |TAMS 0x0000000081900000| PB 0x0000000081900000| Untracked |  0
|  26|0x0000000081a00000, 0x0000000081a00000, 0x0000000081b00000|  0%| F|  |TAMS 0x0000000081a00000| PB 0x0000000081a00000| Untracked |  0
|  27|0x0000000081b00000, 0x0000000081b00000, 0x0000000081c00000|  0%| F|  |TAMS 0x0000000081b00000| PB 0x0000000081b00000| Untracked |  0
|  28|0x0000000081c00000, 0x0000000081c00000, 0x0000000081d00000|  0%| F|  |TAMS 0x0000000081c00000| PB 0x0000000081c00000| Untracked |  0
|  29|0x0000000081d00000, 0x0000000081d00000, 0x0000000081e00000|  0%| F|  |TAMS 0x0000000081d00000| PB 0x0000000081d00000| Untracked |  0
|  30|0x0000000081e00000, 0x0000000081e00000, 0x0000000081f00000|  0%| F|  |TAMS 0x0000000081e00000| PB 0x0000000081e00000| Untracked |  0
|  31|0x0000000081f00000, 0x0000000081f00000, 0x0000000082000000|  0%| F|  |TAMS 0x0000000081f00000| PB 0x0000000081f00000| Untracked |  0
|  32|0x0000000082000000, 0x0000000082000000, 0x0000000082100000|  0%| F|  |TAMS 0x0000000082000000| PB 0x0000000082000000| Untracked |  0
|  33|0x0000000082100000, 0x0000000082100000, 0x0000000082200000|  0%| F|  |TAMS 0x0000000082100000| PB 0x0000000082100000| Untracked |  0
|  34|0x0000000082200000, 0x0000000082200000, 0x0000000082300000|  0%| F|  |TAMS 0x0000000082200000| PB 0x0000000082200000| Untracked |  0
|  35|0x0000000082300000, 0x0000000082300000, 0x0000000082400000|  0%| F|  |TAMS 0x0000000082300000| PB 0x0000000082300000| Untracked |  0
|  36|0x0000000082400000, 0x0000000082400000, 0x0000000082500000|  0%| F|  |TAMS 0x0000000082400000| PB 0x0000000082400000| Untracked |  0
|  37|0x0000000082500000, 0x0000000082500000, 0x0000000082600000|  0%| F|  |TAMS 0x0000000082500000| PB 0x0000000082500000| Untracked |  0
|  38|0x0000000082600000, 0x0000000082600000, 0x0000000082700000|  0%| F|  |TAMS 0x0000000082600000| PB 0x0000000082600000| Untracked |  0
|  39|0x0000000082700000, 0x0000000082700000, 0x0000000082800000|  0%| F|  |TAMS 0x0000000082700000| PB 0x0000000082700000| Untracked |  0
|  40|0x0000000082800000, 0x0000000082800000, 0x0000000082900000|  0%| F|  |TAMS 0x0000000082800000| PB 0x0000000082800000| Untracked |  0
|  41|0x0000000082900000, 0x0000000082900000, 0x0000000082a00000|  0%| F|  |TAMS 0x0000000082900000| PB 0x0000000082900000| Untracked |  0
|  42|0x0000000082a00000, 0x0000000082a00000, 0x0000000082b00000|  0%| F|  |TAMS 0x0000000082a00000| PB 0x0000000082a00000| Untracked |  0
|  43|0x0000000082b00000, 0x0000000082b80000, 0x0000000082c00000| 50%| E|  |TAMS 0x0000000082b00000| PB 0x0000000082b00000| Complete |  0
|  44|0x0000000082c00000, 0x0000000082d00000, 0x0000000082d00000|100%| E|CS|TAMS 0x0000000082c00000| PB 0x0000000082c00000| Complete |  0
|  45|0x0000000082d00000, 0x0000000082e00000, 0x0000000082e00000|100%| E|CS|TAMS 0x0000000082d00000| PB 0x0000000082d00000| Complete |  0
|  46|0x0000000082e00000, 0x0000000082f00000, 0x0000000082f00000|100%| E|CS|TAMS 0x0000000082e00000| PB 0x0000000082e00000| Complete |  0
|  47|0x0000000082f00000, 0x0000000083000000, 0x0000000083000000|100%| E|CS|TAMS 0x0000000082f00000| PB 0x0000000082f00000| Complete |  0
|  48|0x0000000083000000, 0x0000000083100000, 0x0000000083100000|100%| E|CS|TAMS 0x0000000083000000| PB 0x0000000083000000| Complete |  0
|  49|0x0000000083100000, 0x0000000083200000, 0x0000000083200000|100%| E|CS|TAMS 0x0000000083100000| PB 0x0000000083100000| Complete |  0
|  50|0x0000000083200000, 0x0000000083300000, 0x0000000083300000|100%| E|CS|TAMS 0x0000000083200000| PB 0x0000000083200000| Complete |  0
|  51|0x0000000083300000, 0x0000000083400000, 0x0000000083400000|100%| E|CS|TAMS 0x0000000083300000| PB 0x0000000083300000| Complete |  0
|  52|0x0000000083400000, 0x0000000083500000, 0x0000000083500000|100%| E|CS|TAMS 0x0000000083400000| PB 0x0000000083400000| Complete |  0
|  53|0x0000000083500000, 0x0000000083600000, 0x0000000083600000|100%| E|CS|TAMS 0x0000000083500000| PB 0x0000000083500000| Complete |  0
|  54|0x0000000083600000, 0x0000000083700000, 0x0000000083700000|100%| E|CS|TAMS 0x0000000083600000| PB 0x0000000083600000| Complete |  0
|  55|0x0000000083700000, 0x0000000083800000, 0x0000000083800000|100%| E|CS|TAMS 0x0000000083700000| PB 0x0000000083700000| Complete |  0
|  56|0x0000000083800000, 0x0000000083900000, 0x0000000083900000|100%| E|CS|TAMS 0x0000000083800000| PB 0x0000000083800000| Complete |  0
|  57|0x0000000083900000, 0x0000000083a00000, 0x0000000083a00000|100%| E|CS|TAMS 0x0000000083900000| PB 0x0000000083900000| Complete |  0
|  58|0x0000000083a00000, 0x0000000083b00000, 0x0000000083b00000|100%| E|CS|TAMS 0x0000000083a00000| PB 0x0000000083a00000| Complete |  0
|  59|0x0000000083b00000, 0x0000000083c00000, 0x0000000083c00000|100%| E|CS|TAMS 0x0000000083b00000| PB 0x0000000083b00000| Complete |  0
|  60|0x0000000083c00000, 0x0000000083d00000, 0x0000000083d00000|100%| E|CS|TAMS 0x0000000083c00000| PB 0x0000000083c00000| Complete |  0
|  61|0x0000000083d00000, 0x0000000083e00000, 0x0000000083e00000|100%| E|CS|TAMS 0x0000000083d00000| PB 0x0000000083d00000| Complete |  0
|  62|0x0000000083e00000, 0x0000000083f00000, 0x0000000083f00000|100%| E|CS|TAMS 0x0000000083e00000| PB 0x0000000083e00000| Complete |  0
|  63|0x0000000083f00000, 0x0000000084000000, 0x0000000084000000|100%| E|CS|TAMS 0x0000000083f00000| PB 0x0000000083f00000| Complete |  0
|  64|0x0000000084000000, 0x0000000084100000, 0x0000000084100000|100%| E|CS|TAMS 0x0000000084000000| PB 0x0000000084000000| Complete |  0
|  65|0x0000000084100000, 0x0000000084200000, 0x0000000084200000|100%| E|CS|TAMS 0x0000000084100000| PB 0x0000000084100000| Complete |  0
|  66|0x0000000084200000, 0x0000000084300000, 0x0000000084300000|100%| E|CS|TAMS 0x0000000084200000| PB 0x0000000084200000| Complete |  0
|  67|0x0000000084300000, 0x0000000084400000, 0x0000000084400000|100%| E|CS|TAMS 0x0000000084300000| PB 0x0000000084300000| Complete |  0
|  68|0x0000000084400000, 0x0000000084500000, 0x0000000084500000|100%| E|CS|TAMS 0x0000000084400000| PB 0x0000000084400000| Complete |  0
|  69|0x0000000084500000, 0x0000000084600000, 0x0000000084600000|100%| E|CS|TAMS 0x0000000084500000| PB 0x0000000084500000| Complete |  0
|  70|0x0000000084600000, 0x0000000084700000, 0x0000000084700000|100%| E|CS|TAMS 0x0000000084600000| PB 0x0000000084600000| Complete |  0
|  71|0x0000000084700000, 0x0000000084800000, 0x0000000084800000|100%| E|CS|TAMS 0x0000000084700000| PB 0x0000000084700000| Complete |  0
|  72|0x0000000084800000, 0x0000000084900000, 0x0000000084900000|100%| E|CS|TAMS 0x0000000084800000| PB 0x0000000084800000| Complete |  0
|  73|0x0000000084900000, 0x0000000084a00000, 0x0000000084a00000|100%| E|CS|TAMS 0x0000000084900000| PB 0x0000000084900000| Complete |  0
|  74|0x0000000084a00000, 0x0000000084b00000, 0x0000000084b00000|100%| E|CS|TAMS 0x0000000084a00000| PB 0x0000000084a00000| Complete |  0
|  75|0x0000000084b00000, 0x0000000084c00000, 0x0000000084c00000|100%| E|CS|TAMS 0x0000000084b00000| PB 0x0000000084b00000| Complete |  0
|  76|0x0000000084c00000, 0x0000000084d00000, 0x0000000084d00000|100%| E|CS|TAMS 0x0000000084c00000| PB 0x0000000084c00000| Complete |  0
|  77|0x0000000084d00000, 0x0000000084e00000, 0x0000000084e00000|100%| E|CS|TAMS 0x0000000084d00000| PB 0x0000000084d00000| Complete |  0
|  78|0x0000000084e00000, 0x0000000084f00000, 0x0000000084f00000|100%| E|CS|TAMS 0x0000000084e00000| PB 0x0000000084e00000| Complete |  0
|  79|0x0000000084f00000, 0x0000000085000000, 0x0000000085000000|100%| E|CS|TAMS 0x0000000084f00000| PB 0x0000000084f00000| Complete |  0
|  80|0x0000000085000000, 0x0000000085100000, 0x0000000085100000|100%| E|CS|TAMS 0x0000000085000000| PB 0x0000000085000000| Complete |  0
|  81|0x0000000085100000, 0x0000000085200000, 0x0000000085200000|100%| S|CS|TAMS 0x0000000085100000| PB 0x0000000085100000| Complete |  0
|  82|0x0000000085200000, 0x0000000085300000, 0x0000000085300000|100%| S|CS|TAMS 0x0000000085200000| PB 0x0000000085200000| Complete |  0
|  83|0x0000000085300000, 0x0000000085400000, 0x0000000085400000|100%| S|CS|TAMS 0x0000000085300000| PB 0x0000000085300000| Complete |  0
|  84|0x0000000085400000, 0x0000000085500000, 0x0000000085500000|100%| S|CS|TAMS 0x0000000085400000| PB 0x0000000085400000| Complete |  0
|  85|0x0000000085500000, 0x00000000855bf310, 0x0000000085600000| 74%| S|CS|TAMS 0x0000000085500000| PB 0x0000000085500000| Complete |  0
| 222|0x000000008de00000, 0x000000008df00000, 0x000000008df00000|100%| E|CS|TAMS 0x000000008de00000| PB 0x000000008de00000| Complete |  0
| 223|0x000000008df00000, 0x000000008e000000, 0x000000008e000000|100%| E|CS|TAMS 0x000000008df00000| PB 0x000000008df00000| Complete |  0
| 224|0x000000008e000000, 0x000000008e100000, 0x000000008e100000|100%| E|CS|TAMS 0x000000008e000000| PB 0x000000008e000000| Complete |  0
| 251|0x000000008fb00000, 0x000000008fc00000, 0x000000008fc00000|100%| E|CS|TAMS 0x000000008fb00000| PB 0x000000008fb00000| Complete |  0
|2046|0x00000000ffe00000, 0x00000000fff00000, 0x00000000fff00000|100%| O|  |TAMS 0x00000000ffe00000| PB 0x00000000ffe00000| Untracked |  0
|2047|0x00000000fff00000, 0x00000000fff25860, 0x0000000100000000| 14%| O|Cm|TAMS 0x00000000fff00000| PB 0x00000000fff00000| Complete |  0

Card table byte_map: [0x000002672f160000,0x000002672f560000] _byte_map_base: 0x000002672ed60000

Marking Bits: (CMBitMap*) 0x0000026716918060
 Bits: [0x000002672f560000, 0x0000026731560000)

Polling page: 0x0000026714b30000

Metaspace:
Metaspace        used 31224K, committed 32576K, reserved 1114112K
 class space     used 4827K, committed 5440K, reserved 1048576K

Usage:
  Non-class:     25.78 MB used.
      Class:      4.71 MB used.
       Both:     30.49 MB used.

Virtual space:
  Non-class space:       64.00 MB reserved,      26.50 MB ( 41%) committed,  1 nodes.
      Class space:        1.00 GB reserved,       5.31 MB ( <1%) committed,  1 nodes.
             Both:        1.06 GB reserved,      31.81 MB (  3%) committed. 

Chunk freelists:
   Non-Class:  5.55 MB
       Class:  10.50 MB
        Both:  16.05 MB

MaxMetaspaceSize: unlimited
CompressedClassSpaceSize: 1.00 GB
Initial GC threshold: 21.00 MB
Current GC threshold: 35.12 MB
CDS: on
 - commit_granule_bytes: 65536.
 - commit_granule_words: 8192.
 - virtual_space_node_default_size: 8388608.
 - enlarge_chunks_in_place: 1.
UseCompressedClassPointers 1, UseCompactObjectHeaders 0
Narrow klass pointer bits 32, Max shift 3
Narrow klass base: 0x0000000033000000, Narrow klass shift: 0
Encoding Range: [0x0000000033000000 - 0x0000000133000000), (4294967296 bytes)
Klass Range:    [0x0000000033010000 - 0x0000000074000000), (1090453504 bytes)
Klass ID Range:  [65536 - 1090519033) (1090453497)
Protection zone: [0x0000000033000000 - 0x0000000033010000), (65536 bytes)


Internal statistics:

num_allocs_failed_limit: 3.
num_arena_births: 2272.
num_arena_deaths: 0.
num_vsnodes_births: 2.
num_vsnodes_deaths: 0.
num_space_committed: 509.
num_space_uncommitted: 0.
num_chunks_returned_to_freelist: 3.
num_chunks_taken_from_freelist: 3733.
num_chunk_merges: 3.
num_chunk_splits: 2427.
num_chunks_enlarged: 1481.
num_inconsistent_stats: 0.

CodeHeap 'non-profiled nmethods': size=119168Kb used=1836Kb max_used=1836Kb free=117331Kb
 bounds [0x0000026726f70000, 0x00000267271e0000, 0x000002672e3d0000]
CodeHeap 'profiled nmethods': size=119168Kb used=7519Kb max_used=7519Kb free=111649Kb
 bounds [0x000002671f3c0000, 0x000002671fb20000, 0x0000026726820000]
CodeHeap 'non-nmethods': size=7488Kb used=1512Kb max_used=2633Kb free=5976Kb
 bounds [0x0000026726820000, 0x0000026726bd0000, 0x0000026726f70000]
CodeCache: size=245824Kb, used=10867Kb, max_used=11988Kb, free=234956Kb
 total_blobs=5422, nmethods=4789, adapters=535, full_count=0
Compilation: enabled, stopped_count=0, restarted_count=0

Compilation events (20 events):
Event: 273.395 Thread 0x00000267349ef030 nmethod 4772 0x000002671fb14088 code [0x000002671fb14180, 0x000002671fb147a0]
Event: 273.745 Thread 0x00000267349ef030 4788       3       com.google.common.cache.LocalCache::expiresAfterWrite (15 bytes)
Event: 273.746 Thread 0x00000267349ef030 nmethod 4788 0x000002671fb14808 code [0x000002671fb14900, 0x000002671fb14a60]
Event: 275.680 Thread 0x00000267341672f0 4789       4       java.util.LinkedHashMap$LinkedHashIterator::nextNode (68 bytes)
Event: 275.710 Thread 0x0000026734167f00 4790       3       sun.nio.ch.NativeSocketAddress::putFamily (63 bytes)
Event: 275.710 Thread 0x0000026734167f00 nmethod 4790 0x000002671fb14b08 code [0x000002671fb14c00, 0x000002671fb14e30]
Event: 275.714 Thread 0x0000026734167f00 4791       3       sun.nio.ch.NativeSocketAddress::putAddress (160 bytes)
Event: 275.714 Thread 0x0000026734167f00 nmethod 4791 0x000002671fb14e88 code [0x000002671fb14f80, 0x000002671fb15a30]
Event: 275.714 Thread 0x0000026734167f00 4792       3       sun.nio.ch.NativeSocketAddress::putAddress (84 bytes)
Event: 275.715 Thread 0x0000026734167f00 nmethod 4792 0x000002671fb15a88 code [0x000002671fb15b80, 0x000002671fb16258]
Event: 275.715 Thread 0x0000026734167f00 4793       3       java.net.InetAddress$1::addressValue (5 bytes)
Event: 275.715 Thread 0x0000026734167f00 nmethod 4793 0x000002671fb16288 code [0x000002671fb16380, 0x000002671fb16620]
Event: 275.715 Thread 0x0000026734167f00 4794       3       java.net.Inet4Address::addressValue (8 bytes)
Event: 275.715 Thread 0x0000026734167f00 nmethod 4794 0x000002671fb16688 code [0x000002671fb16780, 0x000002671fb16940]
Event: 275.715 Thread 0x0000026734167f00 4795   !   3       sun.nio.ch.DatagramChannelImpl::send (140 bytes)
Event: 275.715 Thread 0x0000026734167f00 nmethod 4795 0x000002671fb16988 code [0x000002671fb16a80, 0x000002671fb173b0]
Event: 275.715 Thread 0x0000026734167f00 4796   !   3       sun.nio.ch.DatagramChannelImpl::endWrite (75 bytes)
Event: 275.715 Thread 0x0000026734167f00 nmethod 4796 0x000002671fb17408 code [0x000002671fb17500, 0x000002671fb17be0]
Event: 275.809 Thread 0x00000267341672f0 nmethod 4789 0x000002672713ac88 code [0x000002672713ad80, 0x000002672713b0b0]
Event: 276.720 Thread 0x00000267341672f0 4797   !   4       java.util.concurrent.locks.AbstractQueuedSynchronizer::acquire (448 bytes)

GC Heap Usage History (8 events):
Event: 0.834 {heap Before GC invocations=0 (full 0):
 garbage-first heap   total reserved 2097152K, committed 260096K, used 52374K [0x0000000080000000, 0x0000000100000000)
  region size 1024K, 47 young (48128K), 0 survivors (0K)
}
Event: 0.839 {heap After GC invocations=1 (full 0):
 garbage-first heap   total reserved 2097152K, committed 260096K, used 12789K [0x0000000080000000, 0x0000000100000000)
  region size 1024K, 6 young (6144K), 6 survivors (6144K)
}
Event: 152.127 {heap Before GC invocations=1 (full 0):
 garbage-first heap   total reserved 2097152K, committed 260096K, used 120309K [0x0000000080000000, 0x0000000100000000)
  region size 1024K, 110 young (112640K), 6 survivors (6144K)
}
Event: 152.672 {heap After GC invocations=2 (full 0):
 garbage-first heap   total reserved 2097152K, committed 260096K, used 22599K [0x0000000080000000, 0x0000000100000000)
  region size 1024K, 14 young (14336K), 14 survivors (14336K)
}
Event: 176.035 {heap Before GC invocations=2 (full 0):
 garbage-first heap   total reserved 2097152K, committed 260096K, used 49223K [0x0000000080000000, 0x0000000100000000)
  region size 1024K, 41 young (41984K), 14 survivors (14336K)
}
Event: 176.064 {heap After GC invocations=3 (full 0):
 garbage-first heap   total reserved 2097152K, committed 260096K, used 25333K [0x0000000080000000, 0x0000000100000000)
  region size 1024K, 3 young (3072K), 3 survivors (3072K)
}
Event: 186.145 {heap Before GC invocations=4 (full 0):
 garbage-first heap   total reserved 2097152K, committed 89088K, used 87797K [0x0000000080000000, 0x0000000100000000)
  region size 1024K, 64 young (65536K), 3 survivors (3072K)
}
Event: 186.154 {heap After GC invocations=5 (full 0):
 garbage-first heap   total reserved 2097152K, committed 94208K, used 27374K [0x0000000080000000, 0x0000000100000000)
  region size 1024K, 5 young (5120K), 5 survivors (5120K)
}

Metaspace Usage History (8 events):
Event: 0.834 {metaspace Before GC invocations=0 (full 0):
 Metaspace       used 4630K, committed 4864K, reserved 1114112K
  class space    used 596K, committed 704K, reserved 1048576K
}
Event: 0.839 {metaspace After GC invocations=1 (full 0):
 Metaspace       used 4630K, committed 4864K, reserved 1114112K
  class space    used 596K, committed 704K, reserved 1048576K
}
Event: 152.128 {metaspace Before GC invocations=1 (full 0):
 Metaspace       used 17518K, committed 18048K, reserved 1114112K
  class space    used 2456K, committed 2688K, reserved 1048576K
}
Event: 152.672 {metaspace After GC invocations=2 (full 0):
 Metaspace       used 17518K, committed 18048K, reserved 1114112K
  class space    used 2456K, committed 2688K, reserved 1048576K
}
Event: 176.035 {metaspace Before GC invocations=2 (full 0):
 Metaspace       used 20846K, committed 21504K, reserved 1114112K
  class space    used 3028K, committed 3392K, reserved 1048576K
}
Event: 176.064 {metaspace After GC invocations=3 (full 0):
 Metaspace       used 20846K, committed 21504K, reserved 1114112K
  class space    used 3028K, committed 3392K, reserved 1048576K
}
Event: 186.147 {metaspace Before GC invocations=4 (full 0):
 Metaspace       used 27609K, committed 28736K, reserved 1114112K
  class space    used 4209K, committed 4736K, reserved 1048576K
}
Event: 186.154 {metaspace After GC invocations=5 (full 0):
 Metaspace       used 27609K, committed 28736K, reserved 1114112K
  class space    used 4209K, committed 4736K, reserved 1048576K
}

Dll operation events (20 events):
Event: 0.069 Attempting to load shared library C:\Program Files\Eclipse Adoptium\jdk-25.0.4.7-hotspot\bin\nio.dll
Event: 0.069 Loaded shared library C:\Program Files\Eclipse Adoptium\jdk-25.0.4.7-hotspot\bin\nio.dll
Event: 0.072 Attempting to load shared library C:\Program Files\Eclipse Adoptium\jdk-25.0.4.7-hotspot\bin\zip.dll
Event: 0.072 Loaded shared library C:\Program Files\Eclipse Adoptium\jdk-25.0.4.7-hotspot\bin\zip.dll
Event: 0.208 Attempting to load shared library C:\Program Files\Eclipse Adoptium\jdk-25.0.4.7-hotspot\bin\jimage.dll
Event: 0.208 Loaded shared library C:\Program Files\Eclipse Adoptium\jdk-25.0.4.7-hotspot\bin\jimage.dll
Event: 0.385 Attempting to load shared library C:\Program Files\Eclipse Adoptium\jdk-25.0.4.7-hotspot\bin\verify.dll
Event: 0.518 Loaded shared library C:\Program Files\Eclipse Adoptium\jdk-25.0.4.7-hotspot\bin\verify.dll
Event: 0.541 Attempting to load shared library C:\Users\leona\.gradle\native\660c5614fbf4a5f2a75b1949f50a0caf5cd603558e7d8a26e50b933a0cfb79d1\windows-amd64\native-platform.dll
Event: 0.541 Loaded shared library C:\Users\leona\.gradle\native\660c5614fbf4a5f2a75b1949f50a0caf5cd603558e7d8a26e50b933a0cfb79d1\windows-amd64\native-platform.dll
Event: 0.548 Attempting to load shared library C:\Users\leona\.gradle\native\0.2.8\x86_64-windows-gnu\gradle-fileevents.dll
Event: 0.548 Loaded shared library C:\Users\leona\.gradle\native\0.2.8\x86_64-windows-gnu\gradle-fileevents.dll
Event: 1.295 Attempting to load shared library C:\Program Files\Eclipse Adoptium\jdk-25.0.4.7-hotspot\bin\management.dll
Event: 1.383 Loaded shared library C:\Program Files\Eclipse Adoptium\jdk-25.0.4.7-hotspot\bin\management.dll
Event: 1.387 Attempting to load shared library C:\Program Files\Eclipse Adoptium\jdk-25.0.4.7-hotspot\bin\management_ext.dll
Event: 1.388 Loaded shared library C:\Program Files\Eclipse Adoptium\jdk-25.0.4.7-hotspot\bin\management_ext.dll
Event: 1.609 Attempting to load shared library C:\Program Files\Eclipse Adoptium\jdk-25.0.4.7-hotspot\bin\extnet.dll
Event: 1.610 Loaded shared library C:\Program Files\Eclipse Adoptium\jdk-25.0.4.7-hotspot\bin\extnet.dll
Event: 2.391 Attempting to load shared library C:\Program Files\Eclipse Adoptium\jdk-25.0.4.7-hotspot\bin\sunmscapi.dll
Event: 2.394 Loaded shared library C:\Program Files\Eclipse Adoptium\jdk-25.0.4.7-hotspot\bin\sunmscapi.dll

Deoptimization events (20 events):
Event: 189.571 Thread 0x000002673416af10 Uncommon trap: trap_request=0xffffffbe fr.pc=0x0000026727114328 relative=0x0000000000000928
Event: 189.571 Thread 0x000002673416af10 Uncommon trap: reason=profile_predicate action=maybe_recompile pc=0x0000026727114328 method=java.util.concurrent.locks.AbstractQueuedSynchronizer.acquire(Ljava/util/concurrent/locks/AbstractQueuedSynchronizer$Node;IZZZJ)I @ 20 c2
Event: 189.571 Thread 0x000002673416af10 DEOPT PACKING pc=0x0000026727114328 sp=0x000000be9fcfeef0
Event: 189.571 Thread 0x000002673416af10 DEOPT UNPACKING pc=0x000002672693f902 sp=0x000000be9fcfee70 mode 2
Event: 253.588 Thread 0x000002673b1fb4e0 Uncommon trap: trap_request=0xffffff45 fr.pc=0x00000267270971a0 relative=0x0000000000000620
Event: 253.588 Thread 0x000002673b1fb4e0 Uncommon trap: reason=unstable_if action=reinterpret pc=0x00000267270971a0 method=java.io.DataInputStream.readBoolean()Z @ 4 c2
Event: 253.588 Thread 0x000002673b1fb4e0 DEOPT PACKING pc=0x00000267270971a0 sp=0x000000bea06fe4d0
Event: 253.595 Thread 0x000002673b1fb4e0 DEOPT UNPACKING pc=0x000002672693f902 sp=0x000000bea06fe430 mode 2
Event: 273.457 Thread 0x000002673bcd7550 Uncommon trap: trap_request=0xffffffbe fr.pc=0x0000026727114328 relative=0x0000000000000928
Event: 273.457 Thread 0x000002673bcd7550 Uncommon trap: reason=profile_predicate action=maybe_recompile pc=0x0000026727114328 method=java.util.concurrent.locks.AbstractQueuedSynchronizer.acquire(Ljava/util/concurrent/locks/AbstractQueuedSynchronizer$Node;IZZZJ)I @ 20 c2
Event: 273.457 Thread 0x000002673bcd7550 DEOPT PACKING pc=0x0000026727114328 sp=0x000000bea11ff100
Event: 273.459 Thread 0x000002673bcd7550 DEOPT UNPACKING pc=0x000002672693f902 sp=0x000000bea11ff080 mode 2
Event: 273.505 Thread 0x000002673bcd7550 Uncommon trap: trap_request=0xffffffde fr.pc=0x0000026727051f24 relative=0x0000000000000ba4
Event: 273.505 Thread 0x000002673bcd7550 Uncommon trap: reason=class_check action=maybe_recompile pc=0x0000026727051f24 method=java.io.BufferedInputStream.read([BII)I @ 100 c2
Event: 273.505 Thread 0x000002673bcd7550 DEOPT PACKING pc=0x0000026727051f24 sp=0x000000bea11fe3c0
Event: 273.505 Thread 0x000002673bcd7550 DEOPT UNPACKING pc=0x000002672693f902 sp=0x000000bea11fe378 mode 2
Event: 273.744 Thread 0x000002673bcd7550 Uncommon trap: trap_request=0xffffffbe fr.pc=0x0000026727114328 relative=0x0000000000000928
Event: 273.745 Thread 0x000002673bcd7550 Uncommon trap: reason=profile_predicate action=maybe_recompile pc=0x0000026727114328 method=java.util.concurrent.locks.AbstractQueuedSynchronizer.acquire(Ljava/util/concurrent/locks/AbstractQueuedSynchronizer$Node;IZZZJ)I @ 20 c2
Event: 273.745 Thread 0x000002673bcd7550 DEOPT PACKING pc=0x0000026727114328 sp=0x000000bea11feea0
Event: 273.745 Thread 0x000002673bcd7550 DEOPT UNPACKING pc=0x000002672693f902 sp=0x000000bea11fee20 mode 2

Classes loaded (20 events):
Event: 188.592 Loading class java/lang/invoke/BoundMethodHandle$Species_LLLLLLLLLLLLLLLLLLLLLLLLLLLLLLL
Event: 188.592 Loading class java/lang/invoke/BoundMethodHandle$Species_LLLLLLLLLLLLLLLLLLLLLLLLLLLLLLL done
Event: 188.807 Loading class java/io/StringReader
Event: 188.807 Loading class java/io/StringReader done
Event: 188.841 Loading class java/math/MutableBigInteger
Event: 188.844 Loading class java/math/MutableBigInteger done
Event: 189.366 Loading class java/nio/charset/CharacterCodingException
Event: 189.367 Loading class java/nio/charset/CharacterCodingException done
Event: 189.384 Loading class java/nio/file/FileTreeWalker
Event: 189.394 Loading class java/nio/file/FileTreeWalker done
Event: 189.448 Loading class java/nio/file/FileTreeWalker$DirectoryNode
Event: 189.449 Loading class java/nio/file/FileTreeWalker$DirectoryNode done
Event: 189.449 Loading class java/nio/file/FileTreeWalker$Event
Event: 189.450 Loading class java/nio/file/FileTreeWalker$Event done
Event: 189.460 Loading class java/nio/file/FileTreeWalker$EventType
Event: 189.460 Loading class java/nio/file/FileTreeWalker$EventType done
Event: 189.460 Loading class java/nio/file/Files$3
Event: 189.460 Loading class java/nio/file/Files$3 done
Event: 189.461 Loading class java/nio/file/FileVisitResult
Event: 189.461 Loading class java/nio/file/FileVisitResult done

Classes unloaded (0 events):
No events

Classes redefined (0 events):
No events

Internal exceptions (20 events):
Event: 185.816 Thread 0x000002673b067650 Exception <a 'java/lang/NoSuchMethodError'{0x00000000819a6130}: 'java.lang.Object java.lang.invoke.DirectMethodHandle$Holder.invokeSpecialIFC(java.lang.Object, java.lang.Object, java.lang.Object, java.lang.Object)'> (0x00000000819a6130) 
thrown [s\src\hotspot\share\interpreter\linkResolver.cpp, line 804]
Event: 186.014 Thread 0x000002673b067650 Exception <a 'java/lang/NoSuchMethodError'{0x00000000817cc0a8}: 'java.lang.Object java.lang.invoke.DirectMethodHandle$Holder.invokeVirtual(java.lang.Object, java.lang.Object, java.lang.Object, java.lang.Object, java.lang.Object, java.lang.Object, java.lang.Object, java.lang.Object, java.lang.Object, java.lang.Object, java.lang.Object, java.lang.Object, java.lang.Object, java.lang.Object, java.lang.Object, java.lang.Object, java.lang.Object, java.lang.Object, java.lang.Object, java.lang.Object, java.lang.Ob
Event: 186.103 Thread 0x000002673b067650 Exception <a 'java/lang/NoSuchMethodError'{0x00000000817d7390}: 'java.lang.Object java.lang.invoke.DirectMethodHandle$Holder.invokeSpecial(java.lang.Object, java.lang.Object, java.lang.Object, java.lang.Object, java.lang.Object, java.lang.Object, java.lang.Object, java.lang.Object, java.lang.Object, java.lang.Object, java.lang.Object, java.lang.Object, java.lang.Object, java.lang.Object, java.lang.Object, java.lang.Object, java.lang.Object, java.lang.Object, java.lang.Object, java.lang.Object, java.lang.Ob
Event: 186.104 Thread 0x000002673b067650 Exception <a 'java/lang/NoSuchMethodError'{0x00000000817e1b18}: 'java.lang.Object java.lang.invoke.DelegatingMethodHandle$Holder.reinvoke_L(java.lang.Object, java.lang.Object, java.lang.Object, java.lang.Object, java.lang.Object, java.lang.Object, java.lang.Object, java.lang.Object, java.lang.Object, java.lang.Object, java.lang.Object, java.lang.Object, java.lang.Object, java.lang.Object, java.lang.Object, java.lang.Object, java.lang.Object, java.lang.Object, java.lang.Object, java.lang.Object, java.lang.O
Event: 186.386 Thread 0x000002673b067650 Implicit null exception at 0x000002672700a2ca to 0x000002672700a544
Event: 186.502 Thread 0x000002673b067650 Implicit null exception at 0x00000267270fe921 to 0x00000267270fea74
Event: 187.674 Thread 0x000002673b067650 Exception <a 'java/lang/NoSuchMethodError'{0x0000000084c08ab8}: 'java.lang.Object java.lang.invoke.DirectMethodHandle$Holder.newInvokeSpecial(java.lang.Object, java.lang.Object, int, int)'> (0x0000000084c08ab8) 
thrown [s\src\hotspot\share\interpreter\linkResolver.cpp, line 804]
Event: 187.741 Thread 0x000002673b067650 Exception <a 'java/lang/NoSuchMethodError'{0x0000000084c63e00}: 'void java.lang.invoke.DirectMethodHandle$Holder.invokeSpecial(java.lang.Object, java.lang.Object, int)'> (0x0000000084c63e00) 
thrown [s\src\hotspot\share\interpreter\linkResolver.cpp, line 804]
Event: 187.742 Thread 0x000002673b067650 Exception <a 'java/lang/NoSuchMethodError'{0x0000000084c6cd18}: 'void java.lang.invoke.Invokers$Holder.invokeExact_MT(java.lang.Object, int, java.lang.Object)'> (0x0000000084c6cd18) 
thrown [s\src\hotspot\share\interpreter\linkResolver.cpp, line 804]
Event: 188.146 Thread 0x000002673b067650 Exception <a 'java/lang/NoSuchMethodError'{0x00000000849340d8}: 'java.lang.Object java.lang.invoke.DirectMethodHandle$Holder.newInvokeSpecial(java.lang.Object, java.lang.Object, java.lang.Object, java.lang.Object, java.lang.Object, java.lang.Object, java.lang.Object, java.lang.Object, java.lang.Object, java.lang.Object, java.lang.Object)'> (0x00000000849340d8) 
thrown [s\src\hotspot\share\interpreter\linkResolver.cpp, line 804]
Event: 188.240 Thread 0x000002673b067650 Exception <a 'java/lang/NoSuchMethodError'{0x0000000084622980}: 'java.lang.Object java.lang.invoke.Invokers$Holder.linkToTargetMethod(java.lang.Object, java.lang.Object, java.lang.Object, java.lang.Object, java.lang.Object, java.lang.Object, java.lang.Object, java.lang.Object, java.lang.Object, java.lang.Object, java.lang.Object, java.lang.Object)'> (0x0000000084622980) 
thrown [s\src\hotspot\share\interpreter\linkResolver.cpp, line 804]
Event: 188.576 Thread 0x000002673b067650 Exception <a 'java/lang/NoSuchMethodError'{0x0000000083e060a8}: 'java.lang.Object java.lang.invoke.DelegatingMethodHandle$Holder.reinvoke_L(java.lang.Object, java.lang.Object, java.lang.Object, java.lang.Object, java.lang.Object, java.lang.Object, java.lang.Object, java.lang.Object, java.lang.Object, java.lang.Object, java.lang.Object, java.lang.Object, java.lang.Object, java.lang.Object, java.lang.Object, java.lang.Object, java.lang.Object, java.lang.Object, java.lang.Object, java.lang.Object, java.lang.O
Event: 188.583 Thread 0x000002673b067650 Exception <a 'java/lang/NoSuchMethodError'{0x0000000083daaf08}: 'java.lang.Object java.lang.invoke.DirectMethodHandle$Holder.invokeStatic(java.lang.Object, java.lang.Object, java.lang.Object, java.lang.Object, java.lang.Object, java.lang.Object, java.lang.Object, java.lang.Object, java.lang.Object, java.lang.Object, java.lang.Object, java.lang.Object, java.lang.Object, java.lang.Object, java.lang.Object, java.lang.Object, java.lang.Object, java.lang.Object, java.lang.Object, java.lang.Object, java.lang.Obj
Event: 188.587 Thread 0x000002673b067650 Exception <a 'java/lang/NoSuchMethodError'{0x0000000083dec210}: 'java.lang.Object java.lang.invoke.DirectMethodHandle$Holder.invokeStatic(java.lang.Object, java.lang.Object, java.lang.Object, java.lang.Object, java.lang.Object, java.lang.Object, java.lang.Object, java.lang.Object, java.lang.Object, java.lang.Object, java.lang.Object, java.lang.Object, java.lang.Object, java.lang.Object, java.lang.Object, java.lang.Object, java.lang.Object, java.lang.Object, java.lang.Object, java.lang.Object, java.lang.Obj
Event: 188.589 Thread 0x000002673b067650 Exception <a 'java/lang/NoSuchMethodError'{0x0000000083c2fc68}: 'java.lang.Object java.lang.invoke.DirectMethodHandle$Holder.invokeStatic(java.lang.Object, java.lang.Object, java.lang.Object, java.lang.Object, java.lang.Object, java.lang.Object, java.lang.Object, java.lang.Object, java.lang.Object, java.lang.Object, java.lang.Object, java.lang.Object, java.lang.Object, java.lang.Object, java.lang.Object, java.lang.Object, java.lang.Object, java.lang.Object, java.lang.Object, java.lang.Object, java.lang.Obj
Event: 188.591 Thread 0x000002673b067650 Exception <a 'java/lang/NoSuchMethodError'{0x0000000083c73130}: 'java.lang.Object java.lang.invoke.DirectMethodHandle$Holder.invokeStatic(java.lang.Object, java.lang.Object, java.lang.Object, java.lang.Object, java.lang.Object, java.lang.Object, java.lang.Object, java.lang.Object, java.lang.Object, java.lang.Object, java.lang.Object, java.lang.Object, java.lang.Object, java.lang.Object, java.lang.Object, java.lang.Object, java.lang.Object, java.lang.Object, java.lang.Object, java.lang.Object, java.lang.Obj
Event: 188.593 Thread 0x000002673b067650 Exception <a 'java/lang/NoSuchMethodError'{0x0000000083cb77b0}: 'java.lang.Object java.lang.invoke.DirectMethodHandle$Holder.invokeStatic(java.lang.Object, java.lang.Object, java.lang.Object, java.lang.Object, java.lang.Object, java.lang.Object, java.lang.Object, java.lang.Object, java.lang.Object, java.lang.Object, java.lang.Object, java.lang.Object, java.lang.Object, java.lang.Object, java.lang.Object, java.lang.Object, java.lang.Object, java.lang.Object, java.lang.Object, java.lang.Object, java.lang.Obj
Event: 189.114 Thread 0x000002673b067650 Exception <a 'java/lang/IncompatibleClassChangeError'{0x0000000083651498}: Found class java.lang.Object, but interface was expected> (0x0000000083651498) 
thrown [s\src\hotspot\share\interpreter\linkResolver.cpp, line 871]
Event: 189.357 Thread 0x000002673b067650 Exception <a 'java/lang/NoSuchMethodError'{0x00000000835cacb0}: 'java.lang.Object java.lang.invoke.DirectMethodHandle$Holder.newInvokeSpecial(java.lang.Object, java.lang.Object, long)'> (0x00000000835cacb0) 
thrown [s\src\hotspot\share\interpreter\linkResolver.cpp, line 804]
Event: 189.358 Thread 0x000002673b067650 Exception <a 'java/lang/NoSuchMethodError'{0x00000000835d44b0}: 'java.lang.Object java.lang.invoke.Invokers$Holder.linkToTargetMethod(java.lang.Object, long, java.lang.Object)'> (0x00000000835d44b0) 
thrown [s\src\hotspot\share\interpreter\linkResolver.cpp, line 804]

VM Operations (20 events):
Event: 180.248 Executing non-safepoint VM operation: HandshakeAllThreads (HandshakeForDeflation)
Event: 180.288 Executing non-safepoint VM operation: HandshakeAllThreads (HandshakeForDeflation) done
Event: 180.288 Executing non-safepoint VM operation: RendezvousGCThreads
Event: 180.288 Executing non-safepoint VM operation: RendezvousGCThreads done
Event: 185.072 Executing non-safepoint VM operation: HandshakeAllThreads (Deoptimize)
Event: 185.072 Executing non-safepoint VM operation: HandshakeAllThreads (Deoptimize) done
Event: 186.145 Executing safepoint VM operation: G1CollectForAllocation (G1 Evacuation Pause)
Event: 186.154 Executing safepoint VM operation: G1CollectForAllocation (G1 Evacuation Pause) done
Event: 186.398 Executing non-safepoint VM operation: HandshakeAllThreads (Deoptimize)
Event: 186.462 Executing non-safepoint VM operation: HandshakeAllThreads (Deoptimize) done
Event: 189.120 Executing non-safepoint VM operation: HandshakeAllThreads (Deoptimize)
Event: 189.120 Executing non-safepoint VM operation: HandshakeAllThreads (Deoptimize) done
Event: 189.354 Executing non-safepoint VM operation: HandshakeAllThreads (Deoptimize)
Event: 189.354 Executing non-safepoint VM operation: HandshakeAllThreads (Deoptimize) done
Event: 189.357 Executing non-safepoint VM operation: HandshakeAllThreads (Deoptimize)
Event: 189.357 Executing non-safepoint VM operation: HandshakeAllThreads (Deoptimize) done
Event: 240.409 Executing non-safepoint VM operation: HandshakeAllThreads (HandshakeForDeflation)
Event: 240.901 Executing non-safepoint VM operation: HandshakeAllThreads (HandshakeForDeflation) done
Event: 240.901 Executing non-safepoint VM operation: RendezvousGCThreads
Event: 240.901 Executing non-safepoint VM operation: RendezvousGCThreads done

Memory protections (0 events):
No events

Nmethod flushes (0 events):
No events

Events (20 events):
Event: 92.788 Thread 0x000002673bcd5de0 Thread exited: 0x000002673bcd5de0
Event: 139.497 Thread 0x000002673416ddf0 Thread added: 0x000002673bcd5de0
Event: 181.389 Thread 0x0000026734167f00 Thread added: 0x00000267349ef840
Event: 181.394 Thread 0x0000026734167f00 Thread added: 0x00000267349ee820
Event: 182.032 Thread 0x00000267349ee820 Thread exited: 0x00000267349ee820
Event: 182.035 Thread 0x00000267349ef840 Thread exited: 0x00000267349ef840
Event: 182.071 Thread 0x000002673b067650 Thread added: 0x000002673bcd9c60
Event: 182.196 Thread 0x000002673b067650 Thread added: 0x000002673b4cdf70
Event: 184.572 Thread 0x000002673b067650 Thread added: 0x000002673b4cb860
Event: 184.590 Thread 0x000002673b067650 Thread added: 0x000002673b4cc800
Event: 184.890 Thread 0x000002673b067650 Thread added: 0x000002673b4cfeb0
Event: 185.329 Thread 0x000002673b067650 Thread added: 0x000002673b4d0680
Event: 188.262 Thread 0x000002673b067650 Thread added: 0x000002673b4cd7a0
Event: 188.512 Thread 0x000002673b067650 Thread added: 0x000002673b4d1df0
Event: 255.791 Thread 0x000002673bcd5de0 Thread exited: 0x000002673bcd5de0
Event: 273.365 Thread 0x000002673416ddf0 Thread added: 0x000002673bcd5de0
Event: 273.373 Thread 0x0000026734167f00 Thread added: 0x00000267349ef030
Event: 273.374 Thread 0x0000026734167f00 Thread added: 0x00000267349ebfd0
Event: 275.680 Thread 0x00000267349ef030 Thread exited: 0x00000267349ef030
Event: 275.680 Thread 0x00000267349ebfd0 Thread exited: 0x00000267349ebfd0


Dynamic libraries:
0x00007ff7cc220000 - 0x00007ff7cc22e000 	C:\Program Files\Eclipse Adoptium\jdk-25.0.4.7-hotspot\bin\java.exe
0x00007ffff7ee0000 - 0x00007ffff8146000 	C:\WINDOWS\SYSTEM32\ntdll.dll
0x00007ffff7dd0000 - 0x00007ffff7e99000 	C:\WINDOWS\System32\KERNEL32.DLL
0x00007ffff54a0000 - 0x00007ffff589f000 	C:\WINDOWS\System32\KERNELBASE.dll
0x00007ffff50f0000 - 0x00007ffff523c000 	C:\WINDOWS\System32\ucrtbase.dll
0x00007fffc44d0000 - 0x00007fffc44e6000 	C:\Program Files\Eclipse Adoptium\jdk-25.0.4.7-hotspot\bin\jli.dll
0x00007fffc3320000 - 0x00007fffc333e000 	C:\Program Files\Eclipse Adoptium\jdk-25.0.4.7-hotspot\bin\VCRUNTIME140.dll
0x00007ffff6660000 - 0x00007ffff6826000 	C:\WINDOWS\System32\USER32.dll
0x00007fffdae90000 - 0x00007fffdb121000 	C:\WINDOWS\WinSxS\amd64_microsoft.windows.common-controls_6595b64144ccf1df_6.0.26100.8972_none_3e0da176e32f9d4b\COMCTL32.dll
0x00007ffff5aa0000 - 0x00007ffff5ac7000 	C:\WINDOWS\System32\win32u.dll
0x00007ffff7020000 - 0x00007ffff70c9000 	C:\WINDOWS\System32\msvcrt.dll
0x00007ffff5db0000 - 0x00007ffff5ddb000 	C:\WINDOWS\System32\GDI32.dll
0x00007ffff5970000 - 0x00007ffff5a99000 	C:\WINDOWS\System32\gdi32full.dll
0x00007ffff5b60000 - 0x00007ffff5c03000 	C:\WINDOWS\System32\msvcp_win.dll
0x00007ffff71f0000 - 0x00007ffff7222000 	C:\WINDOWS\System32\IMM32.DLL
0x00007fffceb40000 - 0x00007fffceb4c000 	C:\Program Files\Eclipse Adoptium\jdk-25.0.4.7-hotspot\bin\vcruntime140_1.dll
0x00007fffbd640000 - 0x00007fffbd6cd000 	C:\Program Files\Eclipse Adoptium\jdk-25.0.4.7-hotspot\bin\msvcp140.dll
0x00007fff65b20000 - 0x00007fff66a51000 	C:\Program Files\Eclipse Adoptium\jdk-25.0.4.7-hotspot\bin\server\jvm.dll
0x00007ffff6ae0000 - 0x00007ffff6b9c000 	C:\WINDOWS\System32\ADVAPI32.dll
0x00007ffff65b0000 - 0x00007ffff665a000 	C:\WINDOWS\System32\sechost.dll
0x00007ffff6830000 - 0x00007ffff6948000 	C:\WINDOWS\System32\RPCRT4.dll
0x00007ffff5de0000 - 0x00007ffff5e62000 	C:\WINDOWS\System32\WS2_32.dll
0x00007fffecf60000 - 0x00007fffecf6b000 	C:\WINDOWS\SYSTEM32\VERSION.dll
0x00007ffff49b0000 - 0x00007ffff4a0e000 	C:\WINDOWS\SYSTEM32\POWRPROF.dll
0x00007fffe7ae0000 - 0x00007fffe7b16000 	C:\WINDOWS\SYSTEM32\WINMM.dll
0x00007ffff4990000 - 0x00007ffff49a5000 	C:\WINDOWS\SYSTEM32\UMPDC.dll
0x00007ffff3da0000 - 0x00007ffff3dbb000 	C:\WINDOWS\SYSTEM32\kernel.appcore.dll
0x00007fffcdfb0000 - 0x00007fffcdfba000 	C:\Program Files\Eclipse Adoptium\jdk-25.0.4.7-hotspot\bin\jimage.dll
0x00007ffff2610000 - 0x00007ffff2852000 	C:\WINDOWS\SYSTEM32\DBGHELP.DLL
0x00007ffff79c0000 - 0x00007ffff7d45000 	C:\WINDOWS\System32\combase.dll
0x00007ffff6bb0000 - 0x00007ffff6c89000 	C:\WINDOWS\System32\OLEAUT32.dll
0x00007fffcc1e0000 - 0x00007fffcc21b000 	C:\WINDOWS\SYSTEM32\dbgcore.DLL
0x00007ffff53e0000 - 0x00007ffff548c000 	C:\WINDOWS\System32\bcryptPrimitives.dll
0x00007fffcdf50000 - 0x00007fffcdf5f000 	C:\Program Files\Eclipse Adoptium\jdk-25.0.4.7-hotspot\bin\instrument.dll
0x00007fffc0dc0000 - 0x00007fffc0dde000 	C:\Program Files\Eclipse Adoptium\jdk-25.0.4.7-hotspot\bin\java.dll
0x00007ffff5f80000 - 0x00007ffff6119000 	C:\WINDOWS\System32\ole32.dll
0x00007ffff7230000 - 0x00007ffff79b8000 	C:\WINDOWS\System32\SHELL32.dll
0x00007ffff2b80000 - 0x00007ffff341b000 	C:\WINDOWS\SYSTEM32\windows.storage.dll
0x00007ffff5c10000 - 0x00007ffff5d09000 	C:\WINDOWS\System32\SHCORE.dll
0x00007ffff5d10000 - 0x00007ffff5d76000 	C:\WINDOWS\System32\shlwapi.dll
0x00007ffff5010000 - 0x00007ffff5039000 	C:\WINDOWS\SYSTEM32\profapi.dll
0x00007fffc0da0000 - 0x00007fffc0db6000 	C:\Program Files\Eclipse Adoptium\jdk-25.0.4.7-hotspot\bin\zip.dll
0x00007fffc02b0000 - 0x00007fffc02c1000 	C:\Program Files\Eclipse Adoptium\jdk-25.0.4.7-hotspot\bin\net.dll
0x00007ffff4330000 - 0x00007ffff439c000 	C:\WINDOWS\system32\mswsock.dll
0x00007fffbedf0000 - 0x00007fffbee06000 	C:\Program Files\Eclipse Adoptium\jdk-25.0.4.7-hotspot\bin\nio.dll
0x00007fffccc50000 - 0x00007fffccc60000 	C:\Program Files\Eclipse Adoptium\jdk-25.0.4.7-hotspot\bin\verify.dll
0x00007fffc4ab0000 - 0x00007fffc4ad7000 	C:\Users\leona\.gradle\native\660c5614fbf4a5f2a75b1949f50a0caf5cd603558e7d8a26e50b933a0cfb79d1\windows-amd64\native-platform.dll
0x00007fffbbe00000 - 0x00007fffbbe77000 	C:\Users\leona\.gradle\native\0.2.8\x86_64-windows-gnu\gradle-fileevents.dll
0x00007fffcc710000 - 0x00007fffcc71a000 	C:\Program Files\Eclipse Adoptium\jdk-25.0.4.7-hotspot\bin\management.dll
0x00007fffcc300000 - 0x00007fffcc30c000 	C:\Program Files\Eclipse Adoptium\jdk-25.0.4.7-hotspot\bin\management_ext.dll
0x00007ffff5f70000 - 0x00007ffff5f78000 	C:\WINDOWS\System32\PSAPI.DLL
0x00007ffff3750000 - 0x00007ffff3783000 	C:\WINDOWS\SYSTEM32\IPHLPAPI.DLL
0x00007ffff6950000 - 0x00007ffff695a000 	C:\WINDOWS\System32\NSI.dll
0x00007fffcbc00000 - 0x00007fffcbc09000 	C:\Program Files\Eclipse Adoptium\jdk-25.0.4.7-hotspot\bin\extnet.dll
0x00007ffff4750000 - 0x00007ffff476b000 	C:\WINDOWS\SYSTEM32\CRYPTSP.dll
0x00007ffff3d00000 - 0x00007ffff3d39000 	C:\WINDOWS\system32\rsaenh.dll
0x00007ffff43e0000 - 0x00007ffff4412000 	C:\WINDOWS\SYSTEM32\USERENV.dll
0x00007ffff4fe0000 - 0x00007ffff500a000 	C:\WINDOWS\SYSTEM32\bcrypt.dll
0x00007ffff4590000 - 0x00007ffff459c000 	C:\WINDOWS\SYSTEM32\CRYPTBASE.dll
0x00007fffca5a0000 - 0x00007fffca5ae000 	C:\Program Files\Eclipse Adoptium\jdk-25.0.4.7-hotspot\bin\sunmscapi.dll
0x00007ffff5250000 - 0x00007ffff53ce000 	C:\WINDOWS\System32\CRYPT32.dll
0x00007ffff4950000 - 0x00007ffff4980000 	C:\WINDOWS\SYSTEM32\ncrypt.dll
0x00007ffff4900000 - 0x00007ffff493f000 	C:\WINDOWS\SYSTEM32\NTASN1.dll
0x00007fffe5710000 - 0x00007fffe5718000 	C:\WINDOWS\system32\wshunix.dll

JVMTI agents:
C:\Users\leona\.gradle\wrapper\dists\gradle-9.6.0-bin\42k10rwplmzkhuboz9kdazi7s\gradle-9.6.0\lib\agents\gradle-instrumentation-agent-9.6.0.jar path:C:\Program Files\Eclipse Adoptium\jdk-25.0.4.7-hotspot\bin\instrument.dll, loaded, initialized, instrumentlib options:none

dbghelp: loaded successfully - version: 4.0.5 - missing functions: none
symbol engine: initialized successfully - sym options: 0x614 - pdb path: .;C:\Program Files\Eclipse Adoptium\jdk-25.0.4.7-hotspot\bin;C:\WINDOWS\SYSTEM32;C:\WINDOWS\WinSxS\amd64_microsoft.windows.common-controls_6595b64144ccf1df_6.0.26100.8972_none_3e0da176e32f9d4b;C:\Program Files\Eclipse Adoptium\jdk-25.0.4.7-hotspot\bin\server;C:\Users\leona\.gradle\native\660c5614fbf4a5f2a75b1949f50a0caf5cd603558e7d8a26e50b933a0cfb79d1\windows-amd64;C:\Users\leona\.gradle\native\0.2.8\x86_64-windows-gnu

VM Arguments:
jvm_args: --add-opens=java.base/java.lang=ALL-UNNAMED --add-opens=java.base/java.lang.invoke=ALL-UNNAMED --add-opens=java.base/java.util=ALL-UNNAMED --add-opens=java.prefs/java.util.prefs=ALL-UNNAMED --add-exports=jdk.compiler/com.sun.tools.javac.api=ALL-UNNAMED --add-exports=jdk.compiler/com.sun.tools.javac.util=ALL-UNNAMED --add-opens=java.base/java.nio.charset=ALL-UNNAMED --add-opens=java.base/java.net=ALL-UNNAMED --add-opens=java.base/java.util.concurrent=ALL-UNNAMED --add-opens=java.base/java.util.concurrent.atomic=ALL-UNNAMED --add-opens=java.xml/javax.xml.namespace=ALL-UNNAMED --add-opens=java.base/java.time=ALL-UNNAMED --enable-native-access=ALL-UNNAMED -Xmx2048m -Dfile.encoding=UTF-8 -Duser.country=US -Duser.language=en -Duser.variant -javaagent:C:\Users\leona\.gradle\wrapper\dists\gradle-9.6.0-bin\42k10rwplmzkhuboz9kdazi7s\gradle-9.6.0\lib\agents\gradle-instrumentation-agent-9.6.0.jar 
java_command: org.gradle.launcher.daemon.bootstrap.GradleDaemon 9.6.0
java_class_path (initial): C:\Users\leona\.gradle\wrapper\dists\gradle-9.6.0-bin\42k10rwplmzkhuboz9kdazi7s\gradle-9.6.0\lib\gradle-daemon-main-9.6.0.jar
Launcher Type: SUN_STANDARD

[Global flags]
     intx CICompilerCount                          = 12                                        {product} {ergonomic}
     uint ConcGCThreads                            = 3                                         {product} {ergonomic}
     uint G1ConcRefinementThreads                  = 13                                        {product} {ergonomic}
   size_t G1HeapRegionSize                         = 1048576                                   {product} {ergonomic}
   size_t InitialHeapSize                          = 264241152                                 {product} {ergonomic}
   size_t MarkStackSize                            = 4194304                                   {product} {ergonomic}
   size_t MarkStackSizeMax                         = 536870912                                 {product} {ergonomic}
   size_t MaxHeapSize                              = 2147483648                                {product} {command line}
   size_t MaxNewSize                               = 1287651328                                {product} {ergonomic}
   size_t MinHeapDeltaBytes                        = 1048576                                   {product} {ergonomic}
   size_t MinHeapSize                              = 8388608                                   {product} {ergonomic}
    uintx NonNMethodCodeHeapSize                   = 7667712                                {pd product} {ergonomic}
    uintx NonProfiledCodeHeapSize                  = 122028032                              {pd product} {ergonomic}
    uintx ProfiledCodeHeapSize                     = 122028032                              {pd product} {ergonomic}
    uintx ReservedCodeCacheSize                    = 251723776                              {pd product} {ergonomic}
     bool SegmentedCodeCache                       = true                                      {product} {ergonomic}
   size_t SoftMaxHeapSize                          = 2147483648                             {manageable} {ergonomic}
     bool UseCompressedOops                        = true                           {product lp64_product} {ergonomic}
     bool UseG1GC                                  = true                                      {product} {ergonomic}
     bool UseLargePagesIndividualAllocation        = false                                  {pd product} {ergonomic}

Logging:
Log output configuration:
 #0: stdout all=warning uptime,level,tags foldmultilines=false
 #1: stderr all=off uptime,level,tags foldmultilines=false

Release file:
IMPLEMENTOR="Eclipse Adoptium" 
IMPLEMENTOR_VERSION="Temurin-25.0.4+7" 
JAVA_RUNTIME_VERSION="25.0.4+7-LTS" 
JAVA_VERSION="25.0.4" 
JAVA_VERSION_DATE="2026-07-21" 
LIBC="default" 
MODULES="java.base java.compiler java.datatransfer java.xml java.prefs java.desktop java.instrument java.logging java.management java.security.sasl java.naming java.rmi java.management.rmi java.net.http java.scripting java.security.jgss java.transaction.xa java.sql java.sql.rowset java.xml.crypto java.se java.smartcardio jdk.accessibility jdk.internal.jvmstat jdk.attach jdk.charsets jdk.internal.opt jdk.zipfs jdk.compiler jdk.crypto.cryptoki jdk.crypto.ec jdk.crypto.mscapi jdk.dynalink jdk.internal.ed jdk.editpad jdk.internal.vm.ci jdk.graal.compiler jdk.graal.compiler.management jdk.hotspot.agent jdk.httpserver jdk.incubator.vector jdk.internal.le jdk.internal.md jdk.jartool jdk.javadoc jdk.jcmd jdk.management jdk.management.agent jdk.jconsole jdk.jdeps jdk.jdwp.agent jdk.jdi jdk.jfr jdk.jlink jdk.jpackage jdk.jshell jdk.jsobject jdk.jstatd jdk.localedata jdk.management.jfr jdk.naming.dns jdk.naming.rmi jdk.net jdk.nio.mapmode jdk.sctp jdk.security.auth jdk.security.jgss jdk.unsupported jdk.unsupported.desktop jdk.xml.dom" 
OS_ARCH="x86_64" 
OS_NAME="Windows" 
SOURCE=".:git:a2ce02c38bc9" 
BUILD_SOURCE="git:e6ba7dec3d07654074559310376a3ae89da5f4ac"
BUILD_SOURCE_REPO="https://github.com/adoptium/temurin-build.git"
SOURCE_REPO="https://github.com/adoptium/jdk25u.git"
FULL_VERSION="25.0.4+7-LTS"
SEMANTIC_VERSION="25.0.4+7"
BUILD_INFO="OS: Windows Server 2022 Version: 10.0"
JVM_VARIANT="Hotspot"
JVM_VERSION="25.0.4+7-LTS"
IMAGE_TYPE="JDK"

Environment Variables:
PATH=C:\Program Files\Eclipse Adoptium\jdk-25.0.4.7-hotspot\bin;C:\Program Files (x86)\Common Files\Oracle\Java\java8path;C:\Program Files (x86)\Common Files\Oracle\Java\javapath;C:\Python314\Scripts\;C:\Python314\;C:\WINDOWS\system32;C:\WINDOWS;C:\WINDOWS\System32\Wbem;C:\WINDOWS\System32\WindowsPowerShell\v1.0\;C:\WINDOWS\System32\OpenSSH\;C:\Program Files\nodejs\;C:\ProgramData\chocolatey\bin;C:\Program Files (x86)\NVIDIA Corporation\PhysX\Common;C:\msys64\ucrt64\bin;C:\Program Files\Git\cmd;C:\Users\leona\AppData\Local\Programs\Python\Python313\Scripts\;C:\Users\leona\AppData\Local\Programs\Python\Python313\;C:\Users\leona\AppData\Local\Microsoft\WindowsApps;C:\Users\leona\AppData\Roaming\npm;C:\Users\leona\AppData\Local\Programs\Microsoft VS Code\bin
USERNAME=leona
OS=Windows_NT
PROCESSOR_IDENTIFIER=Intel64 Family 6 Model 186 Stepping 2, GenuineIntel
TMP=C:\Users\leona\AppData\Local\Temp
TEMP=C:\Users\leona\AppData\Local\Temp




Compilation memory statistics disabled.

Periodic native trim disabled

---------------  S Y S T E M  ---------------

OS:
 Windows 11 , 64 bit Build 26100 (10.0.26100.9168)
OS uptime: 3 days 8:04 hours
Hyper-V role detected

CPU: total 16 (initial active 16) (8 cores per cpu, 2 threads per core) family 6 model 186 stepping 2 microcode 0x410e, cx8, cmov, fxsr, ht, mmx, 3dnowpref, sse, sse2, sse3, ssse3, sse4.1, sse4.2, popcnt, lzcnt, tsc, tscinvbit, avx, avx2, aes, erms, clmul, bmi1, bmi2, adx, sha, fma, vzeroupper, clflush, clflushopt, clwb, hv, serialize, rdtscp, rdpid, fsrm, gfni, f16c, cet_ibt, cet_ss
Processor Information for the first 16 processors :
  Max Mhz: 2400, Current Mhz: 2400, Mhz Limit: 2400

Memory: 4k page, system-wide physical 16122M (962M free)
TotalPageFile size 65274M (AvailPageFile size 15M)
current process WorkingSet (physical memory assigned to process): 40M, peak: 212M
current process commit charge ("private bytes"): 272M, peak: 448M

vm_info: OpenJDK 64-Bit Server VM (25.0.4+7-LTS) for windows-amd64 JRE (25.0.4+7-LTS), built on 2026-07-21T00:00:00Z with MS VC++ 17.12 (VS2022)

END.
