#
# There is insufficient memory for the Java Runtime Environment to continue.
# Native memory allocation (malloc) failed to allocate 2963608 bytes. Error detail: Chunk::new
# Possible reasons:
#   The system is out of physical RAM or swap space
#   This process is running with CompressedOops enabled, and the Java Heap may be blocking the growth of the native heap
# Possible solutions:
#   Reduce memory load on the system
#   Increase physical memory or swap space
#   Check if swap backing store is full
#   Decrease Java heap size (-Xmx/-Xms)
#   Decrease number of Java threads
#   Decrease Java thread stack sizes (-Xss)
#   Set larger code cache with -XX:ReservedCodeCacheSize=
#   JVM is running with Unscaled Compressed Oops mode in which the Java heap is
#     placed in the first 4GB address space. The Java Heap base address is the
#     maximum limit for the native heap growth. Please use -XX:HeapBaseMinAddress
#     to set the Java Heap base and to place the Java Heap above 4GB virtual address.
# This output file may be truncated or incomplete.
#
#  Out of Memory Error (arena.cpp:186), pid=29116, tid=30596
#
# JRE version: OpenJDK Runtime Environment Temurin-25.0.4+7 (25.0.4+7) (build 25.0.4+7-LTS)
# Java VM: OpenJDK 64-Bit Server VM Temurin-25.0.4+7 (25.0.4+7-LTS, mixed mode, sharing, tiered, compressed oops, compressed class ptrs, g1 gc, windows-amd64)
# No core dump will be written. Minidumps are not enabled by default on client versions of Windows
#

---------------  S U M M A R Y ------------

Command Line: --add-opens=java.base/java.lang=ALL-UNNAMED --add-opens=java.base/java.lang.invoke=ALL-UNNAMED --add-opens=java.base/java.util=ALL-UNNAMED --add-opens=java.prefs/java.util.prefs=ALL-UNNAMED --add-exports=jdk.compiler/com.sun.tools.javac.api=ALL-UNNAMED --add-exports=jdk.compiler/com.sun.tools.javac.util=ALL-UNNAMED --add-opens=java.base/java.nio.charset=ALL-UNNAMED --add-opens=java.base/java.net=ALL-UNNAMED --add-opens=java.base/java.util.concurrent=ALL-UNNAMED --add-opens=java.base/java.util.concurrent.atomic=ALL-UNNAMED --add-opens=java.xml/javax.xml.namespace=ALL-UNNAMED --add-opens=java.base/java.time=ALL-UNNAMED --enable-native-access=ALL-UNNAMED -Xmx2048m -Dfile.encoding=UTF-8 -Duser.country=US -Duser.language=en -Duser.variant -javaagent:C:\Users\leona\.gradle\wrapper\dists\gradle-9.6.0-bin\42k10rwplmzkhuboz9kdazi7s\gradle-9.6.0\lib\agents\gradle-instrumentation-agent-9.6.0.jar org.gradle.launcher.daemon.bootstrap.GradleDaemon 9.6.0

Host: 13th Gen Intel(R) Core(TM) i7-13620H, 16 cores, 15G,  Windows 11 , 64 bit Build 26100 (10.0.26100.9168)
Time: Fri Sep 11 00:42:34 2026 Central Standard Time (Mexico) elapsed time: 284.311946 seconds (0d 0h 4m 44s)

---------------  T H R E A D  ---------------

Current thread (0x000001ada4eee6f0):  JavaThread "C2 CompilerThread0" daemon [_thread_in_native, id=30596, stack(0x000000a8d8f00000,0x000000a8d9000000) (1024K)]


Current CompileTask:
C2:284312 4796       4       org.gradle.internal.remote.internal.inet.MultiChoiceAddressSerializer::read (95 bytes)

Stack: [0x000000a8d8f00000,0x000000a8d9000000]
Native frames: (J=compiled Java code, j=interpreted, Vv=VM code, C=native code)
V  [jvm.dll+0x7aba79]  (no source info available)
V  [jvm.dll+0x775a3d]  (no source info available)
V  [jvm.dll+0x9fb9ed]  (no source info available)
V  [jvm.dll+0x9fdfe1]  (no source info available)
V  [jvm.dll+0x9fe6f3]  (no source info available)
V  [jvm.dll+0x2fdb36]  (no source info available)
V  [jvm.dll+0x111936]  (no source info available)
V  [jvm.dll+0x111c5e]  (no source info available)
V  [jvm.dll+0x1a08d2]  (no source info available)
V  [jvm.dll+0x3b7292]  (no source info available)
V  [jvm.dll+0x7b13fc]  (no source info available)
V  [jvm.dll+0x2c0ef7]  (no source info available)
V  [jvm.dll+0x2bfebf]  (no source info available)
V  [jvm.dll+0x237a30]  (no source info available)
V  [jvm.dll+0x2cffb6]  (no source info available)
V  [jvm.dll+0x2ce23a]  (no source info available)
V  [jvm.dll+0x49131e]  (no source info available)
V  [jvm.dll+0x99cb1d]  (no source info available)
V  [jvm.dll+0x7aa025]  (no source info available)
C  [ucrtbase.dll+0x2cd30]  (no source info available)
C  [KERNEL32.DLL+0x2ccb7]  (no source info available)
C  [ntdll.dll+0xaad6c]  (no source info available)

Lock stack of current Java thread (top to bottom):


---------------  P R O C E S S  ---------------

Threads class SMR info:
_java_thread_list=0x000001ada527eca0, length=33, elements={
0x000001ad873f1fa0, 0x000001ada4ee4af0, 0x000001ada4ee60d0, 0x000001ada4eeaa20,
0x000001ada4eec080, 0x000001ada4eecc40, 0x000001ada4eed800, 0x000001ada4eee6f0,
0x000001ada4eef300, 0x000001ada529c2e0, 0x000001ada5386620, 0x000001adab521de0,
0x000001adabb28dc0, 0x000001adab6e1d00, 0x000001adab71ec70, 0x000001adab70ac50,
0x000001adab8b07d0, 0x000001adab5088c0, 0x000001adab509860, 0x000001adab50a030,
0x000001adab507150, 0x000001ada5311990, 0x000001adacc49d90, 0x000001adacc4d440,
0x000001adaa095e70, 0x000001adaa094ed0, 0x000001adaa093760, 0x000001adaa099520,
0x000001adaa099cf0, 0x000001adaa09ac90, 0x000001adacc4dc10, 0x000001adabd32770,
0x000001adabd32f40
}

Java Threads: ( => current thread )
  0x000001ad873f1fa0 JavaThread "main"                              [_thread_blocked, id=29792, stack(0x000000a8d8100000,0x000000a8d8200000) (1024K)]
  0x000001ada4ee4af0 JavaThread "Reference Handler"          daemon [_thread_blocked, id=30716, stack(0x000000a8d8900000,0x000000a8d8a00000) (1024K)]
  0x000001ada4ee60d0 JavaThread "Finalizer"                  daemon [_thread_blocked, id=30436, stack(0x000000a8d8a00000,0x000000a8d8b00000) (1024K)]
  0x000001ada4eeaa20 JavaThread "Signal Dispatcher"          daemon [_thread_blocked, id=29084, stack(0x000000a8d8b00000,0x000000a8d8c00000) (1024K)]
  0x000001ada4eec080 JavaThread "Attach Listener"            daemon [_thread_blocked, id=29996, stack(0x000000a8d8c00000,0x000000a8d8d00000) (1024K)]
  0x000001ada4eecc40 JavaThread "Service Thread"             daemon [_thread_blocked, id=28828, stack(0x000000a8d8d00000,0x000000a8d8e00000) (1024K)]
  0x000001ada4eed800 JavaThread "Monitor Deflation Thread"   daemon [_thread_blocked, id=20220, stack(0x000000a8d8e00000,0x000000a8d8f00000) (1024K)]
=>0x000001ada4eee6f0 JavaThread "C2 CompilerThread0"         daemon [_thread_in_native, id=30596, stack(0x000000a8d8f00000,0x000000a8d9000000) (1024K)]
  0x000001ada4eef300 JavaThread "C1 CompilerThread0"         daemon [_thread_blocked, id=30584, stack(0x000000a8d9000000,0x000000a8d9100000) (1024K)]
  0x000001ada529c2e0 JavaThread "Common-Cleaner"             daemon [_thread_blocked, id=29884, stack(0x000000a8d9100000,0x000000a8d9200000) (1024K)]
  0x000001ada5386620 JavaThread "Notification Thread"        daemon [_thread_blocked, id=30300, stack(0x000000a8d9200000,0x000000a8d9300000) (1024K)]
  0x000001adab521de0 JavaThread "Daemon health stats"               [_thread_blocked, id=20984, stack(0x000000a8d9a00000,0x000000a8d9b00000) (1024K)]
  0x000001adabb28dc0 JavaThread "Incoming local TCP Connector on port 53702"        [_thread_in_native, id=19412, stack(0x000000a8d9b00000,0x000000a8d9c00000) (1024K)]
  0x000001adab6e1d00 JavaThread "Daemon periodic checks"            [_thread_blocked, id=29220, stack(0x000000a8d9c00000,0x000000a8d9d00000) (1024K)]
  0x000001adab71ec70 JavaThread "Daemon"                            [_thread_blocked, id=22776, stack(0x000000a8d9800000,0x000000a8d9900000) (1024K)]
  0x000001adab70ac50 JavaThread "Handler for socket connection from /127.0.0.1:53702 to /127.0.0.1:53714"        [_thread_in_native, id=23356, stack(0x000000a8d9900000,0x000000a8d9a00000) (1024K)]
  0x000001adab8b07d0 JavaThread "Cancel handler"                    [_thread_blocked, id=13576, stack(0x000000a8d9d00000,0x000000a8d9e00000) (1024K)]
  0x000001adab5088c0 JavaThread "Daemon worker"                     [_thread_blocked, id=30292, stack(0x000000a8d9f00000,0x000000a8da000000) (1024K)]
  0x000001adab509860 JavaThread "Asynchronous log dispatcher for DefaultDaemonConnection: socket connection from /127.0.0.1:53702 to /127.0.0.1:53714"        [_thread_blocked, id=30640, stack(0x000000a8da000000,0x000000a8da100000) (1024K)]
  0x000001adab50a030 JavaThread "Stdin handler"                     [_thread_blocked, id=30284, stack(0x000000a8da100000,0x000000a8da200000) (1024K)]
  0x000001adab507150 JavaThread "Daemon client event forwarder"        [_thread_blocked, id=27148, stack(0x000000a8da200000,0x000000a8da300000) (1024K)]
  0x000001ada5311990 JavaThread "Cache worker for journal cache (C:\Users\leona\.gradle\caches\journal-1)"        [_thread_blocked, id=16040, stack(0x000000a8da300000,0x000000a8da400000) (1024K)]
  0x000001adacc49d90 JavaThread "File lock request listener"        [_thread_in_native, id=30968, stack(0x000000a8da400000,0x000000a8da500000) (1024K)]
  0x000001adacc4d440 JavaThread "Cache worker for file hash cache (C:\Users\leona\.gradle\caches\9.6.0\fileHashes)"        [_thread_blocked, id=31292, stack(0x000000a8da600000,0x000000a8da700000) (1024K)]
  0x000001adaa095e70 JavaThread "Cache worker for file hash cache (C:\Users\leona\AndroidStudioProjects\Fondly\.gradle\9.6.0\fileHashes)"        [_thread_blocked, id=37064, stack(0x000000a8dac00000,0x000000a8dad00000) (1024K)]
  0x000001adaa094ed0 JavaThread "Cache worker for Build Output Cleanup Cache (C:\Users\leona\AndroidStudioProjects\Fondly\.gradle\buildOutputCleanup)"        [_thread_blocked, id=37528, stack(0x000000a8dad00000,0x000000a8dae00000) (1024K)]
  0x000001adaa093760 JavaThread "File watcher server"        daemon [_thread_in_native, id=37696, stack(0x000000a8da500000,0x000000a8da600000) (1024K)]
  0x000001adaa099520 JavaThread "File watcher consumer"      daemon [_thread_blocked, id=34420, stack(0x000000a8daf00000,0x000000a8db000000) (1024K)]
  0x000001adaa099cf0 JavaThread "Cache worker for file content cache (C:\Users\leona\.gradle\caches\9.6.0\fileContent)"        [_thread_blocked, id=35900, stack(0x000000a8db000000,0x000000a8db100000) (1024K)]
  0x000001adaa09ac90 JavaThread "Cache worker for checksums cache (C:\Users\leona\AndroidStudioProjects\Fondly\.gradle\9.6.0\checksums)"        [_thread_blocked, id=33732, stack(0x000000a8db100000,0x000000a8db200000) (1024K)]
  0x000001adacc4dc10 JavaThread "Cache worker for cache directory md-supplier (C:\Users\leona\.gradle\caches\9.6.0\md-supplier)"        [_thread_blocked, id=35144, stack(0x000000a8db200000,0x000000a8db300000) (1024K)]
  0x000001adabd32770 JavaThread "Cache worker for cache directory md-rule (C:\Users\leona\.gradle\caches\9.6.0\md-rule)"        [_thread_blocked, id=36556, stack(0x000000a8db300000,0x000000a8db400000) (1024K)]
  0x000001adabd32f40 JavaThread "File lock release action executor Thread 3"        [_thread_blocked, id=49024, stack(0x000000a8dae00000,0x000000a8daf00000) (1024K)]
Total: 33

Other Threads:
  0x000001ada4ed0450 VMThread "VM Thread"                           [id=30704, stack(0x000000a8d8800000,0x000000a8d8900000) (1024K)]
  0x000001ada4ebc790 WatcherThread "VM Periodic Task Thread"        [id=26884, stack(0x000000a8d8700000,0x000000a8d8800000) (1024K)]
  0x000001ad87451830 WorkerThread "GC Thread#0"                     [id=30124, stack(0x000000a8d8200000,0x000000a8d8300000) (1024K)]
  0x000001adaa5e66f0 WorkerThread "GC Thread#1"                     [id=30000, stack(0x000000a8d9300000,0x000000a8d9400000) (1024K)]
  0x000001adaa5e6b20 WorkerThread "GC Thread#2"                     [id=30480, stack(0x000000a8d9400000,0x000000a8d9500000) (1024K)]
  0x000001adaa5e6f50 WorkerThread "GC Thread#3"                     [id=29756, stack(0x000000a8d9500000,0x000000a8d9600000) (1024K)]
  0x000001adaa5e7380 WorkerThread "GC Thread#4"                     [id=30644, stack(0x000000a8d9600000,0x000000a8d9700000) (1024K)]
  0x000001adaa5e77b0 WorkerThread "GC Thread#5"                     [id=15668, stack(0x000000a8d9700000,0x000000a8d9800000) (1024K)]
  0x000001adaafc9e50 WorkerThread "GC Thread#6"                     [id=16544, stack(0x000000a8d7e00000,0x000000a8d7f00000) (1024K)]
  0x000001adaafcb830 WorkerThread "GC Thread#7"                     [id=1860, stack(0x000000a8d7f00000,0x000000a8d8000000) (1024K)]
  0x000001adaafcb3e0 WorkerThread "GC Thread#8"                     [id=21612, stack(0x000000a8d8000000,0x000000a8d8100000) (1024K)]
  0x000001adaafca2a0 WorkerThread "GC Thread#9"                     [id=20680, stack(0x000000a8d9e00000,0x000000a8d9f00000) (1024K)]
  0x000001adaa3ed3a0 WorkerThread "GC Thread#10"                    [id=13488, stack(0x000000a8da700000,0x000000a8da800000) (1024K)]
  0x000001adaa3ecf50 WorkerThread "GC Thread#11"                    [id=21572, stack(0x000000a8da800000,0x000000a8da900000) (1024K)]
  0x000001adaa3ee090 WorkerThread "GC Thread#12"                    [id=19888, stack(0x000000a8da900000,0x000000a8daa00000) (1024K)]
  0x000001ad8746a900 ConcurrentGCThread "G1 Main Marker"            [id=26208, stack(0x000000a8d8300000,0x000000a8d8400000) (1024K)]
  0x000001ad8746c4b0 WorkerThread "G1 Conc#0"                       [id=30440, stack(0x000000a8d8400000,0x000000a8d8500000) (1024K)]
  0x000001adaa3ec6b0 WorkerThread "G1 Conc#1"                       [id=37408, stack(0x000000a8daa00000,0x000000a8dab00000) (1024K)]
  0x000001adaa3ee4e0 WorkerThread "G1 Conc#2"                       [id=37412, stack(0x000000a8dab00000,0x000000a8dac00000) (1024K)]
  0x000001ada4d89450 ConcurrentGCThread "G1 Refine#0"               [id=30576, stack(0x000000a8d8500000,0x000000a8d8600000) (1024K)]
  0x000001ada4d8bf70 ConcurrentGCThread "G1 Service"                [id=30324, stack(0x000000a8d8600000,0x000000a8d8700000) (1024K)]
Total: 21

Threads with active compile tasks:
C2 CompilerThread0  284501 4796       4       org.gradle.internal.remote.internal.inet.MultiChoiceAddressSerializer::read (95 bytes)
Total: 1

VM state: not at safepoint (normal execution)

VM Mutex/Monitor currently owned by a thread: None

Heap address: 0x0000000080000000, size: 2048 MB, Compressed Oops mode: 32-bit

CDS archive(s) mapped at: [0x0000000014000000-0x0000000014db0000-0x0000000014db0000), size 14352384, SharedBaseAddress: 0x0000000014000000, ArchiveRelocationMode: 1.
Compressed class space mapped at: 0x0000000015000000-0x0000000055000000, reserved size: 1073741824
UseCompressedClassPointers 1, UseCompactObjectHeaders 0
Narrow klass pointer bits 32, Max shift 3
Narrow klass base: 0x0000000014000000, Narrow klass shift: 0
Encoding Range: [0x0000000014000000 - 0x0000000114000000), (4294967296 bytes)
Klass Range:    [0x0000000014010000 - 0x0000000055000000), (1090453504 bytes)
Klass ID Range:  [65536 - 1090519033) (1090453497)
Protection zone: [0x0000000014000000 - 0x0000000014010000), (65536 bytes)

GC Precious Log:
 CardTable entry size: 512
 Card Set container configuration: InlinePtr #cards 5 size 8 Array Of Cards #cards 10 size 36 Howl #buckets 4 coarsen threshold 1843 Howl Bitmap #cards 512 size 80 coarsen threshold 460 Card regions per heap region 1 cards per card region 2048
 CPUs: 16 total, 16 available
 Memory: 16122M
 Large Page Support: Disabled
 NUMA Support: Disabled
 Compressed Oops: Enabled (32-bit)
 Heap Region Size: 1M
 Heap Min Capacity: 8M
 Heap Initial Capacity: 252M
 Heap Max Capacity: 2G
 Pre-touch: Disabled
 Parallel Workers: 13
 Concurrent Workers: 3
 Concurrent Refinement Workers: 13
 Periodic GC: Disabled

Heap:
 garbage-first heap   total reserved 2097152K, committed 106496K, used 76901K [0x0000000080000000, 0x0000000100000000)
  region size 1024K, 62 young (63488K), 14 survivors (14336K)

Heap Regions: E=young(eden), S=young(survivor), O=old, HS=humongous(starts), HC=humongous(continues), CS=collection set, F=free, TAMS=top-at-mark-start, PB=parsable bottom
|   0|0x0000000080000000, 0x0000000080100000, 0x0000000080100000|100%|HS|  |TAMS 0x0000000080000000| PB 0x0000000080000000| Complete |  0
|   1|0x0000000080100000, 0x0000000080200000, 0x0000000080200000|100%|HC|  |TAMS 0x0000000080100000| PB 0x0000000080100000| Complete |  0
|   2|0x0000000080200000, 0x0000000080300000, 0x0000000080300000|100%|HC|  |TAMS 0x0000000080200000| PB 0x0000000080200000| Complete |  0
|   3|0x0000000080300000, 0x0000000080400000, 0x0000000080400000|100%|HC|  |TAMS 0x0000000080300000| PB 0x0000000080300000| Complete |  0
|   4|0x0000000080400000, 0x0000000080500000, 0x0000000080500000|100%| O|  |TAMS 0x0000000080400000| PB 0x0000000080400000| Untracked |  0
|   5|0x0000000080500000, 0x0000000080600000, 0x0000000080600000|100%| O|  |TAMS 0x0000000080500000| PB 0x0000000080500000| Untracked |  0
|   6|0x0000000080600000, 0x0000000080700000, 0x0000000080700000|100%|HS|  |TAMS 0x0000000080600000| PB 0x0000000080600000| Complete |  0
|   7|0x0000000080700000, 0x0000000080800000, 0x0000000080800000|100%| O|  |TAMS 0x0000000080700000| PB 0x0000000080700000| Untracked |  0
|   8|0x0000000080800000, 0x0000000080900000, 0x0000000080900000|100%| O|  |TAMS 0x0000000080800000| PB 0x0000000080800000| Untracked |  0
|   9|0x0000000080900000, 0x0000000080a00000, 0x0000000080a00000|100%| O|  |TAMS 0x0000000080900000| PB 0x0000000080900000| Untracked |  0
|  10|0x0000000080a00000, 0x0000000080b00000, 0x0000000080b00000|100%| O|  |TAMS 0x0000000080a00000| PB 0x0000000080a00000| Untracked |  0
|  11|0x0000000080b00000, 0x0000000080c00000, 0x0000000080c00000|100%| O|  |TAMS 0x0000000080b00000| PB 0x0000000080b00000| Untracked |  0
|  12|0x0000000080c00000, 0x0000000080d00000, 0x0000000080d00000|100%| O|  |TAMS 0x0000000080c00000| PB 0x0000000080c00000| Untracked |  0
|  13|0x0000000080d00000, 0x0000000080d4ea68, 0x0000000080e00000| 30%| O|  |TAMS 0x0000000080d00000| PB 0x0000000080d00000| Untracked |  0
|  14|0x0000000080e00000, 0x0000000080e00000, 0x0000000080f00000|  0%| F|  |TAMS 0x0000000080e00000| PB 0x0000000080e00000| Untracked |  0
|  15|0x0000000080f00000, 0x0000000080f00000, 0x0000000081000000|  0%| F|  |TAMS 0x0000000080f00000| PB 0x0000000080f00000| Untracked |  0
|  16|0x0000000081000000, 0x0000000081000000, 0x0000000081100000|  0%| F|  |TAMS 0x0000000081000000| PB 0x0000000081000000| Untracked |  0
|  17|0x0000000081100000, 0x0000000081100000, 0x0000000081200000|  0%| F|  |TAMS 0x0000000081100000| PB 0x0000000081100000| Untracked |  0
|  18|0x0000000081200000, 0x0000000081200000, 0x0000000081300000|  0%| F|  |TAMS 0x0000000081200000| PB 0x0000000081200000| Untracked |  0
|  19|0x0000000081300000, 0x0000000081300000, 0x0000000081400000|  0%| F|  |TAMS 0x0000000081300000| PB 0x0000000081300000| Untracked |  0
|  20|0x0000000081400000, 0x0000000081400000, 0x0000000081500000|  0%| F|  |TAMS 0x0000000081400000| PB 0x0000000081400000| Untracked |  0
|  21|0x0000000081500000, 0x0000000081500000, 0x0000000081600000|  0%| F|  |TAMS 0x0000000081500000| PB 0x0000000081500000| Untracked |  0
|  22|0x0000000081600000, 0x0000000081600000, 0x0000000081700000|  0%| F|  |TAMS 0x0000000081600000| PB 0x0000000081600000| Untracked |  0
|  23|0x0000000081700000, 0x0000000081700000, 0x0000000081800000|  0%| F|  |TAMS 0x0000000081700000| PB 0x0000000081700000| Untracked |  0
|  24|0x0000000081800000, 0x0000000081800000, 0x0000000081900000|  0%| F|  |TAMS 0x0000000081800000| PB 0x0000000081800000| Untracked |  0
|  25|0x0000000081900000, 0x0000000081900000, 0x0000000081a00000|  0%| F|  |TAMS 0x0000000081900000| PB 0x0000000081900000| Untracked |  0
|  26|0x0000000081a00000, 0x0000000081a00000, 0x0000000081b00000|  0%| F|  |TAMS 0x0000000081a00000| PB 0x0000000081a00000| Untracked |  0
|  27|0x0000000081b00000, 0x0000000081b00000, 0x0000000081c00000|  0%| F|  |TAMS 0x0000000081b00000| PB 0x0000000081b00000| Untracked |  0
|  28|0x0000000081c00000, 0x0000000081c00000, 0x0000000081d00000|  0%| F|  |TAMS 0x0000000081c00000| PB 0x0000000081c00000| Untracked |  0
|  29|0x0000000081d00000, 0x0000000081d00000, 0x0000000081e00000|  0%| F|  |TAMS 0x0000000081d00000| PB 0x0000000081d00000| Untracked |  0
|  30|0x0000000081e00000, 0x0000000081e00000, 0x0000000081f00000|  0%| F|  |TAMS 0x0000000081e00000| PB 0x0000000081e00000| Untracked |  0
|  31|0x0000000081f00000, 0x0000000081f00000, 0x0000000082000000|  0%| F|  |TAMS 0x0000000081f00000| PB 0x0000000081f00000| Untracked |  0
|  32|0x0000000082000000, 0x0000000082000000, 0x0000000082100000|  0%| F|  |TAMS 0x0000000082000000| PB 0x0000000082000000| Untracked |  0
|  33|0x0000000082100000, 0x0000000082100000, 0x0000000082200000|  0%| F|  |TAMS 0x0000000082100000| PB 0x0000000082100000| Untracked |  0
|  34|0x0000000082200000, 0x0000000082200000, 0x0000000082300000|  0%| F|  |TAMS 0x0000000082200000| PB 0x0000000082200000| Untracked |  0
|  35|0x0000000082300000, 0x0000000082300000, 0x0000000082400000|  0%| F|  |TAMS 0x0000000082300000| PB 0x0000000082300000| Untracked |  0
|  36|0x0000000082400000, 0x0000000082400000, 0x0000000082500000|  0%| F|  |TAMS 0x0000000082400000| PB 0x0000000082400000| Untracked |  0
|  37|0x0000000082500000, 0x0000000082500000, 0x0000000082600000|  0%| F|  |TAMS 0x0000000082500000| PB 0x0000000082500000| Untracked |  0
|  38|0x0000000082600000, 0x0000000082600000, 0x0000000082700000|  0%| F|  |TAMS 0x0000000082600000| PB 0x0000000082600000| Untracked |  0
|  39|0x0000000082700000, 0x0000000082700000, 0x0000000082800000|  0%| F|  |TAMS 0x0000000082700000| PB 0x0000000082700000| Untracked |  0
|  40|0x0000000082800000, 0x0000000082900000, 0x0000000082900000|100%| E|  |TAMS 0x0000000082800000| PB 0x0000000082800000| Complete |  0
|  41|0x0000000082900000, 0x0000000082a00000, 0x0000000082a00000|100%| E|CS|TAMS 0x0000000082900000| PB 0x0000000082900000| Complete |  0
|  42|0x0000000082a00000, 0x0000000082b00000, 0x0000000082b00000|100%| E|CS|TAMS 0x0000000082a00000| PB 0x0000000082a00000| Complete |  0
|  43|0x0000000082b00000, 0x0000000082c00000, 0x0000000082c00000|100%| E|CS|TAMS 0x0000000082b00000| PB 0x0000000082b00000| Complete |  0
|  44|0x0000000082c00000, 0x0000000082d00000, 0x0000000082d00000|100%| E|CS|TAMS 0x0000000082c00000| PB 0x0000000082c00000| Complete |  0
|  45|0x0000000082d00000, 0x0000000082e00000, 0x0000000082e00000|100%| E|CS|TAMS 0x0000000082d00000| PB 0x0000000082d00000| Complete |  0
|  46|0x0000000082e00000, 0x0000000082f00000, 0x0000000082f00000|100%| E|CS|TAMS 0x0000000082e00000| PB 0x0000000082e00000| Complete |  0
|  47|0x0000000082f00000, 0x0000000083000000, 0x0000000083000000|100%| E|CS|TAMS 0x0000000082f00000| PB 0x0000000082f00000| Complete |  0
|  48|0x0000000083000000, 0x0000000083100000, 0x0000000083100000|100%| E|CS|TAMS 0x0000000083000000| PB 0x0000000083000000| Complete |  0
|  49|0x0000000083100000, 0x0000000083200000, 0x0000000083200000|100%| E|CS|TAMS 0x0000000083100000| PB 0x0000000083100000| Complete |  0
|  50|0x0000000083200000, 0x0000000083300000, 0x0000000083300000|100%| E|CS|TAMS 0x0000000083200000| PB 0x0000000083200000| Complete |  0
|  51|0x0000000083300000, 0x0000000083400000, 0x0000000083400000|100%| E|CS|TAMS 0x0000000083300000| PB 0x0000000083300000| Complete |  0
|  52|0x0000000083400000, 0x0000000083500000, 0x0000000083500000|100%| E|CS|TAMS 0x0000000083400000| PB 0x0000000083400000| Complete |  0
|  53|0x0000000083500000, 0x0000000083600000, 0x0000000083600000|100%| E|CS|TAMS 0x0000000083500000| PB 0x0000000083500000| Complete |  0
|  54|0x0000000083600000, 0x0000000083700000, 0x0000000083700000|100%| E|CS|TAMS 0x0000000083600000| PB 0x0000000083600000| Complete |  0
|  55|0x0000000083700000, 0x0000000083800000, 0x0000000083800000|100%| E|CS|TAMS 0x0000000083700000| PB 0x0000000083700000| Complete |  0
|  56|0x0000000083800000, 0x0000000083900000, 0x0000000083900000|100%| E|CS|TAMS 0x0000000083800000| PB 0x0000000083800000| Complete |  0
|  57|0x0000000083900000, 0x0000000083a00000, 0x0000000083a00000|100%| E|CS|TAMS 0x0000000083900000| PB 0x0000000083900000| Complete |  0
|  58|0x0000000083a00000, 0x0000000083b00000, 0x0000000083b00000|100%| E|CS|TAMS 0x0000000083a00000| PB 0x0000000083a00000| Complete |  0
|  59|0x0000000083b00000, 0x0000000083c00000, 0x0000000083c00000|100%| E|CS|TAMS 0x0000000083b00000| PB 0x0000000083b00000| Complete |  0
|  60|0x0000000083c00000, 0x0000000083d00000, 0x0000000083d00000|100%| E|CS|TAMS 0x0000000083c00000| PB 0x0000000083c00000| Complete |  0
|  61|0x0000000083d00000, 0x0000000083e00000, 0x0000000083e00000|100%| E|CS|TAMS 0x0000000083d00000| PB 0x0000000083d00000| Complete |  0
|  62|0x0000000083e00000, 0x0000000083f00000, 0x0000000083f00000|100%| E|CS|TAMS 0x0000000083e00000| PB 0x0000000083e00000| Complete |  0
|  63|0x0000000083f00000, 0x0000000084000000, 0x0000000084000000|100%| E|CS|TAMS 0x0000000083f00000| PB 0x0000000083f00000| Complete |  0
|  64|0x0000000084000000, 0x0000000084100000, 0x0000000084100000|100%| E|CS|TAMS 0x0000000084000000| PB 0x0000000084000000| Complete |  0
|  65|0x0000000084100000, 0x0000000084200000, 0x0000000084200000|100%| E|CS|TAMS 0x0000000084100000| PB 0x0000000084100000| Complete |  0
|  66|0x0000000084200000, 0x0000000084300000, 0x0000000084300000|100%| E|CS|TAMS 0x0000000084200000| PB 0x0000000084200000| Complete |  0
|  67|0x0000000084300000, 0x0000000084400000, 0x0000000084400000|100%| E|CS|TAMS 0x0000000084300000| PB 0x0000000084300000| Complete |  0
|  68|0x0000000084400000, 0x0000000084500000, 0x0000000084500000|100%| E|CS|TAMS 0x0000000084400000| PB 0x0000000084400000| Complete |  0
|  69|0x0000000084500000, 0x0000000084600000, 0x0000000084600000|100%| E|CS|TAMS 0x0000000084500000| PB 0x0000000084500000| Complete |  0
|  70|0x0000000084600000, 0x0000000084700000, 0x0000000084700000|100%| E|CS|TAMS 0x0000000084600000| PB 0x0000000084600000| Complete |  0
|  71|0x0000000084700000, 0x0000000084800000, 0x0000000084800000|100%| E|CS|TAMS 0x0000000084700000| PB 0x0000000084700000| Complete |  0
|  72|0x0000000084800000, 0x0000000084900000, 0x0000000084900000|100%| E|CS|TAMS 0x0000000084800000| PB 0x0000000084800000| Complete |  0
|  73|0x0000000084900000, 0x0000000084a00000, 0x0000000084a00000|100%| E|CS|TAMS 0x0000000084900000| PB 0x0000000084900000| Complete |  0
|  74|0x0000000084a00000, 0x0000000084b00000, 0x0000000084b00000|100%| E|CS|TAMS 0x0000000084a00000| PB 0x0000000084a00000| Complete |  0
|  75|0x0000000084b00000, 0x0000000084c00000, 0x0000000084c00000|100%| E|CS|TAMS 0x0000000084b00000| PB 0x0000000084b00000| Complete |  0
|  76|0x0000000084c00000, 0x0000000084d00000, 0x0000000084d00000|100%| S|CS|TAMS 0x0000000084c00000| PB 0x0000000084c00000| Complete |  0
|  77|0x0000000084d00000, 0x0000000084e00000, 0x0000000084e00000|100%| S|CS|TAMS 0x0000000084d00000| PB 0x0000000084d00000| Complete |  0
|  78|0x0000000084e00000, 0x0000000084f00000, 0x0000000084f00000|100%| S|CS|TAMS 0x0000000084e00000| PB 0x0000000084e00000| Complete |  0
|  79|0x0000000084f00000, 0x0000000085000000, 0x0000000085000000|100%| S|CS|TAMS 0x0000000084f00000| PB 0x0000000084f00000| Complete |  0
|  80|0x0000000085000000, 0x0000000085100000, 0x0000000085100000|100%| S|CS|TAMS 0x0000000085000000| PB 0x0000000085000000| Complete |  0
|  81|0x0000000085100000, 0x0000000085200000, 0x0000000085200000|100%| S|CS|TAMS 0x0000000085100000| PB 0x0000000085100000| Complete |  0
|  82|0x0000000085200000, 0x0000000085300000, 0x0000000085300000|100%| S|CS|TAMS 0x0000000085200000| PB 0x0000000085200000| Complete |  0
|  83|0x0000000085300000, 0x0000000085400000, 0x0000000085400000|100%| S|CS|TAMS 0x0000000085300000| PB 0x0000000085300000| Complete |  0
|  84|0x0000000085400000, 0x0000000085500000, 0x0000000085500000|100%| S|CS|TAMS 0x0000000085400000| PB 0x0000000085400000| Complete |  0
|  85|0x0000000085500000, 0x0000000085600000, 0x0000000085600000|100%| S|CS|TAMS 0x0000000085500000| PB 0x0000000085500000| Complete |  0
|  86|0x0000000085600000, 0x0000000085700000, 0x0000000085700000|100%| S|CS|TAMS 0x0000000085600000| PB 0x0000000085600000| Complete |  0
|  87|0x0000000085700000, 0x0000000085800000, 0x0000000085800000|100%| S|CS|TAMS 0x0000000085700000| PB 0x0000000085700000| Complete |  0
|  88|0x0000000085800000, 0x0000000085900000, 0x0000000085900000|100%| S|CS|TAMS 0x0000000085800000| PB 0x0000000085800000| Complete |  0
|  89|0x0000000085900000, 0x00000000859a5438, 0x0000000085a00000| 64%| S|CS|TAMS 0x0000000085900000| PB 0x0000000085900000| Complete |  0
| 221|0x000000008dd00000, 0x000000008de00000, 0x000000008de00000|100%| E|CS|TAMS 0x000000008dd00000| PB 0x000000008dd00000| Complete |  0
| 222|0x000000008de00000, 0x000000008df00000, 0x000000008df00000|100%| E|CS|TAMS 0x000000008de00000| PB 0x000000008de00000| Complete |  0
| 223|0x000000008df00000, 0x000000008e000000, 0x000000008e000000|100%| E|CS|TAMS 0x000000008df00000| PB 0x000000008df00000| Complete |  0
| 224|0x000000008e000000, 0x000000008e100000, 0x000000008e100000|100%| E|CS|TAMS 0x000000008e000000| PB 0x000000008e000000| Complete |  0
| 225|0x000000008e100000, 0x000000008e200000, 0x000000008e200000|100%| E|CS|TAMS 0x000000008e100000| PB 0x000000008e100000| Complete |  0
| 226|0x000000008e200000, 0x000000008e300000, 0x000000008e300000|100%| E|CS|TAMS 0x000000008e200000| PB 0x000000008e200000| Complete |  0
| 227|0x000000008e300000, 0x000000008e400000, 0x000000008e400000|100%| E|CS|TAMS 0x000000008e300000| PB 0x000000008e300000| Complete |  0
| 228|0x000000008e400000, 0x000000008e500000, 0x000000008e500000|100%| E|CS|TAMS 0x000000008e400000| PB 0x000000008e400000| Complete |  0
| 229|0x000000008e500000, 0x000000008e600000, 0x000000008e600000|100%| E|CS|TAMS 0x000000008e500000| PB 0x000000008e500000| Complete |  0
| 230|0x000000008e600000, 0x000000008e700000, 0x000000008e700000|100%| E|CS|TAMS 0x000000008e600000| PB 0x000000008e600000| Complete |  0
| 231|0x000000008e700000, 0x000000008e800000, 0x000000008e800000|100%| E|CS|TAMS 0x000000008e700000| PB 0x000000008e700000| Complete |  0
| 251|0x000000008fb00000, 0x000000008fc00000, 0x000000008fc00000|100%| E|CS|TAMS 0x000000008fb00000| PB 0x000000008fb00000| Complete |  0
|2046|0x00000000ffe00000, 0x00000000fff00000, 0x00000000fff00000|100%| O|  |TAMS 0x00000000ffe00000| PB 0x00000000ffe00000| Untracked |  0
|2047|0x00000000fff00000, 0x00000000fff25860, 0x0000000100000000| 14%| O|Cm|TAMS 0x00000000fff00000| PB 0x00000000fff00000| Complete |  0

Card table byte_map: [0x000001ad9fcb0000,0x000001ada00b0000] _byte_map_base: 0x000001ad9f8b0000

Marking Bits: (CMBitMap*) 0x000001ad87451fc0
 Bits: [0x000001ada00b0000, 0x000001ada20b0000)

Polling page: 0x000001ad851e0000

Metaspace:
Metaspace        used 31478K, committed 32832K, reserved 1114112K
 class space     used 4907K, committed 5568K, reserved 1048576K

Usage:
  Non-class:     25.95 MB used.
      Class:      4.79 MB used.
       Both:     30.74 MB used.

Virtual space:
  Non-class space:       64.00 MB reserved,      26.62 MB ( 42%) committed,  1 nodes.
      Class space:        1.00 GB reserved,       5.44 MB ( <1%) committed,  1 nodes.
             Both:        1.06 GB reserved,      32.06 MB (  3%) committed. 

Chunk freelists:
   Non-Class:  4.88 MB
       Class:  10.41 MB
        Both:  15.28 MB

MaxMetaspaceSize: unlimited
CompressedClassSpaceSize: 1.00 GB
Initial GC threshold: 21.00 MB
Current GC threshold: 35.12 MB
CDS: on
 - commit_granule_bytes: 65536.
 - commit_granule_words: 8192.
 - virtual_space_node_default_size: 8388608.
 - enlarge_chunks_in_place: 1.
UseCompressedClassPointers 1, UseCompactObjectHeaders 0
Narrow klass pointer bits 32, Max shift 3
Narrow klass base: 0x0000000014000000, Narrow klass shift: 0
Encoding Range: [0x0000000014000000 - 0x0000000114000000), (4294967296 bytes)
Klass Range:    [0x0000000014010000 - 0x0000000055000000), (1090453504 bytes)
Klass ID Range:  [65536 - 1090519033) (1090453497)
Protection zone: [0x0000000014000000 - 0x0000000014010000), (65536 bytes)


Internal statistics:

num_allocs_failed_limit: 3.
num_arena_births: 2326.
num_arena_deaths: 0.
num_vsnodes_births: 2.
num_vsnodes_deaths: 0.
num_space_committed: 513.
num_space_uncommitted: 0.
num_chunks_returned_to_freelist: 3.
num_chunks_taken_from_freelist: 3845.
num_chunk_merges: 3.
num_chunk_splits: 2467.
num_chunks_enlarged: 1491.
num_inconsistent_stats: 0.

CodeHeap 'non-profiled nmethods': size=119168Kb used=1865Kb max_used=1865Kb free=117302Kb
 bounds [0x000001ad97ab0000, 0x000001ad97d20000, 0x000001ad9ef10000]
CodeHeap 'profiled nmethods': size=119168Kb used=7417Kb max_used=7417Kb free=111750Kb
 bounds [0x000001ad8ff00000, 0x000001ad90640000, 0x000001ad97360000]
CodeHeap 'non-nmethods': size=7488Kb used=1512Kb max_used=2634Kb free=5975Kb
 bounds [0x000001ad97360000, 0x000001ad97680000, 0x000001ad97ab0000]
CodeCache: size=245824Kb, used=10794Kb, max_used=11916Kb, free=235027Kb
 total_blobs=5412, nmethods=4775, adapters=538, full_count=0
Compilation: enabled, stopped_count=0, restarted_count=0

Compilation events (20 events):
Event: 257.396 Thread 0x000001ada4eef300 nmethod 4783 0x000001ad9063a908 code [0x000001ad9063aa00, 0x000001ad9063ad18]
Event: 257.396 Thread 0x000001ada4eef300 4784       3       java.lang.management.MemoryUsage::<init> (170 bytes)
Event: 257.397 Thread 0x000001ada4eef300 nmethod 4784 0x000001ad9063ad88 code [0x000001ad9063ae80, 0x000001ad9063b870]
Event: 257.397 Thread 0x000001ada4eef300 4785       3       org.gradle.launcher.daemon.server.health.gc.GarbageCollectionEvent::<init> (21 bytes)
Event: 257.397 Thread 0x000001ada4eef300 nmethod 4785 0x000001ad9063b888 code [0x000001ad9063b980, 0x000001ad9063bb40]
Event: 258.381 Thread 0x000001ada4eef300 4787   !   3       org.gradle.launcher.daemon.server.health.gc.GarbageCollectionCheck::run (213 bytes)
Event: 259.071 Thread 0x000001ada4eef300 nmethod 4787 0x000001ad9063bb88 code [0x000001ad9063bc80, 0x000001ad9063e190]
Event: 263.182 Thread 0x000001ada4eef300 4791       1       org.gradle.cache.internal.filelock.DefaultLockOptions::isUseCrossVersionImplementation (5 bytes)
Event: 263.183 Thread 0x000001ada4eef300 nmethod 4791 0x000001ad97c80a08 code [0x000001ad97c80b00, 0x000001ad97c80bc8]
Event: 263.222 Thread 0x000001ada4eee6f0 4792       4       java.util.ArrayList::<init> (65 bytes)
Event: 263.227 Thread 0x000001ada4eee6f0 nmethod 4792 0x000001ad97c80d08 code [0x000001ad97c80e00, 0x000001ad97c815c8]
Event: 275.087 Thread 0x000001ada4eee6f0 4793       4       java.net.InetAddress::getByAddress (114 bytes)
Event: 275.090 Thread 0x000001ada4eef300 4794       3       java.io.FileInputStream::read (28 bytes)
Event: 275.091 Thread 0x000001ada4eef300 nmethod 4794 0x000001ad9063e208 code [0x000001ad9063e300, 0x000001ad9063e558]
Event: 275.095 Thread 0x000001ada4eee6f0 nmethod 4793 0x000001ad97c81608 code [0x000001ad97c81700, 0x000001ad97c81e58]
Event: 275.247 Thread 0x000001ada4eee6f0 4795       4       java.util.LinkedList$Node::<init> (20 bytes)
Event: 275.248 Thread 0x000001ada4eee6f0 nmethod 4795 0x000001ad97c81e88 code [0x000001ad97c81f80, 0x000001ad97c82390]
Event: 283.251 Thread 0x000001ada4eee6f0 4796       4       org.gradle.internal.remote.internal.inet.MultiChoiceAddressSerializer::read (95 bytes)
Event: 283.348 Thread 0x000001ada4eef300 4798       1       org.gradle.util.internal.DefaultGradleVersion::getVersion (5 bytes)
Event: 283.348 Thread 0x000001ada4eef300 nmethod 4798 0x000001ad97c82408 code [0x000001ad97c82500, 0x000001ad97c825c8]

GC Heap Usage History (8 events):
Event: 1.809 {heap Before GC invocations=0 (full 0):
 garbage-first heap   total reserved 2097152K, committed 260096K, used 52374K [0x0000000080000000, 0x0000000100000000)
  region size 1024K, 47 young (48128K), 0 survivors (0K)
}
Event: 1.818 {heap After GC invocations=1 (full 0):
 garbage-first heap   total reserved 2097152K, committed 260096K, used 12991K [0x0000000080000000, 0x0000000100000000)
  region size 1024K, 6 young (6144K), 6 survivors (6144K)
}
Event: 81.117 {heap Before GC invocations=1 (full 0):
 garbage-first heap   total reserved 2097152K, committed 260096K, used 120511K [0x0000000080000000, 0x0000000100000000)
  region size 1024K, 110 young (112640K), 6 survivors (6144K)
}
Event: 82.117 {heap After GC invocations=2 (full 0):
 garbage-first heap   total reserved 2097152K, committed 260096K, used 22974K [0x0000000080000000, 0x0000000100000000)
  region size 1024K, 14 young (14336K), 14 survivors (14336K)
}
Event: 99.542 {heap Before GC invocations=2 (full 0):
 garbage-first heap   total reserved 2097152K, committed 260096K, used 42430K [0x0000000080000000, 0x0000000100000000)
  region size 1024K, 34 young (34816K), 14 survivors (14336K)
}
Event: 99.600 {heap After GC invocations=3 (full 0):
 garbage-first heap   total reserved 2097152K, committed 260096K, used 25566K [0x0000000080000000, 0x0000000100000000)
  region size 1024K, 11 young (11264K), 11 survivors (11264K)
}
Event: 120.162 {heap Before GC invocations=4 (full 0):
 garbage-first heap   total reserved 2097152K, committed 92160K, used 90078K [0x0000000080000000, 0x0000000100000000)
  region size 1024K, 74 young (75776K), 11 survivors (11264K)
}
Event: 120.176 {heap After GC invocations=5 (full 0):
 garbage-first heap   total reserved 2097152K, committed 106496K, used 28773K [0x0000000080000000, 0x0000000100000000)
  region size 1024K, 14 young (14336K), 14 survivors (14336K)
}

Metaspace Usage History (8 events):
Event: 1.809 {metaspace Before GC invocations=0 (full 0):
 Metaspace       used 4615K, committed 4864K, reserved 1114112K
  class space    used 595K, committed 704K, reserved 1048576K
}
Event: 1.818 {metaspace After GC invocations=1 (full 0):
 Metaspace       used 4615K, committed 4864K, reserved 1114112K
  class space    used 595K, committed 704K, reserved 1048576K
}
Event: 81.118 {metaspace Before GC invocations=1 (full 0):
 Metaspace       used 18540K, committed 19072K, reserved 1114112K
  class space    used 2639K, committed 2880K, reserved 1048576K
}
Event: 82.117 {metaspace After GC invocations=2 (full 0):
 Metaspace       used 18540K, committed 19072K, reserved 1114112K
  class space    used 2639K, committed 2880K, reserved 1048576K
}
Event: 99.543 {metaspace Before GC invocations=2 (full 0):
 Metaspace       used 20822K, committed 21504K, reserved 1114112K
  class space    used 3040K, committed 3392K, reserved 1048576K
}
Event: 99.600 {metaspace After GC invocations=3 (full 0):
 Metaspace       used 20822K, committed 21504K, reserved 1114112K
  class space    used 3040K, committed 3392K, reserved 1048576K
}
Event: 120.162 {metaspace Before GC invocations=4 (full 0):
 Metaspace       used 27774K, committed 28864K, reserved 1114112K
  class space    used 4251K, committed 4800K, reserved 1048576K
}
Event: 120.176 {metaspace After GC invocations=5 (full 0):
 Metaspace       used 27774K, committed 28864K, reserved 1114112K
  class space    used 4251K, committed 4800K, reserved 1048576K
}

Dll operation events (20 events):
Event: 0.250 Attempting to load shared library C:\Program Files\Eclipse Adoptium\jdk-25.0.4.7-hotspot\bin\nio.dll
Event: 0.251 Loaded shared library C:\Program Files\Eclipse Adoptium\jdk-25.0.4.7-hotspot\bin\nio.dll
Event: 0.255 Attempting to load shared library C:\Program Files\Eclipse Adoptium\jdk-25.0.4.7-hotspot\bin\zip.dll
Event: 0.255 Loaded shared library C:\Program Files\Eclipse Adoptium\jdk-25.0.4.7-hotspot\bin\zip.dll
Event: 0.506 Attempting to load shared library C:\Program Files\Eclipse Adoptium\jdk-25.0.4.7-hotspot\bin\jimage.dll
Event: 0.506 Loaded shared library C:\Program Files\Eclipse Adoptium\jdk-25.0.4.7-hotspot\bin\jimage.dll
Event: 0.945 Attempting to load shared library C:\Program Files\Eclipse Adoptium\jdk-25.0.4.7-hotspot\bin\verify.dll
Event: 0.958 Loaded shared library C:\Program Files\Eclipse Adoptium\jdk-25.0.4.7-hotspot\bin\verify.dll
Event: 1.062 Attempting to load shared library C:\Users\leona\.gradle\native\660c5614fbf4a5f2a75b1949f50a0caf5cd603558e7d8a26e50b933a0cfb79d1\windows-amd64\native-platform.dll
Event: 1.062 Loaded shared library C:\Users\leona\.gradle\native\660c5614fbf4a5f2a75b1949f50a0caf5cd603558e7d8a26e50b933a0cfb79d1\windows-amd64\native-platform.dll
Event: 1.075 Attempting to load shared library C:\Users\leona\.gradle\native\0.2.8\x86_64-windows-gnu\gradle-fileevents.dll
Event: 1.075 Loaded shared library C:\Users\leona\.gradle\native\0.2.8\x86_64-windows-gnu\gradle-fileevents.dll
Event: 2.344 Attempting to load shared library C:\Program Files\Eclipse Adoptium\jdk-25.0.4.7-hotspot\bin\management.dll
Event: 2.344 Loaded shared library C:\Program Files\Eclipse Adoptium\jdk-25.0.4.7-hotspot\bin\management.dll
Event: 2.345 Attempting to load shared library C:\Program Files\Eclipse Adoptium\jdk-25.0.4.7-hotspot\bin\management_ext.dll
Event: 2.348 Loaded shared library C:\Program Files\Eclipse Adoptium\jdk-25.0.4.7-hotspot\bin\management_ext.dll
Event: 2.507 Attempting to load shared library C:\Program Files\Eclipse Adoptium\jdk-25.0.4.7-hotspot\bin\extnet.dll
Event: 2.518 Loaded shared library C:\Program Files\Eclipse Adoptium\jdk-25.0.4.7-hotspot\bin\extnet.dll
Event: 4.715 Attempting to load shared library C:\Program Files\Eclipse Adoptium\jdk-25.0.4.7-hotspot\bin\sunmscapi.dll
Event: 4.718 Loaded shared library C:\Program Files\Eclipse Adoptium\jdk-25.0.4.7-hotspot\bin\sunmscapi.dll

Deoptimization events (20 events):
Event: 132.027 Thread 0x000001ada5311990 Uncommon trap: trap_request=0xffffffc6 fr.pc=0x000001ad97b7b5d4 relative=0x00000000000013d4
Event: 132.027 Thread 0x000001ada5311990 Uncommon trap: reason=bimorphic_or_optimized_type_check action=maybe_recompile pc=0x000001ad97b7b5d4 method=java.io.DataInputStream.readFully([BII)V @ 30 c2
Event: 132.027 Thread 0x000001ada5311990 DEOPT PACKING pc=0x000001ad97b7b5d4 sp=0x000000a8da3fe3c0
Event: 132.027 Thread 0x000001ada5311990 DEOPT UNPACKING pc=0x000001ad97481082 sp=0x000000a8da3fe398 mode 2
Event: 234.104 Thread 0x000001adab6e1d00 Uncommon trap: trap_request=0xffffff45 fr.pc=0x000001ad97c0a884 relative=0x0000000000000584
Event: 234.105 Thread 0x000001adab6e1d00 Uncommon trap: reason=unstable_if action=reinterpret pc=0x000001ad97c0a884 method=java.io.DataInputStream.readBoolean()Z @ 4 c2
Event: 234.105 Thread 0x000001adab6e1d00 DEOPT PACKING pc=0x000001ad97c0a884 sp=0x000000a8d9cfe900
Event: 234.165 Thread 0x000001adab6e1d00 DEOPT UNPACKING pc=0x000001ad97481082 sp=0x000000a8d9cfe860 mode 2
Event: 234.181 Thread 0x000001adacc4d440 Uncommon trap: trap_request=0xffffffde fr.pc=0x000001ad97b7cc24 relative=0x0000000000000ba4
Event: 234.181 Thread 0x000001adacc4d440 Uncommon trap: reason=class_check action=maybe_recompile pc=0x000001ad97b7cc24 method=java.io.BufferedInputStream.read([BII)I @ 100 c2
Event: 234.181 Thread 0x000001adacc4d440 DEOPT PACKING pc=0x000001ad97b7cc24 sp=0x000000a8da6fe3e0
Event: 234.201 Thread 0x000001adacc4d440 DEOPT UNPACKING pc=0x000001ad97481082 sp=0x000000a8da6fe398 mode 2
Event: 234.388 Thread 0x000001adacc4d440 Uncommon trap: trap_request=0xffffff45 fr.pc=0x000001ad97c6f160 relative=0x0000000000000560
Event: 234.389 Thread 0x000001adacc4d440 Uncommon trap: reason=unstable_if action=reinterpret pc=0x000001ad97c6f160 method=java.util.concurrent.locks.AbstractQueuedSynchronizer$ConditionObject.awaitNanos(J)J @ 68 c2
Event: 234.389 Thread 0x000001adacc4d440 DEOPT PACKING pc=0x000001ad97c6f160 sp=0x000000a8da6fef50
Event: 234.389 Thread 0x000001adacc4d440 DEOPT UNPACKING pc=0x000001ad97481082 sp=0x000000a8da6feef0 mode 2
Event: 239.094 Thread 0x000001adab5088c0 Uncommon trap: trap_request=0xffffff45 fr.pc=0x000001ad97c7cc60 relative=0x0000000000000060
Event: 239.094 Thread 0x000001adab5088c0 Uncommon trap: reason=unstable_if action=reinterpret pc=0x000001ad97c7cc60 method=java.util.stream.StreamOpFlag.fromCharacteristics(Ljava/util/Spliterator;)I @ 10 c2
Event: 239.094 Thread 0x000001adab5088c0 DEOPT PACKING pc=0x000001ad97c7cc60 sp=0x000000a8d9ff9c40
Event: 239.095 Thread 0x000001adab5088c0 DEOPT UNPACKING pc=0x000001ad97481082 sp=0x000000a8d9ff9bd8 mode 2

Classes loaded (20 events):
Event: 131.209 Loading class java/math/MutableBigInteger
Event: 131.210 Loading class java/math/MutableBigInteger done
Event: 132.036 Loading class java/nio/charset/CharacterCodingException
Event: 132.036 Loading class java/nio/charset/CharacterCodingException done
Event: 132.042 Loading class java/nio/file/FileTreeWalker
Event: 132.043 Loading class java/nio/file/FileTreeWalker done
Event: 132.044 Loading class java/nio/file/FileTreeWalker$DirectoryNode
Event: 132.047 Loading class java/nio/file/FileTreeWalker$DirectoryNode done
Event: 132.050 Loading class java/nio/file/FileTreeWalker$Event
Event: 132.050 Loading class java/nio/file/FileTreeWalker$Event done
Event: 132.050 Loading class java/nio/file/FileTreeWalker$EventType
Event: 132.050 Loading class java/nio/file/FileTreeWalker$EventType done
Event: 132.050 Loading class java/nio/file/Files$3
Event: 132.050 Loading class java/nio/file/Files$3 done
Event: 132.052 Loading class java/nio/file/FileVisitResult
Event: 132.052 Loading class java/nio/file/FileVisitResult done
Event: 238.968 Loading class java/util/Spliterator$OfDouble
Event: 239.008 Loading class java/util/Spliterator$OfDouble done
Event: 239.094 Loading class java/util/stream/Streams$RangeIntSpliterator
Event: 239.094 Loading class java/util/stream/Streams$RangeIntSpliterator done

Classes unloaded (0 events):
No events

Classes redefined (0 events):
No events

Internal exceptions (20 events):
Event: 119.730 Thread 0x000001adab5088c0 Exception <a 'java/lang/NoSuchMethodError'{0x000000008117dcd0}: 'java.lang.Object java.lang.invoke.DirectMethodHandle$Holder.invokeVirtual(java.lang.Object, java.lang.Object, java.lang.Object, java.lang.Object, java.lang.Object, java.lang.Object, java.lang.Object, java.lang.Object, java.lang.Object, java.lang.Object, java.lang.Object, java.lang.Object, java.lang.Object, java.lang.Object, java.lang.Object, java.lang.Object, java.lang.Object, java.lang.Object, java.lang.Object, java.lang.Object, java.lang.Ob
Event: 119.731 Thread 0x000001adab5088c0 Exception <a 'java/lang/NoSuchMethodError'{0x00000000811891f8}: 'java.lang.Object java.lang.invoke.DirectMethodHandle$Holder.invokeSpecial(java.lang.Object, java.lang.Object, java.lang.Object, java.lang.Object, java.lang.Object, java.lang.Object, java.lang.Object, java.lang.Object, java.lang.Object, java.lang.Object, java.lang.Object, java.lang.Object, java.lang.Object, java.lang.Object, java.lang.Object, java.lang.Object, java.lang.Object, java.lang.Object, java.lang.Object, java.lang.Object, java.lang.Ob
Event: 119.731 Thread 0x000001adab5088c0 Exception <a 'java/lang/NoSuchMethodError'{0x0000000081193980}: 'java.lang.Object java.lang.invoke.DelegatingMethodHandle$Holder.reinvoke_L(java.lang.Object, java.lang.Object, java.lang.Object, java.lang.Object, java.lang.Object, java.lang.Object, java.lang.Object, java.lang.Object, java.lang.Object, java.lang.Object, java.lang.Object, java.lang.Object, java.lang.Object, java.lang.Object, java.lang.Object, java.lang.Object, java.lang.Object, java.lang.Object, java.lang.Object, java.lang.Object, java.lang.O
Event: 120.009 Thread 0x000001adab5088c0 Implicit null exception at 0x000001ad97b73acc to 0x000001ad97b73d3c
Event: 122.534 Thread 0x000001adab5088c0 Exception <a 'java/lang/NoSuchMethodError'{0x000000008e2c7550}: 'java.lang.Object java.lang.invoke.DirectMethodHandle$Holder.newInvokeSpecial(java.lang.Object, java.lang.Object, int, int)'> (0x000000008e2c7550) 
thrown [s\src\hotspot\share\interpreter\linkResolver.cpp, line 804]
Event: 122.682 Thread 0x000001adab5088c0 Exception <a 'java/lang/NoSuchMethodError'{0x000000008e123638}: 'void java.lang.invoke.DirectMethodHandle$Holder.invokeSpecial(java.lang.Object, java.lang.Object, int)'> (0x000000008e123638) 
thrown [s\src\hotspot\share\interpreter\linkResolver.cpp, line 804]
Event: 122.683 Thread 0x000001adab5088c0 Exception <a 'java/lang/NoSuchMethodError'{0x000000008e12c550}: 'void java.lang.invoke.Invokers$Holder.invokeExact_MT(java.lang.Object, int, java.lang.Object)'> (0x000000008e12c550) 
thrown [s\src\hotspot\share\interpreter\linkResolver.cpp, line 804]
Event: 124.688 Thread 0x000001adab5088c0 Exception <a 'java/lang/NoSuchMethodError'{0x000000008de4ae08}: 'java.lang.Object java.lang.invoke.DirectMethodHandle$Holder.newInvokeSpecial(java.lang.Object, java.lang.Object, java.lang.Object, java.lang.Object, java.lang.Object, java.lang.Object, java.lang.Object, java.lang.Object, java.lang.Object, java.lang.Object, java.lang.Object)'> (0x000000008de4ae08) 
thrown [s\src\hotspot\share\interpreter\linkResolver.cpp, line 804]
Event: 125.321 Thread 0x000001adab5088c0 Exception <a 'java/lang/NoSuchMethodError'{0x0000000084ac6a68}: 'java.lang.Object java.lang.invoke.Invokers$Holder.linkToTargetMethod(java.lang.Object, java.lang.Object, java.lang.Object, java.lang.Object, java.lang.Object, java.lang.Object, java.lang.Object, java.lang.Object, java.lang.Object, java.lang.Object, java.lang.Object, java.lang.Object)'> (0x0000000084ac6a68) 
thrown [s\src\hotspot\share\interpreter\linkResolver.cpp, line 804]
Event: 130.654 Thread 0x000001adab5088c0 Exception <a 'java/lang/NoSuchMethodError'{0x00000000842da428}: 'java.lang.Object java.lang.invoke.DelegatingMethodHandle$Holder.reinvoke_L(java.lang.Object, java.lang.Object, java.lang.Object, java.lang.Object, java.lang.Object, java.lang.Object, java.lang.Object, java.lang.Object, java.lang.Object, java.lang.Object, java.lang.Object, java.lang.Object, java.lang.Object, java.lang.Object, java.lang.Object, java.lang.Object, java.lang.Object, java.lang.Object, java.lang.Object, java.lang.Object, java.lang.O
Event: 130.659 Thread 0x000001adab5088c0 Exception <a 'java/lang/NoSuchMethodError'{0x00000000840d6870}: 'java.lang.Object java.lang.invoke.DirectMethodHandle$Holder.invokeStatic(java.lang.Object, java.lang.Object, java.lang.Object, java.lang.Object, java.lang.Object, java.lang.Object, java.lang.Object, java.lang.Object, java.lang.Object, java.lang.Object, java.lang.Object, java.lang.Object, java.lang.Object, java.lang.Object, java.lang.Object, java.lang.Object, java.lang.Object, java.lang.Object, java.lang.Object, java.lang.Object, java.lang.Obj
Event: 130.661 Thread 0x000001adab5088c0 Exception <a 'java/lang/NoSuchMethodError'{0x0000000083f17e00}: 'java.lang.Object java.lang.invoke.DirectMethodHandle$Holder.invokeStatic(java.lang.Object, java.lang.Object, java.lang.Object, java.lang.Object, java.lang.Object, java.lang.Object, java.lang.Object, java.lang.Object, java.lang.Object, java.lang.Object, java.lang.Object, java.lang.Object, java.lang.Object, java.lang.Object, java.lang.Object, java.lang.Object, java.lang.Object, java.lang.Object, java.lang.Object, java.lang.Object, java.lang.Obj
Event: 130.662 Thread 0x000001adab5088c0 Exception <a 'java/lang/NoSuchMethodError'{0x0000000083f5a2a8}: 'java.lang.Object java.lang.invoke.DirectMethodHandle$Holder.invokeStatic(java.lang.Object, java.lang.Object, java.lang.Object, java.lang.Object, java.lang.Object, java.lang.Object, java.lang.Object, java.lang.Object, java.lang.Object, java.lang.Object, java.lang.Object, java.lang.Object, java.lang.Object, java.lang.Object, java.lang.Object, java.lang.Object, java.lang.Object, java.lang.Object, java.lang.Object, java.lang.Object, java.lang.Obj
Event: 130.664 Thread 0x000001adab5088c0 Exception <a 'java/lang/NoSuchMethodError'{0x0000000083f9e958}: 'java.lang.Object java.lang.invoke.DirectMethodHandle$Holder.invokeStatic(java.lang.Object, java.lang.Object, java.lang.Object, java.lang.Object, java.lang.Object, java.lang.Object, java.lang.Object, java.lang.Object, java.lang.Object, java.lang.Object, java.lang.Object, java.lang.Object, java.lang.Object, java.lang.Object, java.lang.Object, java.lang.Object, java.lang.Object, java.lang.Object, java.lang.Object, java.lang.Object, java.lang.Obj
Event: 130.665 Thread 0x000001adab5088c0 Exception <a 'java/lang/NoSuchMethodError'{0x0000000083fe2d48}: 'java.lang.Object java.lang.invoke.DirectMethodHandle$Holder.invokeStatic(java.lang.Object, java.lang.Object, java.lang.Object, java.lang.Object, java.lang.Object, java.lang.Object, java.lang.Object, java.lang.Object, java.lang.Object, java.lang.Object, java.lang.Object, java.lang.Object, java.lang.Object, java.lang.Object, java.lang.Object, java.lang.Object, java.lang.Object, java.lang.Object, java.lang.Object, java.lang.Object, java.lang.Obj
Event: 131.391 Thread 0x000001adab5088c0 Exception <a 'java/lang/IncompatibleClassChangeError'{0x0000000083991df0}: Found class java.lang.Object, but interface was expected> (0x0000000083991df0) 
thrown [s\src\hotspot\share\interpreter\linkResolver.cpp, line 871]
Event: 132.008 Thread 0x000001adab5088c0 Exception <a 'java/lang/NoSuchMethodError'{0x0000000083704b50}: 'java.lang.Object java.lang.invoke.DirectMethodHandle$Holder.newInvokeSpecial(java.lang.Object, java.lang.Object, long)'> (0x0000000083704b50) 
thrown [s\src\hotspot\share\interpreter\linkResolver.cpp, line 804]
Event: 132.009 Thread 0x000001adab5088c0 Exception <a 'java/lang/NoSuchMethodError'{0x000000008370e350}: 'java.lang.Object java.lang.invoke.Invokers$Holder.linkToTargetMethod(java.lang.Object, long, java.lang.Object)'> (0x000000008370e350) 
thrown [s\src\hotspot\share\interpreter\linkResolver.cpp, line 804]
Event: 236.467 Thread 0x000001adab5088c0 Exception <a 'java/lang/NoSuchMethodError'{0x0000000082de5dd0}: 'int java.lang.invoke.DirectMethodHandle$Holder.invokeInterface(java.lang.Object, java.lang.Object)'> (0x0000000082de5dd0) 
thrown [s\src\hotspot\share\interpreter\linkResolver.cpp, line 804]
Event: 238.918 Thread 0x000001adab5088c0 Exception <a 'java/lang/NoSuchMethodError'{0x0000000082c84110}: 'java.lang.Object java.lang.invoke.DirectMethodHandle$Holder.invokeVirtual(java.lang.Object, java.lang.Object, int)'> (0x0000000082c84110) 
thrown [s\src\hotspot\share\interpreter\linkResolver.cpp, line 804]

VM Operations (20 events):
Event: 118.336 Executing non-safepoint VM operation: HandshakeAllThreads (Deoptimize)
Event: 118.336 Executing non-safepoint VM operation: HandshakeAllThreads (Deoptimize) done
Event: 120.040 Executing non-safepoint VM operation: HandshakeAllThreads (Deoptimize)
Event: 120.040 Executing non-safepoint VM operation: HandshakeAllThreads (Deoptimize) done
Event: 120.162 Executing safepoint VM operation: G1CollectForAllocation (G1 Evacuation Pause)
Event: 120.176 Executing safepoint VM operation: G1CollectForAllocation (G1 Evacuation Pause) done
Event: 120.415 Executing non-safepoint VM operation: HandshakeAllThreads (HandshakeForDeflation)
Event: 120.434 Executing non-safepoint VM operation: HandshakeAllThreads (HandshakeForDeflation) done
Event: 120.435 Executing non-safepoint VM operation: RendezvousGCThreads
Event: 120.435 Executing non-safepoint VM operation: RendezvousGCThreads done
Event: 131.395 Executing non-safepoint VM operation: HandshakeAllThreads (Deoptimize)
Event: 131.395 Executing non-safepoint VM operation: HandshakeAllThreads (Deoptimize) done
Event: 132.016 Executing non-safepoint VM operation: HandshakeAllThreads (Deoptimize)
Event: 132.022 Executing non-safepoint VM operation: HandshakeAllThreads (Deoptimize) done
Event: 132.025 Executing non-safepoint VM operation: HandshakeAllThreads (Deoptimize)
Event: 132.025 Executing non-safepoint VM operation: HandshakeAllThreads (Deoptimize) done
Event: 180.633 Executing non-safepoint VM operation: HandshakeAllThreads (HandshakeForDeflation)
Event: 180.637 Executing non-safepoint VM operation: HandshakeAllThreads (HandshakeForDeflation) done
Event: 180.637 Executing non-safepoint VM operation: RendezvousGCThreads
Event: 180.637 Executing non-safepoint VM operation: RendezvousGCThreads done

Memory protections (0 events):
No events

Nmethod flushes (0 events):
No events

Events (20 events):
Event: 86.687 Thread 0x000001ada4eef300 Thread added: 0x000001adab4f7b00
Event: 86.688 Thread 0x000001ada4eef300 Thread added: 0x000001adab4fcba0
Event: 87.251 Thread 0x000001adab4fcba0 Thread exited: 0x000001adab4fcba0
Event: 87.251 Thread 0x000001adab4f7b00 Thread exited: 0x000001adab4f7b00
Event: 106.396 Thread 0x000001ada4eef300 Thread added: 0x000001adab4f7b00
Event: 107.839 Thread 0x000001adab4f7b00 Thread exited: 0x000001adab4f7b00
Event: 108.213 Thread 0x000001adab5088c0 Thread added: 0x000001adaa095e70
Event: 108.687 Thread 0x000001adab5088c0 Thread added: 0x000001adaa094ed0
Event: 110.317 Thread 0x000001adacc4dc10 Thread exited: 0x000001adacc4dc10
Event: 114.705 Thread 0x000001adab5088c0 Thread added: 0x000001adaa093760
Event: 114.705 Thread 0x000001adacc49d90 Thread added: 0x000001adaa0975e0
Event: 114.767 Thread 0x000001adab5088c0 Thread added: 0x000001adaa099520
Event: 117.854 Thread 0x000001adab5088c0 Thread added: 0x000001adaa099cf0
Event: 119.087 Thread 0x000001adab5088c0 Thread added: 0x000001adaa09ac90
Event: 120.065 Thread 0x000001ada4eef300 Thread added: 0x000001adab4f7b00
Event: 122.561 Thread 0x000001adab4f7b00 Thread exited: 0x000001adab4f7b00
Event: 125.509 Thread 0x000001adab5088c0 Thread added: 0x000001adacc4dc10
Event: 127.472 Thread 0x000001adab5088c0 Thread added: 0x000001adabd32770
Event: 192.960 Thread 0x000001adaa0975e0 Thread exited: 0x000001adaa0975e0
Event: 229.802 Thread 0x000001adacc49d90 Thread added: 0x000001adabd32f40


Dynamic libraries:
0x00007ff7cc220000 - 0x00007ff7cc22e000 	C:\Program Files\Eclipse Adoptium\jdk-25.0.4.7-hotspot\bin\java.exe
0x00007ffff7ee0000 - 0x00007ffff8146000 	C:\WINDOWS\SYSTEM32\ntdll.dll
0x00007ffff7dd0000 - 0x00007ffff7e99000 	C:\WINDOWS\System32\KERNEL32.DLL
0x00007ffff54a0000 - 0x00007ffff589f000 	C:\WINDOWS\System32\KERNELBASE.dll
0x00007ffff50f0000 - 0x00007ffff523c000 	C:\WINDOWS\System32\ucrtbase.dll
0x00007fffc44d0000 - 0x00007fffc44e6000 	C:\Program Files\Eclipse Adoptium\jdk-25.0.4.7-hotspot\bin\jli.dll
0x00007ffff6660000 - 0x00007ffff6826000 	C:\WINDOWS\System32\USER32.dll
0x00007fffdae90000 - 0x00007fffdb121000 	C:\WINDOWS\WinSxS\amd64_microsoft.windows.common-controls_6595b64144ccf1df_6.0.26100.8972_none_3e0da176e32f9d4b\COMCTL32.dll
0x00007ffff5aa0000 - 0x00007ffff5ac7000 	C:\WINDOWS\System32\win32u.dll
0x00007ffff5db0000 - 0x00007ffff5ddb000 	C:\WINDOWS\System32\GDI32.dll
0x00007ffff5970000 - 0x00007ffff5a99000 	C:\WINDOWS\System32\gdi32full.dll
0x00007ffff7020000 - 0x00007ffff70c9000 	C:\WINDOWS\System32\msvcrt.dll
0x00007ffff5b60000 - 0x00007ffff5c03000 	C:\WINDOWS\System32\msvcp_win.dll
0x00007fffc3320000 - 0x00007fffc333e000 	C:\Program Files\Eclipse Adoptium\jdk-25.0.4.7-hotspot\bin\VCRUNTIME140.dll
0x00007ffff71f0000 - 0x00007ffff7222000 	C:\WINDOWS\System32\IMM32.DLL
0x00007fffceb40000 - 0x00007fffceb4c000 	C:\Program Files\Eclipse Adoptium\jdk-25.0.4.7-hotspot\bin\vcruntime140_1.dll
0x00007fffbd640000 - 0x00007fffbd6cd000 	C:\Program Files\Eclipse Adoptium\jdk-25.0.4.7-hotspot\bin\msvcp140.dll
0x00007fff65b20000 - 0x00007fff66a51000 	C:\Program Files\Eclipse Adoptium\jdk-25.0.4.7-hotspot\bin\server\jvm.dll
0x00007ffff6ae0000 - 0x00007ffff6b9c000 	C:\WINDOWS\System32\ADVAPI32.dll
0x00007ffff65b0000 - 0x00007ffff665a000 	C:\WINDOWS\System32\sechost.dll
0x00007ffff6830000 - 0x00007ffff6948000 	C:\WINDOWS\System32\RPCRT4.dll
0x00007ffff5de0000 - 0x00007ffff5e62000 	C:\WINDOWS\System32\WS2_32.dll
0x00007ffff49b0000 - 0x00007ffff4a0e000 	C:\WINDOWS\SYSTEM32\POWRPROF.dll
0x00007fffe7ae0000 - 0x00007fffe7b16000 	C:\WINDOWS\SYSTEM32\WINMM.dll
0x00007fffecf60000 - 0x00007fffecf6b000 	C:\WINDOWS\SYSTEM32\VERSION.dll
0x00007ffff4990000 - 0x00007ffff49a5000 	C:\WINDOWS\SYSTEM32\UMPDC.dll
0x00007ffff3da0000 - 0x00007ffff3dbb000 	C:\WINDOWS\SYSTEM32\kernel.appcore.dll
0x00007fffcdfb0000 - 0x00007fffcdfba000 	C:\Program Files\Eclipse Adoptium\jdk-25.0.4.7-hotspot\bin\jimage.dll
0x00007ffff2610000 - 0x00007ffff2852000 	C:\WINDOWS\SYSTEM32\DBGHELP.DLL
0x00007ffff79c0000 - 0x00007ffff7d45000 	C:\WINDOWS\System32\combase.dll
0x00007ffff6bb0000 - 0x00007ffff6c89000 	C:\WINDOWS\System32\OLEAUT32.dll
0x00007fffcc1e0000 - 0x00007fffcc21b000 	C:\WINDOWS\SYSTEM32\dbgcore.DLL
0x00007ffff53e0000 - 0x00007ffff548c000 	C:\WINDOWS\System32\bcryptPrimitives.dll
0x00007fffcdf50000 - 0x00007fffcdf5f000 	C:\Program Files\Eclipse Adoptium\jdk-25.0.4.7-hotspot\bin\instrument.dll
0x00007fffc0dc0000 - 0x00007fffc0dde000 	C:\Program Files\Eclipse Adoptium\jdk-25.0.4.7-hotspot\bin\java.dll
0x00007ffff5f80000 - 0x00007ffff6119000 	C:\WINDOWS\System32\ole32.dll
0x00007ffff7230000 - 0x00007ffff79b8000 	C:\WINDOWS\System32\SHELL32.dll
0x00007ffff2b80000 - 0x00007ffff341b000 	C:\WINDOWS\SYSTEM32\windows.storage.dll
0x00007ffff5c10000 - 0x00007ffff5d09000 	C:\WINDOWS\System32\SHCORE.dll
0x00007ffff5d10000 - 0x00007ffff5d76000 	C:\WINDOWS\System32\shlwapi.dll
0x00007ffff5010000 - 0x00007ffff5039000 	C:\WINDOWS\SYSTEM32\profapi.dll
0x00007fffc0da0000 - 0x00007fffc0db6000 	C:\Program Files\Eclipse Adoptium\jdk-25.0.4.7-hotspot\bin\zip.dll
0x00007fffc02b0000 - 0x00007fffc02c1000 	C:\Program Files\Eclipse Adoptium\jdk-25.0.4.7-hotspot\bin\net.dll
0x00007ffff4330000 - 0x00007ffff439c000 	C:\WINDOWS\system32\mswsock.dll
0x00007fffbedf0000 - 0x00007fffbee06000 	C:\Program Files\Eclipse Adoptium\jdk-25.0.4.7-hotspot\bin\nio.dll
0x00007fffccc50000 - 0x00007fffccc60000 	C:\Program Files\Eclipse Adoptium\jdk-25.0.4.7-hotspot\bin\verify.dll
0x00007fffc4ab0000 - 0x00007fffc4ad7000 	C:\Users\leona\.gradle\native\660c5614fbf4a5f2a75b1949f50a0caf5cd603558e7d8a26e50b933a0cfb79d1\windows-amd64\native-platform.dll
0x00007fffbbe00000 - 0x00007fffbbe77000 	C:\Users\leona\.gradle\native\0.2.8\x86_64-windows-gnu\gradle-fileevents.dll
0x00007fffcc710000 - 0x00007fffcc71a000 	C:\Program Files\Eclipse Adoptium\jdk-25.0.4.7-hotspot\bin\management.dll
0x00007fffcc300000 - 0x00007fffcc30c000 	C:\Program Files\Eclipse Adoptium\jdk-25.0.4.7-hotspot\bin\management_ext.dll
0x00007ffff5f70000 - 0x00007ffff5f78000 	C:\WINDOWS\System32\PSAPI.DLL
0x00007ffff3750000 - 0x00007ffff3783000 	C:\WINDOWS\SYSTEM32\IPHLPAPI.DLL
0x00007ffff6950000 - 0x00007ffff695a000 	C:\WINDOWS\System32\NSI.dll
0x00007fffcbc00000 - 0x00007fffcbc09000 	C:\Program Files\Eclipse Adoptium\jdk-25.0.4.7-hotspot\bin\extnet.dll
0x00007ffff4750000 - 0x00007ffff476b000 	C:\WINDOWS\SYSTEM32\CRYPTSP.dll
0x00007ffff3d00000 - 0x00007ffff3d39000 	C:\WINDOWS\system32\rsaenh.dll
0x00007ffff43e0000 - 0x00007ffff4412000 	C:\WINDOWS\SYSTEM32\USERENV.dll
0x00007ffff4fe0000 - 0x00007ffff500a000 	C:\WINDOWS\SYSTEM32\bcrypt.dll
0x00007ffff4590000 - 0x00007ffff459c000 	C:\WINDOWS\SYSTEM32\CRYPTBASE.dll
0x00007fffca5a0000 - 0x00007fffca5ae000 	C:\Program Files\Eclipse Adoptium\jdk-25.0.4.7-hotspot\bin\sunmscapi.dll
0x00007ffff5250000 - 0x00007ffff53ce000 	C:\WINDOWS\System32\CRYPT32.dll
0x00007ffff4950000 - 0x00007ffff4980000 	C:\WINDOWS\SYSTEM32\ncrypt.dll
0x00007ffff4900000 - 0x00007ffff493f000 	C:\WINDOWS\SYSTEM32\NTASN1.dll
0x00007fffe5710000 - 0x00007fffe5718000 	C:\WINDOWS\system32\wshunix.dll

JVMTI agents:
C:\Users\leona\.gradle\wrapper\dists\gradle-9.6.0-bin\42k10rwplmzkhuboz9kdazi7s\gradle-9.6.0\lib\agents\gradle-instrumentation-agent-9.6.0.jar path:C:\Program Files\Eclipse Adoptium\jdk-25.0.4.7-hotspot\bin\instrument.dll, loaded, initialized, instrumentlib options:none

dbghelp: loaded successfully - version: 4.0.5 - missing functions: none
symbol engine: initialized successfully - sym options: 0x614 - pdb path: .;C:\Program Files\Eclipse Adoptium\jdk-25.0.4.7-hotspot\bin;C:\WINDOWS\SYSTEM32;C:\WINDOWS\WinSxS\amd64_microsoft.windows.common-controls_6595b64144ccf1df_6.0.26100.8972_none_3e0da176e32f9d4b;C:\Program Files\Eclipse Adoptium\jdk-25.0.4.7-hotspot\bin\server;C:\Users\leona\.gradle\native\660c5614fbf4a5f2a75b1949f50a0caf5cd603558e7d8a26e50b933a0cfb79d1\windows-amd64;C:\Users\leona\.gradle\native\0.2.8\x86_64-windows-gnu

VM Arguments:
jvm_args: --add-opens=java.base/java.lang=ALL-UNNAMED --add-opens=java.base/java.lang.invoke=ALL-UNNAMED --add-opens=java.base/java.util=ALL-UNNAMED --add-opens=java.prefs/java.util.prefs=ALL-UNNAMED --add-exports=jdk.compiler/com.sun.tools.javac.api=ALL-UNNAMED --add-exports=jdk.compiler/com.sun.tools.javac.util=ALL-UNNAMED --add-opens=java.base/java.nio.charset=ALL-UNNAMED --add-opens=java.base/java.net=ALL-UNNAMED --add-opens=java.base/java.util.concurrent=ALL-UNNAMED --add-opens=java.base/java.util.concurrent.atomic=ALL-UNNAMED --add-opens=java.xml/javax.xml.namespace=ALL-UNNAMED --add-opens=java.base/java.time=ALL-UNNAMED --enable-native-access=ALL-UNNAMED -Xmx2048m -Dfile.encoding=UTF-8 -Duser.country=US -Duser.language=en -Duser.variant -javaagent:C:\Users\leona\.gradle\wrapper\dists\gradle-9.6.0-bin\42k10rwplmzkhuboz9kdazi7s\gradle-9.6.0\lib\agents\gradle-instrumentation-agent-9.6.0.jar 
java_command: org.gradle.launcher.daemon.bootstrap.GradleDaemon 9.6.0
java_class_path (initial): C:\Users\leona\.gradle\wrapper\dists\gradle-9.6.0-bin\42k10rwplmzkhuboz9kdazi7s\gradle-9.6.0\lib\gradle-daemon-main-9.6.0.jar
Launcher Type: SUN_STANDARD

[Global flags]
     intx CICompilerCount                          = 12                                        {product} {ergonomic}
     uint ConcGCThreads                            = 3                                         {product} {ergonomic}
     uint G1ConcRefinementThreads                  = 13                                        {product} {ergonomic}
   size_t G1HeapRegionSize                         = 1048576                                   {product} {ergonomic}
   size_t InitialHeapSize                          = 264241152                                 {product} {ergonomic}
   size_t MarkStackSize                            = 4194304                                   {product} {ergonomic}
   size_t MarkStackSizeMax                         = 536870912                                 {product} {ergonomic}
   size_t MaxHeapSize                              = 2147483648                                {product} {command line}
   size_t MaxNewSize                               = 1287651328                                {product} {ergonomic}
   size_t MinHeapDeltaBytes                        = 1048576                                   {product} {ergonomic}
   size_t MinHeapSize                              = 8388608                                   {product} {ergonomic}
    uintx NonNMethodCodeHeapSize                   = 7667712                                {pd product} {ergonomic}
    uintx NonProfiledCodeHeapSize                  = 122028032                              {pd product} {ergonomic}
    uintx ProfiledCodeHeapSize                     = 122028032                              {pd product} {ergonomic}
    uintx ReservedCodeCacheSize                    = 251723776                              {pd product} {ergonomic}
     bool SegmentedCodeCache                       = true                                      {product} {ergonomic}
   size_t SoftMaxHeapSize                          = 2147483648                             {manageable} {ergonomic}
     bool UseCompressedOops                        = true                           {product lp64_product} {ergonomic}
     bool UseG1GC                                  = true                                      {product} {ergonomic}
     bool UseLargePagesIndividualAllocation        = false                                  {pd product} {ergonomic}

Logging:
Log output configuration:
 #0: stdout all=warning uptime,level,tags foldmultilines=false
 #1: stderr all=off uptime,level,tags foldmultilines=false

Release file:
IMPLEMENTOR="Eclipse Adoptium" 
IMPLEMENTOR_VERSION="Temurin-25.0.4+7" 
JAVA_RUNTIME_VERSION="25.0.4+7-LTS" 
JAVA_VERSION="25.0.4" 
JAVA_VERSION_DATE="2026-07-21" 
LIBC="default" 
MODULES="java.base java.compiler java.datatransfer java.xml java.prefs java.desktop java.instrument java.logging java.management java.security.sasl java.naming java.rmi java.management.rmi java.net.http java.scripting java.security.jgss java.transaction.xa java.sql java.sql.rowset java.xml.crypto java.se java.smartcardio jdk.accessibility jdk.internal.jvmstat jdk.attach jdk.charsets jdk.internal.opt jdk.zipfs jdk.compiler jdk.crypto.cryptoki jdk.crypto.ec jdk.crypto.mscapi jdk.dynalink jdk.internal.ed jdk.editpad jdk.internal.vm.ci jdk.graal.compiler jdk.graal.compiler.management jdk.hotspot.agent jdk.httpserver jdk.incubator.vector jdk.internal.le jdk.internal.md jdk.jartool jdk.javadoc jdk.jcmd jdk.management jdk.management.agent jdk.jconsole jdk.jdeps jdk.jdwp.agent jdk.jdi jdk.jfr jdk.jlink jdk.jpackage jdk.jshell jdk.jsobject jdk.jstatd jdk.localedata jdk.management.jfr jdk.naming.dns jdk.naming.rmi jdk.net jdk.nio.mapmode jdk.sctp jdk.security.auth jdk.security.jgss jdk.unsupported jdk.unsupported.desktop jdk.xml.dom" 
OS_ARCH="x86_64" 
OS_NAME="Windows" 
SOURCE=".:git:a2ce02c38bc9" 
BUILD_SOURCE="git:e6ba7dec3d07654074559310376a3ae89da5f4ac"
BUILD_SOURCE_REPO="https://github.com/adoptium/temurin-build.git"
SOURCE_REPO="https://github.com/adoptium/jdk25u.git"
FULL_VERSION="25.0.4+7-LTS"
SEMANTIC_VERSION="25.0.4+7"
BUILD_INFO="OS: Windows Server 2022 Version: 10.0"
JVM_VARIANT="Hotspot"
JVM_VERSION="25.0.4+7-LTS"
IMAGE_TYPE="JDK"

Environment Variables:
PATH=C:\Program Files\Eclipse Adoptium\jdk-25.0.4.7-hotspot\bin;C:\Program Files (x86)\Common Files\Oracle\Java\java8path;C:\Program Files (x86)\Common Files\Oracle\Java\javapath;C:\Python314\Scripts\;C:\Python314\;C:\WINDOWS\system32;C:\WINDOWS;C:\WINDOWS\System32\Wbem;C:\WINDOWS\System32\WindowsPowerShell\v1.0\;C:\WINDOWS\System32\OpenSSH\;C:\Program Files\nodejs\;C:\ProgramData\chocolatey\bin;C:\Program Files (x86)\NVIDIA Corporation\PhysX\Common;C:\msys64\ucrt64\bin;C:\Program Files\Git\cmd;C:\Users\leona\AppData\Local\Programs\Python\Python313\Scripts\;C:\Users\leona\AppData\Local\Programs\Python\Python313\;C:\Users\leona\AppData\Local\Microsoft\WindowsApps;C:\Users\leona\AppData\Roaming\npm;C:\Users\leona\AppData\Local\Programs\Microsoft VS Code\bin
USERNAME=leona
OS=Windows_NT
PROCESSOR_IDENTIFIER=Intel64 Family 6 Model 186 Stepping 2, GenuineIntel
TMP=C:\Users\leona\AppData\Local\Temp
TEMP=C:\Users\leona\AppData\Local\Temp




Compilation memory statistics disabled.

Periodic native trim disabled

---------------  S Y S T E M  ---------------

OS:
 Windows 11 , 64 bit Build 26100 (10.0.26100.9168)
OS uptime: 3 days 8:05 hours
Hyper-V role detected

CPU: total 16 (initial active 16) (8 cores per cpu, 2 threads per core) family 6 model 186 stepping 2 microcode 0x410e, cx8, cmov, fxsr, ht, mmx, 3dnowpref, sse, sse2, sse3, ssse3, sse4.1, sse4.2, popcnt, lzcnt, tsc, tscinvbit, avx, avx2, aes, erms, clmul, bmi1, bmi2, adx, sha, fma, vzeroupper, clflush, clflushopt, clwb, hv, serialize, rdtscp, rdpid, fsrm, gfni, f16c, cet_ibt, cet_ss
Processor Information for the first 16 processors :
  Max Mhz: 2400, Current Mhz: 2400, Mhz Limit: 2400

Memory: 4k page, system-wide physical 16122M (824M free)
TotalPageFile size 65274M (AvailPageFile size 88M)
current process WorkingSet (physical memory assigned to process): 30M, peak: 206M
current process commit charge ("private bytes"): 284M, peak: 447M

vm_info: OpenJDK 64-Bit Server VM (25.0.4+7-LTS) for windows-amd64 JRE (25.0.4+7-LTS), built on 2026-07-21T00:00:00Z with MS VC++ 17.12 (VS2022)

END.
