#
# There is insufficient memory for the Java Runtime Environment to continue.
# Native memory allocation (malloc) failed to allocate 890824 bytes. Error detail: Chunk::new
# Possible reasons:
#   The system is out of physical RAM or swap space
#   This process is running with CompressedOops enabled, and the Java Heap may be blocking the growth of the native heap
# Possible solutions:
#   Reduce memory load on the system
#   Increase physical memory or swap space
#   Check if swap backing store is full
#   Decrease Java heap size (-Xmx/-Xms)
#   Decrease number of Java threads
#   Decrease Java thread stack sizes (-Xss)
#   Set larger code cache with -XX:ReservedCodeCacheSize=
#   JVM is running with Unscaled Compressed Oops mode in which the Java heap is
#     placed in the first 4GB address space. The Java Heap base address is the
#     maximum limit for the native heap growth. Please use -XX:HeapBaseMinAddress
#     to set the Java Heap base and to place the Java Heap above 4GB virtual address.
# This output file may be truncated or incomplete.
#
#  Out of Memory Error (arena.cpp:186), pid=30132, tid=2972
#
# JRE version: OpenJDK Runtime Environment Temurin-25.0.4+7 (25.0.4+7) (build 25.0.4+7-LTS)
# Java VM: OpenJDK 64-Bit Server VM Temurin-25.0.4+7 (25.0.4+7-LTS, mixed mode, sharing, tiered, compressed oops, compressed class ptrs, g1 gc, windows-amd64)
# No core dump will be written. Minidumps are not enabled by default on client versions of Windows
#

---------------  S U M M A R Y ------------

Command Line: --add-opens=java.base/java.lang=ALL-UNNAMED --add-opens=java.base/java.lang.invoke=ALL-UNNAMED --add-opens=java.base/java.util=ALL-UNNAMED --add-opens=java.prefs/java.util.prefs=ALL-UNNAMED --add-exports=jdk.compiler/com.sun.tools.javac.api=ALL-UNNAMED --add-exports=jdk.compiler/com.sun.tools.javac.util=ALL-UNNAMED --add-opens=java.base/java.nio.charset=ALL-UNNAMED --add-opens=java.base/java.net=ALL-UNNAMED --add-opens=java.base/java.util.concurrent=ALL-UNNAMED --add-opens=java.base/java.util.concurrent.atomic=ALL-UNNAMED --add-opens=java.xml/javax.xml.namespace=ALL-UNNAMED --add-opens=java.base/java.time=ALL-UNNAMED --enable-native-access=ALL-UNNAMED -Xmx2048m -Dfile.encoding=UTF-8 -Duser.country=US -Duser.language=en -Duser.variant -javaagent:C:\Users\leona\.gradle\wrapper\dists\gradle-9.6.0-bin\42k10rwplmzkhuboz9kdazi7s\gradle-9.6.0\lib\agents\gradle-instrumentation-agent-9.6.0.jar org.gradle.launcher.daemon.bootstrap.GradleDaemon 9.6.0

Host: 13th Gen Intel(R) Core(TM) i7-13620H, 16 cores, 15G,  Windows 11 , 64 bit Build 26100 (10.0.26100.9168)
Time: Fri Sep 11 00:42:31 2026 Central Standard Time (Mexico) elapsed time: 267.169028 seconds (0d 0h 4m 27s)

---------------  T H R E A D  ---------------

Current thread (0x0000013effd4eb80):  JavaThread "C2 CompilerThread0" daemon [_thread_in_native, id=2972, stack(0x0000003391b00000,0x0000003391c00000) (1024K)]


Current CompileTask:
C2:267169 3824       4       java.lang.invoke.MethodType::makeImpl (109 bytes)

Stack: [0x0000003391b00000,0x0000003391c00000]
Native frames: (J=compiled Java code, j=interpreted, Vv=VM code, C=native code)
V  [jvm.dll+0x7aba79]  (no source info available)
V  [jvm.dll+0x775a3d]  (no source info available)
V  [jvm.dll+0x9fb9ed]  (no source info available)
V  [jvm.dll+0x9fdfe1]  (no source info available)
V  [jvm.dll+0x9fe6f3]  (no source info available)
V  [jvm.dll+0x2fdb36]  (no source info available)
V  [jvm.dll+0x111936]  (no source info available)
V  [jvm.dll+0x111c5e]  (no source info available)
V  [jvm.dll+0x383401]  (no source info available)
V  [jvm.dll+0x6bb5a6]  (no source info available)
V  [jvm.dll+0x2ca06a]  (no source info available)
V  [jvm.dll+0x2c253d]  (no source info available)
V  [jvm.dll+0x2bfdce]  (no source info available)
V  [jvm.dll+0x237a30]  (no source info available)
V  [jvm.dll+0x2cffb6]  (no source info available)
V  [jvm.dll+0x2ce23a]  (no source info available)
V  [jvm.dll+0x49131e]  (no source info available)
V  [jvm.dll+0x99cb1d]  (no source info available)
V  [jvm.dll+0x7aa025]  (no source info available)
C  [ucrtbase.dll+0x2cd30]  (no source info available)
C  [KERNEL32.DLL+0x2ccb7]  (no source info available)
C  [ntdll.dll+0xaad6c]  (no source info available)

Lock stack of current Java thread (top to bottom):


---------------  P R O C E S S  ---------------

Threads class SMR info:
_java_thread_list=0x0000013e912caf10, length=25, elements={
0x0000013ef3291b90, 0x0000013effd44a30, 0x0000013effd47360, 0x0000013effd4a7f0,
0x0000013effd4c510, 0x0000013effd4d0d0, 0x0000013effd4dc90, 0x0000013effd4eb80,
0x0000013effd4f790, 0x0000013e9118fee0, 0x0000013e912650a0, 0x0000013e9781b790,
0x0000013e9603dd90, 0x0000013e91175fb0, 0x0000013e96074a80, 0x0000013e96625370,
0x0000013e96623430, 0x0000013e96626310, 0x0000013e96624ba0, 0x0000013e977054f0,
0x0000013e97704d20, 0x0000013e97708ba0, 0x0000013e97705cc0, 0x0000013e9770a310,
0x0000013e97aa45f0
}

Java Threads: ( => current thread )
  0x0000013ef3291b90 JavaThread "main"                              [_thread_blocked, id=20408, stack(0x0000003390d00000,0x0000003390e00000) (1024K)]
  0x0000013effd44a30 JavaThread "Reference Handler"          daemon [_thread_blocked, id=31164, stack(0x0000003391500000,0x0000003391600000) (1024K)]
  0x0000013effd47360 JavaThread "Finalizer"                  daemon [_thread_blocked, id=20444, stack(0x0000003391600000,0x0000003391700000) (1024K)]
  0x0000013effd4a7f0 JavaThread "Signal Dispatcher"          daemon [_thread_blocked, id=20332, stack(0x0000003391700000,0x0000003391800000) (1024K)]
  0x0000013effd4c510 JavaThread "Attach Listener"            daemon [_thread_blocked, id=31460, stack(0x0000003391800000,0x0000003391900000) (1024K)]
  0x0000013effd4d0d0 JavaThread "Service Thread"             daemon [_thread_blocked, id=17908, stack(0x0000003391900000,0x0000003391a00000) (1024K)]
  0x0000013effd4dc90 JavaThread "Monitor Deflation Thread"   daemon [_thread_blocked, id=6956, stack(0x0000003391a00000,0x0000003391b00000) (1024K)]
=>0x0000013effd4eb80 JavaThread "C2 CompilerThread0"         daemon [_thread_in_native, id=2972, stack(0x0000003391b00000,0x0000003391c00000) (1024K)]
  0x0000013effd4f790 JavaThread "C1 CompilerThread0"         daemon [_thread_blocked, id=8508, stack(0x0000003391c00000,0x0000003391d00000) (1024K)]
  0x0000013e9118fee0 JavaThread "Common-Cleaner"             daemon [_thread_blocked, id=23180, stack(0x0000003391d00000,0x0000003391e00000) (1024K)]
  0x0000013e912650a0 JavaThread "Notification Thread"        daemon [_thread_blocked, id=5504, stack(0x0000003391e00000,0x0000003391f00000) (1024K)]
  0x0000013e9781b790 JavaThread "Daemon health stats"               [_thread_blocked, id=32104, stack(0x0000003392500000,0x0000003392600000) (1024K)]
  0x0000013e9603dd90 JavaThread "Incoming local TCP Connector on port 53747"        [_thread_in_native, id=30768, stack(0x0000003392600000,0x0000003392700000) (1024K)]
  0x0000013e91175fb0 JavaThread "Daemon periodic checks"            [_thread_blocked, id=32408, stack(0x0000003392700000,0x0000003392800000) (1024K)]
  0x0000013e96074a80 JavaThread "Daemon"                            [_thread_blocked, id=21216, stack(0x0000003391f00000,0x0000003392000000) (1024K)]
  0x0000013e96625370 JavaThread "Handler for socket connection from /127.0.0.1:53747 to /127.0.0.1:53751"        [_thread_in_native, id=31520, stack(0x0000003392800000,0x0000003392900000) (1024K)]
  0x0000013e96623430 JavaThread "Cancel handler"                    [_thread_blocked, id=32312, stack(0x0000003392900000,0x0000003392a00000) (1024K)]
  0x0000013e96626310 JavaThread "Daemon worker"                     [_thread_in_native, id=33636, stack(0x0000003392a00000,0x0000003392b00000) (1024K)]
  0x0000013e96624ba0 JavaThread "Asynchronous log dispatcher for DefaultDaemonConnection: socket connection from /127.0.0.1:53747 to /127.0.0.1:53751"        [_thread_blocked, id=33684, stack(0x0000003392b00000,0x0000003392c00000) (1024K)]
  0x0000013e977054f0 JavaThread "Stdin handler"                     [_thread_blocked, id=33704, stack(0x0000003392d00000,0x0000003392e00000) (1024K)]
  0x0000013e97704d20 JavaThread "Daemon client event forwarder"        [_thread_blocked, id=33708, stack(0x0000003392e00000,0x0000003392f00000) (1024K)]
  0x0000013e97708ba0 JavaThread "Cache worker for journal cache (C:\Users\leona\.gradle\caches\journal-1)"        [_thread_blocked, id=20760, stack(0x0000003393000000,0x0000003393100000) (1024K)]
  0x0000013e97705cc0 JavaThread "File lock request listener"        [_thread_in_native, id=22100, stack(0x0000003393100000,0x0000003393200000) (1024K)]
  0x0000013e9770a310 JavaThread "Cache worker for file hash cache (C:\Users\leona\.gradle\caches\9.6.0\fileHashes)"        [_thread_blocked, id=31980, stack(0x0000003392c00000,0x0000003392d00000) (1024K)]
  0x0000013e97aa45f0 JavaThread "File lock release action executor Thread 2"        [_thread_blocked, id=6124, stack(0x0000003393500000,0x0000003393600000) (1024K)]
Total: 25

Other Threads:
  0x0000013effd2bf00 VMThread "VM Thread"                           [id=6708, stack(0x0000003391400000,0x0000003391500000) (1024K)]
  0x0000013effbf62c0 WatcherThread "VM Periodic Task Thread"        [id=11120, stack(0x0000003391300000,0x0000003391400000) (1024K)]
  0x0000013ef32f16f0 WorkerThread "GC Thread#0"                     [id=22104, stack(0x0000003390e00000,0x0000003390f00000) (1024K)]
  0x0000013e966ade90 WorkerThread "GC Thread#1"                     [id=31784, stack(0x0000003392000000,0x0000003392100000) (1024K)]
  0x0000013e966ae2c0 WorkerThread "GC Thread#2"                     [id=31788, stack(0x0000003392100000,0x0000003392200000) (1024K)]
  0x0000013e96692820 WorkerThread "GC Thread#3"                     [id=31792, stack(0x0000003392200000,0x0000003392300000) (1024K)]
  0x0000013e96692c50 WorkerThread "GC Thread#4"                     [id=31796, stack(0x0000003392300000,0x0000003392400000) (1024K)]
  0x0000013e96693080 WorkerThread "GC Thread#5"                     [id=31800, stack(0x0000003392400000,0x0000003392500000) (1024K)]
  0x0000013e972ac9c0 WorkerThread "GC Thread#6"                     [id=49864, stack(0x0000003390a00000,0x0000003390b00000) (1024K)]
  0x0000013e972ace10 WorkerThread "GC Thread#7"                     [id=48256, stack(0x0000003390b00000,0x0000003390c00000) (1024K)]
  0x0000013e972ad6b0 WorkerThread "GC Thread#8"                     [id=41888, stack(0x0000003390c00000,0x0000003390d00000) (1024K)]
  0x0000013e97a9e660 WorkerThread "GC Thread#9"                     [id=49804, stack(0x0000003392f00000,0x0000003393000000) (1024K)]
  0x0000013e97a9bf90 WorkerThread "GC Thread#10"                    [id=35032, stack(0x0000003393200000,0x0000003393300000) (1024K)]
  0x0000013e97a9c3e0 WorkerThread "GC Thread#11"                    [id=48824, stack(0x0000003393300000,0x0000003393400000) (1024K)]
  0x0000013e97a9cc80 WorkerThread "GC Thread#12"                    [id=49920, stack(0x0000003393400000,0x0000003393500000) (1024K)]
  0x0000013ef330a7c0 ConcurrentGCThread "G1 Main Marker"            [id=29620, stack(0x0000003390f00000,0x0000003391000000) (1024K)]
  0x0000013ef330c370 WorkerThread "G1 Conc#0"                       [id=5708, stack(0x0000003391000000,0x0000003391100000) (1024K)]
  0x0000013effbe9450 ConcurrentGCThread "G1 Refine#0"               [id=26828, stack(0x0000003391100000,0x0000003391200000) (1024K)]
  0x0000013effbea060 ConcurrentGCThread "G1 Service"                [id=31632, stack(0x0000003391200000,0x0000003391300000) (1024K)]
Total: 19

Threads with active compile tasks:
C2 CompilerThread0  267922 3824       4       java.lang.invoke.MethodType::makeImpl (109 bytes)
Total: 1

VM state: not at safepoint (normal execution)

VM Mutex/Monitor currently owned by a thread: None

Heap address: 0x0000000080000000, size: 2048 MB, Compressed Oops mode: 32-bit

CDS archive(s) mapped at: [0x0000000039000000-0x0000000039db0000-0x0000000039db0000), size 14352384, SharedBaseAddress: 0x0000000039000000, ArchiveRelocationMode: 1.
Compressed class space mapped at: 0x000000003a000000-0x000000007a000000, reserved size: 1073741824
UseCompressedClassPointers 1, UseCompactObjectHeaders 0
Narrow klass pointer bits 32, Max shift 3
Narrow klass base: 0x0000000039000000, Narrow klass shift: 0
Encoding Range: [0x0000000039000000 - 0x0000000139000000), (4294967296 bytes)
Klass Range:    [0x0000000039010000 - 0x000000007a000000), (1090453504 bytes)
Klass ID Range:  [65536 - 1090519033) (1090453497)
Protection zone: [0x0000000039000000 - 0x0000000039010000), (65536 bytes)

GC Precious Log:
 CardTable entry size: 512
 Card Set container configuration: InlinePtr #cards 5 size 8 Array Of Cards #cards 10 size 36 Howl #buckets 4 coarsen threshold 1843 Howl Bitmap #cards 512 size 80 coarsen threshold 460 Card regions per heap region 1 cards per card region 2048
 CPUs: 16 total, 16 available
 Memory: 16122M
 Large Page Support: Disabled
 NUMA Support: Disabled
 Compressed Oops: Enabled (32-bit)
 Heap Region Size: 1M
 Heap Min Capacity: 8M
 Heap Initial Capacity: 252M
 Heap Max Capacity: 2G
 Pre-touch: Disabled
 Parallel Workers: 13
 Concurrent Workers: 3
 Concurrent Refinement Workers: 13
 Periodic GC: Disabled

Heap:
 garbage-first heap   total reserved 2097152K, committed 260096K, used 29825K [0x0000000080000000, 0x0000000100000000)
  region size 1024K, 22 young (22528K), 14 survivors (14336K)

Heap Regions: E=young(eden), S=young(survivor), O=old, HS=humongous(starts), HC=humongous(continues), CS=collection set, F=free, TAMS=top-at-mark-start, PB=parsable bottom
|   0|0x0000000080000000, 0x0000000080100000, 0x0000000080100000|100%|HS|  |TAMS 0x0000000080000000| PB 0x0000000080000000| Complete |  0
|   1|0x0000000080100000, 0x0000000080200000, 0x0000000080200000|100%|HC|  |TAMS 0x0000000080100000| PB 0x0000000080100000| Complete |  0
|   2|0x0000000080200000, 0x0000000080300000, 0x0000000080300000|100%|HC|  |TAMS 0x0000000080200000| PB 0x0000000080200000| Complete |  0
|   3|0x0000000080300000, 0x0000000080400000, 0x0000000080400000|100%|HC|  |TAMS 0x0000000080300000| PB 0x0000000080300000| Complete |  0
|   4|0x0000000080400000, 0x0000000080500000, 0x0000000080500000|100%| O|  |TAMS 0x0000000080400000| PB 0x0000000080400000| Untracked |  0
|   5|0x0000000080500000, 0x00000000805fad28, 0x0000000080600000| 97%| O|  |TAMS 0x0000000080500000| PB 0x0000000080500000| Untracked |  0
|   6|0x0000000080600000, 0x0000000080700000, 0x0000000080700000|100%|HS|  |TAMS 0x0000000080600000| PB 0x0000000080600000| Complete |  0
|   7|0x0000000080700000, 0x0000000080700000, 0x0000000080800000|  0%| F|  |TAMS 0x0000000080700000| PB 0x0000000080700000| Untracked |  0
|   8|0x0000000080800000, 0x0000000080800000, 0x0000000080900000|  0%| F|  |TAMS 0x0000000080800000| PB 0x0000000080800000| Untracked |  0
|   9|0x0000000080900000, 0x0000000080900000, 0x0000000080a00000|  0%| F|  |TAMS 0x0000000080900000| PB 0x0000000080900000| Untracked |  0
|  10|0x0000000080a00000, 0x0000000080a00000, 0x0000000080b00000|  0%| F|  |TAMS 0x0000000080a00000| PB 0x0000000080a00000| Untracked |  0
|  11|0x0000000080b00000, 0x0000000080b00000, 0x0000000080c00000|  0%| F|  |TAMS 0x0000000080b00000| PB 0x0000000080b00000| Untracked |  0
|  12|0x0000000080c00000, 0x0000000080c00000, 0x0000000080d00000|  0%| F|  |TAMS 0x0000000080c00000| PB 0x0000000080c00000| Untracked |  0
|  13|0x0000000080d00000, 0x0000000080d00000, 0x0000000080e00000|  0%| F|  |TAMS 0x0000000080d00000| PB 0x0000000080d00000| Untracked |  0
|  14|0x0000000080e00000, 0x0000000080e00000, 0x0000000080f00000|  0%| F|  |TAMS 0x0000000080e00000| PB 0x0000000080e00000| Untracked |  0
|  15|0x0000000080f00000, 0x0000000080f00000, 0x0000000081000000|  0%| F|  |TAMS 0x0000000080f00000| PB 0x0000000080f00000| Untracked |  0
|  16|0x0000000081000000, 0x0000000081000000, 0x0000000081100000|  0%| F|  |TAMS 0x0000000081000000| PB 0x0000000081000000| Untracked |  0
|  17|0x0000000081100000, 0x0000000081100000, 0x0000000081200000|  0%| F|  |TAMS 0x0000000081100000| PB 0x0000000081100000| Untracked |  0
|  18|0x0000000081200000, 0x0000000081200000, 0x0000000081300000|  0%| F|  |TAMS 0x0000000081200000| PB 0x0000000081200000| Untracked |  0
|  19|0x0000000081300000, 0x0000000081300000, 0x0000000081400000|  0%| F|  |TAMS 0x0000000081300000| PB 0x0000000081300000| Untracked |  0
|  20|0x0000000081400000, 0x0000000081400000, 0x0000000081500000|  0%| F|  |TAMS 0x0000000081400000| PB 0x0000000081400000| Untracked |  0
|  21|0x0000000081500000, 0x0000000081500000, 0x0000000081600000|  0%| F|  |TAMS 0x0000000081500000| PB 0x0000000081500000| Untracked |  0
|  22|0x0000000081600000, 0x0000000081600000, 0x0000000081700000|  0%| F|  |TAMS 0x0000000081600000| PB 0x0000000081600000| Untracked |  0
|  23|0x0000000081700000, 0x0000000081700000, 0x0000000081800000|  0%| F|  |TAMS 0x0000000081700000| PB 0x0000000081700000| Untracked |  0
|  24|0x0000000081800000, 0x0000000081800000, 0x0000000081900000|  0%| F|  |TAMS 0x0000000081800000| PB 0x0000000081800000| Untracked |  0
|  25|0x0000000081900000, 0x0000000081900000, 0x0000000081a00000|  0%| F|  |TAMS 0x0000000081900000| PB 0x0000000081900000| Untracked |  0
|  26|0x0000000081a00000, 0x0000000081a00000, 0x0000000081b00000|  0%| F|  |TAMS 0x0000000081a00000| PB 0x0000000081a00000| Untracked |  0
|  27|0x0000000081b00000, 0x0000000081b00000, 0x0000000081c00000|  0%| F|  |TAMS 0x0000000081b00000| PB 0x0000000081b00000| Untracked |  0
|  28|0x0000000081c00000, 0x0000000081c00000, 0x0000000081d00000|  0%| F|  |TAMS 0x0000000081c00000| PB 0x0000000081c00000| Untracked |  0
|  29|0x0000000081d00000, 0x0000000081d00000, 0x0000000081e00000|  0%| F|  |TAMS 0x0000000081d00000| PB 0x0000000081d00000| Untracked |  0
|  30|0x0000000081e00000, 0x0000000081e00000, 0x0000000081f00000|  0%| F|  |TAMS 0x0000000081e00000| PB 0x0000000081e00000| Untracked |  0
|  31|0x0000000081f00000, 0x0000000081f00000, 0x0000000082000000|  0%| F|  |TAMS 0x0000000081f00000| PB 0x0000000081f00000| Untracked |  0
|  32|0x0000000082000000, 0x0000000082000000, 0x0000000082100000|  0%| F|  |TAMS 0x0000000082000000| PB 0x0000000082000000| Untracked |  0
|  33|0x0000000082100000, 0x0000000082100000, 0x0000000082200000|  0%| F|  |TAMS 0x0000000082100000| PB 0x0000000082100000| Untracked |  0
|  34|0x0000000082200000, 0x0000000082200000, 0x0000000082300000|  0%| F|  |TAMS 0x0000000082200000| PB 0x0000000082200000| Untracked |  0
|  35|0x0000000082300000, 0x0000000082300000, 0x0000000082400000|  0%| F|  |TAMS 0x0000000082300000| PB 0x0000000082300000| Untracked |  0
|  36|0x0000000082400000, 0x0000000082400000, 0x0000000082500000|  0%| F|  |TAMS 0x0000000082400000| PB 0x0000000082400000| Untracked |  0
|  37|0x0000000082500000, 0x0000000082500000, 0x0000000082600000|  0%| F|  |TAMS 0x0000000082500000| PB 0x0000000082500000| Untracked |  0
|  38|0x0000000082600000, 0x0000000082600000, 0x0000000082700000|  0%| F|  |TAMS 0x0000000082600000| PB 0x0000000082600000| Untracked |  0
|  39|0x0000000082700000, 0x0000000082700000, 0x0000000082800000|  0%| F|  |TAMS 0x0000000082700000| PB 0x0000000082700000| Untracked |  0
|  40|0x0000000082800000, 0x0000000082800000, 0x0000000082900000|  0%| F|  |TAMS 0x0000000082800000| PB 0x0000000082800000| Untracked |  0
|  41|0x0000000082900000, 0x0000000082900000, 0x0000000082a00000|  0%| F|  |TAMS 0x0000000082900000| PB 0x0000000082900000| Untracked |  0
|  42|0x0000000082a00000, 0x0000000082a00000, 0x0000000082b00000|  0%| F|  |TAMS 0x0000000082a00000| PB 0x0000000082a00000| Untracked |  0
|  43|0x0000000082b00000, 0x0000000082b00000, 0x0000000082c00000|  0%| F|  |TAMS 0x0000000082b00000| PB 0x0000000082b00000| Untracked |  0
|  44|0x0000000082c00000, 0x0000000082c00000, 0x0000000082d00000|  0%| F|  |TAMS 0x0000000082c00000| PB 0x0000000082c00000| Untracked |  0
|  45|0x0000000082d00000, 0x0000000082d00000, 0x0000000082e00000|  0%| F|  |TAMS 0x0000000082d00000| PB 0x0000000082d00000| Untracked |  0
|  46|0x0000000082e00000, 0x0000000082e00000, 0x0000000082f00000|  0%| F|  |TAMS 0x0000000082e00000| PB 0x0000000082e00000| Untracked |  0
|  47|0x0000000082f00000, 0x0000000082f00000, 0x0000000083000000|  0%| F|  |TAMS 0x0000000082f00000| PB 0x0000000082f00000| Untracked |  0
|  48|0x0000000083000000, 0x0000000083000000, 0x0000000083100000|  0%| F|  |TAMS 0x0000000083000000| PB 0x0000000083000000| Untracked |  0
|  49|0x0000000083100000, 0x0000000083100000, 0x0000000083200000|  0%| F|  |TAMS 0x0000000083100000| PB 0x0000000083100000| Untracked |  0
|  50|0x0000000083200000, 0x0000000083200000, 0x0000000083300000|  0%| F|  |TAMS 0x0000000083200000| PB 0x0000000083200000| Untracked |  0
|  51|0x0000000083300000, 0x0000000083300000, 0x0000000083400000|  0%| F|  |TAMS 0x0000000083300000| PB 0x0000000083300000| Untracked |  0
|  52|0x0000000083400000, 0x0000000083400000, 0x0000000083500000|  0%| F|  |TAMS 0x0000000083400000| PB 0x0000000083400000| Untracked |  0
|  53|0x0000000083500000, 0x0000000083500000, 0x0000000083600000|  0%| F|  |TAMS 0x0000000083500000| PB 0x0000000083500000| Untracked |  0
|  54|0x0000000083600000, 0x0000000083600000, 0x0000000083700000|  0%| F|  |TAMS 0x0000000083600000| PB 0x0000000083600000| Untracked |  0
|  55|0x0000000083700000, 0x0000000083700000, 0x0000000083800000|  0%| F|  |TAMS 0x0000000083700000| PB 0x0000000083700000| Untracked |  0
|  56|0x0000000083800000, 0x0000000083800000, 0x0000000083900000|  0%| F|  |TAMS 0x0000000083800000| PB 0x0000000083800000| Untracked |  0
|  57|0x0000000083900000, 0x0000000083900000, 0x0000000083a00000|  0%| F|  |TAMS 0x0000000083900000| PB 0x0000000083900000| Untracked |  0
|  58|0x0000000083a00000, 0x0000000083a00000, 0x0000000083b00000|  0%| F|  |TAMS 0x0000000083a00000| PB 0x0000000083a00000| Untracked |  0
|  59|0x0000000083b00000, 0x0000000083b00000, 0x0000000083c00000|  0%| F|  |TAMS 0x0000000083b00000| PB 0x0000000083b00000| Untracked |  0
|  60|0x0000000083c00000, 0x0000000083c00000, 0x0000000083d00000|  0%| F|  |TAMS 0x0000000083c00000| PB 0x0000000083c00000| Untracked |  0
|  61|0x0000000083d00000, 0x0000000083d00000, 0x0000000083e00000|  0%| F|  |TAMS 0x0000000083d00000| PB 0x0000000083d00000| Untracked |  0
|  62|0x0000000083e00000, 0x0000000083e00000, 0x0000000083f00000|  0%| F|  |TAMS 0x0000000083e00000| PB 0x0000000083e00000| Untracked |  0
|  63|0x0000000083f00000, 0x0000000083f00000, 0x0000000084000000|  0%| F|  |TAMS 0x0000000083f00000| PB 0x0000000083f00000| Untracked |  0
|  64|0x0000000084000000, 0x0000000084000000, 0x0000000084100000|  0%| F|  |TAMS 0x0000000084000000| PB 0x0000000084000000| Untracked |  0
|  65|0x0000000084100000, 0x0000000084100000, 0x0000000084200000|  0%| F|  |TAMS 0x0000000084100000| PB 0x0000000084100000| Untracked |  0
|  66|0x0000000084200000, 0x0000000084200000, 0x0000000084300000|  0%| F|  |TAMS 0x0000000084200000| PB 0x0000000084200000| Untracked |  0
|  67|0x0000000084300000, 0x0000000084300000, 0x0000000084400000|  0%| F|  |TAMS 0x0000000084300000| PB 0x0000000084300000| Untracked |  0
|  68|0x0000000084400000, 0x0000000084400000, 0x0000000084500000|  0%| F|  |TAMS 0x0000000084400000| PB 0x0000000084400000| Untracked |  0
|  69|0x0000000084500000, 0x0000000084500000, 0x0000000084600000|  0%| F|  |TAMS 0x0000000084500000| PB 0x0000000084500000| Untracked |  0
|  70|0x0000000084600000, 0x0000000084600000, 0x0000000084700000|  0%| F|  |TAMS 0x0000000084600000| PB 0x0000000084600000| Untracked |  0
|  71|0x0000000084700000, 0x0000000084700000, 0x0000000084800000|  0%| F|  |TAMS 0x0000000084700000| PB 0x0000000084700000| Untracked |  0
|  72|0x0000000084800000, 0x0000000084800000, 0x0000000084900000|  0%| F|  |TAMS 0x0000000084800000| PB 0x0000000084800000| Untracked |  0
|  73|0x0000000084900000, 0x0000000084900000, 0x0000000084a00000|  0%| F|  |TAMS 0x0000000084900000| PB 0x0000000084900000| Untracked |  0
|  74|0x0000000084a00000, 0x0000000084a00000, 0x0000000084b00000|  0%| F|  |TAMS 0x0000000084a00000| PB 0x0000000084a00000| Untracked |  0
|  75|0x0000000084b00000, 0x0000000084b00000, 0x0000000084c00000|  0%| F|  |TAMS 0x0000000084b00000| PB 0x0000000084b00000| Untracked |  0
|  76|0x0000000084c00000, 0x0000000084c00000, 0x0000000084d00000|  0%| F|  |TAMS 0x0000000084c00000| PB 0x0000000084c00000| Untracked |  0
|  77|0x0000000084d00000, 0x0000000084d00000, 0x0000000084e00000|  0%| F|  |TAMS 0x0000000084d00000| PB 0x0000000084d00000| Untracked |  0
|  78|0x0000000084e00000, 0x0000000084e00000, 0x0000000084f00000|  0%| F|  |TAMS 0x0000000084e00000| PB 0x0000000084e00000| Untracked |  0
|  79|0x0000000084f00000, 0x0000000084f00000, 0x0000000085000000|  0%| F|  |TAMS 0x0000000084f00000| PB 0x0000000084f00000| Untracked |  0
|  80|0x0000000085000000, 0x0000000085000000, 0x0000000085100000|  0%| F|  |TAMS 0x0000000085000000| PB 0x0000000085000000| Untracked |  0
|  81|0x0000000085100000, 0x0000000085100000, 0x0000000085200000|  0%| F|  |TAMS 0x0000000085100000| PB 0x0000000085100000| Untracked |  0
|  82|0x0000000085200000, 0x0000000085200000, 0x0000000085300000|  0%| F|  |TAMS 0x0000000085200000| PB 0x0000000085200000| Untracked |  0
|  83|0x0000000085300000, 0x0000000085300000, 0x0000000085400000|  0%| F|  |TAMS 0x0000000085300000| PB 0x0000000085300000| Untracked |  0
|  84|0x0000000085400000, 0x0000000085400000, 0x0000000085500000|  0%| F|  |TAMS 0x0000000085400000| PB 0x0000000085400000| Untracked |  0
|  85|0x0000000085500000, 0x0000000085500000, 0x0000000085600000|  0%| F|  |TAMS 0x0000000085500000| PB 0x0000000085500000| Untracked |  0
|  86|0x0000000085600000, 0x0000000085600000, 0x0000000085700000|  0%| F|  |TAMS 0x0000000085600000| PB 0x0000000085600000| Untracked |  0
|  87|0x0000000085700000, 0x0000000085700000, 0x0000000085800000|  0%| F|  |TAMS 0x0000000085700000| PB 0x0000000085700000| Untracked |  0
|  88|0x0000000085800000, 0x0000000085800000, 0x0000000085900000|  0%| F|  |TAMS 0x0000000085800000| PB 0x0000000085800000| Untracked |  0
|  89|0x0000000085900000, 0x0000000085900000, 0x0000000085a00000|  0%| F|  |TAMS 0x0000000085900000| PB 0x0000000085900000| Untracked |  0
|  90|0x0000000085a00000, 0x0000000085a00000, 0x0000000085b00000|  0%| F|  |TAMS 0x0000000085a00000| PB 0x0000000085a00000| Untracked |  0
|  91|0x0000000085b00000, 0x0000000085b00000, 0x0000000085c00000|  0%| F|  |TAMS 0x0000000085b00000| PB 0x0000000085b00000| Untracked |  0
|  92|0x0000000085c00000, 0x0000000085c00000, 0x0000000085d00000|  0%| F|  |TAMS 0x0000000085c00000| PB 0x0000000085c00000| Untracked |  0
|  93|0x0000000085d00000, 0x0000000085d00000, 0x0000000085e00000|  0%| F|  |TAMS 0x0000000085d00000| PB 0x0000000085d00000| Untracked |  0
|  94|0x0000000085e00000, 0x0000000085e00000, 0x0000000085f00000|  0%| F|  |TAMS 0x0000000085e00000| PB 0x0000000085e00000| Untracked |  0
|  95|0x0000000085f00000, 0x0000000085f00000, 0x0000000086000000|  0%| F|  |TAMS 0x0000000085f00000| PB 0x0000000085f00000| Untracked |  0
|  96|0x0000000086000000, 0x0000000086000000, 0x0000000086100000|  0%| F|  |TAMS 0x0000000086000000| PB 0x0000000086000000| Untracked |  0
|  97|0x0000000086100000, 0x0000000086100000, 0x0000000086200000|  0%| F|  |TAMS 0x0000000086100000| PB 0x0000000086100000| Untracked |  0
|  98|0x0000000086200000, 0x0000000086200000, 0x0000000086300000|  0%| F|  |TAMS 0x0000000086200000| PB 0x0000000086200000| Untracked |  0
|  99|0x0000000086300000, 0x0000000086300000, 0x0000000086400000|  0%| F|  |TAMS 0x0000000086300000| PB 0x0000000086300000| Untracked |  0
| 100|0x0000000086400000, 0x0000000086400000, 0x0000000086500000|  0%| F|  |TAMS 0x0000000086400000| PB 0x0000000086400000| Untracked |  0
| 101|0x0000000086500000, 0x0000000086500000, 0x0000000086600000|  0%| F|  |TAMS 0x0000000086500000| PB 0x0000000086500000| Untracked |  0
| 102|0x0000000086600000, 0x0000000086600000, 0x0000000086700000|  0%| F|  |TAMS 0x0000000086600000| PB 0x0000000086600000| Untracked |  0
| 103|0x0000000086700000, 0x0000000086700000, 0x0000000086800000|  0%| F|  |TAMS 0x0000000086700000| PB 0x0000000086700000| Untracked |  0
| 104|0x0000000086800000, 0x0000000086800000, 0x0000000086900000|  0%| F|  |TAMS 0x0000000086800000| PB 0x0000000086800000| Untracked |  0
| 105|0x0000000086900000, 0x0000000086900000, 0x0000000086a00000|  0%| F|  |TAMS 0x0000000086900000| PB 0x0000000086900000| Untracked |  0
| 106|0x0000000086a00000, 0x0000000086a00000, 0x0000000086b00000|  0%| F|  |TAMS 0x0000000086a00000| PB 0x0000000086a00000| Untracked |  0
| 107|0x0000000086b00000, 0x0000000086b00000, 0x0000000086c00000|  0%| F|  |TAMS 0x0000000086b00000| PB 0x0000000086b00000| Untracked |  0
| 108|0x0000000086c00000, 0x0000000086c00000, 0x0000000086d00000|  0%| F|  |TAMS 0x0000000086c00000| PB 0x0000000086c00000| Untracked |  0
| 109|0x0000000086d00000, 0x0000000086d00000, 0x0000000086e00000|  0%| F|  |TAMS 0x0000000086d00000| PB 0x0000000086d00000| Untracked |  0
| 110|0x0000000086e00000, 0x0000000086e00000, 0x0000000086f00000|  0%| F|  |TAMS 0x0000000086e00000| PB 0x0000000086e00000| Untracked |  0
| 111|0x0000000086f00000, 0x0000000086f00000, 0x0000000087000000|  0%| F|  |TAMS 0x0000000086f00000| PB 0x0000000086f00000| Untracked |  0
| 112|0x0000000087000000, 0x0000000087000000, 0x0000000087100000|  0%| F|  |TAMS 0x0000000087000000| PB 0x0000000087000000| Untracked |  0
| 113|0x0000000087100000, 0x0000000087100000, 0x0000000087200000|  0%| F|  |TAMS 0x0000000087100000| PB 0x0000000087100000| Untracked |  0
| 114|0x0000000087200000, 0x0000000087200000, 0x0000000087300000|  0%| F|  |TAMS 0x0000000087200000| PB 0x0000000087200000| Untracked |  0
| 115|0x0000000087300000, 0x0000000087300000, 0x0000000087400000|  0%| F|  |TAMS 0x0000000087300000| PB 0x0000000087300000| Untracked |  0
| 116|0x0000000087400000, 0x0000000087400000, 0x0000000087500000|  0%| F|  |TAMS 0x0000000087400000| PB 0x0000000087400000| Untracked |  0
| 117|0x0000000087500000, 0x0000000087500000, 0x0000000087600000|  0%| F|  |TAMS 0x0000000087500000| PB 0x0000000087500000| Untracked |  0
| 118|0x0000000087600000, 0x0000000087600000, 0x0000000087700000|  0%| F|  |TAMS 0x0000000087600000| PB 0x0000000087600000| Untracked |  0
| 119|0x0000000087700000, 0x0000000087700000, 0x0000000087800000|  0%| F|  |TAMS 0x0000000087700000| PB 0x0000000087700000| Untracked |  0
| 120|0x0000000087800000, 0x0000000087800000, 0x0000000087900000|  0%| F|  |TAMS 0x0000000087800000| PB 0x0000000087800000| Untracked |  0
| 121|0x0000000087900000, 0x0000000087900000, 0x0000000087a00000|  0%| F|  |TAMS 0x0000000087900000| PB 0x0000000087900000| Untracked |  0
| 122|0x0000000087a00000, 0x0000000087a00000, 0x0000000087b00000|  0%| F|  |TAMS 0x0000000087a00000| PB 0x0000000087a00000| Untracked |  0
| 123|0x0000000087b00000, 0x0000000087b00000, 0x0000000087c00000|  0%| F|  |TAMS 0x0000000087b00000| PB 0x0000000087b00000| Untracked |  0
| 124|0x0000000087c00000, 0x0000000087c00000, 0x0000000087d00000|  0%| F|  |TAMS 0x0000000087c00000| PB 0x0000000087c00000| Untracked |  0
| 125|0x0000000087d00000, 0x0000000087d00000, 0x0000000087e00000|  0%| F|  |TAMS 0x0000000087d00000| PB 0x0000000087d00000| Untracked |  0
| 126|0x0000000087e00000, 0x0000000087e00000, 0x0000000087f00000|  0%| F|  |TAMS 0x0000000087e00000| PB 0x0000000087e00000| Untracked |  0
| 127|0x0000000087f00000, 0x0000000087f00000, 0x0000000088000000|  0%| F|  |TAMS 0x0000000087f00000| PB 0x0000000087f00000| Untracked |  0
| 128|0x0000000088000000, 0x0000000088100000, 0x0000000088100000|100%| S|CS|TAMS 0x0000000088000000| PB 0x0000000088000000| Complete |  0
| 129|0x0000000088100000, 0x0000000088200000, 0x0000000088200000|100%| S|CS|TAMS 0x0000000088100000| PB 0x0000000088100000| Complete |  0
| 130|0x0000000088200000, 0x0000000088300000, 0x0000000088300000|100%| S|CS|TAMS 0x0000000088200000| PB 0x0000000088200000| Complete |  0
| 131|0x0000000088300000, 0x0000000088400000, 0x0000000088400000|100%| S|CS|TAMS 0x0000000088300000| PB 0x0000000088300000| Complete |  0
| 132|0x0000000088400000, 0x0000000088500000, 0x0000000088500000|100%| S|CS|TAMS 0x0000000088400000| PB 0x0000000088400000| Complete |  0
| 133|0x0000000088500000, 0x0000000088600000, 0x0000000088600000|100%| S|CS|TAMS 0x0000000088500000| PB 0x0000000088500000| Complete |  0
| 134|0x0000000088600000, 0x0000000088700000, 0x0000000088700000|100%| S|CS|TAMS 0x0000000088600000| PB 0x0000000088600000| Complete |  0
| 135|0x0000000088700000, 0x0000000088800000, 0x0000000088800000|100%| S|CS|TAMS 0x0000000088700000| PB 0x0000000088700000| Complete |  0
| 136|0x0000000088800000, 0x0000000088900000, 0x0000000088900000|100%| S|CS|TAMS 0x0000000088800000| PB 0x0000000088800000| Complete |  0
| 137|0x0000000088900000, 0x0000000088a00000, 0x0000000088a00000|100%| S|CS|TAMS 0x0000000088900000| PB 0x0000000088900000| Complete |  0
| 138|0x0000000088a00000, 0x0000000088b00000, 0x0000000088b00000|100%| S|CS|TAMS 0x0000000088a00000| PB 0x0000000088a00000| Complete |  0
| 139|0x0000000088b00000, 0x0000000088c00000, 0x0000000088c00000|100%| S|CS|TAMS 0x0000000088b00000| PB 0x0000000088b00000| Complete |  0
| 140|0x0000000088c00000, 0x0000000088d00000, 0x0000000088d00000|100%| S|CS|TAMS 0x0000000088c00000| PB 0x0000000088c00000| Complete |  0
| 141|0x0000000088d00000, 0x0000000088e00000, 0x0000000088e00000|100%| S|CS|TAMS 0x0000000088d00000| PB 0x0000000088d00000| Complete |  0
| 142|0x0000000088e00000, 0x0000000088e00000, 0x0000000088f00000|  0%| F|  |TAMS 0x0000000088e00000| PB 0x0000000088e00000| Untracked |  0
| 143|0x0000000088f00000, 0x0000000088f00000, 0x0000000089000000|  0%| F|  |TAMS 0x0000000088f00000| PB 0x0000000088f00000| Untracked |  0
| 144|0x0000000089000000, 0x0000000089000000, 0x0000000089100000|  0%| F|  |TAMS 0x0000000089000000| PB 0x0000000089000000| Untracked |  0
| 145|0x0000000089100000, 0x0000000089100000, 0x0000000089200000|  0%| F|  |TAMS 0x0000000089100000| PB 0x0000000089100000| Untracked |  0
| 146|0x0000000089200000, 0x0000000089200000, 0x0000000089300000|  0%| F|  |TAMS 0x0000000089200000| PB 0x0000000089200000| Untracked |  0
| 147|0x0000000089300000, 0x0000000089300000, 0x0000000089400000|  0%| F|  |TAMS 0x0000000089300000| PB 0x0000000089300000| Untracked |  0
| 148|0x0000000089400000, 0x0000000089400000, 0x0000000089500000|  0%| F|  |TAMS 0x0000000089400000| PB 0x0000000089400000| Untracked |  0
| 149|0x0000000089500000, 0x0000000089500000, 0x0000000089600000|  0%| F|  |TAMS 0x0000000089500000| PB 0x0000000089500000| Untracked |  0
| 150|0x0000000089600000, 0x0000000089600000, 0x0000000089700000|  0%| F|  |TAMS 0x0000000089600000| PB 0x0000000089600000| Untracked |  0
| 151|0x0000000089700000, 0x0000000089700000, 0x0000000089800000|  0%| F|  |TAMS 0x0000000089700000| PB 0x0000000089700000| Untracked |  0
| 152|0x0000000089800000, 0x0000000089800000, 0x0000000089900000|  0%| F|  |TAMS 0x0000000089800000| PB 0x0000000089800000| Untracked |  0
| 153|0x0000000089900000, 0x0000000089900000, 0x0000000089a00000|  0%| F|  |TAMS 0x0000000089900000| PB 0x0000000089900000| Untracked |  0
| 154|0x0000000089a00000, 0x0000000089a00000, 0x0000000089b00000|  0%| F|  |TAMS 0x0000000089a00000| PB 0x0000000089a00000| Untracked |  0
| 155|0x0000000089b00000, 0x0000000089b00000, 0x0000000089c00000|  0%| F|  |TAMS 0x0000000089b00000| PB 0x0000000089b00000| Untracked |  0
| 156|0x0000000089c00000, 0x0000000089c00000, 0x0000000089d00000|  0%| F|  |TAMS 0x0000000089c00000| PB 0x0000000089c00000| Untracked |  0
| 157|0x0000000089d00000, 0x0000000089d00000, 0x0000000089e00000|  0%| F|  |TAMS 0x0000000089d00000| PB 0x0000000089d00000| Untracked |  0
| 158|0x0000000089e00000, 0x0000000089e00000, 0x0000000089f00000|  0%| F|  |TAMS 0x0000000089e00000| PB 0x0000000089e00000| Untracked |  0
| 159|0x0000000089f00000, 0x0000000089f00000, 0x000000008a000000|  0%| F|  |TAMS 0x0000000089f00000| PB 0x0000000089f00000| Untracked |  0
| 160|0x000000008a000000, 0x000000008a000000, 0x000000008a100000|  0%| F|  |TAMS 0x000000008a000000| PB 0x000000008a000000| Untracked |  0
| 161|0x000000008a100000, 0x000000008a100000, 0x000000008a200000|  0%| F|  |TAMS 0x000000008a100000| PB 0x000000008a100000| Untracked |  0
| 162|0x000000008a200000, 0x000000008a200000, 0x000000008a300000|  0%| F|  |TAMS 0x000000008a200000| PB 0x000000008a200000| Untracked |  0
| 163|0x000000008a300000, 0x000000008a300000, 0x000000008a400000|  0%| F|  |TAMS 0x000000008a300000| PB 0x000000008a300000| Untracked |  0
| 164|0x000000008a400000, 0x000000008a400000, 0x000000008a500000|  0%| F|  |TAMS 0x000000008a400000| PB 0x000000008a400000| Untracked |  0
| 165|0x000000008a500000, 0x000000008a500000, 0x000000008a600000|  0%| F|  |TAMS 0x000000008a500000| PB 0x000000008a500000| Untracked |  0
| 166|0x000000008a600000, 0x000000008a600000, 0x000000008a700000|  0%| F|  |TAMS 0x000000008a600000| PB 0x000000008a600000| Untracked |  0
| 167|0x000000008a700000, 0x000000008a700000, 0x000000008a800000|  0%| F|  |TAMS 0x000000008a700000| PB 0x000000008a700000| Untracked |  0
| 168|0x000000008a800000, 0x000000008a800000, 0x000000008a900000|  0%| F|  |TAMS 0x000000008a800000| PB 0x000000008a800000| Untracked |  0
| 169|0x000000008a900000, 0x000000008a900000, 0x000000008aa00000|  0%| F|  |TAMS 0x000000008a900000| PB 0x000000008a900000| Untracked |  0
| 170|0x000000008aa00000, 0x000000008aa00000, 0x000000008ab00000|  0%| F|  |TAMS 0x000000008aa00000| PB 0x000000008aa00000| Untracked |  0
| 171|0x000000008ab00000, 0x000000008ab00000, 0x000000008ac00000|  0%| F|  |TAMS 0x000000008ab00000| PB 0x000000008ab00000| Untracked |  0
| 172|0x000000008ac00000, 0x000000008ac00000, 0x000000008ad00000|  0%| F|  |TAMS 0x000000008ac00000| PB 0x000000008ac00000| Untracked |  0
| 173|0x000000008ad00000, 0x000000008ad00000, 0x000000008ae00000|  0%| F|  |TAMS 0x000000008ad00000| PB 0x000000008ad00000| Untracked |  0
| 174|0x000000008ae00000, 0x000000008ae00000, 0x000000008af00000|  0%| F|  |TAMS 0x000000008ae00000| PB 0x000000008ae00000| Untracked |  0
| 175|0x000000008af00000, 0x000000008af00000, 0x000000008b000000|  0%| F|  |TAMS 0x000000008af00000| PB 0x000000008af00000| Untracked |  0
| 176|0x000000008b000000, 0x000000008b000000, 0x000000008b100000|  0%| F|  |TAMS 0x000000008b000000| PB 0x000000008b000000| Untracked |  0
| 177|0x000000008b100000, 0x000000008b100000, 0x000000008b200000|  0%| F|  |TAMS 0x000000008b100000| PB 0x000000008b100000| Untracked |  0
| 178|0x000000008b200000, 0x000000008b200000, 0x000000008b300000|  0%| F|  |TAMS 0x000000008b200000| PB 0x000000008b200000| Untracked |  0
| 179|0x000000008b300000, 0x000000008b300000, 0x000000008b400000|  0%| F|  |TAMS 0x000000008b300000| PB 0x000000008b300000| Untracked |  0
| 180|0x000000008b400000, 0x000000008b400000, 0x000000008b500000|  0%| F|  |TAMS 0x000000008b400000| PB 0x000000008b400000| Untracked |  0
| 181|0x000000008b500000, 0x000000008b500000, 0x000000008b600000|  0%| F|  |TAMS 0x000000008b500000| PB 0x000000008b500000| Untracked |  0
| 182|0x000000008b600000, 0x000000008b600000, 0x000000008b700000|  0%| F|  |TAMS 0x000000008b600000| PB 0x000000008b600000| Untracked |  0
| 183|0x000000008b700000, 0x000000008b700000, 0x000000008b800000|  0%| F|  |TAMS 0x000000008b700000| PB 0x000000008b700000| Untracked |  0
| 184|0x000000008b800000, 0x000000008b800000, 0x000000008b900000|  0%| F|  |TAMS 0x000000008b800000| PB 0x000000008b800000| Untracked |  0
| 185|0x000000008b900000, 0x000000008b900000, 0x000000008ba00000|  0%| F|  |TAMS 0x000000008b900000| PB 0x000000008b900000| Untracked |  0
| 186|0x000000008ba00000, 0x000000008ba00000, 0x000000008bb00000|  0%| F|  |TAMS 0x000000008ba00000| PB 0x000000008ba00000| Untracked |  0
| 187|0x000000008bb00000, 0x000000008bb00000, 0x000000008bc00000|  0%| F|  |TAMS 0x000000008bb00000| PB 0x000000008bb00000| Untracked |  0
| 188|0x000000008bc00000, 0x000000008bc00000, 0x000000008bd00000|  0%| F|  |TAMS 0x000000008bc00000| PB 0x000000008bc00000| Untracked |  0
| 189|0x000000008bd00000, 0x000000008bd00000, 0x000000008be00000|  0%| F|  |TAMS 0x000000008bd00000| PB 0x000000008bd00000| Untracked |  0
| 190|0x000000008be00000, 0x000000008be00000, 0x000000008bf00000|  0%| F|  |TAMS 0x000000008be00000| PB 0x000000008be00000| Untracked |  0
| 191|0x000000008bf00000, 0x000000008bf00000, 0x000000008c000000|  0%| F|  |TAMS 0x000000008bf00000| PB 0x000000008bf00000| Untracked |  0
| 192|0x000000008c000000, 0x000000008c000000, 0x000000008c100000|  0%| F|  |TAMS 0x000000008c000000| PB 0x000000008c000000| Untracked |  0
| 193|0x000000008c100000, 0x000000008c100000, 0x000000008c200000|  0%| F|  |TAMS 0x000000008c100000| PB 0x000000008c100000| Untracked |  0
| 194|0x000000008c200000, 0x000000008c200000, 0x000000008c300000|  0%| F|  |TAMS 0x000000008c200000| PB 0x000000008c200000| Untracked |  0
| 195|0x000000008c300000, 0x000000008c300000, 0x000000008c400000|  0%| F|  |TAMS 0x000000008c300000| PB 0x000000008c300000| Untracked |  0
| 196|0x000000008c400000, 0x000000008c400000, 0x000000008c500000|  0%| F|  |TAMS 0x000000008c400000| PB 0x000000008c400000| Untracked |  0
| 197|0x000000008c500000, 0x000000008c500000, 0x000000008c600000|  0%| F|  |TAMS 0x000000008c500000| PB 0x000000008c500000| Untracked |  0
| 198|0x000000008c600000, 0x000000008c600000, 0x000000008c700000|  0%| F|  |TAMS 0x000000008c600000| PB 0x000000008c600000| Untracked |  0
| 199|0x000000008c700000, 0x000000008c700000, 0x000000008c800000|  0%| F|  |TAMS 0x000000008c700000| PB 0x000000008c700000| Untracked |  0
| 200|0x000000008c800000, 0x000000008c800000, 0x000000008c900000|  0%| F|  |TAMS 0x000000008c800000| PB 0x000000008c800000| Untracked |  0
| 201|0x000000008c900000, 0x000000008c900000, 0x000000008ca00000|  0%| F|  |TAMS 0x000000008c900000| PB 0x000000008c900000| Untracked |  0
| 202|0x000000008ca00000, 0x000000008ca00000, 0x000000008cb00000|  0%| F|  |TAMS 0x000000008ca00000| PB 0x000000008ca00000| Untracked |  0
| 203|0x000000008cb00000, 0x000000008cb00000, 0x000000008cc00000|  0%| F|  |TAMS 0x000000008cb00000| PB 0x000000008cb00000| Untracked |  0
| 204|0x000000008cc00000, 0x000000008cc00000, 0x000000008cd00000|  0%| F|  |TAMS 0x000000008cc00000| PB 0x000000008cc00000| Untracked |  0
| 205|0x000000008cd00000, 0x000000008cd00000, 0x000000008ce00000|  0%| F|  |TAMS 0x000000008cd00000| PB 0x000000008cd00000| Untracked |  0
| 206|0x000000008ce00000, 0x000000008ce00000, 0x000000008cf00000|  0%| F|  |TAMS 0x000000008ce00000| PB 0x000000008ce00000| Untracked |  0
| 207|0x000000008cf00000, 0x000000008cf00000, 0x000000008d000000|  0%| F|  |TAMS 0x000000008cf00000| PB 0x000000008cf00000| Untracked |  0
| 208|0x000000008d000000, 0x000000008d000000, 0x000000008d100000|  0%| F|  |TAMS 0x000000008d000000| PB 0x000000008d000000| Untracked |  0
| 209|0x000000008d100000, 0x000000008d100000, 0x000000008d200000|  0%| F|  |TAMS 0x000000008d100000| PB 0x000000008d100000| Untracked |  0
| 210|0x000000008d200000, 0x000000008d200000, 0x000000008d300000|  0%| F|  |TAMS 0x000000008d200000| PB 0x000000008d200000| Untracked |  0
| 211|0x000000008d300000, 0x000000008d300000, 0x000000008d400000|  0%| F|  |TAMS 0x000000008d300000| PB 0x000000008d300000| Untracked |  0
| 212|0x000000008d400000, 0x000000008d400000, 0x000000008d500000|  0%| F|  |TAMS 0x000000008d400000| PB 0x000000008d400000| Untracked |  0
| 213|0x000000008d500000, 0x000000008d500000, 0x000000008d600000|  0%| F|  |TAMS 0x000000008d500000| PB 0x000000008d500000| Untracked |  0
| 214|0x000000008d600000, 0x000000008d600000, 0x000000008d700000|  0%| F|  |TAMS 0x000000008d600000| PB 0x000000008d600000| Untracked |  0
| 215|0x000000008d700000, 0x000000008d700000, 0x000000008d800000|  0%| F|  |TAMS 0x000000008d700000| PB 0x000000008d700000| Untracked |  0
| 216|0x000000008d800000, 0x000000008d800000, 0x000000008d900000|  0%| F|  |TAMS 0x000000008d800000| PB 0x000000008d800000| Untracked |  0
| 217|0x000000008d900000, 0x000000008d900000, 0x000000008da00000|  0%| F|  |TAMS 0x000000008d900000| PB 0x000000008d900000| Untracked |  0
| 218|0x000000008da00000, 0x000000008da00000, 0x000000008db00000|  0%| F|  |TAMS 0x000000008da00000| PB 0x000000008da00000| Untracked |  0
| 219|0x000000008db00000, 0x000000008db00000, 0x000000008dc00000|  0%| F|  |TAMS 0x000000008db00000| PB 0x000000008db00000| Untracked |  0
| 220|0x000000008dc00000, 0x000000008dc00000, 0x000000008dd00000|  0%| F|  |TAMS 0x000000008dc00000| PB 0x000000008dc00000| Untracked |  0
| 221|0x000000008dd00000, 0x000000008dd00000, 0x000000008de00000|  0%| F|  |TAMS 0x000000008dd00000| PB 0x000000008dd00000| Untracked |  0
| 222|0x000000008de00000, 0x000000008de00000, 0x000000008df00000|  0%| F|  |TAMS 0x000000008de00000| PB 0x000000008de00000| Untracked |  0
| 223|0x000000008df00000, 0x000000008df00000, 0x000000008e000000|  0%| F|  |TAMS 0x000000008df00000| PB 0x000000008df00000| Untracked |  0
| 224|0x000000008e000000, 0x000000008e000000, 0x000000008e100000|  0%| F|  |TAMS 0x000000008e000000| PB 0x000000008e000000| Untracked |  0
| 225|0x000000008e100000, 0x000000008e100000, 0x000000008e200000|  0%| F|  |TAMS 0x000000008e100000| PB 0x000000008e100000| Untracked |  0
| 226|0x000000008e200000, 0x000000008e200000, 0x000000008e300000|  0%| F|  |TAMS 0x000000008e200000| PB 0x000000008e200000| Untracked |  0
| 227|0x000000008e300000, 0x000000008e300000, 0x000000008e400000|  0%| F|  |TAMS 0x000000008e300000| PB 0x000000008e300000| Untracked |  0
| 228|0x000000008e400000, 0x000000008e400000, 0x000000008e500000|  0%| F|  |TAMS 0x000000008e400000| PB 0x000000008e400000| Untracked |  0
| 229|0x000000008e500000, 0x000000008e500000, 0x000000008e600000|  0%| F|  |TAMS 0x000000008e500000| PB 0x000000008e500000| Untracked |  0
| 230|0x000000008e600000, 0x000000008e600000, 0x000000008e700000|  0%| F|  |TAMS 0x000000008e600000| PB 0x000000008e600000| Untracked |  0
| 231|0x000000008e700000, 0x000000008e700000, 0x000000008e800000|  0%| F|  |TAMS 0x000000008e700000| PB 0x000000008e700000| Untracked |  0
| 232|0x000000008e800000, 0x000000008e800000, 0x000000008e900000|  0%| F|  |TAMS 0x000000008e800000| PB 0x000000008e800000| Untracked |  0
| 233|0x000000008e900000, 0x000000008e900000, 0x000000008ea00000|  0%| F|  |TAMS 0x000000008e900000| PB 0x000000008e900000| Untracked |  0
| 234|0x000000008ea00000, 0x000000008ea00000, 0x000000008eb00000|  0%| F|  |TAMS 0x000000008ea00000| PB 0x000000008ea00000| Untracked |  0
| 235|0x000000008eb00000, 0x000000008eb00000, 0x000000008ec00000|  0%| F|  |TAMS 0x000000008eb00000| PB 0x000000008eb00000| Untracked |  0
| 236|0x000000008ec00000, 0x000000008ec00000, 0x000000008ed00000|  0%| F|  |TAMS 0x000000008ec00000| PB 0x000000008ec00000| Untracked |  0
| 237|0x000000008ed00000, 0x000000008ed00000, 0x000000008ee00000|  0%| F|  |TAMS 0x000000008ed00000| PB 0x000000008ed00000| Untracked |  0
| 238|0x000000008ee00000, 0x000000008ee00000, 0x000000008ef00000|  0%| F|  |TAMS 0x000000008ee00000| PB 0x000000008ee00000| Untracked |  0
| 239|0x000000008ef00000, 0x000000008ef00000, 0x000000008f000000|  0%| F|  |TAMS 0x000000008ef00000| PB 0x000000008ef00000| Untracked |  0
| 240|0x000000008f000000, 0x000000008f000000, 0x000000008f100000|  0%| F|  |TAMS 0x000000008f000000| PB 0x000000008f000000| Untracked |  0
| 241|0x000000008f100000, 0x000000008f100000, 0x000000008f200000|  0%| F|  |TAMS 0x000000008f100000| PB 0x000000008f100000| Untracked |  0
| 242|0x000000008f200000, 0x000000008f200000, 0x000000008f300000|  0%| F|  |TAMS 0x000000008f200000| PB 0x000000008f200000| Untracked |  0
| 243|0x000000008f300000, 0x000000008f300000, 0x000000008f400000|  0%| F|  |TAMS 0x000000008f300000| PB 0x000000008f300000| Untracked |  0
| 244|0x000000008f400000, 0x000000008f500000, 0x000000008f500000|100%| E|  |TAMS 0x000000008f400000| PB 0x000000008f400000| Complete |  0
| 245|0x000000008f500000, 0x000000008f600000, 0x000000008f600000|100%| E|CS|TAMS 0x000000008f500000| PB 0x000000008f500000| Complete |  0
| 246|0x000000008f600000, 0x000000008f700000, 0x000000008f700000|100%| E|CS|TAMS 0x000000008f600000| PB 0x000000008f600000| Complete |  0
| 247|0x000000008f700000, 0x000000008f800000, 0x000000008f800000|100%| E|CS|TAMS 0x000000008f700000| PB 0x000000008f700000| Complete |  0
| 248|0x000000008f800000, 0x000000008f900000, 0x000000008f900000|100%| E|CS|TAMS 0x000000008f800000| PB 0x000000008f800000| Complete |  0
| 249|0x000000008f900000, 0x000000008fa00000, 0x000000008fa00000|100%| E|CS|TAMS 0x000000008f900000| PB 0x000000008f900000| Complete |  0
| 250|0x000000008fa00000, 0x000000008fb00000, 0x000000008fb00000|100%| E|CS|TAMS 0x000000008fa00000| PB 0x000000008fa00000| Complete |  0
| 251|0x000000008fb00000, 0x000000008fc00000, 0x000000008fc00000|100%| E|CS|TAMS 0x000000008fb00000| PB 0x000000008fb00000| Complete |  0
|2046|0x00000000ffe00000, 0x00000000fff00000, 0x00000000fff00000|100%| O|  |TAMS 0x00000000ffe00000| PB 0x00000000ffe00000| Untracked |  0
|2047|0x00000000fff00000, 0x00000000fff25860, 0x0000000100000000| 14%| O|  |TAMS 0x00000000fff00000| PB 0x00000000fff00000| Untracked |  0

Card table byte_map: [0x0000013efcb30000,0x0000013efcf30000] _byte_map_base: 0x0000013efc730000

Marking Bits: (CMBitMap*) 0x0000013ef32f1e80
 Bits: [0x0000013efcf30000, 0x0000013efef30000)

Polling page: 0x0000013ef1130000

Metaspace:
Metaspace        used 16853K, committed 17408K, reserved 1114112K
 class space     used 2325K, committed 2560K, reserved 1048576K

Usage:
  Non-class:     14.19 MB used.
      Class:      2.27 MB used.
       Both:     16.46 MB used.

Virtual space:
  Non-class space:       64.00 MB reserved,      14.50 MB ( 23%) committed,  1 nodes.
      Class space:        1.00 GB reserved,       2.50 MB ( <1%) committed,  1 nodes.
             Both:        1.06 GB reserved,      17.00 MB (  2%) committed. 

Chunk freelists:
   Non-Class:  1.49 MB
       Class:  13.54 MB
        Both:  15.03 MB

MaxMetaspaceSize: unlimited
CompressedClassSpaceSize: 1.00 GB
Initial GC threshold: 21.00 MB
Current GC threshold: 21.00 MB
CDS: on
 - commit_granule_bytes: 65536.
 - commit_granule_words: 8192.
 - virtual_space_node_default_size: 8388608.
 - enlarge_chunks_in_place: 1.
UseCompressedClassPointers 1, UseCompactObjectHeaders 0
Narrow klass pointer bits 32, Max shift 3
Narrow klass base: 0x0000000039000000, Narrow klass shift: 0
Encoding Range: [0x0000000039000000 - 0x0000000139000000), (4294967296 bytes)
Klass Range:    [0x0000000039010000 - 0x000000007a000000), (1090453504 bytes)
Klass ID Range:  [65536 - 1090519033) (1090453497)
Protection zone: [0x0000000039000000 - 0x0000000039010000), (65536 bytes)


Internal statistics:

num_allocs_failed_limit: 0.
num_arena_births: 570.
num_arena_deaths: 0.
num_vsnodes_births: 2.
num_vsnodes_deaths: 0.
num_space_committed: 272.
num_space_uncommitted: 0.
num_chunks_returned_to_freelist: 0.
num_chunks_taken_from_freelist: 1184.
num_chunk_merges: 0.
num_chunk_splits: 750.
num_chunks_enlarged: 494.
num_inconsistent_stats: 0.

CodeHeap 'non-profiled nmethods': size=119168Kb used=1252Kb max_used=1252Kb free=117915Kb
 bounds [0x0000013e87bb0000, 0x0000013e87e20000, 0x0000013e8f010000]
CodeHeap 'profiled nmethods': size=119168Kb used=5910Kb max_used=5910Kb free=113257Kb
 bounds [0x0000013e80000000, 0x0000013e805d0000, 0x0000013e87460000]
CodeHeap 'non-nmethods': size=7488Kb used=1465Kb max_used=2182Kb free=6023Kb
 bounds [0x0000013e87460000, 0x0000013e876d0000, 0x0000013e87bb0000]
CodeCache: size=245824Kb, used=8627Kb, max_used=9344Kb, free=237195Kb
 total_blobs=4411, nmethods=3813, adapters=501, full_count=0
Compilation: enabled, stopped_count=0, restarted_count=0

Compilation events (20 events):
Event: 263.865 Thread 0x0000013effd4eb80 3815       4       java.lang.invoke.MethodTypeForm::canonicalize (74 bytes)
Event: 263.866 Thread 0x0000013effd4f790 3816       3       java.lang.invoke.DirectMethodHandle$Holder::invokeStatic (24 bytes)
Event: 263.866 Thread 0x0000013effd4f790 nmethod 3816 0x0000013e805c2f08 code [0x0000013e805c3000, 0x0000013e805c3530]
Event: 263.866 Thread 0x0000013effd4eb80 nmethod 3815 0x0000013e87ce9008 code [0x0000013e87ce9100, 0x0000013e87ce91d8]
Event: 263.868 Thread 0x0000013effd4f790 3817       3       sun.security.provider.MD5::FF (27 bytes)
Event: 263.869 Thread 0x0000013effd4f790 nmethod 3817 0x0000013e805c3588 code [0x0000013e805c3680, 0x0000013e805c37f8]
Event: 263.869 Thread 0x0000013effd4f790 3818       3       sun.security.provider.MD5::GG (27 bytes)
Event: 263.869 Thread 0x0000013effd4f790 nmethod 3818 0x0000013e805c3888 code [0x0000013e805c3980, 0x0000013e805c3af8]
Event: 263.869 Thread 0x0000013effd4f790 3819       3       sun.security.provider.MD5::HH (23 bytes)
Event: 263.869 Thread 0x0000013effd4f790 nmethod 3819 0x0000013e805c3b88 code [0x0000013e805c3c80, 0x0000013e805c3df0]
Event: 263.869 Thread 0x0000013effd4f790 3820       3       sun.security.provider.MD5::II (25 bytes)
Event: 263.869 Thread 0x0000013effd4f790 nmethod 3820 0x0000013e805c3e88 code [0x0000013e805c3f80, 0x0000013e805c40f0]
Event: 264.140 Thread 0x0000013effd4f790 3821       3       java.lang.String::encode (48 bytes)
Event: 264.140 Thread 0x0000013effd4f790 nmethod 3821 0x0000013e805c4188 code [0x0000013e805c4280, 0x0000013e805c45c0]
Event: 264.140 Thread 0x0000013effd4f790 3822       3       java.lang.String::encodeUTF8 (141 bytes)
Event: 264.140 Thread 0x0000013effd4f790 nmethod 3822 0x0000013e805c4608 code [0x0000013e805c4700, 0x0000013e805c4dc0]
Event: 264.766 Thread 0x0000013effd4f790 3823       3       java.lang.invoke.ClassSpecializer$SpeciesData::transformHelper (56 bytes)
Event: 264.768 Thread 0x0000013effd4f790 nmethod 3823 0x0000013e805c4e08 code [0x0000013e805c4f00, 0x0000013e805c56b8]
Event: 265.051 Thread 0x0000013effd4eb80 3824       4       java.lang.invoke.MethodType::makeImpl (109 bytes)
Event: 265.349 Thread 0x0000013effd4f790 3825       3       java.lang.invoke.LambdaFormBuffer::replaceParameterByCopy (38 bytes)

GC Heap Usage History (4 events):
Event: 2.745 {heap Before GC invocations=0 (full 0):
 garbage-first heap   total reserved 2097152K, committed 260096K, used 52374K [0x0000000080000000, 0x0000000100000000)
  region size 1024K, 47 young (48128K), 0 survivors (0K)
}
Event: 2.777 {heap After GC invocations=1 (full 0):
 garbage-first heap   total reserved 2097152K, committed 260096K, used 12818K [0x0000000080000000, 0x0000000100000000)
  region size 1024K, 6 young (6144K), 6 survivors (6144K)
}
Event: 212.270 {heap Before GC invocations=1 (full 0):
 garbage-first heap   total reserved 2097152K, committed 260096K, used 121362K [0x0000000080000000, 0x0000000100000000)
  region size 1024K, 110 young (112640K), 6 survivors (6144K)
}
Event: 212.548 {heap After GC invocations=2 (full 0):
 garbage-first heap   total reserved 2097152K, committed 260096K, used 22657K [0x0000000080000000, 0x0000000100000000)
  region size 1024K, 14 young (14336K), 14 survivors (14336K)
}

Metaspace Usage History (4 events):
Event: 2.745 {metaspace Before GC invocations=0 (full 0):
 Metaspace       used 4621K, committed 4864K, reserved 1114112K
  class space    used 595K, committed 704K, reserved 1048576K
}
Event: 2.777 {metaspace After GC invocations=1 (full 0):
 Metaspace       used 4621K, committed 4864K, reserved 1114112K
  class space    used 595K, committed 704K, reserved 1048576K
}
Event: 212.271 {metaspace Before GC invocations=1 (full 0):
 Metaspace       used 16583K, committed 17024K, reserved 1114112K
  class space    used 2289K, committed 2496K, reserved 1048576K
}
Event: 212.548 {metaspace After GC invocations=2 (full 0):
 Metaspace       used 16583K, committed 17024K, reserved 1114112K
  class space    used 2289K, committed 2496K, reserved 1048576K
}

Dll operation events (20 events):
Event: 0.861 Attempting to load shared library C:\Program Files\Eclipse Adoptium\jdk-25.0.4.7-hotspot\bin\nio.dll
Event: 0.863 Loaded shared library C:\Program Files\Eclipse Adoptium\jdk-25.0.4.7-hotspot\bin\nio.dll
Event: 0.869 Attempting to load shared library C:\Program Files\Eclipse Adoptium\jdk-25.0.4.7-hotspot\bin\zip.dll
Event: 0.869 Loaded shared library C:\Program Files\Eclipse Adoptium\jdk-25.0.4.7-hotspot\bin\zip.dll
Event: 1.184 Attempting to load shared library C:\Program Files\Eclipse Adoptium\jdk-25.0.4.7-hotspot\bin\jimage.dll
Event: 1.184 Loaded shared library C:\Program Files\Eclipse Adoptium\jdk-25.0.4.7-hotspot\bin\jimage.dll
Event: 1.630 Attempting to load shared library C:\Program Files\Eclipse Adoptium\jdk-25.0.4.7-hotspot\bin\verify.dll
Event: 1.631 Loaded shared library C:\Program Files\Eclipse Adoptium\jdk-25.0.4.7-hotspot\bin\verify.dll
Event: 1.667 Attempting to load shared library C:\Users\leona\.gradle\native\660c5614fbf4a5f2a75b1949f50a0caf5cd603558e7d8a26e50b933a0cfb79d1\windows-amd64\native-platform.dll
Event: 1.668 Loaded shared library C:\Users\leona\.gradle\native\660c5614fbf4a5f2a75b1949f50a0caf5cd603558e7d8a26e50b933a0cfb79d1\windows-amd64\native-platform.dll
Event: 1.683 Attempting to load shared library C:\Users\leona\.gradle\native\0.2.8\x86_64-windows-gnu\gradle-fileevents.dll
Event: 1.683 Loaded shared library C:\Users\leona\.gradle\native\0.2.8\x86_64-windows-gnu\gradle-fileevents.dll
Event: 4.121 Attempting to load shared library C:\Program Files\Eclipse Adoptium\jdk-25.0.4.7-hotspot\bin\management.dll
Event: 4.202 Loaded shared library C:\Program Files\Eclipse Adoptium\jdk-25.0.4.7-hotspot\bin\management.dll
Event: 4.207 Attempting to load shared library C:\Program Files\Eclipse Adoptium\jdk-25.0.4.7-hotspot\bin\management_ext.dll
Event: 4.231 Loaded shared library C:\Program Files\Eclipse Adoptium\jdk-25.0.4.7-hotspot\bin\management_ext.dll
Event: 8.537 Attempting to load shared library C:\Program Files\Eclipse Adoptium\jdk-25.0.4.7-hotspot\bin\extnet.dll
Event: 8.645 Loaded shared library C:\Program Files\Eclipse Adoptium\jdk-25.0.4.7-hotspot\bin\extnet.dll
Event: 12.196 Attempting to load shared library C:\Program Files\Eclipse Adoptium\jdk-25.0.4.7-hotspot\bin\sunmscapi.dll
Event: 12.341 Loaded shared library C:\Program Files\Eclipse Adoptium\jdk-25.0.4.7-hotspot\bin\sunmscapi.dll

Deoptimization events (20 events):
Event: 15.333 Thread 0x0000013e96626310 Uncommon trap: trap_request=0xffffffc6 fr.pc=0x0000013e87c6be74 relative=0x00000000000007f4
Event: 15.333 Thread 0x0000013e96626310 Uncommon trap: reason=bimorphic_or_optimized_type_check action=maybe_recompile pc=0x0000013e87c6be74 method=java.util.regex.Pattern$BmpCharProperty.match(Ljava/util/regex/Matcher;ILjava/lang/CharSequence;)Z @ 36 c2
Event: 15.333 Thread 0x0000013e96626310 DEOPT PACKING pc=0x0000013e87c6be74 sp=0x0000003392afc640
Event: 15.333 Thread 0x0000013e96626310 DEOPT UNPACKING pc=0x0000013e87581082 sp=0x0000003392afc578 mode 2
Event: 15.670 Thread 0x0000013e96626310 DEOPT PACKING pc=0x0000013e803ec759 sp=0x0000003392afd4c0
Event: 15.670 Thread 0x0000013e96626310 DEOPT UNPACKING pc=0x0000013e874b1702 sp=0x0000003392afc9d0 mode 0
Event: 21.740 Thread 0x0000013e91175fb0 DEOPT PACKING pc=0x0000013e803d4c84 sp=0x00000033927fe730
Event: 21.740 Thread 0x0000013e91175fb0 DEOPT UNPACKING pc=0x0000013e874b1702 sp=0x00000033927fdc18 mode 0
Event: 22.285 Thread 0x0000013e91175fb0 DEOPT PACKING pc=0x0000013e803d4c84 sp=0x00000033927fe7d0
Event: 22.285 Thread 0x0000013e91175fb0 DEOPT UNPACKING pc=0x0000013e874b1702 sp=0x00000033927fdcb8 mode 0
Event: 32.322 Thread 0x0000013e91175fb0 DEOPT PACKING pc=0x0000013e803d4c84 sp=0x00000033927fe7e0
Event: 32.322 Thread 0x0000013e91175fb0 DEOPT UNPACKING pc=0x0000013e874b1702 sp=0x00000033927fdcc8 mode 0
Event: 221.400 Thread 0x0000013e91175fb0 Uncommon trap: trap_request=0xffffff45 fr.pc=0x0000013e87cc7504 relative=0x0000000000000584
Event: 221.401 Thread 0x0000013e91175fb0 Uncommon trap: reason=unstable_if action=reinterpret pc=0x0000013e87cc7504 method=java.io.DataInputStream.readBoolean()Z @ 4 c2
Event: 221.401 Thread 0x0000013e91175fb0 DEOPT PACKING pc=0x0000013e87cc7504 sp=0x00000033927fe8f0
Event: 221.402 Thread 0x0000013e91175fb0 DEOPT UNPACKING pc=0x0000013e87581082 sp=0x00000033927fe850 mode 2
Event: 264.114 Thread 0x0000013e96626310 Uncommon trap: trap_request=0xffffff45 fr.pc=0x0000013e87c947f4 relative=0x00000000000006f4
Event: 264.135 Thread 0x0000013e96626310 Uncommon trap: reason=unstable_if action=reinterpret pc=0x0000013e87c947f4 method=java.util.HashMap.hash(Ljava/lang/Object;)I @ 1 c2
Event: 264.135 Thread 0x0000013e96626310 DEOPT PACKING pc=0x0000013e87c947f4 sp=0x0000003392afc2d0
Event: 264.136 Thread 0x0000013e96626310 DEOPT UNPACKING pc=0x0000013e87581082 sp=0x0000003392afc230 mode 2

Classes loaded (20 events):
Event: 21.303 Loading class java/util/concurrent/LinkedBlockingDeque$AbstractItr done
Event: 21.303 Loading class java/util/concurrent/LinkedBlockingDeque$Itr done
Event: 21.741 Loading class java/util/LinkedList$ListItr
Event: 21.742 Loading class java/util/LinkedList$ListItr done
Event: 33.860 Loading class sun/nio/fs/WindowsFileStore
Event: 33.862 Loading class java/nio/file/FileStore
Event: 33.862 Loading class java/nio/file/FileStore done
Event: 33.862 Loading class sun/nio/fs/WindowsFileStore done
Event: 33.904 Loading class java/nio/file/TempFileHelper
Event: 33.904 Loading class java/nio/file/TempFileHelper done
Event: 33.948 Loading class sun/nio/fs/WindowsPath$1
Event: 33.948 Loading class sun/nio/fs/WindowsPath$1 done
Event: 34.451 Loading class java/util/concurrent/Semaphore
Event: 34.451 Loading class java/util/concurrent/Semaphore done
Event: 34.512 Loading class java/nio/file/FileVisitOption
Event: 34.512 Loading class java/nio/file/FileVisitOption done
Event: 34.880 Loading class java/util/stream/ReduceOps$1
Event: 34.882 Loading class java/util/stream/ReduceOps$1 done
Event: 34.882 Loading class java/util/stream/ReduceOps$1ReducingSink
Event: 34.913 Loading class java/util/stream/ReduceOps$1ReducingSink done

Classes unloaded (0 events):
No events

Classes redefined (0 events):
No events

Internal exceptions (20 events):
Event: 14.995 Thread 0x0000013e96626310 Exception <a 'java/lang/NoSuchMethodError'{0x000000008bc85338}: 'java.lang.Object java.lang.invoke.DirectMethodHandle$Holder.invokeVirtual(java.lang.Object, java.lang.Object, java.lang.Object, java.lang.Object, java.lang.Object, java.lang.Object, java.lang.Object)'> (0x000000008bc85338) 
thrown [s\src\hotspot\share\interpreter\linkResolver.cpp, line 804]
Event: 15.016 Thread 0x0000013e96626310 Exception <a 'java/lang/NoSuchMethodError'{0x000000008bb5c0f8}: 'long java.lang.invoke.DirectMethodHandle$Holder.invokeInterface(java.lang.Object, java.lang.Object)'> (0x000000008bb5c0f8) 
thrown [s\src\hotspot\share\interpreter\linkResolver.cpp, line 804]
Event: 15.140 Thread 0x0000013e96626310 Exception <a 'java/lang/NoSuchMethodError'{0x000000008b702ae8}: 'void java.lang.invoke.DirectMethodHandle$Holder.invokeStatic(java.lang.Object, java.lang.Object)'> (0x000000008b702ae8) 
thrown [s\src\hotspot\share\interpreter\linkResolver.cpp, line 804]
Event: 15.162 Thread 0x0000013e96626310 Exception <a 'java/lang/NoSuchMethodError'{0x000000008b7705a8}: 'java.lang.Object java.lang.invoke.DirectMethodHandle$Holder.invokeVirtual(java.lang.Object, java.lang.Object, java.lang.Object, java.lang.Object, java.lang.Object, java.lang.Object, java.lang.Object, java.lang.Object, java.lang.Object, java.lang.Object, java.lang.Object, java.lang.Object)'> (0x000000008b7705a8) 
thrown [s\src\hotspot\share\interpreter\linkResolver.cpp, line 804]
Event: 15.214 Thread 0x0000013e96626310 Exception <a 'java/lang/NoSuchMethodError'{0x000000008b52fa68}: 'void java.lang.invoke.DirectMethodHandle$Holder.invokeStatic(java.lang.Object, java.lang.Object, java.lang.Object, java.lang.Object)'> (0x000000008b52fa68) 
thrown [s\src\hotspot\share\interpreter\linkResolver.cpp, line 804]
Event: 15.257 Thread 0x0000013e96626310 Exception <a 'java/lang/NoSuchMethodError'{0x000000008b5ef208}: 'int java.lang.invoke.DirectMethodHandle$Holder.invokeVirtual(java.lang.Object, java.lang.Object, java.lang.Object)'> (0x000000008b5ef208) 
thrown [s\src\hotspot\share\interpreter\linkResolver.cpp, line 804]
Event: 15.423 Thread 0x0000013e96626310 Exception <a 'java/lang/NoSuchMethodError'{0x000000008b25c500}: 'java.lang.Object java.lang.invoke.DirectMethodHandle$Holder.newInvokeSpecial(java.lang.Object, java.lang.Object, java.lang.Object, java.lang.Object, java.lang.Object, java.lang.Object)'> (0x000000008b25c500) 
thrown [s\src\hotspot\share\interpreter\linkResolver.cpp, line 804]
Event: 15.544 Thread 0x0000013e96626310 Exception <a 'java/lang/NoSuchMethodError'{0x000000008afdfaa0}: 'void java.lang.invoke.DelegatingMethodHandle$Holder.reinvoke_L(java.lang.Object, java.lang.Object, java.lang.Object, java.lang.Object, java.lang.Object, java.lang.Object, java.lang.Object, java.lang.Object, java.lang.Object, java.lang.Object)'> (0x000000008afdfaa0) 
thrown [s\src\hotspot\share\interpreter\linkResolver.cpp, line 804]
Event: 15.545 Thread 0x0000013e96626310 Exception <a 'java/lang/NoSuchMethodError'{0x000000008aff09e8}: 'java.lang.Object java.lang.invoke.Invokers$Holder.invoker(java.lang.Object, java.lang.Object, java.lang.Object, java.lang.Object, java.lang.Object, java.lang.Object, java.lang.Object, java.lang.Object, java.lang.Object, java.lang.Object)'> (0x000000008aff09e8) 
thrown [s\src\hotspot\share\interpreter\linkResolver.cpp, line 804]
Event: 15.774 Thread 0x0000013e96626310 Exception <a 'java/lang/NoSuchMethodError'{0x000000008a8304c0}: 'void java.lang.invoke.DirectMethodHandle$Holder.invokeInterface(java.lang.Object, java.lang.Object)'> (0x000000008a8304c0) 
thrown [s\src\hotspot\share\interpreter\linkResolver.cpp, line 804]
Event: 15.775 Thread 0x0000013e96626310 Exception <a 'java/lang/IncompatibleClassChangeError'{0x000000008a8386d8}: Found class java.lang.Object, but interface was expected> (0x000000008a8386d8) 
thrown [s\src\hotspot\share\interpreter\linkResolver.cpp, line 871]
Event: 15.795 Thread 0x0000013e96626310 Exception <a 'java/lang/NoSuchMethodError'{0x000000008a86ec20}: 'java.lang.Object java.lang.invoke.DirectMethodHandle$Holder.newInvokeSpecial(java.lang.Object, java.lang.Object, java.lang.Object, java.lang.Object, java.lang.Object, java.lang.Object, java.lang.Object, java.lang.Object)'> (0x000000008a86ec20) 
thrown [s\src\hotspot\share\interpreter\linkResolver.cpp, line 804]
Event: 15.888 Thread 0x0000013e96626310 Exception <a 'java/lang/NoSuchMethodError'{0x000000008a77fbe8}: 'java.lang.Object java.lang.invoke.DirectMethodHandle$Holder.newInvokeSpecial(java.lang.Object, java.lang.Object, int)'> (0x000000008a77fbe8) 
thrown [s\src\hotspot\share\interpreter\linkResolver.cpp, line 804]
Event: 16.291 Thread 0x0000013e96626310 Exception <a 'java/lang/NoSuchMethodError'{0x000000008a234128}: 'java.lang.Object java.lang.invoke.DirectMethodHandle$Holder.invokeVirtual(java.lang.Object, java.lang.Object, java.lang.Object, java.lang.Object, java.lang.Object, java.lang.Object, java.lang.Object, java.lang.Object)'> (0x000000008a234128) 
thrown [s\src\hotspot\share\interpreter\linkResolver.cpp, line 804]
Event: 33.218 Thread 0x0000013e96626310 Exception <a 'java/lang/NoSuchMethodError'{0x000000008a05aac0}: 'java.lang.Object java.lang.invoke.Invokers$Holder.invoker(java.lang.Object, java.lang.Object)'> (0x000000008a05aac0) 
thrown [s\src\hotspot\share\interpreter\linkResolver.cpp, line 804]
Event: 33.223 Thread 0x0000013e96626310 Exception <a 'java/lang/NoSuchMethodError'{0x0000000089f0f250}: 'java.lang.Object java.lang.invoke.DirectMethodHandle$Holder.invokeVirtual(java.lang.Object, java.lang.Object, java.lang.Object, java.lang.Object, java.lang.Object, java.lang.Object, java.lang.Object, java.lang.Object, java.lang.Object, java.lang.Object)'> (0x0000000089f0f250) 
thrown [s\src\hotspot\share\interpreter\linkResolver.cpp, line 804]
Event: 34.071 Thread 0x0000013e96626310 Exception <a 'java/lang/NoSuchMethodError'{0x0000000089fd71e8}: 'void java.lang.invoke.DirectMethodHandle$Holder.invokeStaticInit(java.lang.Object, java.lang.Object, java.lang.Object, java.lang.Object)'> (0x0000000089fd71e8) 
thrown [s\src\hotspot\share\interpreter\linkResolver.cpp, line 804]
Event: 34.781 Thread 0x0000013e96626310 Exception <a 'java/lang/NoSuchMethodError'{0x0000000089d70838}: 'int java.lang.invoke.DirectMethodHandle$Holder.invokeSpecialIFC(java.lang.Object, java.lang.Object, java.lang.Object, java.lang.Object)'> (0x0000000089d70838) 
thrown [s\src\hotspot\share\interpreter\linkResolver.cpp, line 804]
Event: 34.877 Thread 0x0000013e96626310 Exception <a 'java/lang/IncompatibleClassChangeError'{0x0000000089d990c8}: Found class java.lang.Object, but interface was expected> (0x0000000089d990c8) 
thrown [s\src\hotspot\share\interpreter\linkResolver.cpp, line 871]
Event: 264.114 Thread 0x0000013e96626310 Implicit null exception at 0x0000013e87c94139 to 0x0000013e87c947dc

VM Operations (20 events):
Event: 4.017 Executing non-safepoint VM operation: HandshakeAllThreads (Deoptimize)
Event: 4.017 Executing non-safepoint VM operation: HandshakeAllThreads (Deoptimize) done
Event: 4.285 Executing non-safepoint VM operation: HandshakeAllThreads (Deoptimize)
Event: 4.286 Executing non-safepoint VM operation: HandshakeAllThreads (Deoptimize) done
Event: 4.424 Executing non-safepoint VM operation: HandshakeAllThreads (Deoptimize)
Event: 4.424 Executing non-safepoint VM operation: HandshakeAllThreads (Deoptimize) done
Event: 10.265 Executing non-safepoint VM operation: HandshakeAllThreads (Deoptimize)
Event: 10.265 Executing non-safepoint VM operation: HandshakeAllThreads (Deoptimize) done
Event: 12.165 Executing non-safepoint VM operation: HandshakeAllThreads (Deoptimize)
Event: 12.165 Executing non-safepoint VM operation: HandshakeAllThreads (Deoptimize) done
Event: 15.502 Executing non-safepoint VM operation: HandshakeAllThreads (Deoptimize)
Event: 15.502 Executing non-safepoint VM operation: HandshakeAllThreads (Deoptimize) done
Event: 15.746 Executing non-safepoint VM operation: HandshakeAllThreads (Deoptimize)
Event: 15.746 Executing non-safepoint VM operation: HandshakeAllThreads (Deoptimize) done
Event: 60.208 Executing non-safepoint VM operation: HandshakeAllThreads (HandshakeForDeflation)
Event: 60.208 Executing non-safepoint VM operation: HandshakeAllThreads (HandshakeForDeflation) done
Event: 60.209 Executing non-safepoint VM operation: RendezvousGCThreads
Event: 60.209 Executing non-safepoint VM operation: RendezvousGCThreads done
Event: 212.263 Executing safepoint VM operation: G1CollectForAllocation (G1 Evacuation Pause)
Event: 212.548 Executing safepoint VM operation: G1CollectForAllocation (G1 Evacuation Pause) done

Memory protections (0 events):
No events

Nmethod flushes (0 events):
No events

Events (20 events):
Event: 12.146 Thread 0x0000013e96619740 Thread exited: 0x0000013e96619740
Event: 12.372 Thread 0x0000013e9603dd90 Thread added: 0x0000013e96074a80
Event: 12.564 Thread 0x0000013e96074a80 Thread added: 0x0000013e96625370
Event: 12.817 Thread 0x0000013e96074a80 Thread added: 0x0000013e96623430
Event: 14.597 Thread 0x0000013e96074a80 Thread added: 0x0000013e96626310
Event: 14.728 Thread 0x0000013e96626310 Thread added: 0x0000013e96624ba0
Event: 14.754 Thread 0x0000013effd4f790 Thread added: 0x0000013e96617700
Event: 14.799 Thread 0x0000013e96626310 Thread added: 0x0000013e977054f0
Event: 14.815 Thread 0x0000013e96626310 Thread added: 0x0000013e97704d20
Event: 14.823 Thread 0x0000013e96617700 Thread added: 0x0000013e96617f10
Event: 15.121 Thread 0x0000013e96617700 Thread exited: 0x0000013e96617700
Event: 15.728 Thread 0x0000013effd4f790 Thread added: 0x0000013e96617700
Event: 15.884 Thread 0x0000013e96626310 Thread added: 0x0000013e97708ba0
Event: 15.929 Thread 0x0000013e96626310 Thread added: 0x0000013e97705cc0
Event: 16.027 Thread 0x0000013e97705cc0 Thread added: 0x0000013e9770c250
Event: 16.777 Thread 0x0000013e96617700 Thread exited: 0x0000013e96617700
Event: 17.279 Thread 0x0000013e96626310 Thread added: 0x0000013e9770a310
Event: 18.332 Thread 0x0000013e96617f10 Thread exited: 0x0000013e96617f10
Event: 93.482 Thread 0x0000013e9770c250 Thread exited: 0x0000013e9770c250
Event: 261.271 Thread 0x0000013e97705cc0 Thread added: 0x0000013e97aa45f0


Dynamic libraries:
0x00007ff7cc220000 - 0x00007ff7cc22e000 	C:\Program Files\Eclipse Adoptium\jdk-25.0.4.7-hotspot\bin\java.exe
0x00007ffff7ee0000 - 0x00007ffff8146000 	C:\WINDOWS\SYSTEM32\ntdll.dll
0x00007ffff7dd0000 - 0x00007ffff7e99000 	C:\WINDOWS\System32\KERNEL32.DLL
0x00007ffff54a0000 - 0x00007ffff589f000 	C:\WINDOWS\System32\KERNELBASE.dll
0x00007ffff50f0000 - 0x00007ffff523c000 	C:\WINDOWS\System32\ucrtbase.dll
0x00007fffc44d0000 - 0x00007fffc44e6000 	C:\Program Files\Eclipse Adoptium\jdk-25.0.4.7-hotspot\bin\jli.dll
0x00007fffc3320000 - 0x00007fffc333e000 	C:\Program Files\Eclipse Adoptium\jdk-25.0.4.7-hotspot\bin\VCRUNTIME140.dll
0x00007ffff6660000 - 0x00007ffff6826000 	C:\WINDOWS\System32\USER32.dll
0x00007ffff5aa0000 - 0x00007ffff5ac7000 	C:\WINDOWS\System32\win32u.dll
0x00007ffff5db0000 - 0x00007ffff5ddb000 	C:\WINDOWS\System32\GDI32.dll
0x00007ffff5970000 - 0x00007ffff5a99000 	C:\WINDOWS\System32\gdi32full.dll
0x00007ffff5b60000 - 0x00007ffff5c03000 	C:\WINDOWS\System32\msvcp_win.dll
0x00007fffdae90000 - 0x00007fffdb121000 	C:\WINDOWS\WinSxS\amd64_microsoft.windows.common-controls_6595b64144ccf1df_6.0.26100.8972_none_3e0da176e32f9d4b\COMCTL32.dll
0x00007ffff7020000 - 0x00007ffff70c9000 	C:\WINDOWS\System32\msvcrt.dll
0x00007ffff71f0000 - 0x00007ffff7222000 	C:\WINDOWS\System32\IMM32.DLL
0x00007fffceb40000 - 0x00007fffceb4c000 	C:\Program Files\Eclipse Adoptium\jdk-25.0.4.7-hotspot\bin\vcruntime140_1.dll
0x00007fffbd640000 - 0x00007fffbd6cd000 	C:\Program Files\Eclipse Adoptium\jdk-25.0.4.7-hotspot\bin\msvcp140.dll
0x00007fff65b20000 - 0x00007fff66a51000 	C:\Program Files\Eclipse Adoptium\jdk-25.0.4.7-hotspot\bin\server\jvm.dll
0x00007ffff6ae0000 - 0x00007ffff6b9c000 	C:\WINDOWS\System32\ADVAPI32.dll
0x00007ffff65b0000 - 0x00007ffff665a000 	C:\WINDOWS\System32\sechost.dll
0x00007ffff6830000 - 0x00007ffff6948000 	C:\WINDOWS\System32\RPCRT4.dll
0x00007ffff5de0000 - 0x00007ffff5e62000 	C:\WINDOWS\System32\WS2_32.dll
0x00007ffff49b0000 - 0x00007ffff4a0e000 	C:\WINDOWS\SYSTEM32\POWRPROF.dll
0x00007fffe7ae0000 - 0x00007fffe7b16000 	C:\WINDOWS\SYSTEM32\WINMM.dll
0x00007fffecf60000 - 0x00007fffecf6b000 	C:\WINDOWS\SYSTEM32\VERSION.dll
0x00007ffff4990000 - 0x00007ffff49a5000 	C:\WINDOWS\SYSTEM32\UMPDC.dll
0x00007ffff3da0000 - 0x00007ffff3dbb000 	C:\WINDOWS\SYSTEM32\kernel.appcore.dll
0x00007fffcdfb0000 - 0x00007fffcdfba000 	C:\Program Files\Eclipse Adoptium\jdk-25.0.4.7-hotspot\bin\jimage.dll
0x00007ffff2610000 - 0x00007ffff2852000 	C:\WINDOWS\SYSTEM32\DBGHELP.DLL
0x00007ffff79c0000 - 0x00007ffff7d45000 	C:\WINDOWS\System32\combase.dll
0x00007ffff6bb0000 - 0x00007ffff6c89000 	C:\WINDOWS\System32\OLEAUT32.dll
0x00007fffcc1e0000 - 0x00007fffcc21b000 	C:\WINDOWS\SYSTEM32\dbgcore.DLL
0x00007ffff53e0000 - 0x00007ffff548c000 	C:\WINDOWS\System32\bcryptPrimitives.dll
0x00007fffcdf50000 - 0x00007fffcdf5f000 	C:\Program Files\Eclipse Adoptium\jdk-25.0.4.7-hotspot\bin\instrument.dll
0x00007fffc0dc0000 - 0x00007fffc0dde000 	C:\Program Files\Eclipse Adoptium\jdk-25.0.4.7-hotspot\bin\java.dll
0x00007ffff5f80000 - 0x00007ffff6119000 	C:\WINDOWS\System32\ole32.dll
0x00007ffff7230000 - 0x00007ffff79b8000 	C:\WINDOWS\System32\SHELL32.dll
0x00007ffff2b80000 - 0x00007ffff341b000 	C:\WINDOWS\SYSTEM32\windows.storage.dll
0x00007ffff5c10000 - 0x00007ffff5d09000 	C:\WINDOWS\System32\SHCORE.dll
0x00007ffff5d10000 - 0x00007ffff5d76000 	C:\WINDOWS\System32\shlwapi.dll
0x00007ffff5010000 - 0x00007ffff5039000 	C:\WINDOWS\SYSTEM32\profapi.dll
0x00007fffc0da0000 - 0x00007fffc0db6000 	C:\Program Files\Eclipse Adoptium\jdk-25.0.4.7-hotspot\bin\zip.dll
0x00007fffc02b0000 - 0x00007fffc02c1000 	C:\Program Files\Eclipse Adoptium\jdk-25.0.4.7-hotspot\bin\net.dll
0x00007ffff4330000 - 0x00007ffff439c000 	C:\WINDOWS\system32\mswsock.dll
0x00007fffbedf0000 - 0x00007fffbee06000 	C:\Program Files\Eclipse Adoptium\jdk-25.0.4.7-hotspot\bin\nio.dll
0x00007fffccc50000 - 0x00007fffccc60000 	C:\Program Files\Eclipse Adoptium\jdk-25.0.4.7-hotspot\bin\verify.dll
0x00007fffc4ab0000 - 0x00007fffc4ad7000 	C:\Users\leona\.gradle\native\660c5614fbf4a5f2a75b1949f50a0caf5cd603558e7d8a26e50b933a0cfb79d1\windows-amd64\native-platform.dll
0x00007fffbbe00000 - 0x00007fffbbe77000 	C:\Users\leona\.gradle\native\0.2.8\x86_64-windows-gnu\gradle-fileevents.dll
0x00007fffcc710000 - 0x00007fffcc71a000 	C:\Program Files\Eclipse Adoptium\jdk-25.0.4.7-hotspot\bin\management.dll
0x00007fffcc300000 - 0x00007fffcc30c000 	C:\Program Files\Eclipse Adoptium\jdk-25.0.4.7-hotspot\bin\management_ext.dll
0x00007ffff5f70000 - 0x00007ffff5f78000 	C:\WINDOWS\System32\PSAPI.DLL
0x00007ffff3750000 - 0x00007ffff3783000 	C:\WINDOWS\SYSTEM32\IPHLPAPI.DLL
0x00007ffff6950000 - 0x00007ffff695a000 	C:\WINDOWS\System32\NSI.dll
0x00007fffcbc00000 - 0x00007fffcbc09000 	C:\Program Files\Eclipse Adoptium\jdk-25.0.4.7-hotspot\bin\extnet.dll
0x00007ffff4750000 - 0x00007ffff476b000 	C:\WINDOWS\SYSTEM32\CRYPTSP.dll
0x00007ffff3d00000 - 0x00007ffff3d39000 	C:\WINDOWS\system32\rsaenh.dll
0x00007ffff43e0000 - 0x00007ffff4412000 	C:\WINDOWS\SYSTEM32\USERENV.dll
0x00007ffff4fe0000 - 0x00007ffff500a000 	C:\WINDOWS\SYSTEM32\bcrypt.dll
0x00007ffff4590000 - 0x00007ffff459c000 	C:\WINDOWS\SYSTEM32\CRYPTBASE.dll
0x00007fffca5a0000 - 0x00007fffca5ae000 	C:\Program Files\Eclipse Adoptium\jdk-25.0.4.7-hotspot\bin\sunmscapi.dll
0x00007ffff5250000 - 0x00007ffff53ce000 	C:\WINDOWS\System32\CRYPT32.dll
0x00007ffff4950000 - 0x00007ffff4980000 	C:\WINDOWS\SYSTEM32\ncrypt.dll
0x00007ffff4900000 - 0x00007ffff493f000 	C:\WINDOWS\SYSTEM32\NTASN1.dll
0x00007fffe5710000 - 0x00007fffe5718000 	C:\WINDOWS\system32\wshunix.dll

JVMTI agents:
C:\Users\leona\.gradle\wrapper\dists\gradle-9.6.0-bin\42k10rwplmzkhuboz9kdazi7s\gradle-9.6.0\lib\agents\gradle-instrumentation-agent-9.6.0.jar path:C:\Program Files\Eclipse Adoptium\jdk-25.0.4.7-hotspot\bin\instrument.dll, loaded, initialized, instrumentlib options:none

dbghelp: loaded successfully - version: 4.0.5 - missing functions: none
symbol engine: initialized successfully - sym options: 0x614 - pdb path: .;C:\Program Files\Eclipse Adoptium\jdk-25.0.4.7-hotspot\bin;C:\WINDOWS\SYSTEM32;C:\WINDOWS\WinSxS\amd64_microsoft.windows.common-controls_6595b64144ccf1df_6.0.26100.8972_none_3e0da176e32f9d4b;C:\Program Files\Eclipse Adoptium\jdk-25.0.4.7-hotspot\bin\server;C:\Users\leona\.gradle\native\660c5614fbf4a5f2a75b1949f50a0caf5cd603558e7d8a26e50b933a0cfb79d1\windows-amd64;C:\Users\leona\.gradle\native\0.2.8\x86_64-windows-gnu

VM Arguments:
jvm_args: --add-opens=java.base/java.lang=ALL-UNNAMED --add-opens=java.base/java.lang.invoke=ALL-UNNAMED --add-opens=java.base/java.util=ALL-UNNAMED --add-opens=java.prefs/java.util.prefs=ALL-UNNAMED --add-exports=jdk.compiler/com.sun.tools.javac.api=ALL-UNNAMED --add-exports=jdk.compiler/com.sun.tools.javac.util=ALL-UNNAMED --add-opens=java.base/java.nio.charset=ALL-UNNAMED --add-opens=java.base/java.net=ALL-UNNAMED --add-opens=java.base/java.util.concurrent=ALL-UNNAMED --add-opens=java.base/java.util.concurrent.atomic=ALL-UNNAMED --add-opens=java.xml/javax.xml.namespace=ALL-UNNAMED --add-opens=java.base/java.time=ALL-UNNAMED --enable-native-access=ALL-UNNAMED -Xmx2048m -Dfile.encoding=UTF-8 -Duser.country=US -Duser.language=en -Duser.variant -javaagent:C:\Users\leona\.gradle\wrapper\dists\gradle-9.6.0-bin\42k10rwplmzkhuboz9kdazi7s\gradle-9.6.0\lib\agents\gradle-instrumentation-agent-9.6.0.jar 
java_command: org.gradle.launcher.daemon.bootstrap.GradleDaemon 9.6.0
java_class_path (initial): C:\Users\leona\.gradle\wrapper\dists\gradle-9.6.0-bin\42k10rwplmzkhuboz9kdazi7s\gradle-9.6.0\lib\gradle-daemon-main-9.6.0.jar
Launcher Type: SUN_STANDARD

[Global flags]
     intx CICompilerCount                          = 12                                        {product} {ergonomic}
     uint ConcGCThreads                            = 3                                         {product} {ergonomic}
     uint G1ConcRefinementThreads                  = 13                                        {product} {ergonomic}
   size_t G1HeapRegionSize                         = 1048576                                   {product} {ergonomic}
   size_t InitialHeapSize                          = 264241152                                 {product} {ergonomic}
   size_t MarkStackSize                            = 4194304                                   {product} {ergonomic}
   size_t MarkStackSizeMax                         = 536870912                                 {product} {ergonomic}
   size_t MaxHeapSize                              = 2147483648                                {product} {command line}
   size_t MaxNewSize                               = 1287651328                                {product} {ergonomic}
   size_t MinHeapDeltaBytes                        = 1048576                                   {product} {ergonomic}
   size_t MinHeapSize                              = 8388608                                   {product} {ergonomic}
    uintx NonNMethodCodeHeapSize                   = 7667712                                {pd product} {ergonomic}
    uintx NonProfiledCodeHeapSize                  = 122028032                              {pd product} {ergonomic}
    uintx ProfiledCodeHeapSize                     = 122028032                              {pd product} {ergonomic}
    uintx ReservedCodeCacheSize                    = 251723776                              {pd product} {ergonomic}
     bool SegmentedCodeCache                       = true                                      {product} {ergonomic}
   size_t SoftMaxHeapSize                          = 2147483648                             {manageable} {ergonomic}
     bool UseCompressedOops                        = true                           {product lp64_product} {ergonomic}
     bool UseG1GC                                  = true                                      {product} {ergonomic}
     bool UseLargePagesIndividualAllocation        = false                                  {pd product} {ergonomic}

Logging:
Log output configuration:
 #0: stdout all=warning uptime,level,tags foldmultilines=false
 #1: stderr all=off uptime,level,tags foldmultilines=false

Release file:
IMPLEMENTOR="Eclipse Adoptium" 
IMPLEMENTOR_VERSION="Temurin-25.0.4+7" 
JAVA_RUNTIME_VERSION="25.0.4+7-LTS" 
JAVA_VERSION="25.0.4" 
JAVA_VERSION_DATE="2026-07-21" 
LIBC="default" 
MODULES="java.base java.compiler java.datatransfer java.xml java.prefs java.desktop java.instrument java.logging java.management java.security.sasl java.naming java.rmi java.management.rmi java.net.http java.scripting java.security.jgss java.transaction.xa java.sql java.sql.rowset java.xml.crypto java.se java.smartcardio jdk.accessibility jdk.internal.jvmstat jdk.attach jdk.charsets jdk.internal.opt jdk.zipfs jdk.compiler jdk.crypto.cryptoki jdk.crypto.ec jdk.crypto.mscapi jdk.dynalink jdk.internal.ed jdk.editpad jdk.internal.vm.ci jdk.graal.compiler jdk.graal.compiler.management jdk.hotspot.agent jdk.httpserver jdk.incubator.vector jdk.internal.le jdk.internal.md jdk.jartool jdk.javadoc jdk.jcmd jdk.management jdk.management.agent jdk.jconsole jdk.jdeps jdk.jdwp.agent jdk.jdi jdk.jfr jdk.jlink jdk.jpackage jdk.jshell jdk.jsobject jdk.jstatd jdk.localedata jdk.management.jfr jdk.naming.dns jdk.naming.rmi jdk.net jdk.nio.mapmode jdk.sctp jdk.security.auth jdk.security.jgss jdk.unsupported jdk.unsupported.desktop jdk.xml.dom" 
OS_ARCH="x86_64" 
OS_NAME="Windows" 
SOURCE=".:git:a2ce02c38bc9" 
BUILD_SOURCE="git:e6ba7dec3d07654074559310376a3ae89da5f4ac"
BUILD_SOURCE_REPO="https://github.com/adoptium/temurin-build.git"
SOURCE_REPO="https://github.com/adoptium/jdk25u.git"
FULL_VERSION="25.0.4+7-LTS"
SEMANTIC_VERSION="25.0.4+7"
BUILD_INFO="OS: Windows Server 2022 Version: 10.0"
JVM_VARIANT="Hotspot"
JVM_VERSION="25.0.4+7-LTS"
IMAGE_TYPE="JDK"

Environment Variables:
PATH=C:\Program Files\Eclipse Adoptium\jdk-25.0.4.7-hotspot\bin;C:\Program Files (x86)\Common Files\Oracle\Java\java8path;C:\Program Files (x86)\Common Files\Oracle\Java\javapath;C:\Python314\Scripts\;C:\Python314\;C:\WINDOWS\system32;C:\WINDOWS;C:\WINDOWS\System32\Wbem;C:\WINDOWS\System32\WindowsPowerShell\v1.0\;C:\WINDOWS\System32\OpenSSH\;C:\Program Files\nodejs\;C:\ProgramData\chocolatey\bin;C:\Program Files (x86)\NVIDIA Corporation\PhysX\Common;C:\msys64\ucrt64\bin;C:\Program Files\Git\cmd;C:\Users\leona\AppData\Local\Programs\Python\Python313\Scripts\;C:\Users\leona\AppData\Local\Programs\Python\Python313\;C:\Users\leona\AppData\Local\Microsoft\WindowsApps;C:\Users\leona\AppData\Roaming\npm;C:\Users\leona\AppData\Local\Programs\Microsoft VS Code\bin
USERNAME=leona
OS=Windows_NT
PROCESSOR_IDENTIFIER=Intel64 Family 6 Model 186 Stepping 2, GenuineIntel
TMP=C:\Users\leona\AppData\Local\Temp
TEMP=C:\Users\leona\AppData\Local\Temp




Compilation memory statistics disabled.

Periodic native trim disabled

---------------  S Y S T E M  ---------------

OS:
 Windows 11 , 64 bit Build 26100 (10.0.26100.9168)
OS uptime: 3 days 8:05 hours
Hyper-V role detected

CPU: total 16 (initial active 16) (8 cores per cpu, 2 threads per core) family 6 model 186 stepping 2 microcode 0x410e, cx8, cmov, fxsr, ht, mmx, 3dnowpref, sse, sse2, sse3, ssse3, sse4.1, sse4.2, popcnt, lzcnt, tsc, tscinvbit, avx, avx2, aes, erms, clmul, bmi1, bmi2, adx, sha, fma, vzeroupper, clflush, clflushopt, clwb, hv, serialize, rdtscp, rdpid, fsrm, gfni, f16c, cet_ibt, cet_ss
Processor Information for the first 16 processors :
  Max Mhz: 2400, Current Mhz: 2400, Mhz Limit: 2400

Memory: 4k page, system-wide physical 16122M (1021M free)
TotalPageFile size 65274M (AvailPageFile size 420M)
current process WorkingSet (physical memory assigned to process): 55M, peak: 212M
current process commit charge ("private bytes"): 414M, peak: 439M

vm_info: OpenJDK 64-Bit Server VM (25.0.4+7-LTS) for windows-amd64 JRE (25.0.4+7-LTS), built on 2026-07-21T00:00:00Z with MS VC++ 17.12 (VS2022)

END.
