#
# There is insufficient memory for the Java Runtime Environment to continue.
# Native memory allocation (malloc) failed to allocate 2833816 bytes. Error detail: Chunk::new
# Possible reasons:
#   The system is out of physical RAM or swap space
#   This process is running with CompressedOops enabled, and the Java Heap may be blocking the growth of the native heap
# Possible solutions:
#   Reduce memory load on the system
#   Increase physical memory or swap space
#   Check if swap backing store is full
#   Decrease Java heap size (-Xmx/-Xms)
#   Decrease number of Java threads
#   Decrease Java thread stack sizes (-Xss)
#   Set larger code cache with -XX:ReservedCodeCacheSize=
#   JVM is running with Unscaled Compressed Oops mode in which the Java heap is
#     placed in the first 4GB address space. The Java Heap base address is the
#     maximum limit for the native heap growth. Please use -XX:HeapBaseMinAddress
#     to set the Java Heap base and to place the Java Heap above 4GB virtual address.
# This output file may be truncated or incomplete.
#
#  Out of Memory Error (arena.cpp:186), pid=24676, tid=13212
#
# JRE version: OpenJDK Runtime Environment Temurin-25.0.4+7 (25.0.4+7) (build 25.0.4+7-LTS)
# Java VM: OpenJDK 64-Bit Server VM Temurin-25.0.4+7 (25.0.4+7-LTS, mixed mode, sharing, tiered, compressed oops, compressed class ptrs, g1 gc, windows-amd64)
# No core dump will be written. Minidumps are not enabled by default on client versions of Windows
#

---------------  S U M M A R Y ------------

Command Line: --add-opens=java.base/java.lang=ALL-UNNAMED --add-opens=java.base/java.lang.invoke=ALL-UNNAMED --add-opens=java.base/java.util=ALL-UNNAMED --add-opens=java.prefs/java.util.prefs=ALL-UNNAMED --add-exports=jdk.compiler/com.sun.tools.javac.api=ALL-UNNAMED --add-exports=jdk.compiler/com.sun.tools.javac.util=ALL-UNNAMED --add-opens=java.base/java.nio.charset=ALL-UNNAMED --add-opens=java.base/java.net=ALL-UNNAMED --add-opens=java.base/java.util.concurrent=ALL-UNNAMED --add-opens=java.base/java.util.concurrent.atomic=ALL-UNNAMED --add-opens=java.xml/javax.xml.namespace=ALL-UNNAMED --add-opens=java.base/java.time=ALL-UNNAMED --enable-native-access=ALL-UNNAMED -Xmx2048m -Dfile.encoding=UTF-8 -Duser.country=US -Duser.language=en -Duser.variant -javaagent:C:\Users\leona\.gradle\wrapper\dists\gradle-9.6.0-bin\42k10rwplmzkhuboz9kdazi7s\gradle-9.6.0\lib\agents\gradle-instrumentation-agent-9.6.0.jar org.gradle.launcher.daemon.bootstrap.GradleDaemon 9.6.0

Host: 13th Gen Intel(R) Core(TM) i7-13620H, 16 cores, 15G,  Windows 11 , 64 bit Build 26100 (10.0.26100.9168)
Time: Fri Sep 11 00:42:30 2026 Central Standard Time (Mexico) elapsed time: 333.261046 seconds (0d 0h 5m 33s)

---------------  T H R E A D  ---------------

Current thread (0x0000017f2a3a6bf0):  JavaThread "C2 CompilerThread0" daemon [_thread_in_native, id=13212, stack(0x000000488ee00000,0x000000488ef00000) (1024K)]


Current CompileTask:
C2:333261 6941       4       org.gradle.internal.remote.internal.inet.MultiChoiceAddressSerializer::read (95 bytes)

Stack: [0x000000488ee00000,0x000000488ef00000]
Native frames: (J=compiled Java code, j=interpreted, Vv=VM code, C=native code)
V  [jvm.dll+0x7aba79]  (no source info available)
V  [jvm.dll+0x775a3d]  (no source info available)
V  [jvm.dll+0x9fb9ed]  (no source info available)
V  [jvm.dll+0x9fdfe1]  (no source info available)
V  [jvm.dll+0x9fe6f3]  (no source info available)
V  [jvm.dll+0x2fdb36]  (no source info available)
V  [jvm.dll+0x111936]  (no source info available)
V  [jvm.dll+0x111c5e]  (no source info available)
V  [jvm.dll+0x1a08d2]  (no source info available)
V  [jvm.dll+0x3b7292]  (no source info available)
V  [jvm.dll+0x7b13fc]  (no source info available)
V  [jvm.dll+0x2c0ef7]  (no source info available)
V  [jvm.dll+0x2bfebf]  (no source info available)
V  [jvm.dll+0x237a30]  (no source info available)
V  [jvm.dll+0x2cffb6]  (no source info available)
V  [jvm.dll+0x2ce23a]  (no source info available)
V  [jvm.dll+0x49131e]  (no source info available)
V  [jvm.dll+0x99cb1d]  (no source info available)
V  [jvm.dll+0x7aa025]  (no source info available)
C  [ucrtbase.dll+0x2cd30]  (no source info available)
C  [KERNEL32.DLL+0x2ccb7]  (no source info available)
C  [ntdll.dll+0xaad6c]  (no source info available)

Lock stack of current Java thread (top to bottom):


---------------  P R O C E S S  ---------------

Threads class SMR info:
_java_thread_list=0x0000017f2aa148c0, length=51, elements={
0x0000017f0caf84b0, 0x0000017f2a4efb70, 0x0000017f2a4f3160, 0x0000017f2a4f8360,
0x0000017f2a4fa080, 0x0000017f2a4fceb0, 0x0000017f2a4ff9d0, 0x0000017f2a3a6bf0,
0x0000017f2a3a3380, 0x0000017f2a501140, 0x0000017f2a500970, 0x0000017f2f021ca0,
0x0000017f2f025b20, 0x0000017f2f027290, 0x0000017f2f0243b0, 0x0000017f2a4ff200,
0x0000017f2a5001a0, 0x0000017f2a944a90, 0x0000017f2a941bb0, 0x0000017f2a945a30,
0x0000017f2a942380, 0x0000017f2a948140, 0x0000017f2a948910, 0x0000017f2fcdf720,
0x0000017f32cf2640, 0x0000017f32cf1e70, 0x0000017f32cf4d50, 0x0000017f32cf64c0,
0x0000017f32cf7460, 0x0000017f32cf7c30, 0x0000017f32cf5cf0, 0x0000017f2fce35a0,
0x0000017f311c8c30, 0x0000017f311c8460, 0x0000017f3141ecc0, 0x0000017f3141fc60,
0x0000017f31423ae0, 0x0000017f31424a80, 0x0000017f314242b0, 0x0000017f31425250,
0x0000017f31425a20, 0x0000017f31422b40, 0x0000017f31423310, 0x0000017f2fcdd7e0,
0x0000017f2fcddfb0, 0x0000017f32c522d0, 0x0000017f32c549e0, 0x0000017f32c51330,
0x0000017f32c551b0, 0x0000017f32c54210, 0x0000017f31b796c0
}

Java Threads: ( => current thread )
  0x0000017f0caf84b0 JavaThread "main"                              [_thread_blocked, id=24044, stack(0x000000488e000000,0x000000488e100000) (1024K)]
  0x0000017f2a4efb70 JavaThread "Reference Handler"          daemon [_thread_blocked, id=13416, stack(0x000000488e800000,0x000000488e900000) (1024K)]
  0x0000017f2a4f3160 JavaThread "Finalizer"                  daemon [_thread_blocked, id=9536, stack(0x000000488e900000,0x000000488ea00000) (1024K)]
  0x0000017f2a4f8360 JavaThread "Signal Dispatcher"          daemon [_thread_blocked, id=12072, stack(0x000000488ea00000,0x000000488eb00000) (1024K)]
  0x0000017f2a4fa080 JavaThread "Attach Listener"            daemon [_thread_blocked, id=16508, stack(0x000000488eb00000,0x000000488ec00000) (1024K)]
  0x0000017f2a4fceb0 JavaThread "Service Thread"             daemon [_thread_blocked, id=16344, stack(0x000000488ec00000,0x000000488ed00000) (1024K)]
  0x0000017f2a4ff9d0 JavaThread "Monitor Deflation Thread"   daemon [_thread_blocked, id=1168, stack(0x000000488ed00000,0x000000488ee00000) (1024K)]
=>0x0000017f2a3a6bf0 JavaThread "C2 CompilerThread0"         daemon [_thread_in_native, id=13212, stack(0x000000488ee00000,0x000000488ef00000) (1024K)]
  0x0000017f2a3a3380 JavaThread "C1 CompilerThread0"         daemon [_thread_blocked, id=21696, stack(0x000000488ef00000,0x000000488f000000) (1024K)]
  0x0000017f2a501140 JavaThread "Common-Cleaner"             daemon [_thread_blocked, id=25316, stack(0x000000488f300000,0x000000488f400000) (1024K)]
  0x0000017f2a500970 JavaThread "Notification Thread"        daemon [_thread_blocked, id=6724, stack(0x000000488f400000,0x000000488f500000) (1024K)]
  0x0000017f2f021ca0 JavaThread "Daemon health stats"               [_thread_blocked, id=17388, stack(0x000000488f500000,0x000000488f600000) (1024K)]
  0x0000017f2f025b20 JavaThread "Incoming local TCP Connector on port 54088"        [_thread_in_native, id=21436, stack(0x000000488f000000,0x000000488f100000) (1024K)]
  0x0000017f2f027290 JavaThread "Daemon periodic checks"            [_thread_blocked, id=21220, stack(0x000000488f100000,0x000000488f200000) (1024K)]
  0x0000017f2f0243b0 JavaThread "Daemon"                            [_thread_blocked, id=24084, stack(0x000000488f200000,0x000000488f300000) (1024K)]
  0x0000017f2a4ff200 JavaThread "Handler for socket connection from /127.0.0.1:54088 to /127.0.0.1:54092"        [_thread_in_native, id=24088, stack(0x000000488fb00000,0x000000488fc00000) (1024K)]
  0x0000017f2a5001a0 JavaThread "Cancel handler"                    [_thread_blocked, id=24872, stack(0x000000488fc00000,0x000000488fd00000) (1024K)]
  0x0000017f2a944a90 JavaThread "Daemon worker"                     [_thread_blocked, id=21320, stack(0x000000488fd00000,0x000000488fe00000) (1024K)]
  0x0000017f2a941bb0 JavaThread "Asynchronous log dispatcher for DefaultDaemonConnection: socket connection from /127.0.0.1:54088 to /127.0.0.1:54092"        [_thread_blocked, id=21088, stack(0x000000488fe00000,0x000000488ff00000) (1024K)]
  0x0000017f2a945a30 JavaThread "Stdin handler"                     [_thread_blocked, id=16480, stack(0x000000488ff00000,0x0000004890000000) (1024K)]
  0x0000017f2a942380 JavaThread "Daemon client event forwarder"        [_thread_blocked, id=21664, stack(0x0000004890000000,0x0000004890100000) (1024K)]
  0x0000017f2a948140 JavaThread "Cache worker for journal cache (C:\Users\leona\.gradle\caches\journal-1)"        [_thread_blocked, id=24332, stack(0x0000004890100000,0x0000004890200000) (1024K)]
  0x0000017f2a948910 JavaThread "File lock request listener"        [_thread_in_native, id=23908, stack(0x0000004890200000,0x0000004890300000) (1024K)]
  0x0000017f2fcdf720 JavaThread "Cache worker for file hash cache (C:\Users\leona\.gradle\caches\9.6.0\fileHashes)"        [_thread_blocked, id=25804, stack(0x0000004890500000,0x0000004890600000) (1024K)]
  0x0000017f32cf2640 JavaThread "Cache worker for file hash cache (C:\Users\leona\AndroidStudioProjects\Fondly\.gradle\9.6.0\fileHashes)"        [_thread_blocked, id=24372, stack(0x0000004891200000,0x0000004891300000) (1024K)]
  0x0000017f32cf1e70 JavaThread "Cache worker for Build Output Cleanup Cache (C:\Users\leona\AndroidStudioProjects\Fondly\.gradle\buildOutputCleanup)"        [_thread_blocked, id=18936, stack(0x0000004891300000,0x0000004891400000) (1024K)]
  0x0000017f32cf4d50 JavaThread "File watcher server"        daemon [_thread_in_native, id=26136, stack(0x0000004890e00000,0x0000004890f00000) (1024K)]
  0x0000017f32cf64c0 JavaThread "File watcher consumer"      daemon [_thread_blocked, id=25732, stack(0x0000004891400000,0x0000004891500000) (1024K)]
  0x0000017f32cf7460 JavaThread "Cache worker for file content cache (C:\Users\leona\.gradle\caches\9.6.0\fileContent)"        [_thread_blocked, id=26480, stack(0x0000004891500000,0x0000004891600000) (1024K)]
  0x0000017f32cf7c30 JavaThread "Cache worker for checksums cache (C:\Users\leona\AndroidStudioProjects\Fondly\.gradle\9.6.0\checksums)"        [_thread_blocked, id=27192, stack(0x0000004891600000,0x0000004891700000) (1024K)]
  0x0000017f32cf5cf0 JavaThread "Cache worker for cache directory md-supplier (C:\Users\leona\.gradle\caches\9.6.0\md-supplier)"        [_thread_blocked, id=26912, stack(0x0000004891700000,0x0000004891800000) (1024K)]
  0x0000017f2fce35a0 JavaThread "Cache worker for cache directory md-rule (C:\Users\leona\.gradle\caches\9.6.0\md-rule)"        [_thread_blocked, id=27344, stack(0x0000004891800000,0x0000004891900000) (1024K)]
  0x0000017f311c8c30 JavaThread "jar transforms"                    [_thread_blocked, id=22120, stack(0x000000488de00000,0x000000488df00000) (1024K)]
  0x0000017f311c8460 JavaThread "jar transforms Thread 2"           [_thread_blocked, id=28440, stack(0x0000004890300000,0x0000004890400000) (1024K)]
  0x0000017f3141ecc0 JavaThread "Cache worker for Build Output Cleanup Cache (C:\Users\leona\AndroidStudioProjects\Fondly\build-logic\.gradle\buildOutputCleanup)"        [_thread_blocked, id=23228, stack(0x000000488dd00000,0x000000488de00000) (1024K)]
  0x0000017f3141fc60 JavaThread "Build operations"                  [_thread_blocked, id=36936, stack(0x0000004890600000,0x0000004890700000) (1024K)]
  0x0000017f31423ae0 JavaThread "Build operations Thread 2"         [_thread_blocked, id=36940, stack(0x0000004890f00000,0x0000004891000000) (1024K)]
  0x0000017f31424a80 JavaThread "Build operations Thread 3"         [_thread_blocked, id=36944, stack(0x0000004891900000,0x0000004891a00000) (1024K)]
  0x0000017f314242b0 JavaThread "Build operations Thread 4"         [_thread_blocked, id=36948, stack(0x0000004891a00000,0x0000004891b00000) (1024K)]
  0x0000017f31425250 JavaThread "Build operations Thread 5"         [_thread_blocked, id=36952, stack(0x0000004891b00000,0x0000004891c00000) (1024K)]
  0x0000017f31425a20 JavaThread "Build operations Thread 6"         [_thread_blocked, id=36956, stack(0x0000004891c00000,0x0000004891d00000) (1024K)]
  0x0000017f31422b40 JavaThread "Build operations Thread 7"         [_thread_blocked, id=36960, stack(0x0000004891d00000,0x0000004891e00000) (1024K)]
  0x0000017f31423310 JavaThread "Build operations Thread 8"         [_thread_blocked, id=36964, stack(0x0000004891e00000,0x0000004891f00000) (1024K)]
  0x0000017f2fcdd7e0 JavaThread "Build operations Thread 9"         [_thread_blocked, id=36968, stack(0x0000004891f00000,0x0000004892000000) (1024K)]
  0x0000017f2fcddfb0 JavaThread "Build operations Thread 10"        [_thread_blocked, id=36972, stack(0x0000004892000000,0x0000004892100000) (1024K)]
  0x0000017f32c522d0 JavaThread "Build operations Thread 11"        [_thread_blocked, id=36976, stack(0x0000004892100000,0x0000004892200000) (1024K)]
  0x0000017f32c549e0 JavaThread "Build operations Thread 12"        [_thread_blocked, id=36980, stack(0x0000004892200000,0x0000004892300000) (1024K)]
  0x0000017f32c51330 JavaThread "Build operations Thread 13"        [_thread_blocked, id=36984, stack(0x0000004892300000,0x0000004892400000) (1024K)]
  0x0000017f32c551b0 JavaThread "Build operations Thread 14"        [_thread_blocked, id=36988, stack(0x0000004892400000,0x0000004892500000) (1024K)]
  0x0000017f32c54210 JavaThread "Build operations Thread 15"        [_thread_blocked, id=36992, stack(0x0000004892500000,0x0000004892600000) (1024K)]
  0x0000017f31b796c0 JavaThread "Build operations Thread 16"        [_thread_blocked, id=47796, stack(0x0000004890400000,0x0000004890500000) (1024K)]
Total: 51

Other Threads:
  0x0000017f2a3a0280 VMThread "VM Thread"                           [id=24656, stack(0x000000488e700000,0x000000488e800000) (1024K)]
  0x0000017f2a4c9ce0 WatcherThread "VM Periodic Task Thread"        [id=24484, stack(0x000000488e600000,0x000000488e700000) (1024K)]
  0x0000017f0cb57860 WorkerThread "GC Thread#0"                     [id=14296, stack(0x000000488e100000,0x000000488e200000) (1024K)]
  0x0000017f2a39f590 WorkerThread "GC Thread#1"                     [id=19932, stack(0x000000488f600000,0x000000488f700000) (1024K)]
  0x0000017f2a39f9e0 WorkerThread "GC Thread#2"                     [id=17008, stack(0x000000488f700000,0x000000488f800000) (1024K)]
  0x0000017f2a3a06d0 WorkerThread "GC Thread#3"                     [id=23944, stack(0x000000488f800000,0x000000488f900000) (1024K)]
  0x0000017f2fffc9f0 WorkerThread "GC Thread#4"                     [id=13208, stack(0x000000488f900000,0x000000488fa00000) (1024K)]
  0x0000017f2fffdb30 WorkerThread "GC Thread#5"                     [id=23940, stack(0x000000488fa00000,0x000000488fb00000) (1024K)]
  0x0000017f30001790 WorkerThread "GC Thread#6"                     [id=5796, stack(0x0000004890700000,0x0000004890800000) (1024K)]
  0x0000017f2ffffdb0 WorkerThread "GC Thread#7"                     [id=14036, stack(0x0000004890800000,0x0000004890900000) (1024K)]
  0x0000017f2ffff960 WorkerThread "GC Thread#8"                     [id=24944, stack(0x0000004890900000,0x0000004890a00000) (1024K)]
  0x0000017f30002480 WorkerThread "GC Thread#9"                     [id=6740, stack(0x0000004890a00000,0x0000004890b00000) (1024K)]
  0x0000017f30000200 WorkerThread "GC Thread#10"                    [id=22892, stack(0x0000004890b00000,0x0000004890c00000) (1024K)]
  0x0000017f30000650 WorkerThread "GC Thread#11"                    [id=25816, stack(0x0000004890c00000,0x0000004890d00000) (1024K)]
  0x0000017f30000aa0 WorkerThread "GC Thread#12"                    [id=25800, stack(0x0000004890d00000,0x0000004890e00000) (1024K)]
  0x0000017f0a87df80 ConcurrentGCThread "G1 Main Marker"            [id=25100, stack(0x000000488e200000,0x000000488e300000) (1024K)]
  0x0000017f0cb6d930 WorkerThread "G1 Conc#0"                       [id=5552, stack(0x000000488e300000,0x000000488e400000) (1024K)]
  0x0000017f30002030 WorkerThread "G1 Conc#1"                       [id=26160, stack(0x0000004891000000,0x0000004891100000) (1024K)]
  0x0000017f32c3a280 WorkerThread "G1 Conc#2"                       [id=26164, stack(0x0000004891100000,0x0000004891200000) (1024K)]
  0x0000017f2a38ea40 ConcurrentGCThread "G1 Refine#0"               [id=25496, stack(0x000000488e400000,0x000000488e500000) (1024K)]
  0x0000017f2a38f550 ConcurrentGCThread "G1 Service"                [id=23680, stack(0x000000488e500000,0x000000488e600000) (1024K)]
Total: 21

Threads with active compile tasks:
C2 CompilerThread0  333443 6941       4       org.gradle.internal.remote.internal.inet.MultiChoiceAddressSerializer::read (95 bytes)
Total: 1

VM state: not at safepoint (normal execution)

VM Mutex/Monitor currently owned by a thread: None

Heap address: 0x0000000080000000, size: 2048 MB, Compressed Oops mode: 32-bit

CDS archive(s) mapped at: [0x0000000008000000-0x0000000008db0000-0x0000000008db0000), size 14352384, SharedBaseAddress: 0x0000000008000000, ArchiveRelocationMode: 1.
Compressed class space mapped at: 0x0000000009000000-0x0000000049000000, reserved size: 1073741824
UseCompressedClassPointers 1, UseCompactObjectHeaders 0
Narrow klass pointer bits 32, Max shift 3
Narrow klass base: 0x0000000008000000, Narrow klass shift: 0
Encoding Range: [0x0000000008000000 - 0x0000000108000000), (4294967296 bytes)
Klass Range:    [0x0000000008010000 - 0x0000000049000000), (1090453504 bytes)
Klass ID Range:  [65536 - 1090519033) (1090453497)
Protection zone: [0x0000000008000000 - 0x0000000008010000), (65536 bytes)

GC Precious Log:
 CardTable entry size: 512
 Card Set container configuration: InlinePtr #cards 5 size 8 Array Of Cards #cards 10 size 36 Howl #buckets 4 coarsen threshold 1843 Howl Bitmap #cards 512 size 80 coarsen threshold 460 Card regions per heap region 1 cards per card region 2048
 CPUs: 16 total, 16 available
 Memory: 16122M
 Large Page Support: Disabled
 NUMA Support: Disabled
 Compressed Oops: Enabled (32-bit)
 Heap Region Size: 1M
 Heap Min Capacity: 8M
 Heap Initial Capacity: 252M
 Heap Max Capacity: 2G
 Pre-touch: Disabled
 Parallel Workers: 13
 Concurrent Workers: 3
 Concurrent Refinement Workers: 13
 Periodic GC: Disabled

Heap:
 garbage-first heap   total reserved 2097152K, committed 89088K, used 75765K [0x0000000080000000, 0x0000000100000000)
  region size 1024K, 37 young (37888K), 2 survivors (2048K)

Heap Regions: E=young(eden), S=young(survivor), O=old, HS=humongous(starts), HC=humongous(continues), CS=collection set, F=free, TAMS=top-at-mark-start, PB=parsable bottom
|   0|0x0000000080000000, 0x0000000080100000, 0x0000000080100000|100%|HS|  |TAMS 0x0000000080000000| PB 0x0000000080000000| Complete |  0
|   1|0x0000000080100000, 0x0000000080200000, 0x0000000080200000|100%|HC|  |TAMS 0x0000000080100000| PB 0x0000000080100000| Complete |  0
|   2|0x0000000080200000, 0x0000000080300000, 0x0000000080300000|100%|HC|  |TAMS 0x0000000080200000| PB 0x0000000080200000| Complete |  0
|   3|0x0000000080300000, 0x0000000080400000, 0x0000000080400000|100%|HC|  |TAMS 0x0000000080300000| PB 0x0000000080300000| Complete |  0
|   4|0x0000000080400000, 0x0000000080500000, 0x0000000080500000|100%| O|  |TAMS 0x0000000080400000| PB 0x0000000080400000| Untracked |  0
|   5|0x0000000080500000, 0x0000000080600000, 0x0000000080600000|100%| O|  |TAMS 0x0000000080500000| PB 0x0000000080500000| Untracked |  0
|   6|0x0000000080600000, 0x0000000080700000, 0x0000000080700000|100%|HS|  |TAMS 0x0000000080600000| PB 0x0000000080600000| Complete |  0
|   7|0x0000000080700000, 0x0000000080800000, 0x0000000080800000|100%| O|  |TAMS 0x0000000080700000| PB 0x0000000080700000| Untracked |  0
|   8|0x0000000080800000, 0x0000000080900000, 0x0000000080900000|100%| O|  |TAMS 0x0000000080800000| PB 0x0000000080800000| Untracked |  0
|   9|0x0000000080900000, 0x0000000080a00000, 0x0000000080a00000|100%| O|  |TAMS 0x0000000080900000| PB 0x0000000080900000| Untracked |  0
|  10|0x0000000080a00000, 0x0000000080b00000, 0x0000000080b00000|100%| O|  |TAMS 0x0000000080a00000| PB 0x0000000080a00000| Untracked |  0
|  11|0x0000000080b00000, 0x0000000080c00000, 0x0000000080c00000|100%| O|  |TAMS 0x0000000080b00000| PB 0x0000000080b00000| Untracked |  0
|  12|0x0000000080c00000, 0x0000000080d00000, 0x0000000080d00000|100%| O|  |TAMS 0x0000000080c00000| PB 0x0000000080c00000| Untracked |  0
|  13|0x0000000080d00000, 0x0000000080de7cb8, 0x0000000080e00000| 90%| O|  |TAMS 0x0000000080d00000| PB 0x0000000080d00000| Untracked |  0
|  14|0x0000000080e00000, 0x0000000080f00000, 0x0000000080f00000|100%| O|  |TAMS 0x0000000080e00000| PB 0x0000000080e00000| Untracked |  0
|  15|0x0000000080f00000, 0x0000000081000000, 0x0000000081000000|100%| O|  |TAMS 0x0000000080f00000| PB 0x0000000080f00000| Untracked |  0
|  16|0x0000000081000000, 0x0000000081100000, 0x0000000081100000|100%| O|  |TAMS 0x0000000081000000| PB 0x0000000081000000| Untracked |  0
|  17|0x0000000081100000, 0x0000000081200000, 0x0000000081200000|100%| O|  |TAMS 0x0000000081100000| PB 0x0000000081100000| Untracked |  0
|  18|0x0000000081200000, 0x0000000081300000, 0x0000000081300000|100%| O|  |TAMS 0x0000000081200000| PB 0x0000000081200000| Untracked |  0
|  19|0x0000000081300000, 0x0000000081400000, 0x0000000081400000|100%| O|  |TAMS 0x0000000081300000| PB 0x0000000081300000| Untracked |  0
|  20|0x0000000081400000, 0x0000000081500000, 0x0000000081500000|100%| O|  |TAMS 0x0000000081400000| PB 0x0000000081400000| Untracked |  0
|  21|0x0000000081500000, 0x0000000081600000, 0x0000000081600000|100%| O|  |TAMS 0x0000000081500000| PB 0x0000000081500000| Untracked |  0
|  22|0x0000000081600000, 0x0000000081700000, 0x0000000081700000|100%| O|  |TAMS 0x0000000081600000| PB 0x0000000081600000| Untracked |  0
|  23|0x0000000081700000, 0x0000000081800000, 0x0000000081800000|100%| O|  |TAMS 0x0000000081700000| PB 0x0000000081700000| Untracked |  0
|  24|0x0000000081800000, 0x0000000081900000, 0x0000000081900000|100%| O|  |TAMS 0x0000000081800000| PB 0x0000000081800000| Untracked |  0
|  25|0x0000000081900000, 0x0000000081a00000, 0x0000000081a00000|100%| O|  |TAMS 0x0000000081900000| PB 0x0000000081900000| Untracked |  0
|  26|0x0000000081a00000, 0x0000000081b00000, 0x0000000081b00000|100%| O|  |TAMS 0x0000000081a00000| PB 0x0000000081a00000| Untracked |  0
|  27|0x0000000081b00000, 0x0000000081c00000, 0x0000000081c00000|100%| O|  |TAMS 0x0000000081b00000| PB 0x0000000081b00000| Untracked |  0
|  28|0x0000000081c00000, 0x0000000081d00000, 0x0000000081d00000|100%| O|  |TAMS 0x0000000081c00000| PB 0x0000000081c00000| Untracked |  0
|  29|0x0000000081d00000, 0x0000000081e00000, 0x0000000081e00000|100%| O|  |TAMS 0x0000000081d00000| PB 0x0000000081d00000| Untracked |  0
|  30|0x0000000081e00000, 0x0000000081f00000, 0x0000000081f00000|100%| O|  |TAMS 0x0000000081e00000| PB 0x0000000081e00000| Untracked |  0
|  31|0x0000000081f00000, 0x0000000082000000, 0x0000000082000000|100%| O|  |TAMS 0x0000000081f00000| PB 0x0000000081f00000| Untracked |  0
|  32|0x0000000082000000, 0x0000000082100000, 0x0000000082100000|100%| O|  |TAMS 0x0000000082000000| PB 0x0000000082000000| Untracked |  0
|  33|0x0000000082100000, 0x0000000082200000, 0x0000000082200000|100%| O|  |TAMS 0x0000000082100000| PB 0x0000000082100000| Untracked |  0
|  34|0x0000000082200000, 0x0000000082300000, 0x0000000082300000|100%| O|  |TAMS 0x0000000082200000| PB 0x0000000082200000| Untracked |  0
|  35|0x0000000082300000, 0x0000000082400000, 0x0000000082400000|100%| O|  |TAMS 0x0000000082300000| PB 0x0000000082300000| Untracked |  0
|  36|0x0000000082400000, 0x0000000082500000, 0x0000000082500000|100%| O|  |TAMS 0x0000000082400000| PB 0x0000000082400000| Untracked |  0
|  37|0x0000000082500000, 0x0000000082500000, 0x0000000082600000|  0%| F|  |TAMS 0x0000000082500000| PB 0x0000000082500000| Untracked |  0
|  38|0x0000000082600000, 0x0000000082600000, 0x0000000082700000|  0%| F|  |TAMS 0x0000000082600000| PB 0x0000000082600000| Untracked |  0
|  39|0x0000000082700000, 0x0000000082700000, 0x0000000082800000|  0%| F|  |TAMS 0x0000000082700000| PB 0x0000000082700000| Untracked |  0
|  40|0x0000000082800000, 0x00000000828622f8, 0x0000000082900000| 38%| O|  |TAMS 0x0000000082800000| PB 0x0000000082800000| Untracked |  0
|  41|0x0000000082900000, 0x0000000082900000, 0x0000000082a00000|  0%| F|  |TAMS 0x0000000082900000| PB 0x0000000082900000| Untracked |  0
|  42|0x0000000082a00000, 0x0000000082a00000, 0x0000000082b00000|  0%| F|  |TAMS 0x0000000082a00000| PB 0x0000000082a00000| Untracked |  0
|  43|0x0000000082b00000, 0x0000000082b00000, 0x0000000082c00000|  0%| F|  |TAMS 0x0000000082b00000| PB 0x0000000082b00000| Untracked |  0
|  44|0x0000000082c00000, 0x0000000082c00000, 0x0000000082d00000|  0%| F|  |TAMS 0x0000000082c00000| PB 0x0000000082c00000| Untracked |  0
|  45|0x0000000082d00000, 0x0000000082d00000, 0x0000000082e00000|  0%| F|  |TAMS 0x0000000082d00000| PB 0x0000000082d00000| Untracked |  0
|  46|0x0000000082e00000, 0x0000000082eb36a8, 0x0000000082f00000| 70%| S|CS|TAMS 0x0000000082e00000| PB 0x0000000082e00000| Complete |  0
|  47|0x0000000082f00000, 0x0000000083000000, 0x0000000083000000|100%| S|CS|TAMS 0x0000000082f00000| PB 0x0000000082f00000| Complete |  0
|  48|0x0000000083000000, 0x0000000083000000, 0x0000000083100000|  0%| F|  |TAMS 0x0000000083000000| PB 0x0000000083000000| Untracked |  0
|  49|0x0000000083100000, 0x0000000083100000, 0x0000000083200000|  0%| F|  |TAMS 0x0000000083100000| PB 0x0000000083100000| Untracked |  0
|  50|0x0000000083200000, 0x0000000083200000, 0x0000000083300000|  0%| F|  |TAMS 0x0000000083200000| PB 0x0000000083200000| Untracked |  0
|  51|0x0000000083300000, 0x000000008332a668, 0x0000000083400000| 16%| E|  |TAMS 0x0000000083300000| PB 0x0000000083300000| Complete |  0
|  52|0x0000000083400000, 0x0000000083500000, 0x0000000083500000|100%| E|CS|TAMS 0x0000000083400000| PB 0x0000000083400000| Complete |  0
|  53|0x0000000083500000, 0x0000000083600000, 0x0000000083600000|100%| E|CS|TAMS 0x0000000083500000| PB 0x0000000083500000| Complete |  0
|  54|0x0000000083600000, 0x0000000083700000, 0x0000000083700000|100%| E|CS|TAMS 0x0000000083600000| PB 0x0000000083600000| Complete |  0
|  55|0x0000000083700000, 0x0000000083800000, 0x0000000083800000|100%| E|CS|TAMS 0x0000000083700000| PB 0x0000000083700000| Complete |  0
|  56|0x0000000083800000, 0x0000000083900000, 0x0000000083900000|100%| E|CS|TAMS 0x0000000083800000| PB 0x0000000083800000| Complete |  0
|  57|0x0000000083900000, 0x0000000083a00000, 0x0000000083a00000|100%| E|CS|TAMS 0x0000000083900000| PB 0x0000000083900000| Complete |  0
|  58|0x0000000083a00000, 0x0000000083b00000, 0x0000000083b00000|100%| E|CS|TAMS 0x0000000083a00000| PB 0x0000000083a00000| Complete |  0
|  59|0x0000000083b00000, 0x0000000083c00000, 0x0000000083c00000|100%| E|CS|TAMS 0x0000000083b00000| PB 0x0000000083b00000| Complete |  0
|  60|0x0000000083c00000, 0x0000000083d00000, 0x0000000083d00000|100%| E|CS|TAMS 0x0000000083c00000| PB 0x0000000083c00000| Complete |  0
|  61|0x0000000083d00000, 0x0000000083e00000, 0x0000000083e00000|100%| E|CS|TAMS 0x0000000083d00000| PB 0x0000000083d00000| Complete |  0
|  62|0x0000000083e00000, 0x0000000083f00000, 0x0000000083f00000|100%| E|CS|TAMS 0x0000000083e00000| PB 0x0000000083e00000| Complete |  0
|  63|0x0000000083f00000, 0x0000000084000000, 0x0000000084000000|100%| E|CS|TAMS 0x0000000083f00000| PB 0x0000000083f00000| Complete |  0
|  64|0x0000000084000000, 0x0000000084100000, 0x0000000084100000|100%| E|CS|TAMS 0x0000000084000000| PB 0x0000000084000000| Complete |  0
|  65|0x0000000084100000, 0x0000000084200000, 0x0000000084200000|100%| E|CS|TAMS 0x0000000084100000| PB 0x0000000084100000| Complete |  0
|  66|0x0000000084200000, 0x0000000084300000, 0x0000000084300000|100%| E|CS|TAMS 0x0000000084200000| PB 0x0000000084200000| Complete |  0
|  67|0x0000000084300000, 0x0000000084400000, 0x0000000084400000|100%| E|CS|TAMS 0x0000000084300000| PB 0x0000000084300000| Complete |  0
|  68|0x0000000084400000, 0x0000000084500000, 0x0000000084500000|100%| E|CS|TAMS 0x0000000084400000| PB 0x0000000084400000| Complete |  0
|  69|0x0000000084500000, 0x0000000084600000, 0x0000000084600000|100%| E|CS|TAMS 0x0000000084500000| PB 0x0000000084500000| Complete |  0
|  70|0x0000000084600000, 0x0000000084700000, 0x0000000084700000|100%| E|CS|TAMS 0x0000000084600000| PB 0x0000000084600000| Complete |  0
|  71|0x0000000084700000, 0x0000000084800000, 0x0000000084800000|100%| E|CS|TAMS 0x0000000084700000| PB 0x0000000084700000| Complete |  0
|  72|0x0000000084800000, 0x0000000084900000, 0x0000000084900000|100%| E|CS|TAMS 0x0000000084800000| PB 0x0000000084800000| Complete |  0
|  73|0x0000000084900000, 0x0000000084a00000, 0x0000000084a00000|100%| E|CS|TAMS 0x0000000084900000| PB 0x0000000084900000| Complete |  0
| 222|0x000000008de00000, 0x000000008df00000, 0x000000008df00000|100%| E|CS|TAMS 0x000000008de00000| PB 0x000000008de00000| Complete |  0
| 223|0x000000008df00000, 0x000000008e000000, 0x000000008e000000|100%| E|CS|TAMS 0x000000008df00000| PB 0x000000008df00000| Complete |  0
| 224|0x000000008e000000, 0x000000008e100000, 0x000000008e100000|100%| E|CS|TAMS 0x000000008e000000| PB 0x000000008e000000| Complete |  0
| 225|0x000000008e100000, 0x000000008e200000, 0x000000008e200000|100%| E|CS|TAMS 0x000000008e100000| PB 0x000000008e100000| Complete |  0
| 226|0x000000008e200000, 0x000000008e300000, 0x000000008e300000|100%| E|CS|TAMS 0x000000008e200000| PB 0x000000008e200000| Complete |  0
| 227|0x000000008e300000, 0x000000008e400000, 0x000000008e400000|100%| E|CS|TAMS 0x000000008e300000| PB 0x000000008e300000| Complete |  0
| 228|0x000000008e400000, 0x000000008e500000, 0x000000008e500000|100%| E|CS|TAMS 0x000000008e400000| PB 0x000000008e400000| Complete |  0
| 229|0x000000008e500000, 0x000000008e600000, 0x000000008e600000|100%| E|CS|TAMS 0x000000008e500000| PB 0x000000008e500000| Complete |  0
| 230|0x000000008e600000, 0x000000008e700000, 0x000000008e700000|100%| E|CS|TAMS 0x000000008e600000| PB 0x000000008e600000| Complete |  0
| 231|0x000000008e700000, 0x000000008e800000, 0x000000008e800000|100%| E|CS|TAMS 0x000000008e700000| PB 0x000000008e700000| Complete |  0
| 251|0x000000008fb00000, 0x000000008fc00000, 0x000000008fc00000|100%| E|CS|TAMS 0x000000008fb00000| PB 0x000000008fb00000| Complete |  0
|2046|0x00000000ffe00000, 0x00000000fff00000, 0x00000000fff00000|100%| O|  |TAMS 0x00000000ffe00000| PB 0x00000000ffe00000| Untracked |  0
|2047|0x00000000fff00000, 0x0000000100000000, 0x0000000100000000|100%| E|CS|TAMS 0x00000000fff00000| PB 0x00000000fff00000| Complete |  0

Card table byte_map: [0x0000017f253b0000,0x0000017f257b0000] _byte_map_base: 0x0000017f24fb0000

Marking Bits: (CMBitMap*) 0x0000017f0cb57ff0
 Bits: [0x0000017f257b0000, 0x0000017f277b0000)

Polling page: 0x0000017f0aa90000

Metaspace:
Metaspace        used 48700K, committed 50624K, reserved 1114112K
 class space     used 7460K, committed 8384K, reserved 1048576K

Usage:
  Non-class:     40.27 MB used.
      Class:      7.29 MB used.
       Both:     47.56 MB used.

Virtual space:
  Non-class space:       64.00 MB reserved,      41.25 MB ( 64%) committed,  1 nodes.
      Class space:        1.00 GB reserved,       8.19 MB ( <1%) committed,  1 nodes.
             Both:        1.06 GB reserved,      49.44 MB (  5%) committed. 

Chunk freelists:
   Non-Class:  6.31 MB
       Class:  7.78 MB
        Both:  14.09 MB

MaxMetaspaceSize: unlimited
CompressedClassSpaceSize: 1.00 GB
Initial GC threshold: 21.00 MB
Current GC threshold: 58.88 MB
CDS: on
 - commit_granule_bytes: 65536.
 - commit_granule_words: 8192.
 - virtual_space_node_default_size: 8388608.
 - enlarge_chunks_in_place: 1.
UseCompressedClassPointers 1, UseCompactObjectHeaders 0
Narrow klass pointer bits 32, Max shift 3
Narrow klass base: 0x0000000008000000, Narrow klass shift: 0
Encoding Range: [0x0000000008000000 - 0x0000000108000000), (4294967296 bytes)
Klass Range:    [0x0000000008010000 - 0x0000000049000000), (1090453504 bytes)
Klass ID Range:  [65536 - 1090519033) (1090453497)
Protection zone: [0x0000000008000000 - 0x0000000008010000), (65536 bytes)


Internal statistics:

num_allocs_failed_limit: 6.
num_arena_births: 3354.
num_arena_deaths: 0.
num_vsnodes_births: 2.
num_vsnodes_deaths: 0.
num_space_committed: 791.
num_space_uncommitted: 0.
num_chunks_returned_to_freelist: 6.
num_chunks_taken_from_freelist: 5742.
num_chunk_merges: 6.
num_chunk_splits: 3712.
num_chunks_enlarged: 2271.
num_inconsistent_stats: 0.

CodeHeap 'non-profiled nmethods': size=119168Kb used=2932Kb max_used=2932Kb free=116235Kb
 bounds [0x0000017f1d1b0000, 0x0000017f1d490000, 0x0000017f24610000]
CodeHeap 'profiled nmethods': size=119168Kb used=9793Kb max_used=9793Kb free=109374Kb
 bounds [0x0000017f15600000, 0x0000017f15fa0000, 0x0000017f1ca60000]
CodeHeap 'non-nmethods': size=7488Kb used=1945Kb max_used=3082Kb free=5542Kb
 bounds [0x0000017f1ca60000, 0x0000017f1cd70000, 0x0000017f1d1b0000]
CodeCache: size=245824Kb, used=14670Kb, max_used=15807Kb, free=231151Kb
 total_blobs=7243, nmethods=6444, adapters=699, full_count=0
Compilation: enabled, stopped_count=0, restarted_count=0

Compilation events (20 events):
Event: 302.337 Thread 0x0000017f2a3a6bf0 nmethod 6931 0x0000017f1d48ba08 code [0x0000017f1d48bb00, 0x0000017f1d48be60]
Event: 302.337 Thread 0x0000017f2a3a6bf0 6932       4       java.net.InetAddress::getByAddress (114 bytes)
Event: 302.365 Thread 0x0000017f2a3a6bf0 nmethod 6932 0x0000017f1d48be88 code [0x0000017f1d48bf80, 0x0000017f1d48c6b8]
Event: 305.574 Thread 0x0000017f2a3a3380 6933       3       org.gradle.cache.internal.locklistener.DefaultFileLockContentionHandler::acceptConfirmationAsLockRequester (104 bytes)
Event: 305.623 Thread 0x0000017f2a3a3380 nmethod 6933 0x0000017f15f8d608 code [0x0000017f15f8d700, 0x0000017f15f8e2b0]
Event: 309.086 Thread 0x0000017f2a3a6bf0 6934   !   4       sun.nio.ch.NativeThreadSet::remove (132 bytes)
Event: 309.136 Thread 0x0000017f2a3a6bf0 nmethod 6934 0x0000017f1d48c708 code [0x0000017f1d48c800, 0x0000017f1d48caa0]
Event: 310.785 Thread 0x0000017f2a3a6bf0 6935       4       jdk.internal.misc.Unsafe::checkSize (32 bytes)
Event: 310.786 Thread 0x0000017f2a3a6bf0 nmethod 6935 0x0000017f1d48cb08 code [0x0000017f1d48cc00, 0x0000017f1d48cca8]
Event: 312.111 Thread 0x0000017f2a3a3380 6936       3       org.gradle.cache.internal.DefaultFileLockManager$DefaultFileLock::assertOpenAndIntegral (42 bytes)
Event: 312.966 Thread 0x0000017f2a3a3380 nmethod 6936 0x0000017f15f8e308 code [0x0000017f15f8e400, 0x0000017f15f8f330]
Event: 312.966 Thread 0x0000017f2a3a3380 6937       3       java.util.LinkedList::addAll (182 bytes)
Event: 313.148 Thread 0x0000017f2a3a3380 nmethod 6937 0x0000017f15f8f388 code [0x0000017f15f8f480, 0x0000017f15f8ff38]
Event: 324.183 Thread 0x0000017f2a3a3380 6938       3       org.gradle.cache.internal.DefaultFileLockManager$DefaultFileLock::readFile (11 bytes)
Event: 324.183 Thread 0x0000017f2a3a3380 nmethod 6938 0x0000017f15f8ff88 code [0x0000017f15f90080, 0x0000017f15f90290]
Event: 324.531 Thread 0x0000017f2a3a6bf0 6939       4       org.gradle.internal.remote.internal.inet.MultiChoiceAddress::hashCode (8 bytes)
Event: 324.534 Thread 0x0000017f2a3a6bf0 nmethod 6939 0x0000017f1d48ce08 code [0x0000017f1d48cf00, 0x0000017f1d48cfa0]
Event: 324.869 Thread 0x0000017f2a3a3380 6940       3       java.util.HashMap::clear (50 bytes)
Event: 324.869 Thread 0x0000017f2a3a3380 nmethod 6940 0x0000017f15f90308 code [0x0000017f15f90400, 0x0000017f15f90778]
Event: 332.173 Thread 0x0000017f2a3a6bf0 6941       4       org.gradle.internal.remote.internal.inet.MultiChoiceAddressSerializer::read (95 bytes)

GC Heap Usage History (20 events):
Event: 1.923 {heap Before GC invocations=0 (full 0):
 garbage-first heap   total reserved 2097152K, committed 260096K, used 52374K [0x0000000080000000, 0x0000000100000000)
  region size 1024K, 47 young (48128K), 0 survivors (0K)
}
Event: 2.159 {heap After GC invocations=1 (full 0):
 garbage-first heap   total reserved 2097152K, committed 260096K, used 12957K [0x0000000080000000, 0x0000000100000000)
  region size 1024K, 6 young (6144K), 6 survivors (6144K)
}
Event: 23.031 {heap Before GC invocations=1 (full 0):
 garbage-first heap   total reserved 2097152K, committed 260096K, used 121501K [0x0000000080000000, 0x0000000100000000)
  region size 1024K, 110 young (112640K), 6 survivors (6144K)
}
Event: 23.042 {heap After GC invocations=2 (full 0):
 garbage-first heap   total reserved 2097152K, committed 260096K, used 23812K [0x0000000080000000, 0x0000000100000000)
  region size 1024K, 14 young (14336K), 14 survivors (14336K)
}
Event: 23.542 {heap Before GC invocations=2 (full 0):
 garbage-first heap   total reserved 2097152K, committed 260096K, used 43268K [0x0000000080000000, 0x0000000100000000)
  region size 1024K, 34 young (34816K), 14 survivors (14336K)
}
Event: 23.550 {heap After GC invocations=3 (full 0):
 garbage-first heap   total reserved 2097152K, committed 260096K, used 24984K [0x0000000080000000, 0x0000000100000000)
  region size 1024K, 10 young (10240K), 10 survivors (10240K)
}
Event: 25.605 {heap Before GC invocations=4 (full 0):
 garbage-first heap   total reserved 2097152K, committed 89088K, used 67992K [0x0000000080000000, 0x0000000100000000)
  region size 1024K, 52 young (53248K), 10 survivors (10240K)
}
Event: 25.612 {heap After GC invocations=5 (full 0):
 garbage-first heap   total reserved 2097152K, committed 89088K, used 27756K [0x0000000080000000, 0x0000000100000000)
  region size 1024K, 4 young (4096K), 4 survivors (4096K)
}
Event: 27.853 {heap Before GC invocations=5 (full 0):
 garbage-first heap   total reserved 2097152K, committed 89088K, used 66668K [0x0000000080000000, 0x0000000100000000)
  region size 1024K, 42 young (43008K), 4 survivors (4096K)
}
Event: 27.858 {heap After GC invocations=6 (full 0):
 garbage-first heap   total reserved 2097152K, committed 89088K, used 29516K [0x0000000080000000, 0x0000000100000000)
  region size 1024K, 5 young (5120K), 5 survivors (5120K)
}
Event: 48.870 {heap Before GC invocations=6 (full 0):
 garbage-first heap   total reserved 2097152K, committed 89088K, used 65356K [0x0000000080000000, 0x0000000100000000)
  region size 1024K, 42 young (43008K), 5 survivors (5120K)
}
Event: 48.876 {heap After GC invocations=7 (full 0):
 garbage-first heap   total reserved 2097152K, committed 89088K, used 32382K [0x0000000080000000, 0x0000000100000000)
  region size 1024K, 5 young (5120K), 5 survivors (5120K)
}
Event: 61.992 {heap Before GC invocations=8 (full 0):
 garbage-first heap   total reserved 2097152K, committed 89088K, used 73342K [0x0000000080000000, 0x0000000100000000)
  region size 1024K, 44 young (45056K), 5 survivors (5120K)
}
Event: 61.999 {heap After GC invocations=9 (full 0):
 garbage-first heap   total reserved 2097152K, committed 89088K, used 34677K [0x0000000080000000, 0x0000000100000000)
  region size 1024K, 6 young (6144K), 6 survivors (6144K)
}
Event: 67.746 {heap Before GC invocations=9 (full 0):
 garbage-first heap   total reserved 2097152K, committed 89088K, used 74613K [0x0000000080000000, 0x0000000100000000)
  region size 1024K, 45 young (46080K), 6 survivors (6144K)
}
Event: 67.751 {heap After GC invocations=10 (full 0):
 garbage-first heap   total reserved 2097152K, committed 89088K, used 35681K [0x0000000080000000, 0x0000000100000000)
  region size 1024K, 4 young (4096K), 4 survivors (4096K)
}
Event: 78.156 {heap Before GC invocations=10 (full 0):
 garbage-first heap   total reserved 2097152K, committed 89088K, used 76641K [0x0000000080000000, 0x0000000100000000)
  region size 1024K, 44 young (45056K), 4 survivors (4096K)
}
Event: 78.166 {heap After GC invocations=11 (full 0):
 garbage-first heap   total reserved 2097152K, committed 89088K, used 39331K [0x0000000080000000, 0x0000000100000000)
  region size 1024K, 5 young (5120K), 5 survivors (5120K)
}
Event: 147.593 {heap Before GC invocations=11 (full 0):
 garbage-first heap   total reserved 2097152K, committed 89088K, used 78243K [0x0000000080000000, 0x0000000100000000)
  region size 1024K, 43 young (44032K), 5 survivors (5120K)
}
Event: 147.630 {heap After GC invocations=12 (full 0):
 garbage-first heap   total reserved 2097152K, committed 89088K, used 40949K [0x0000000080000000, 0x0000000100000000)
  region size 1024K, 2 young (2048K), 2 survivors (2048K)
}

Metaspace Usage History (20 events):
Event: 1.923 {metaspace Before GC invocations=0 (full 0):
 Metaspace       used 4636K, committed 4864K, reserved 1114112K
  class space    used 600K, committed 704K, reserved 1048576K
}
Event: 2.159 {metaspace After GC invocations=1 (full 0):
 Metaspace       used 4636K, committed 4864K, reserved 1114112K
  class space    used 600K, committed 704K, reserved 1048576K
}
Event: 23.031 {metaspace Before GC invocations=1 (full 0):
 Metaspace       used 18645K, committed 19200K, reserved 1114112K
  class space    used 2673K, committed 2944K, reserved 1048576K
}
Event: 23.042 {metaspace After GC invocations=2 (full 0):
 Metaspace       used 18645K, committed 19200K, reserved 1114112K
  class space    used 2673K, committed 2944K, reserved 1048576K
}
Event: 23.542 {metaspace Before GC invocations=2 (full 0):
 Metaspace       used 20848K, committed 21504K, reserved 1114112K
  class space    used 3063K, committed 3392K, reserved 1048576K
}
Event: 23.550 {metaspace After GC invocations=3 (full 0):
 Metaspace       used 20848K, committed 21504K, reserved 1114112K
  class space    used 3063K, committed 3392K, reserved 1048576K
}
Event: 25.605 {metaspace Before GC invocations=4 (full 0):
 Metaspace       used 25727K, committed 26688K, reserved 1114112K
  class space    used 3893K, committed 4352K, reserved 1048576K
}
Event: 25.612 {metaspace After GC invocations=5 (full 0):
 Metaspace       used 25727K, committed 26688K, reserved 1114112K
  class space    used 3893K, committed 4352K, reserved 1048576K
}
Event: 27.853 {metaspace Before GC invocations=5 (full 0):
 Metaspace       used 29523K, committed 30784K, reserved 1114112K
  class space    used 4577K, committed 5184K, reserved 1048576K
}
Event: 27.858 {metaspace After GC invocations=6 (full 0):
 Metaspace       used 29523K, committed 30784K, reserved 1114112K
  class space    used 4577K, committed 5184K, reserved 1048576K
}
Event: 48.870 {metaspace Before GC invocations=6 (full 0):
 Metaspace       used 34715K, committed 36096K, reserved 1114112K
  class space    used 5262K, committed 5952K, reserved 1048576K
}
Event: 48.876 {metaspace After GC invocations=7 (full 0):
 Metaspace       used 34715K, committed 36096K, reserved 1114112K
  class space    used 5262K, committed 5952K, reserved 1048576K
}
Event: 61.992 {metaspace Before GC invocations=8 (full 0):
 Metaspace       used 38070K, committed 39552K, reserved 1114112K
  class space    used 5683K, committed 6400K, reserved 1048576K
}
Event: 61.999 {metaspace After GC invocations=9 (full 0):
 Metaspace       used 38070K, committed 39552K, reserved 1114112K
  class space    used 5683K, committed 6400K, reserved 1048576K
}
Event: 67.746 {metaspace Before GC invocations=9 (full 0):
 Metaspace       used 40991K, committed 42752K, reserved 1114112K
  class space    used 6185K, committed 7040K, reserved 1048576K
}
Event: 67.751 {metaspace After GC invocations=10 (full 0):
 Metaspace       used 40991K, committed 42752K, reserved 1114112K
  class space    used 6185K, committed 7040K, reserved 1048576K
}
Event: 78.156 {metaspace Before GC invocations=10 (full 0):
 Metaspace       used 44154K, committed 46080K, reserved 1114112K
  class space    used 6760K, committed 7680K, reserved 1048576K
}
Event: 78.166 {metaspace After GC invocations=11 (full 0):
 Metaspace       used 44154K, committed 46080K, reserved 1114112K
  class space    used 6760K, committed 7680K, reserved 1048576K
}
Event: 147.593 {metaspace Before GC invocations=11 (full 0):
 Metaspace       used 47162K, committed 49024K, reserved 1114112K
  class space    used 7237K, committed 8128K, reserved 1048576K
}
Event: 147.630 {metaspace After GC invocations=12 (full 0):
 Metaspace       used 47162K, committed 49024K, reserved 1114112K
  class space    used 7237K, committed 8128K, reserved 1048576K
}

Dll operation events (20 events):
Event: 0.123 Attempting to load shared library C:\Program Files\Eclipse Adoptium\jdk-25.0.4.7-hotspot\bin\nio.dll
Event: 0.124 Loaded shared library C:\Program Files\Eclipse Adoptium\jdk-25.0.4.7-hotspot\bin\nio.dll
Event: 0.127 Attempting to load shared library C:\Program Files\Eclipse Adoptium\jdk-25.0.4.7-hotspot\bin\zip.dll
Event: 0.127 Loaded shared library C:\Program Files\Eclipse Adoptium\jdk-25.0.4.7-hotspot\bin\zip.dll
Event: 0.334 Attempting to load shared library C:\Program Files\Eclipse Adoptium\jdk-25.0.4.7-hotspot\bin\jimage.dll
Event: 0.334 Loaded shared library C:\Program Files\Eclipse Adoptium\jdk-25.0.4.7-hotspot\bin\jimage.dll
Event: 0.813 Attempting to load shared library C:\Program Files\Eclipse Adoptium\jdk-25.0.4.7-hotspot\bin\verify.dll
Event: 0.814 Loaded shared library C:\Program Files\Eclipse Adoptium\jdk-25.0.4.7-hotspot\bin\verify.dll
Event: 0.869 Attempting to load shared library C:\Users\leona\.gradle\native\660c5614fbf4a5f2a75b1949f50a0caf5cd603558e7d8a26e50b933a0cfb79d1\windows-amd64\native-platform.dll
Event: 0.870 Loaded shared library C:\Users\leona\.gradle\native\660c5614fbf4a5f2a75b1949f50a0caf5cd603558e7d8a26e50b933a0cfb79d1\windows-amd64\native-platform.dll
Event: 0.889 Attempting to load shared library C:\Users\leona\.gradle\native\0.2.8\x86_64-windows-gnu\gradle-fileevents.dll
Event: 0.890 Loaded shared library C:\Users\leona\.gradle\native\0.2.8\x86_64-windows-gnu\gradle-fileevents.dll
Event: 2.840 Attempting to load shared library C:\Program Files\Eclipse Adoptium\jdk-25.0.4.7-hotspot\bin\management.dll
Event: 2.841 Loaded shared library C:\Program Files\Eclipse Adoptium\jdk-25.0.4.7-hotspot\bin\management.dll
Event: 2.843 Attempting to load shared library C:\Program Files\Eclipse Adoptium\jdk-25.0.4.7-hotspot\bin\management_ext.dll
Event: 2.864 Loaded shared library C:\Program Files\Eclipse Adoptium\jdk-25.0.4.7-hotspot\bin\management_ext.dll
Event: 9.373 Attempting to load shared library C:\Program Files\Eclipse Adoptium\jdk-25.0.4.7-hotspot\bin\extnet.dll
Event: 9.414 Loaded shared library C:\Program Files\Eclipse Adoptium\jdk-25.0.4.7-hotspot\bin\extnet.dll
Event: 12.067 Attempting to load shared library C:\Program Files\Eclipse Adoptium\jdk-25.0.4.7-hotspot\bin\sunmscapi.dll
Event: 12.101 Loaded shared library C:\Program Files\Eclipse Adoptium\jdk-25.0.4.7-hotspot\bin\sunmscapi.dll

Deoptimization events (20 events):
Event: 154.463 Thread 0x0000017f2a944a90 Uncommon trap: trap_request=0xffffffd6 fr.pc=0x0000017f1d4768b0 relative=0x0000000000000230
Event: 154.463 Thread 0x0000017f2a944a90 Uncommon trap: reason=array_check action=maybe_recompile pc=0x0000017f1d4768b0 method=com.google.common.collect.ImmutableMap$Builder.put(Ljava/lang/Object;Ljava/lang/Object;)Lcom/google/common/collect/ImmutableMap$Builder; @ 32 c2
Event: 154.463 Thread 0x0000017f2a944a90 DEOPT PACKING pc=0x0000017f1d4768b0 sp=0x000000488fdf2d00
Event: 154.463 Thread 0x0000017f2a944a90 DEOPT UNPACKING pc=0x0000017f1cb7f902 sp=0x000000488fdf2ca8 mode 2
Event: 154.490 Thread 0x0000017f2a944a90 Uncommon trap: trap_request=0xffffffd6 fr.pc=0x0000017f1d4768b0 relative=0x0000000000000230
Event: 154.490 Thread 0x0000017f2a944a90 Uncommon trap: reason=array_check action=maybe_recompile pc=0x0000017f1d4768b0 method=com.google.common.collect.ImmutableMap$Builder.put(Ljava/lang/Object;Ljava/lang/Object;)Lcom/google/common/collect/ImmutableMap$Builder; @ 32 c2
Event: 154.490 Thread 0x0000017f2a944a90 DEOPT PACKING pc=0x0000017f1d4768b0 sp=0x000000488fdf2d00
Event: 154.490 Thread 0x0000017f2a944a90 DEOPT UNPACKING pc=0x0000017f1cb7f902 sp=0x000000488fdf2ca8 mode 2
Event: 154.513 Thread 0x0000017f2a944a90 Uncommon trap: trap_request=0xffffffd6 fr.pc=0x0000017f1d4768b0 relative=0x0000000000000230
Event: 154.513 Thread 0x0000017f2a944a90 Uncommon trap: reason=array_check action=maybe_recompile pc=0x0000017f1d4768b0 method=com.google.common.collect.ImmutableMap$Builder.put(Ljava/lang/Object;Ljava/lang/Object;)Lcom/google/common/collect/ImmutableMap$Builder; @ 32 c2
Event: 154.513 Thread 0x0000017f2a944a90 DEOPT PACKING pc=0x0000017f1d4768b0 sp=0x000000488fdf2bb0
Event: 154.513 Thread 0x0000017f2a944a90 DEOPT UNPACKING pc=0x0000017f1cb7f902 sp=0x000000488fdf2b58 mode 2
Event: 154.513 Thread 0x0000017f2a944a90 Uncommon trap: trap_request=0xffffffd6 fr.pc=0x0000017f1d4768b0 relative=0x0000000000000230
Event: 154.513 Thread 0x0000017f2a944a90 Uncommon trap: reason=array_check action=maybe_recompile pc=0x0000017f1d4768b0 method=com.google.common.collect.ImmutableMap$Builder.put(Ljava/lang/Object;Ljava/lang/Object;)Lcom/google/common/collect/ImmutableMap$Builder; @ 32 c2
Event: 154.513 Thread 0x0000017f2a944a90 DEOPT PACKING pc=0x0000017f1d4768b0 sp=0x000000488fdf2bb0
Event: 154.513 Thread 0x0000017f2a944a90 DEOPT UNPACKING pc=0x0000017f1cb7f902 sp=0x000000488fdf2b58 mode 2
Event: 281.988 Thread 0x0000017f2f027290 Uncommon trap: trap_request=0xffffff45 fr.pc=0x0000017f1d42958c relative=0x000000000000008c
Event: 281.989 Thread 0x0000017f2f027290 Uncommon trap: reason=unstable_if action=reinterpret pc=0x0000017f1d42958c method=java.io.DataInputStream.readBoolean()Z @ 4 c2
Event: 281.989 Thread 0x0000017f2f027290 DEOPT PACKING pc=0x0000017f1d42958c sp=0x000000488f1fe490
Event: 281.989 Thread 0x0000017f2f027290 DEOPT UNPACKING pc=0x0000017f1cb7f902 sp=0x000000488f1fe3c0 mode 2

Classes loaded (20 events):
Event: 145.106 Loading class javax/net/ssl/SSLPeerUnverifiedException
Event: 145.107 Loading class javax/net/ssl/SSLPeerUnverifiedException done
Event: 145.108 Loading class java/security/cert/CertificateParsingException
Event: 145.110 Loading class java/security/cert/CertificateException
Event: 145.111 Loading class java/security/cert/CertificateException done
Event: 145.112 Loading class java/security/cert/CertificateParsingException done
Event: 145.112 Loading class javax/naming/NamingException
Event: 145.115 Loading class javax/naming/NamingException done
Event: 145.115 Loading class javax/naming/InvalidNameException
Event: 145.115 Loading class javax/naming/InvalidNameException done
Event: 146.465 Loading class java/nio/file/Path$1
Event: 146.466 Loading class java/nio/file/Path$1 done
Event: 147.647 Loading class java/util/function/IntToLongFunction
Event: 147.647 Loading class java/util/function/IntToLongFunction done
Event: 147.662 Loading class java/util/function/IntUnaryOperator
Event: 147.662 Loading class java/util/function/IntUnaryOperator done
Event: 147.688 Loading class java/util/function/LongBinaryOperator
Event: 147.688 Loading class java/util/function/LongBinaryOperator done
Event: 153.884 Loading class sun/reflect/ReflectionFactory
Event: 153.884 Loading class sun/reflect/ReflectionFactory done

Classes unloaded (0 events):
No events

Classes redefined (0 events):
No events

Internal exceptions (20 events):
Event: 78.190 Thread 0x0000017f2a944a90 Exception <a 'java/lang/ClassNotFoundException'{0x00000000fffb3eb8}: org/gradle/api/internal/tasks/DefaultTaskCollectionCustomizer> (0x00000000fffb3eb8) 
thrown [s\src\hotspot\share\classfile\systemDictionary.cpp, line 328]
Event: 78.243 Thread 0x0000017f2a944a90 Exception <a 'java/lang/ClassNotFoundException'{0x000000008fb4d988}: org/gradle/api/internal/tasks/DefaultTaskContainerCustomizer> (0x000000008fb4d988) 
thrown [s\src\hotspot\share\classfile\systemDictionary.cpp, line 328]
Event: 78.287 Thread 0x0000017f2a944a90 Exception <a 'java/lang/ClassNotFoundException'{0x000000008e7c7d50}: org/gradle/api/internal/tasks/DefaultTaskContainer_DecoratedCustomizer> (0x000000008e7c7d50) 
thrown [s\src\hotspot\share\classfile\systemDictionary.cpp, line 328]
Event: 78.349 Thread 0x0000017f2a944a90 Exception <a 'java/lang/ClassNotFoundException'{0x000000008e5475e8}: org/codehaus/groovy/runtime/NullObjectBeanInfo> (0x000000008e5475e8) 
thrown [s\src\hotspot\share\classfile\systemDictionary.cpp, line 328]
Event: 78.356 Thread 0x0000017f2a944a90 Exception <a 'java/lang/ClassNotFoundException'{0x000000008e55c070}: org/codehaus/groovy/runtime/NullObjectCustomizer> (0x000000008e55c070) 
thrown [s\src\hotspot\share\classfile\systemDictionary.cpp, line 328]
Event: 78.380 Thread 0x0000017f2a944a90 Exception <a 'java/lang/NoSuchMethodError'{0x000000008e5f31b8}: 'int java.lang.invoke.DirectMethodHandle$Holder.invokeSpecial(java.lang.Object, java.lang.Object, java.lang.Object, java.lang.Object, java.lang.Object)'> (0x000000008e5f31b8) 
thrown [s\src\hotspot\share\interpreter\linkResolver.cpp, line 804]
Event: 78.440 Thread 0x0000017f2a944a90 Exception <a 'java/lang/NoSuchMethodError'{0x000000008e4b9ea0}: 'java.lang.Object java.lang.invoke.Invokers$Holder.invoker(java.lang.Object, java.lang.Object, java.lang.Object, java.lang.Object, java.lang.Object, java.lang.Object, java.lang.Object, java.lang.Object, java.lang.Object)'> (0x000000008e4b9ea0) 
thrown [s\src\hotspot\share\interpreter\linkResolver.cpp, line 804]
Event: 143.395 Thread 0x0000017f2a944a90 Exception <a 'java/lang/NoSuchMethodError'{0x00000000847d8dd0}: 'java.lang.Object java.lang.invoke.DirectMethodHandle$Holder.newInvokeSpecial(java.lang.Object, java.lang.Object, java.lang.Object, int, java.lang.Object)'> (0x00000000847d8dd0) 
thrown [s\src\hotspot\share\interpreter\linkResolver.cpp, line 804]
Event: 143.401 Thread 0x0000017f2a944a90 Exception <a 'java/lang/NoSuchMethodError'{0x00000000847e29f8}: 'java.lang.Object java.lang.invoke.Invokers$Holder.linkToTargetMethod(java.lang.Object, java.lang.Object, int, java.lang.Object, java.lang.Object)'> (0x00000000847e29f8) 
thrown [s\src\hotspot\share\interpreter\linkResolver.cpp, line 804]
Event: 143.795 Thread 0x0000017f2a944a90 Exception <a 'java/lang/NoSuchMethodError'{0x00000000844a76f0}: 'java.lang.Object java.lang.invoke.DirectMethodHandle$Holder.newInvokeSpecial(java.lang.Object, int, java.lang.Object)'> (0x00000000844a76f0) 
thrown [s\src\hotspot\share\interpreter\linkResolver.cpp, line 804]
Event: 144.236 Thread 0x0000017f2a944a90 Exception <a 'java/lang/NoSuchMethodError'{0x00000000842e3868}: 'java.lang.Object java.lang.invoke.DelegatingMethodHandle$Holder.reinvoke_L(java.lang.Object, java.lang.Object, long, int)'> (0x00000000842e3868) 
thrown [s\src\hotspot\share\interpreter\linkResolver.cpp, line 804]
Event: 145.956 Thread 0x0000017f2a944a90 Exception <a 'java/lang/NoSuchMethodError'{0x0000000083bb8938}: 'java.lang.Object java.lang.invoke.DirectMethodHandle$Holder.newInvokeSpecial(java.lang.Object, java.lang.Object, java.lang.Object, int)'> (0x0000000083bb8938) 
thrown [s\src\hotspot\share\interpreter\linkResolver.cpp, line 804]
Event: 145.962 Thread 0x0000017f2a944a90 Exception <a 'java/lang/NoSuchMethodError'{0x0000000083bc2b50}: 'java.lang.Object java.lang.invoke.Invokers$Holder.linkToTargetMethod(java.lang.Object, java.lang.Object, int, java.lang.Object)'> (0x0000000083bc2b50) 
thrown [s\src\hotspot\share\interpreter\linkResolver.cpp, line 804]
Event: 146.456 Thread 0x0000017f2a944a90 Exception <a 'java/lang/NoSuchMethodError'{0x0000000083852a48}: 'int java.lang.invoke.DirectMethodHandle$Holder.invokeSpecialIFC(java.lang.Object, java.lang.Object, java.lang.Object)'> (0x0000000083852a48) 
thrown [s\src\hotspot\share\interpreter\linkResolver.cpp, line 804]
Event: 147.342 Thread 0x0000017f2a944a90 Exception <a 'java/lang/NoSuchMethodError'{0x0000000083117568}: 'int java.lang.invoke.DirectMethodHandle$Holder.invokeInterface(java.lang.Object, java.lang.Object, java.lang.Object, java.lang.Object, java.lang.Object)'> (0x0000000083117568) 
thrown [s\src\hotspot\share\interpreter\linkResolver.cpp, line 804]
Event: 147.871 Thread 0x0000017f2a944a90 Exception <a 'java/lang/NoSuchMethodError'{0x000000008e78ba98}: 'java.lang.Object java.lang.invoke.DirectMethodHandle$Holder.invokeSpecial(java.lang.Object, java.lang.Object, long, java.lang.Object, java.lang.Object)'> (0x000000008e78ba98) 
thrown [s\src\hotspot\share\interpreter\linkResolver.cpp, line 804]
Event: 151.145 Thread 0x0000017f2a944a90 Exception <a 'java/lang/NoSuchMethodError'{0x000000008e0f7eb8}: 'void java.lang.invoke.DirectMethodHandle$Holder.invokeVirtual(java.lang.Object, java.lang.Object)'> (0x000000008e0f7eb8) 
thrown [s\src\hotspot\share\interpreter\linkResolver.cpp, line 804]
Event: 154.313 Thread 0x0000017f2a944a90 Exception <a 'java/lang/NoSuchMethodError'{0x0000000084748f48}: 'java.lang.Object java.lang.invoke.DirectMethodHandle$Holder.newInvokeSpecial(java.lang.Object, java.lang.Object, java.lang.Object, java.lang.Object, int, java.lang.Object)'> (0x0000000084748f48) 
thrown [s\src\hotspot\share\interpreter\linkResolver.cpp, line 804]
Event: 154.395 Thread 0x0000017f2a944a90 Exception <a 'java/lang/NoSuchMethodError'{0x00000000847533f0}: 'java.lang.Object java.lang.invoke.DirectMethodHandle$Holder.invokeSpecial(java.lang.Object, java.lang.Object, java.lang.Object, java.lang.Object, java.lang.Object, int, java.lang.Object)'> (0x00000000847533f0) 
thrown [s\src\hotspot\share\interpreter\linkResolver.cpp, line 804]
Event: 154.396 Thread 0x0000017f2a944a90 Exception <a 'java/lang/NoSuchMethodError'{0x000000008475d0f0}: 'java.lang.Object java.lang.invoke.Invokers$Holder.linkToTargetMethod(java.lang.Object, java.lang.Object, java.lang.Object, int, java.lang.Object, java.lang.Object)'> (0x000000008475d0f0) 
thrown [s\src\hotspot\share\interpreter\linkResolver.cpp, line 804]

VM Operations (20 events):
Event: 78.156 Executing safepoint VM operation: G1CollectForAllocation (G1 Evacuation Pause)
Event: 78.166 Executing safepoint VM operation: G1CollectForAllocation (G1 Evacuation Pause) done
Event: 120.669 Executing non-safepoint VM operation: HandshakeAllThreads (HandshakeForDeflation)
Event: 120.704 Executing non-safepoint VM operation: HandshakeAllThreads (HandshakeForDeflation) done
Event: 120.705 Executing non-safepoint VM operation: RendezvousGCThreads
Event: 120.705 Executing non-safepoint VM operation: RendezvousGCThreads done
Event: 146.523 Executing non-safepoint VM operation: HandshakeAllThreads (Deoptimize)
Event: 146.527 Executing non-safepoint VM operation: HandshakeAllThreads (Deoptimize) done
Event: 147.592 Executing safepoint VM operation: G1CollectForAllocation (G1 Evacuation Pause)
Event: 147.630 Executing safepoint VM operation: G1CollectForAllocation (G1 Evacuation Pause) done
Event: 148.184 Executing non-safepoint VM operation: HandshakeAllThreads (Deoptimize)
Event: 148.420 Executing non-safepoint VM operation: HandshakeAllThreads (Deoptimize) done
Event: 150.667 Executing non-safepoint VM operation: HandshakeAllThreads (Deoptimize)
Event: 150.859 Executing non-safepoint VM operation: HandshakeAllThreads (Deoptimize) done
Event: 154.000 Executing non-safepoint VM operation: HandshakeAllThreads (Deoptimize)
Event: 154.002 Executing non-safepoint VM operation: HandshakeAllThreads (Deoptimize) done
Event: 181.066 Executing non-safepoint VM operation: HandshakeAllThreads (HandshakeForDeflation)
Event: 181.066 Executing non-safepoint VM operation: HandshakeAllThreads (HandshakeForDeflation) done
Event: 181.066 Executing non-safepoint VM operation: RendezvousGCThreads
Event: 181.066 Executing non-safepoint VM operation: RendezvousGCThreads done

Memory protections (0 events):
No events

Nmethod flushes (20 events):
Event: 48.898 Thread 0x0000017f2a3a0280 flushing  nmethod 0x0000017f156b5188
Event: 48.898 Thread 0x0000017f2a3a0280 flushing  nmethod 0x0000017f156b5d08
Event: 48.898 Thread 0x0000017f2a3a0280 flushing  nmethod 0x0000017f156b6288
Event: 48.898 Thread 0x0000017f2a3a0280 flushing  nmethod 0x0000017f156b7208
Event: 48.898 Thread 0x0000017f2a3a0280 flushing  nmethod 0x0000017f156b8188
Event: 48.898 Thread 0x0000017f2a3a0280 flushing  nmethod 0x0000017f156b9388
Event: 48.898 Thread 0x0000017f2a3a0280 flushing  nmethod 0x0000017f156b9a08
Event: 48.898 Thread 0x0000017f2a3a0280 flushing  nmethod 0x0000017f1574e688
Event: 48.898 Thread 0x0000017f2a3a0280 flushing  nmethod 0x0000017f1574ed88
Event: 48.898 Thread 0x0000017f2a3a0280 flushing  nmethod 0x0000017f157cf708
Event: 48.898 Thread 0x0000017f2a3a0280 flushing  nmethod 0x0000017f1586f608
Event: 48.898 Thread 0x0000017f2a3a0280 flushing  nmethod 0x0000017f15913988
Event: 48.898 Thread 0x0000017f2a3a0280 flushing  nmethod 0x0000017f15917308
Event: 48.898 Thread 0x0000017f2a3a0280 flushing  nmethod 0x0000017f156e1208
Event: 48.898 Thread 0x0000017f2a3a0280 flushing  nmethod 0x0000017f156e4c88
Event: 48.898 Thread 0x0000017f2a3a0280 flushing  nmethod 0x0000017f156e5608
Event: 48.898 Thread 0x0000017f2a3a0280 flushing  nmethod 0x0000017f156e8808
Event: 48.898 Thread 0x0000017f2a3a0280 flushing  nmethod 0x0000017f156e8c88
Event: 48.898 Thread 0x0000017f2a3a0280 flushing  nmethod 0x0000017f156e9388
Event: 48.898 Thread 0x0000017f2a3a0280 flushing  nmethod 0x0000017f15929908

Events (20 events):
Event: 150.658 Thread 0x0000017f2a944a90 Thread added: 0x0000017f3141fc60
Event: 150.659 Thread 0x0000017f2a944a90 Thread added: 0x0000017f31423ae0
Event: 150.659 Thread 0x0000017f2a944a90 Thread added: 0x0000017f31424a80
Event: 150.659 Thread 0x0000017f2a944a90 Thread added: 0x0000017f314242b0
Event: 150.659 Thread 0x0000017f2a944a90 Thread added: 0x0000017f31425250
Event: 150.660 Thread 0x0000017f2a944a90 Thread added: 0x0000017f31425a20
Event: 150.660 Thread 0x0000017f2a944a90 Thread added: 0x0000017f31422b40
Event: 150.660 Thread 0x0000017f2a944a90 Thread added: 0x0000017f31423310
Event: 150.661 Thread 0x0000017f2a944a90 Thread added: 0x0000017f2fcdd7e0
Event: 150.661 Thread 0x0000017f2a944a90 Thread added: 0x0000017f2fcddfb0
Event: 150.661 Thread 0x0000017f2a944a90 Thread added: 0x0000017f32c522d0
Event: 150.661 Thread 0x0000017f2a944a90 Thread added: 0x0000017f32c549e0
Event: 150.661 Thread 0x0000017f2a944a90 Thread added: 0x0000017f32c51330
Event: 150.661 Thread 0x0000017f2a944a90 Thread added: 0x0000017f32c551b0
Event: 150.661 Thread 0x0000017f2a944a90 Thread added: 0x0000017f32c54210
Event: 152.460 Thread 0x0000017f322dc7a0 Thread exited: 0x0000017f322dc7a0
Event: 246.153 Thread 0x0000017f2a9490e0 Thread exited: 0x0000017f2a9490e0
Event: 252.941 Thread 0x0000017f2a948910 Thread added: 0x0000017f31b7a660
Event: 260.160 Thread 0x0000017f2a944a90 Thread added: 0x0000017f31b796c0
Event: 324.876 Thread 0x0000017f31b7a660 Thread exited: 0x0000017f31b7a660


Dynamic libraries:
0x00007ff7cc220000 - 0x00007ff7cc22e000 	C:\Program Files\Eclipse Adoptium\jdk-25.0.4.7-hotspot\bin\java.exe
0x00007ffff7ee0000 - 0x00007ffff8146000 	C:\WINDOWS\SYSTEM32\ntdll.dll
0x00007ffff7dd0000 - 0x00007ffff7e99000 	C:\WINDOWS\System32\KERNEL32.DLL
0x00007ffff54a0000 - 0x00007ffff589f000 	C:\WINDOWS\System32\KERNELBASE.dll
0x00007ffff50f0000 - 0x00007ffff523c000 	C:\WINDOWS\System32\ucrtbase.dll
0x00007fffc44d0000 - 0x00007fffc44e6000 	C:\Program Files\Eclipse Adoptium\jdk-25.0.4.7-hotspot\bin\jli.dll
0x00007fffc3320000 - 0x00007fffc333e000 	C:\Program Files\Eclipse Adoptium\jdk-25.0.4.7-hotspot\bin\VCRUNTIME140.dll
0x00007ffff6660000 - 0x00007ffff6826000 	C:\WINDOWS\System32\USER32.dll
0x00007fffdae90000 - 0x00007fffdb121000 	C:\WINDOWS\WinSxS\amd64_microsoft.windows.common-controls_6595b64144ccf1df_6.0.26100.8972_none_3e0da176e32f9d4b\COMCTL32.dll
0x00007ffff5aa0000 - 0x00007ffff5ac7000 	C:\WINDOWS\System32\win32u.dll
0x00007ffff7020000 - 0x00007ffff70c9000 	C:\WINDOWS\System32\msvcrt.dll
0x00007ffff5db0000 - 0x00007ffff5ddb000 	C:\WINDOWS\System32\GDI32.dll
0x00007ffff5970000 - 0x00007ffff5a99000 	C:\WINDOWS\System32\gdi32full.dll
0x00007ffff5b60000 - 0x00007ffff5c03000 	C:\WINDOWS\System32\msvcp_win.dll
0x00007ffff71f0000 - 0x00007ffff7222000 	C:\WINDOWS\System32\IMM32.DLL
0x00007fffceb40000 - 0x00007fffceb4c000 	C:\Program Files\Eclipse Adoptium\jdk-25.0.4.7-hotspot\bin\vcruntime140_1.dll
0x00007fffbd640000 - 0x00007fffbd6cd000 	C:\Program Files\Eclipse Adoptium\jdk-25.0.4.7-hotspot\bin\msvcp140.dll
0x00007fff65b20000 - 0x00007fff66a51000 	C:\Program Files\Eclipse Adoptium\jdk-25.0.4.7-hotspot\bin\server\jvm.dll
0x00007ffff6ae0000 - 0x00007ffff6b9c000 	C:\WINDOWS\System32\ADVAPI32.dll
0x00007ffff65b0000 - 0x00007ffff665a000 	C:\WINDOWS\System32\sechost.dll
0x00007ffff6830000 - 0x00007ffff6948000 	C:\WINDOWS\System32\RPCRT4.dll
0x00007ffff5de0000 - 0x00007ffff5e62000 	C:\WINDOWS\System32\WS2_32.dll
0x00007ffff49b0000 - 0x00007ffff4a0e000 	C:\WINDOWS\SYSTEM32\POWRPROF.dll
0x00007fffecf60000 - 0x00007fffecf6b000 	C:\WINDOWS\SYSTEM32\VERSION.dll
0x00007fffe7ae0000 - 0x00007fffe7b16000 	C:\WINDOWS\SYSTEM32\WINMM.dll
0x00007ffff4990000 - 0x00007ffff49a5000 	C:\WINDOWS\SYSTEM32\UMPDC.dll
0x00007ffff3da0000 - 0x00007ffff3dbb000 	C:\WINDOWS\SYSTEM32\kernel.appcore.dll
0x00007fffcdfb0000 - 0x00007fffcdfba000 	C:\Program Files\Eclipse Adoptium\jdk-25.0.4.7-hotspot\bin\jimage.dll
0x00007ffff2610000 - 0x00007ffff2852000 	C:\WINDOWS\SYSTEM32\DBGHELP.DLL
0x00007ffff79c0000 - 0x00007ffff7d45000 	C:\WINDOWS\System32\combase.dll
0x00007ffff6bb0000 - 0x00007ffff6c89000 	C:\WINDOWS\System32\OLEAUT32.dll
0x00007fffcc1e0000 - 0x00007fffcc21b000 	C:\WINDOWS\SYSTEM32\dbgcore.DLL
0x00007ffff53e0000 - 0x00007ffff548c000 	C:\WINDOWS\System32\bcryptPrimitives.dll
0x00007fffcdf50000 - 0x00007fffcdf5f000 	C:\Program Files\Eclipse Adoptium\jdk-25.0.4.7-hotspot\bin\instrument.dll
0x00007fffc0dc0000 - 0x00007fffc0dde000 	C:\Program Files\Eclipse Adoptium\jdk-25.0.4.7-hotspot\bin\java.dll
0x00007ffff5f80000 - 0x00007ffff6119000 	C:\WINDOWS\System32\ole32.dll
0x00007ffff7230000 - 0x00007ffff79b8000 	C:\WINDOWS\System32\SHELL32.dll
0x00007ffff2b80000 - 0x00007ffff341b000 	C:\WINDOWS\SYSTEM32\windows.storage.dll
0x00007ffff5c10000 - 0x00007ffff5d09000 	C:\WINDOWS\System32\SHCORE.dll
0x00007ffff5d10000 - 0x00007ffff5d76000 	C:\WINDOWS\System32\shlwapi.dll
0x00007ffff5010000 - 0x00007ffff5039000 	C:\WINDOWS\SYSTEM32\profapi.dll
0x00007fffc0da0000 - 0x00007fffc0db6000 	C:\Program Files\Eclipse Adoptium\jdk-25.0.4.7-hotspot\bin\zip.dll
0x00007fffc02b0000 - 0x00007fffc02c1000 	C:\Program Files\Eclipse Adoptium\jdk-25.0.4.7-hotspot\bin\net.dll
0x00007ffff4330000 - 0x00007ffff439c000 	C:\WINDOWS\system32\mswsock.dll
0x00007fffbedf0000 - 0x00007fffbee06000 	C:\Program Files\Eclipse Adoptium\jdk-25.0.4.7-hotspot\bin\nio.dll
0x00007fffccc50000 - 0x00007fffccc60000 	C:\Program Files\Eclipse Adoptium\jdk-25.0.4.7-hotspot\bin\verify.dll
0x00007fffc4ab0000 - 0x00007fffc4ad7000 	C:\Users\leona\.gradle\native\660c5614fbf4a5f2a75b1949f50a0caf5cd603558e7d8a26e50b933a0cfb79d1\windows-amd64\native-platform.dll
0x00007fffbbe00000 - 0x00007fffbbe77000 	C:\Users\leona\.gradle\native\0.2.8\x86_64-windows-gnu\gradle-fileevents.dll
0x00007fffcc710000 - 0x00007fffcc71a000 	C:\Program Files\Eclipse Adoptium\jdk-25.0.4.7-hotspot\bin\management.dll
0x00007fffcc300000 - 0x00007fffcc30c000 	C:\Program Files\Eclipse Adoptium\jdk-25.0.4.7-hotspot\bin\management_ext.dll
0x00007ffff5f70000 - 0x00007ffff5f78000 	C:\WINDOWS\System32\PSAPI.DLL
0x00007ffff3750000 - 0x00007ffff3783000 	C:\WINDOWS\SYSTEM32\IPHLPAPI.DLL
0x00007ffff6950000 - 0x00007ffff695a000 	C:\WINDOWS\System32\NSI.dll
0x00007fffcbc00000 - 0x00007fffcbc09000 	C:\Program Files\Eclipse Adoptium\jdk-25.0.4.7-hotspot\bin\extnet.dll
0x00007ffff4750000 - 0x00007ffff476b000 	C:\WINDOWS\SYSTEM32\CRYPTSP.dll
0x00007ffff3d00000 - 0x00007ffff3d39000 	C:\WINDOWS\system32\rsaenh.dll
0x00007ffff43e0000 - 0x00007ffff4412000 	C:\WINDOWS\SYSTEM32\USERENV.dll
0x00007ffff4fe0000 - 0x00007ffff500a000 	C:\WINDOWS\SYSTEM32\bcrypt.dll
0x00007ffff4590000 - 0x00007ffff459c000 	C:\WINDOWS\SYSTEM32\CRYPTBASE.dll
0x00007fffca5a0000 - 0x00007fffca5ae000 	C:\Program Files\Eclipse Adoptium\jdk-25.0.4.7-hotspot\bin\sunmscapi.dll
0x00007ffff5250000 - 0x00007ffff53ce000 	C:\WINDOWS\System32\CRYPT32.dll
0x00007ffff4950000 - 0x00007ffff4980000 	C:\WINDOWS\SYSTEM32\ncrypt.dll
0x00007ffff4900000 - 0x00007ffff493f000 	C:\WINDOWS\SYSTEM32\NTASN1.dll
0x00007fffe5710000 - 0x00007fffe5718000 	C:\WINDOWS\system32\wshunix.dll

JVMTI agents:
C:\Users\leona\.gradle\wrapper\dists\gradle-9.6.0-bin\42k10rwplmzkhuboz9kdazi7s\gradle-9.6.0\lib\agents\gradle-instrumentation-agent-9.6.0.jar path:C:\Program Files\Eclipse Adoptium\jdk-25.0.4.7-hotspot\bin\instrument.dll, loaded, initialized, instrumentlib options:none

dbghelp: loaded successfully - version: 4.0.5 - missing functions: none
symbol engine: initialized successfully - sym options: 0x614 - pdb path: .;C:\Program Files\Eclipse Adoptium\jdk-25.0.4.7-hotspot\bin;C:\WINDOWS\SYSTEM32;C:\WINDOWS\WinSxS\amd64_microsoft.windows.common-controls_6595b64144ccf1df_6.0.26100.8972_none_3e0da176e32f9d4b;C:\Program Files\Eclipse Adoptium\jdk-25.0.4.7-hotspot\bin\server;C:\Users\leona\.gradle\native\660c5614fbf4a5f2a75b1949f50a0caf5cd603558e7d8a26e50b933a0cfb79d1\windows-amd64;C:\Users\leona\.gradle\native\0.2.8\x86_64-windows-gnu

VM Arguments:
jvm_args: --add-opens=java.base/java.lang=ALL-UNNAMED --add-opens=java.base/java.lang.invoke=ALL-UNNAMED --add-opens=java.base/java.util=ALL-UNNAMED --add-opens=java.prefs/java.util.prefs=ALL-UNNAMED --add-exports=jdk.compiler/com.sun.tools.javac.api=ALL-UNNAMED --add-exports=jdk.compiler/com.sun.tools.javac.util=ALL-UNNAMED --add-opens=java.base/java.nio.charset=ALL-UNNAMED --add-opens=java.base/java.net=ALL-UNNAMED --add-opens=java.base/java.util.concurrent=ALL-UNNAMED --add-opens=java.base/java.util.concurrent.atomic=ALL-UNNAMED --add-opens=java.xml/javax.xml.namespace=ALL-UNNAMED --add-opens=java.base/java.time=ALL-UNNAMED --enable-native-access=ALL-UNNAMED -Xmx2048m -Dfile.encoding=UTF-8 -Duser.country=US -Duser.language=en -Duser.variant -javaagent:C:\Users\leona\.gradle\wrapper\dists\gradle-9.6.0-bin\42k10rwplmzkhuboz9kdazi7s\gradle-9.6.0\lib\agents\gradle-instrumentation-agent-9.6.0.jar 
java_command: org.gradle.launcher.daemon.bootstrap.GradleDaemon 9.6.0
java_class_path (initial): C:\Users\leona\.gradle\wrapper\dists\gradle-9.6.0-bin\42k10rwplmzkhuboz9kdazi7s\gradle-9.6.0\lib\gradle-daemon-main-9.6.0.jar
Launcher Type: SUN_STANDARD

[Global flags]
     intx CICompilerCount                          = 12                                        {product} {ergonomic}
     uint ConcGCThreads                            = 3                                         {product} {ergonomic}
     uint G1ConcRefinementThreads                  = 13                                        {product} {ergonomic}
   size_t G1HeapRegionSize                         = 1048576                                   {product} {ergonomic}
   size_t InitialHeapSize                          = 264241152                                 {product} {ergonomic}
   size_t MarkStackSize                            = 4194304                                   {product} {ergonomic}
   size_t MarkStackSizeMax                         = 536870912                                 {product} {ergonomic}
   size_t MaxHeapSize                              = 2147483648                                {product} {command line}
   size_t MaxNewSize                               = 1287651328                                {product} {ergonomic}
   size_t MinHeapDeltaBytes                        = 1048576                                   {product} {ergonomic}
   size_t MinHeapSize                              = 8388608                                   {product} {ergonomic}
    uintx NonNMethodCodeHeapSize                   = 7667712                                {pd product} {ergonomic}
    uintx NonProfiledCodeHeapSize                  = 122028032                              {pd product} {ergonomic}
    uintx ProfiledCodeHeapSize                     = 122028032                              {pd product} {ergonomic}
    uintx ReservedCodeCacheSize                    = 251723776                              {pd product} {ergonomic}
     bool SegmentedCodeCache                       = true                                      {product} {ergonomic}
   size_t SoftMaxHeapSize                          = 2147483648                             {manageable} {ergonomic}
     bool UseCompressedOops                        = true                           {product lp64_product} {ergonomic}
     bool UseG1GC                                  = true                                      {product} {ergonomic}
     bool UseLargePagesIndividualAllocation        = false                                  {pd product} {ergonomic}

Logging:
Log output configuration:
 #0: stdout all=warning uptime,level,tags foldmultilines=false
 #1: stderr all=off uptime,level,tags foldmultilines=false

Release file:
IMPLEMENTOR="Eclipse Adoptium" 
IMPLEMENTOR_VERSION="Temurin-25.0.4+7" 
JAVA_RUNTIME_VERSION="25.0.4+7-LTS" 
JAVA_VERSION="25.0.4" 
JAVA_VERSION_DATE="2026-07-21" 
LIBC="default" 
MODULES="java.base java.compiler java.datatransfer java.xml java.prefs java.desktop java.instrument java.logging java.management java.security.sasl java.naming java.rmi java.management.rmi java.net.http java.scripting java.security.jgss java.transaction.xa java.sql java.sql.rowset java.xml.crypto java.se java.smartcardio jdk.accessibility jdk.internal.jvmstat jdk.attach jdk.charsets jdk.internal.opt jdk.zipfs jdk.compiler jdk.crypto.cryptoki jdk.crypto.ec jdk.crypto.mscapi jdk.dynalink jdk.internal.ed jdk.editpad jdk.internal.vm.ci jdk.graal.compiler jdk.graal.compiler.management jdk.hotspot.agent jdk.httpserver jdk.incubator.vector jdk.internal.le jdk.internal.md jdk.jartool jdk.javadoc jdk.jcmd jdk.management jdk.management.agent jdk.jconsole jdk.jdeps jdk.jdwp.agent jdk.jdi jdk.jfr jdk.jlink jdk.jpackage jdk.jshell jdk.jsobject jdk.jstatd jdk.localedata jdk.management.jfr jdk.naming.dns jdk.naming.rmi jdk.net jdk.nio.mapmode jdk.sctp jdk.security.auth jdk.security.jgss jdk.unsupported jdk.unsupported.desktop jdk.xml.dom" 
OS_ARCH="x86_64" 
OS_NAME="Windows" 
SOURCE=".:git:a2ce02c38bc9" 
BUILD_SOURCE="git:e6ba7dec3d07654074559310376a3ae89da5f4ac"
BUILD_SOURCE_REPO="https://github.com/adoptium/temurin-build.git"
SOURCE_REPO="https://github.com/adoptium/jdk25u.git"
FULL_VERSION="25.0.4+7-LTS"
SEMANTIC_VERSION="25.0.4+7"
BUILD_INFO="OS: Windows Server 2022 Version: 10.0"
JVM_VARIANT="Hotspot"
JVM_VERSION="25.0.4+7-LTS"
IMAGE_TYPE="JDK"

Environment Variables:
PATH=C:\Program Files\Eclipse Adoptium\jdk-25.0.4.7-hotspot\bin;C:\Program Files (x86)\Common Files\Oracle\Java\java8path;C:\Program Files (x86)\Common Files\Oracle\Java\javapath;C:\Python314\Scripts\;C:\Python314\;C:\WINDOWS\system32;C:\WINDOWS;C:\WINDOWS\System32\Wbem;C:\WINDOWS\System32\WindowsPowerShell\v1.0\;C:\WINDOWS\System32\OpenSSH\;C:\Program Files\nodejs\;C:\ProgramData\chocolatey\bin;C:\Program Files (x86)\NVIDIA Corporation\PhysX\Common;C:\msys64\ucrt64\bin;C:\Program Files\Git\cmd;C:\Users\leona\AppData\Local\Programs\Python\Python313\Scripts\;C:\Users\leona\AppData\Local\Programs\Python\Python313\;C:\Users\leona\AppData\Local\Microsoft\WindowsApps;C:\Users\leona\AppData\Roaming\npm;C:\Users\leona\AppData\Local\Programs\Microsoft VS Code\bin
USERNAME=leona
OS=Windows_NT
PROCESSOR_IDENTIFIER=Intel64 Family 6 Model 186 Stepping 2, GenuineIntel
TMP=C:\Users\leona\AppData\Local\Temp
TEMP=C:\Users\leona\AppData\Local\Temp




Compilation memory statistics disabled.

Periodic native trim disabled

---------------  S Y S T E M  ---------------

OS:
 Windows 11 , 64 bit Build 26100 (10.0.26100.9168)
OS uptime: 3 days 8:05 hours
Hyper-V role detected

CPU: total 16 (initial active 16) (8 cores per cpu, 2 threads per core) family 6 model 186 stepping 2 microcode 0x410e, cx8, cmov, fxsr, ht, mmx, 3dnowpref, sse, sse2, sse3, ssse3, sse4.1, sse4.2, popcnt, lzcnt, tsc, tscinvbit, avx, avx2, aes, erms, clmul, bmi1, bmi2, adx, sha, fma, vzeroupper, clflush, clflushopt, clwb, hv, serialize, rdtscp, rdpid, fsrm, gfni, f16c, cet_ibt, cet_ss
Processor Information for the first 16 processors :
  Max Mhz: 2400, Current Mhz: 2400, Mhz Limit: 2400

Memory: 4k page, system-wide physical 16122M (1013M free)
TotalPageFile size 65274M (AvailPageFile size 0M)
current process WorkingSet (physical memory assigned to process): 33M, peak: 266M
current process commit charge ("private bytes"): 299M, peak: 449M

vm_info: OpenJDK 64-Bit Server VM (25.0.4+7-LTS) for windows-amd64 JRE (25.0.4+7-LTS), built on 2026-07-21T00:00:00Z with MS VC++ 17.12 (VS2022)

END.
