#
# There is insufficient memory for the Java Runtime Environment to continue.
# Native memory allocation (malloc) failed to allocate 1254680 bytes. Error detail: Chunk::new
# Possible reasons:
#   The system is out of physical RAM or swap space
#   This process is running with CompressedOops enabled, and the Java Heap may be blocking the growth of the native heap
# Possible solutions:
#   Reduce memory load on the system
#   Increase physical memory or swap space
#   Check if swap backing store is full
#   Decrease Java heap size (-Xmx/-Xms)
#   Decrease number of Java threads
#   Decrease Java thread stack sizes (-Xss)
#   Set larger code cache with -XX:ReservedCodeCacheSize=
#   JVM is running with Unscaled Compressed Oops mode in which the Java heap is
#     placed in the first 4GB address space. The Java Heap base address is the
#     maximum limit for the native heap growth. Please use -XX:HeapBaseMinAddress
#     to set the Java Heap base and to place the Java Heap above 4GB virtual address.
# This output file may be truncated or incomplete.
#
#  Out of Memory Error (arena.cpp:186), pid=24100, tid=31952
#
# JRE version: OpenJDK Runtime Environment Temurin-25.0.4+7 (25.0.4+7) (build 25.0.4+7-LTS)
# Java VM: OpenJDK 64-Bit Server VM Temurin-25.0.4+7 (25.0.4+7-LTS, mixed mode, sharing, tiered, compressed oops, compressed class ptrs, g1 gc, windows-amd64)
# No core dump will be written. Minidumps are not enabled by default on client versions of Windows
#

---------------  S U M M A R Y ------------

Command Line: --add-opens=java.base/java.lang=ALL-UNNAMED --add-opens=java.base/java.lang.invoke=ALL-UNNAMED --add-opens=java.base/java.util=ALL-UNNAMED --add-opens=java.prefs/java.util.prefs=ALL-UNNAMED --add-exports=jdk.compiler/com.sun.tools.javac.api=ALL-UNNAMED --add-exports=jdk.compiler/com.sun.tools.javac.util=ALL-UNNAMED --add-opens=java.base/java.nio.charset=ALL-UNNAMED --add-opens=java.base/java.net=ALL-UNNAMED --add-opens=java.base/java.util.concurrent=ALL-UNNAMED --add-opens=java.base/java.util.concurrent.atomic=ALL-UNNAMED --add-opens=java.xml/javax.xml.namespace=ALL-UNNAMED --add-opens=java.base/java.time=ALL-UNNAMED --enable-native-access=ALL-UNNAMED -Xmx2048m -Dfile.encoding=UTF-8 -Duser.country=US -Duser.language=en -Duser.variant -javaagent:C:\Users\leona\.gradle\wrapper\dists\gradle-9.6.0-bin\42k10rwplmzkhuboz9kdazi7s\gradle-9.6.0\lib\agents\gradle-instrumentation-agent-9.6.0.jar org.gradle.launcher.daemon.bootstrap.GradleDaemon 9.6.0

Host: 13th Gen Intel(R) Core(TM) i7-13620H, 16 cores, 15G,  Windows 11 , 64 bit Build 26100 (10.0.26100.9168)
Time: Fri Sep 11 00:42:08 2026 Central Standard Time (Mexico) elapsed time: 226.438703 seconds (0d 0h 3m 46s)

---------------  T H R E A D  ---------------

Current thread (0x0000020c71711740):  JavaThread "C2 CompilerThread0" daemon [_thread_in_native, id=31952, stack(0x000000ac9b600000,0x000000ac9b700000) (1024K)]


Current CompileTask:
C2:226438 4724       4       java.util.HashSet::contains (9 bytes)

Stack: [0x000000ac9b600000,0x000000ac9b700000]
Native frames: (J=compiled Java code, j=interpreted, Vv=VM code, C=native code)
V  [jvm.dll+0x7aba79]  (no source info available)
V  [jvm.dll+0x775a3d]  (no source info available)
V  [jvm.dll+0x9fb9ed]  (no source info available)
V  [jvm.dll+0x9fdfe1]  (no source info available)
V  [jvm.dll+0x9fe6f3]  (no source info available)
V  [jvm.dll+0x2fdb36]  (no source info available)
V  [jvm.dll+0x111936]  (no source info available)
V  [jvm.dll+0x111c5e]  (no source info available)
V  [jvm.dll+0x1a08d2]  (no source info available)
V  [jvm.dll+0x3b7292]  (no source info available)
V  [jvm.dll+0x7b13fc]  (no source info available)
V  [jvm.dll+0x2c0ef7]  (no source info available)
V  [jvm.dll+0x2bfebf]  (no source info available)
V  [jvm.dll+0x237a30]  (no source info available)
V  [jvm.dll+0x2cffb6]  (no source info available)
V  [jvm.dll+0x2ce23a]  (no source info available)
V  [jvm.dll+0x49131e]  (no source info available)
V  [jvm.dll+0x99cb1d]  (no source info available)
V  [jvm.dll+0x7aa025]  (no source info available)
C  [ucrtbase.dll+0x2cd30]  (no source info available)
C  [KERNEL32.DLL+0x2ccb7]  (no source info available)
C  [ntdll.dll+0xaad6c]  (no source info available)

Lock stack of current Java thread (top to bottom):


---------------  P R O C E S S  ---------------

Threads class SMR info:
_java_thread_list=0x0000020c790067a0, length=33, elements={
0x0000020c53e43080, 0x0000020c716fa190, 0x0000020c716faaa0, 0x0000020c716ffe60,
0x0000020c717029e0, 0x0000020c71704460, 0x0000020c71705b90, 0x0000020c71711740,
0x0000020c71735690, 0x0000020c71daf000, 0x0000020c71e016d0, 0x0000020c77f7dba0,
0x0000020c7833b230, 0x0000020c781b5d00, 0x0000020c780cf2c0, 0x0000020c780d0ac0,
0x0000020c77f802f0, 0x0000020c77f7fb20, 0x0000020c77f82230, 0x0000020c77f84170,
0x0000020c77f84940, 0x0000020c7170e1a0, 0x0000020c783a0ae0, 0x0000020c783a2250,
0x0000020c783a2a20, 0x0000020c783a4960, 0x0000020c79942040, 0x0000020c7993f160,
0x0000020c799410a0, 0x0000020c79942fe0, 0x0000020c799437b0, 0x0000020c79944f20,
0x0000020c79943f80
}

Java Threads: ( => current thread )
  0x0000020c53e43080 JavaThread "main"                              [_thread_blocked, id=32720, stack(0x000000ac9a800000,0x000000ac9a900000) (1024K)]
  0x0000020c716fa190 JavaThread "Reference Handler"          daemon [_thread_blocked, id=32216, stack(0x000000ac9b000000,0x000000ac9b100000) (1024K)]
  0x0000020c716faaa0 JavaThread "Finalizer"                  daemon [_thread_blocked, id=33308, stack(0x000000ac9b100000,0x000000ac9b200000) (1024K)]
  0x0000020c716ffe60 JavaThread "Signal Dispatcher"          daemon [_thread_blocked, id=33352, stack(0x000000ac9b200000,0x000000ac9b300000) (1024K)]
  0x0000020c717029e0 JavaThread "Attach Listener"            daemon [_thread_blocked, id=33344, stack(0x000000ac9b300000,0x000000ac9b400000) (1024K)]
  0x0000020c71704460 JavaThread "Service Thread"             daemon [_thread_blocked, id=18372, stack(0x000000ac9b400000,0x000000ac9b500000) (1024K)]
  0x0000020c71705b90 JavaThread "Monitor Deflation Thread"   daemon [_thread_blocked, id=14084, stack(0x000000ac9b500000,0x000000ac9b600000) (1024K)]
=>0x0000020c71711740 JavaThread "C2 CompilerThread0"         daemon [_thread_in_native, id=31952, stack(0x000000ac9b600000,0x000000ac9b700000) (1024K)]
  0x0000020c71735690 JavaThread "C1 CompilerThread0"         daemon [_thread_blocked, id=31080, stack(0x000000ac9b700000,0x000000ac9b800000) (1024K)]
  0x0000020c71daf000 JavaThread "Common-Cleaner"             daemon [_thread_blocked, id=33392, stack(0x000000ac9b900000,0x000000ac9ba00000) (1024K)]
  0x0000020c71e016d0 JavaThread "Notification Thread"        daemon [_thread_blocked, id=33396, stack(0x000000ac9ba00000,0x000000ac9bb00000) (1024K)]
  0x0000020c77f7dba0 JavaThread "Daemon health stats"               [_thread_blocked, id=9604, stack(0x000000ac9c200000,0x000000ac9c300000) (1024K)]
  0x0000020c7833b230 JavaThread "Incoming local TCP Connector on port 53755"        [_thread_in_native, id=32572, stack(0x000000ac9c300000,0x000000ac9c400000) (1024K)]
  0x0000020c781b5d00 JavaThread "Daemon periodic checks"            [_thread_blocked, id=5072, stack(0x000000ac9c400000,0x000000ac9c500000) (1024K)]
  0x0000020c780cf2c0 JavaThread "Daemon"                            [_thread_blocked, id=33204, stack(0x000000ac9c500000,0x000000ac9c600000) (1024K)]
  0x0000020c780d0ac0 JavaThread "Handler for socket connection from /127.0.0.1:53755 to /127.0.0.1:53756"        [_thread_in_native, id=32692, stack(0x000000ac9c600000,0x000000ac9c700000) (1024K)]
  0x0000020c77f802f0 JavaThread "Cancel handler"                    [_thread_blocked, id=32808, stack(0x000000ac9c700000,0x000000ac9c800000) (1024K)]
  0x0000020c77f7fb20 JavaThread "Daemon worker"                     [_thread_blocked, id=13192, stack(0x000000ac9c800000,0x000000ac9c900000) (1024K)]
  0x0000020c77f82230 JavaThread "Asynchronous log dispatcher for DefaultDaemonConnection: socket connection from /127.0.0.1:53755 to /127.0.0.1:53756"        [_thread_blocked, id=3004, stack(0x000000ac9c900000,0x000000ac9ca00000) (1024K)]
  0x0000020c77f84170 JavaThread "Stdin handler"                     [_thread_blocked, id=16908, stack(0x000000ac9ca00000,0x000000ac9cb00000) (1024K)]
  0x0000020c77f84940 JavaThread "Daemon client event forwarder"        [_thread_blocked, id=7604, stack(0x000000ac9cb00000,0x000000ac9cc00000) (1024K)]
  0x0000020c7170e1a0 JavaThread "Cache worker for journal cache (C:\Users\leona\.gradle\caches\journal-1)"        [_thread_blocked, id=33500, stack(0x000000ac9c100000,0x000000ac9c200000) (1024K)]
  0x0000020c783a0ae0 JavaThread "File lock request listener"        [_thread_in_native, id=25808, stack(0x000000ac9cc00000,0x000000ac9cd00000) (1024K)]
  0x0000020c783a2250 JavaThread "File lock release action executor"        [_thread_blocked, id=17496, stack(0x000000ac9cd00000,0x000000ac9ce00000) (1024K)]
  0x0000020c783a2a20 JavaThread "Cache worker for file hash cache (C:\Users\leona\.gradle\caches\9.6.0\fileHashes)"        [_thread_blocked, id=33756, stack(0x000000ac9b800000,0x000000ac9b900000) (1024K)]
  0x0000020c783a4960 JavaThread "Cache worker for file hash cache (C:\Users\leona\AndroidStudioProjects\Fondly\.gradle\9.6.0\fileHashes)"        [_thread_blocked, id=37936, stack(0x000000ac9d300000,0x000000ac9d400000) (1024K)]
  0x0000020c79942040 JavaThread "Cache worker for Build Output Cleanup Cache (C:\Users\leona\AndroidStudioProjects\Fondly\.gradle\buildOutputCleanup)"        [_thread_blocked, id=38796, stack(0x000000ac9d400000,0x000000ac9d500000) (1024K)]
  0x0000020c7993f160 JavaThread "File watcher server"        daemon [_thread_in_native, id=39512, stack(0x000000ac9d500000,0x000000ac9d600000) (1024K)]
  0x0000020c799410a0 JavaThread "File watcher consumer"      daemon [_thread_blocked, id=39516, stack(0x000000ac9d600000,0x000000ac9d700000) (1024K)]
  0x0000020c79942fe0 JavaThread "Cache worker for file content cache (C:\Users\leona\.gradle\caches\9.6.0\fileContent)"        [_thread_blocked, id=1748, stack(0x000000ac9d700000,0x000000ac9d800000) (1024K)]
  0x0000020c799437b0 JavaThread "Cache worker for checksums cache (C:\Users\leona\AndroidStudioProjects\Fondly\.gradle\9.6.0\checksums)"        [_thread_blocked, id=38924, stack(0x000000ac9d800000,0x000000ac9d900000) (1024K)]
  0x0000020c79944f20 JavaThread "Cache worker for cache directory md-supplier (C:\Users\leona\.gradle\caches\9.6.0\md-supplier)"        [_thread_blocked, id=38160, stack(0x000000ac9d900000,0x000000ac9da00000) (1024K)]
  0x0000020c79943f80 JavaThread "Cache worker for cache directory md-rule (C:\Users\leona\.gradle\caches\9.6.0\md-rule)"        [_thread_blocked, id=38404, stack(0x000000ac9da00000,0x000000ac9db00000) (1024K)]
Total: 33

Other Threads:
  0x0000020c716e5880 VMThread "VM Thread"                           [id=33248, stack(0x000000ac9af00000,0x000000ac9b000000) (1024K)]
  0x0000020c715b4c00 WatcherThread "VM Periodic Task Thread"        [id=33176, stack(0x000000ac9ae00000,0x000000ac9af00000) (1024K)]
  0x0000020c53ea2aa0 WorkerThread "GC Thread#0"                     [id=32620, stack(0x000000ac9a900000,0x000000ac9aa00000) (1024K)]
  0x0000020c76f11da0 WorkerThread "GC Thread#1"                     [id=23392, stack(0x000000ac9bb00000,0x000000ac9bc00000) (1024K)]
  0x0000020c76f14880 WorkerThread "GC Thread#2"                     [id=33328, stack(0x000000ac9bc00000,0x000000ac9bd00000) (1024K)]
  0x0000020c76f150b0 WorkerThread "GC Thread#3"                     [id=33324, stack(0x000000ac9bd00000,0x000000ac9be00000) (1024K)]
  0x0000020c76f541f0 WorkerThread "GC Thread#4"                     [id=33320, stack(0x000000ac9be00000,0x000000ac9bf00000) (1024K)]
  0x0000020c76f54620 WorkerThread "GC Thread#5"                     [id=24380, stack(0x000000ac9bf00000,0x000000ac9c000000) (1024K)]
  0x0000020c781c1f30 WorkerThread "GC Thread#6"                     [id=37352, stack(0x000000ac9a500000,0x000000ac9a600000) (1024K)]
  0x0000020c781c0550 WorkerThread "GC Thread#7"                     [id=19784, stack(0x000000ac9a600000,0x000000ac9a700000) (1024K)]
  0x0000020c781c09a0 WorkerThread "GC Thread#8"                     [id=37016, stack(0x000000ac9a700000,0x000000ac9a800000) (1024K)]
  0x0000020c781be2d0 WorkerThread "GC Thread#9"                     [id=37332, stack(0x000000ac9c000000,0x000000ac9c100000) (1024K)]
  0x0000020c781c2380 WorkerThread "GC Thread#10"                    [id=37328, stack(0x000000ac9ce00000,0x000000ac9cf00000) (1024K)]
  0x0000020c781be720 WorkerThread "GC Thread#11"                    [id=37316, stack(0x000000ac9cf00000,0x000000ac9d000000) (1024K)]
  0x0000020c781c5740 WorkerThread "GC Thread#12"                    [id=37256, stack(0x000000ac9d000000,0x000000ac9d100000) (1024K)]
  0x0000020c53ebc840 ConcurrentGCThread "G1 Main Marker"            [id=19108, stack(0x000000ac9aa00000,0x000000ac9ab00000) (1024K)]
  0x0000020c53ebe3f0 WorkerThread "G1 Conc#0"                       [id=33660, stack(0x000000ac9ab00000,0x000000ac9ac00000) (1024K)]
  0x0000020c781c27d0 WorkerThread "G1 Conc#1"                       [id=36644, stack(0x000000ac9d100000,0x000000ac9d200000) (1024K)]
  0x0000020c781c3d60 WorkerThread "G1 Conc#2"                       [id=29848, stack(0x000000ac9d200000,0x000000ac9d300000) (1024K)]
  0x0000020c715a3480 ConcurrentGCThread "G1 Refine#0"               [id=16644, stack(0x000000ac9ac00000,0x000000ac9ad00000) (1024K)]
  0x0000020c715a5ea0 ConcurrentGCThread "G1 Service"                [id=32580, stack(0x000000ac9ad00000,0x000000ac9ae00000) (1024K)]
Total: 21

Threads with active compile tasks:
C2 CompilerThread0  226611 4724       4       java.util.HashSet::contains (9 bytes)
Total: 1

VM state: not at safepoint (normal execution)

VM Mutex/Monitor currently owned by a thread: None

Heap address: 0x0000000080000000, size: 2048 MB, Compressed Oops mode: 32-bit

CDS archive(s) mapped at: [0x0000000027000000-0x0000000027db0000-0x0000000027db0000), size 14352384, SharedBaseAddress: 0x0000000027000000, ArchiveRelocationMode: 1.
Compressed class space mapped at: 0x0000000028000000-0x0000000068000000, reserved size: 1073741824
UseCompressedClassPointers 1, UseCompactObjectHeaders 0
Narrow klass pointer bits 32, Max shift 3
Narrow klass base: 0x0000000027000000, Narrow klass shift: 0
Encoding Range: [0x0000000027000000 - 0x0000000127000000), (4294967296 bytes)
Klass Range:    [0x0000000027010000 - 0x0000000068000000), (1090453504 bytes)
Klass ID Range:  [65536 - 1090519033) (1090453497)
Protection zone: [0x0000000027000000 - 0x0000000027010000), (65536 bytes)

GC Precious Log:
 CardTable entry size: 512
 Card Set container configuration: InlinePtr #cards 5 size 8 Array Of Cards #cards 10 size 36 Howl #buckets 4 coarsen threshold 1843 Howl Bitmap #cards 512 size 80 coarsen threshold 460 Card regions per heap region 1 cards per card region 2048
 CPUs: 16 total, 16 available
 Memory: 16122M
 Large Page Support: Disabled
 NUMA Support: Disabled
 Compressed Oops: Enabled (32-bit)
 Heap Region Size: 1M
 Heap Min Capacity: 8M
 Heap Initial Capacity: 252M
 Heap Max Capacity: 2G
 Pre-touch: Disabled
 Parallel Workers: 13
 Concurrent Workers: 3
 Concurrent Refinement Workers: 13
 Periodic GC: Disabled

Heap:
 garbage-first heap   total reserved 2097152K, committed 102400K, used 71632K [0x0000000080000000, 0x0000000100000000)
  region size 1024K, 57 young (58368K), 13 survivors (13312K)

Heap Regions: E=young(eden), S=young(survivor), O=old, HS=humongous(starts), HC=humongous(continues), CS=collection set, F=free, TAMS=top-at-mark-start, PB=parsable bottom
|   0|0x0000000080000000, 0x0000000080100000, 0x0000000080100000|100%|HS|  |TAMS 0x0000000080000000| PB 0x0000000080000000| Complete |  0
|   1|0x0000000080100000, 0x0000000080200000, 0x0000000080200000|100%|HC|  |TAMS 0x0000000080100000| PB 0x0000000080100000| Complete |  0
|   2|0x0000000080200000, 0x0000000080300000, 0x0000000080300000|100%|HC|  |TAMS 0x0000000080200000| PB 0x0000000080200000| Complete |  0
|   3|0x0000000080300000, 0x0000000080400000, 0x0000000080400000|100%|HC|  |TAMS 0x0000000080300000| PB 0x0000000080300000| Complete |  0
|   4|0x0000000080400000, 0x0000000080500000, 0x0000000080500000|100%| O|  |TAMS 0x0000000080400000| PB 0x0000000080400000| Untracked |  0
|   5|0x0000000080500000, 0x0000000080600000, 0x0000000080600000|100%| O|  |TAMS 0x0000000080500000| PB 0x0000000080500000| Untracked |  0
|   6|0x0000000080600000, 0x0000000080700000, 0x0000000080700000|100%|HS|  |TAMS 0x0000000080600000| PB 0x0000000080600000| Complete |  0
|   7|0x0000000080700000, 0x0000000080800000, 0x0000000080800000|100%| O|  |TAMS 0x0000000080700000| PB 0x0000000080700000| Untracked |  0
|   8|0x0000000080800000, 0x0000000080900000, 0x0000000080900000|100%| O|  |TAMS 0x0000000080800000| PB 0x0000000080800000| Untracked |  0
|   9|0x0000000080900000, 0x0000000080a00000, 0x0000000080a00000|100%| O|  |TAMS 0x0000000080900000| PB 0x0000000080900000| Untracked |  0
|  10|0x0000000080a00000, 0x0000000080b00000, 0x0000000080b00000|100%| O|  |TAMS 0x0000000080a00000| PB 0x0000000080a00000| Untracked |  0
|  11|0x0000000080b00000, 0x0000000080c00000, 0x0000000080c00000|100%| O|  |TAMS 0x0000000080b00000| PB 0x0000000080b00000| Untracked |  0
|  12|0x0000000080c00000, 0x0000000080cce860, 0x0000000080d00000| 80%| O|  |TAMS 0x0000000080c00000| PB 0x0000000080c00000| Untracked |  0
|  13|0x0000000080d00000, 0x0000000080d00000, 0x0000000080e00000|  0%| F|  |TAMS 0x0000000080d00000| PB 0x0000000080d00000| Untracked |  0
|  14|0x0000000080e00000, 0x0000000080e00000, 0x0000000080f00000|  0%| F|  |TAMS 0x0000000080e00000| PB 0x0000000080e00000| Untracked |  0
|  15|0x0000000080f00000, 0x0000000080f00000, 0x0000000081000000|  0%| F|  |TAMS 0x0000000080f00000| PB 0x0000000080f00000| Untracked |  0
|  16|0x0000000081000000, 0x0000000081000000, 0x0000000081100000|  0%| F|  |TAMS 0x0000000081000000| PB 0x0000000081000000| Untracked |  0
|  17|0x0000000081100000, 0x0000000081100000, 0x0000000081200000|  0%| F|  |TAMS 0x0000000081100000| PB 0x0000000081100000| Untracked |  0
|  18|0x0000000081200000, 0x0000000081200000, 0x0000000081300000|  0%| F|  |TAMS 0x0000000081200000| PB 0x0000000081200000| Untracked |  0
|  19|0x0000000081300000, 0x0000000081300000, 0x0000000081400000|  0%| F|  |TAMS 0x0000000081300000| PB 0x0000000081300000| Untracked |  0
|  20|0x0000000081400000, 0x0000000081400000, 0x0000000081500000|  0%| F|  |TAMS 0x0000000081400000| PB 0x0000000081400000| Untracked |  0
|  21|0x0000000081500000, 0x0000000081500000, 0x0000000081600000|  0%| F|  |TAMS 0x0000000081500000| PB 0x0000000081500000| Untracked |  0
|  22|0x0000000081600000, 0x0000000081600000, 0x0000000081700000|  0%| F|  |TAMS 0x0000000081600000| PB 0x0000000081600000| Untracked |  0
|  23|0x0000000081700000, 0x0000000081700000, 0x0000000081800000|  0%| F|  |TAMS 0x0000000081700000| PB 0x0000000081700000| Untracked |  0
|  24|0x0000000081800000, 0x0000000081800000, 0x0000000081900000|  0%| F|  |TAMS 0x0000000081800000| PB 0x0000000081800000| Untracked |  0
|  25|0x0000000081900000, 0x0000000081900000, 0x0000000081a00000|  0%| F|  |TAMS 0x0000000081900000| PB 0x0000000081900000| Untracked |  0
|  26|0x0000000081a00000, 0x0000000081a00000, 0x0000000081b00000|  0%| F|  |TAMS 0x0000000081a00000| PB 0x0000000081a00000| Untracked |  0
|  27|0x0000000081b00000, 0x0000000081b00000, 0x0000000081c00000|  0%| F|  |TAMS 0x0000000081b00000| PB 0x0000000081b00000| Untracked |  0
|  28|0x0000000081c00000, 0x0000000081c00000, 0x0000000081d00000|  0%| F|  |TAMS 0x0000000081c00000| PB 0x0000000081c00000| Untracked |  0
|  29|0x0000000081d00000, 0x0000000081d00000, 0x0000000081e00000|  0%| F|  |TAMS 0x0000000081d00000| PB 0x0000000081d00000| Untracked |  0
|  30|0x0000000081e00000, 0x0000000081e00000, 0x0000000081f00000|  0%| F|  |TAMS 0x0000000081e00000| PB 0x0000000081e00000| Untracked |  0
|  31|0x0000000081f00000, 0x0000000081f00000, 0x0000000082000000|  0%| F|  |TAMS 0x0000000081f00000| PB 0x0000000081f00000| Untracked |  0
|  32|0x0000000082000000, 0x0000000082000000, 0x0000000082100000|  0%| F|  |TAMS 0x0000000082000000| PB 0x0000000082000000| Untracked |  0
|  33|0x0000000082100000, 0x0000000082100000, 0x0000000082200000|  0%| F|  |TAMS 0x0000000082100000| PB 0x0000000082100000| Untracked |  0
|  34|0x0000000082200000, 0x0000000082200000, 0x0000000082300000|  0%| F|  |TAMS 0x0000000082200000| PB 0x0000000082200000| Untracked |  0
|  35|0x0000000082300000, 0x0000000082300000, 0x0000000082400000|  0%| F|  |TAMS 0x0000000082300000| PB 0x0000000082300000| Untracked |  0
|  36|0x0000000082400000, 0x0000000082400000, 0x0000000082500000|  0%| F|  |TAMS 0x0000000082400000| PB 0x0000000082400000| Untracked |  0
|  37|0x0000000082500000, 0x0000000082500000, 0x0000000082600000|  0%| F|  |TAMS 0x0000000082500000| PB 0x0000000082500000| Untracked |  0
|  38|0x0000000082600000, 0x0000000082600000, 0x0000000082700000|  0%| F|  |TAMS 0x0000000082600000| PB 0x0000000082600000| Untracked |  0
|  39|0x0000000082700000, 0x0000000082700000, 0x0000000082800000|  0%| F|  |TAMS 0x0000000082700000| PB 0x0000000082700000| Untracked |  0
|  40|0x0000000082800000, 0x0000000082800000, 0x0000000082900000|  0%| F|  |TAMS 0x0000000082800000| PB 0x0000000082800000| Untracked |  0
|  41|0x0000000082900000, 0x0000000082980000, 0x0000000082a00000| 50%| E|  |TAMS 0x0000000082900000| PB 0x0000000082900000| Complete |  0
|  42|0x0000000082a00000, 0x0000000082b00000, 0x0000000082b00000|100%| E|CS|TAMS 0x0000000082a00000| PB 0x0000000082a00000| Complete |  0
|  43|0x0000000082b00000, 0x0000000082c00000, 0x0000000082c00000|100%| E|CS|TAMS 0x0000000082b00000| PB 0x0000000082b00000| Complete |  0
|  44|0x0000000082c00000, 0x0000000082d00000, 0x0000000082d00000|100%| E|CS|TAMS 0x0000000082c00000| PB 0x0000000082c00000| Complete |  0
|  45|0x0000000082d00000, 0x0000000082e00000, 0x0000000082e00000|100%| E|CS|TAMS 0x0000000082d00000| PB 0x0000000082d00000| Complete |  0
|  46|0x0000000082e00000, 0x0000000082f00000, 0x0000000082f00000|100%| E|CS|TAMS 0x0000000082e00000| PB 0x0000000082e00000| Complete |  0
|  47|0x0000000082f00000, 0x0000000083000000, 0x0000000083000000|100%| E|CS|TAMS 0x0000000082f00000| PB 0x0000000082f00000| Complete |  0
|  48|0x0000000083000000, 0x0000000083100000, 0x0000000083100000|100%| E|CS|TAMS 0x0000000083000000| PB 0x0000000083000000| Complete |  0
|  49|0x0000000083100000, 0x0000000083200000, 0x0000000083200000|100%| E|CS|TAMS 0x0000000083100000| PB 0x0000000083100000| Complete |  0
|  50|0x0000000083200000, 0x0000000083300000, 0x0000000083300000|100%| E|CS|TAMS 0x0000000083200000| PB 0x0000000083200000| Complete |  0
|  51|0x0000000083300000, 0x0000000083400000, 0x0000000083400000|100%| E|CS|TAMS 0x0000000083300000| PB 0x0000000083300000| Complete |  0
|  52|0x0000000083400000, 0x0000000083500000, 0x0000000083500000|100%| E|CS|TAMS 0x0000000083400000| PB 0x0000000083400000| Complete |  0
|  53|0x0000000083500000, 0x0000000083600000, 0x0000000083600000|100%| E|CS|TAMS 0x0000000083500000| PB 0x0000000083500000| Complete |  0
|  54|0x0000000083600000, 0x0000000083700000, 0x0000000083700000|100%| E|CS|TAMS 0x0000000083600000| PB 0x0000000083600000| Complete |  0
|  55|0x0000000083700000, 0x0000000083800000, 0x0000000083800000|100%| E|CS|TAMS 0x0000000083700000| PB 0x0000000083700000| Complete |  0
|  56|0x0000000083800000, 0x0000000083900000, 0x0000000083900000|100%| E|CS|TAMS 0x0000000083800000| PB 0x0000000083800000| Complete |  0
|  57|0x0000000083900000, 0x0000000083a00000, 0x0000000083a00000|100%| E|CS|TAMS 0x0000000083900000| PB 0x0000000083900000| Complete |  0
|  58|0x0000000083a00000, 0x0000000083b00000, 0x0000000083b00000|100%| E|CS|TAMS 0x0000000083a00000| PB 0x0000000083a00000| Complete |  0
|  59|0x0000000083b00000, 0x0000000083c00000, 0x0000000083c00000|100%| E|CS|TAMS 0x0000000083b00000| PB 0x0000000083b00000| Complete |  0
|  60|0x0000000083c00000, 0x0000000083d00000, 0x0000000083d00000|100%| E|CS|TAMS 0x0000000083c00000| PB 0x0000000083c00000| Complete |  0
|  61|0x0000000083d00000, 0x0000000083e00000, 0x0000000083e00000|100%| E|CS|TAMS 0x0000000083d00000| PB 0x0000000083d00000| Complete |  0
|  62|0x0000000083e00000, 0x0000000083f00000, 0x0000000083f00000|100%| E|CS|TAMS 0x0000000083e00000| PB 0x0000000083e00000| Complete |  0
|  63|0x0000000083f00000, 0x0000000084000000, 0x0000000084000000|100%| E|CS|TAMS 0x0000000083f00000| PB 0x0000000083f00000| Complete |  0
|  64|0x0000000084000000, 0x0000000084100000, 0x0000000084100000|100%| E|CS|TAMS 0x0000000084000000| PB 0x0000000084000000| Complete |  0
|  65|0x0000000084100000, 0x0000000084200000, 0x0000000084200000|100%| E|CS|TAMS 0x0000000084100000| PB 0x0000000084100000| Complete |  0
|  66|0x0000000084200000, 0x0000000084300000, 0x0000000084300000|100%| E|CS|TAMS 0x0000000084200000| PB 0x0000000084200000| Complete |  0
|  67|0x0000000084300000, 0x0000000084400000, 0x0000000084400000|100%| E|CS|TAMS 0x0000000084300000| PB 0x0000000084300000| Complete |  0
|  68|0x0000000084400000, 0x0000000084500000, 0x0000000084500000|100%| E|CS|TAMS 0x0000000084400000| PB 0x0000000084400000| Complete |  0
|  69|0x0000000084500000, 0x0000000084600000, 0x0000000084600000|100%| E|CS|TAMS 0x0000000084500000| PB 0x0000000084500000| Complete |  0
|  70|0x0000000084600000, 0x0000000084700000, 0x0000000084700000|100%| E|CS|TAMS 0x0000000084600000| PB 0x0000000084600000| Complete |  0
|  71|0x0000000084700000, 0x0000000084800000, 0x0000000084800000|100%| E|CS|TAMS 0x0000000084700000| PB 0x0000000084700000| Complete |  0
|  72|0x0000000084800000, 0x0000000084900000, 0x0000000084900000|100%| E|CS|TAMS 0x0000000084800000| PB 0x0000000084800000| Complete |  0
|  73|0x0000000084900000, 0x0000000084a00000, 0x0000000084a00000|100%| S|CS|TAMS 0x0000000084900000| PB 0x0000000084900000| Complete |  0
|  74|0x0000000084a00000, 0x0000000084b00000, 0x0000000084b00000|100%| S|CS|TAMS 0x0000000084a00000| PB 0x0000000084a00000| Complete |  0
|  75|0x0000000084b00000, 0x0000000084c00000, 0x0000000084c00000|100%| S|CS|TAMS 0x0000000084b00000| PB 0x0000000084b00000| Complete |  0
|  76|0x0000000084c00000, 0x0000000084d00000, 0x0000000084d00000|100%| S|CS|TAMS 0x0000000084c00000| PB 0x0000000084c00000| Complete |  0
|  77|0x0000000084d00000, 0x0000000084e00000, 0x0000000084e00000|100%| S|CS|TAMS 0x0000000084d00000| PB 0x0000000084d00000| Complete |  0
|  78|0x0000000084e00000, 0x0000000084f00000, 0x0000000084f00000|100%| S|CS|TAMS 0x0000000084e00000| PB 0x0000000084e00000| Complete |  0
|  79|0x0000000084f00000, 0x0000000085000000, 0x0000000085000000|100%| S|CS|TAMS 0x0000000084f00000| PB 0x0000000084f00000| Complete |  0
|  80|0x0000000085000000, 0x0000000085100000, 0x0000000085100000|100%| S|CS|TAMS 0x0000000085000000| PB 0x0000000085000000| Complete |  0
|  81|0x0000000085100000, 0x0000000085200000, 0x0000000085200000|100%| S|CS|TAMS 0x0000000085100000| PB 0x0000000085100000| Complete |  0
|  82|0x0000000085200000, 0x0000000085300000, 0x0000000085300000|100%| S|CS|TAMS 0x0000000085200000| PB 0x0000000085200000| Complete |  0
|  83|0x0000000085300000, 0x0000000085400000, 0x0000000085400000|100%| S|CS|TAMS 0x0000000085300000| PB 0x0000000085300000| Complete |  0
|  84|0x0000000085400000, 0x0000000085500000, 0x0000000085500000|100%| S|CS|TAMS 0x0000000085400000| PB 0x0000000085400000| Complete |  0
|  85|0x0000000085500000, 0x0000000085600000, 0x0000000085600000|100%| S|CS|TAMS 0x0000000085500000| PB 0x0000000085500000| Complete |  0
| 220|0x000000008dc00000, 0x000000008dd00000, 0x000000008dd00000|100%| E|CS|TAMS 0x000000008dc00000| PB 0x000000008dc00000| Complete |  0
| 221|0x000000008dd00000, 0x000000008de00000, 0x000000008de00000|100%| E|CS|TAMS 0x000000008dd00000| PB 0x000000008dd00000| Complete |  0
| 222|0x000000008de00000, 0x000000008df00000, 0x000000008df00000|100%| E|CS|TAMS 0x000000008de00000| PB 0x000000008de00000| Complete |  0
| 223|0x000000008df00000, 0x000000008e000000, 0x000000008e000000|100%| E|CS|TAMS 0x000000008df00000| PB 0x000000008df00000| Complete |  0
| 224|0x000000008e000000, 0x000000008e100000, 0x000000008e100000|100%| E|CS|TAMS 0x000000008e000000| PB 0x000000008e000000| Complete |  0
| 225|0x000000008e100000, 0x000000008e200000, 0x000000008e200000|100%| E|CS|TAMS 0x000000008e100000| PB 0x000000008e100000| Complete |  0
| 226|0x000000008e200000, 0x000000008e300000, 0x000000008e300000|100%| E|CS|TAMS 0x000000008e200000| PB 0x000000008e200000| Complete |  0
| 227|0x000000008e300000, 0x000000008e400000, 0x000000008e400000|100%| E|CS|TAMS 0x000000008e300000| PB 0x000000008e300000| Complete |  0
| 228|0x000000008e400000, 0x000000008e500000, 0x000000008e500000|100%| E|CS|TAMS 0x000000008e400000| PB 0x000000008e400000| Complete |  0
| 229|0x000000008e500000, 0x000000008e600000, 0x000000008e600000|100%| E|CS|TAMS 0x000000008e500000| PB 0x000000008e500000| Complete |  0
| 230|0x000000008e600000, 0x000000008e700000, 0x000000008e700000|100%| E|CS|TAMS 0x000000008e600000| PB 0x000000008e600000| Complete |  0
| 251|0x000000008fb00000, 0x000000008fc00000, 0x000000008fc00000|100%| E|CS|TAMS 0x000000008fb00000| PB 0x000000008fb00000| Complete |  0
|2046|0x00000000ffe00000, 0x00000000fff00000, 0x00000000fff00000|100%| O|  |TAMS 0x00000000ffe00000| PB 0x00000000ffe00000| Untracked |  0
|2047|0x00000000fff00000, 0x00000000fff25860, 0x0000000100000000| 14%| O|Cm|TAMS 0x00000000fff00000| PB 0x00000000fff00000| Complete |  0

Card table byte_map: [0x0000020c6c700000,0x0000020c6cb00000] _byte_map_base: 0x0000020c6c300000

Marking Bits: (CMBitMap*) 0x0000020c53ea3230
 Bits: [0x0000020c6cb00000, 0x0000020c6eb00000)

Polling page: 0x0000020c51aa0000

Metaspace:
Metaspace        used 31149K, committed 32448K, reserved 1114112K
 class space     used 4826K, committed 5440K, reserved 1048576K

Usage:
  Non-class:     25.71 MB used.
      Class:      4.71 MB used.
       Both:     30.42 MB used.

Virtual space:
  Non-class space:       64.00 MB reserved,      26.38 MB ( 41%) committed,  1 nodes.
      Class space:        1.00 GB reserved,       5.31 MB ( <1%) committed,  1 nodes.
             Both:        1.06 GB reserved,      31.69 MB (  3%) committed. 

Chunk freelists:
   Non-Class:  5.08 MB
       Class:  10.51 MB
        Both:  15.58 MB

MaxMetaspaceSize: unlimited
CompressedClassSpaceSize: 1.00 GB
Initial GC threshold: 21.00 MB
Current GC threshold: 35.12 MB
CDS: on
 - commit_granule_bytes: 65536.
 - commit_granule_words: 8192.
 - virtual_space_node_default_size: 8388608.
 - enlarge_chunks_in_place: 1.
UseCompressedClassPointers 1, UseCompactObjectHeaders 0
Narrow klass pointer bits 32, Max shift 3
Narrow klass base: 0x0000000027000000, Narrow klass shift: 0
Encoding Range: [0x0000000027000000 - 0x0000000127000000), (4294967296 bytes)
Klass Range:    [0x0000000027010000 - 0x0000000068000000), (1090453504 bytes)
Klass ID Range:  [65536 - 1090519033) (1090453497)
Protection zone: [0x0000000027000000 - 0x0000000027010000), (65536 bytes)


Internal statistics:

num_allocs_failed_limit: 3.
num_arena_births: 2266.
num_arena_deaths: 0.
num_vsnodes_births: 2.
num_vsnodes_deaths: 0.
num_space_committed: 507.
num_space_uncommitted: 0.
num_chunks_returned_to_freelist: 3.
num_chunks_taken_from_freelist: 3734.
num_chunk_merges: 3.
num_chunk_splits: 2433.
num_chunks_enlarged: 1474.
num_inconsistent_stats: 0.

CodeHeap 'non-profiled nmethods': size=119168Kb used=1819Kb max_used=1819Kb free=117348Kb
 bounds [0x0000020c64500000, 0x0000020c64770000, 0x0000020c6b960000]
CodeHeap 'profiled nmethods': size=119168Kb used=7319Kb max_used=7319Kb free=111848Kb
 bounds [0x0000020c5c950000, 0x0000020c5d080000, 0x0000020c63db0000]
CodeHeap 'non-nmethods': size=7488Kb used=1514Kb max_used=2745Kb free=5973Kb
 bounds [0x0000020c63db0000, 0x0000020c64070000, 0x0000020c64500000]
CodeCache: size=245824Kb, used=10652Kb, max_used=11883Kb, free=235169Kb
 total_blobs=5344, nmethods=4711, adapters=535, full_count=0
Compilation: enabled, stopped_count=0, restarted_count=0

Compilation events (20 events):
Event: 211.480 Thread 0x0000020c71735690 nmethod 4711 0x0000020c646c6408 code [0x0000020c646c6500, 0x0000020c646c65a8]
Event: 211.726 Thread 0x0000020c71735690 4712       3       sun.nio.ch.NativeSocketAddress::equals (26 bytes)
Event: 211.728 Thread 0x0000020c71735690 nmethod 4712 0x0000020c5d073188 code [0x0000020c5d073280, 0x0000020c5d0735f8]
Event: 211.728 Thread 0x0000020c71735690 4713       3       sun.nio.ch.NativeSocketAddress::mismatch (80 bytes)
Event: 211.731 Thread 0x0000020c71735690 nmethod 4713 0x0000020c5d073608 code [0x0000020c5d073700, 0x0000020c5d073bf0]
Event: 211.802 Thread 0x0000020c71735690 4714       1       org.gradle.cache.internal.locklistener.FileLockPacketPayload::getType (5 bytes)
Event: 211.802 Thread 0x0000020c71735690 nmethod 4714 0x0000020c646c6708 code [0x0000020c646c6800, 0x0000020c646c68c8]
Event: 215.252 Thread 0x0000020c71735690 4715       3       java.util.stream.ReferencePipeline$3::<init> (22 bytes)
Event: 215.267 Thread 0x0000020c71735690 nmethod 4715 0x0000020c5d073c08 code [0x0000020c5d073d00, 0x0000020c5d0740e0]
Event: 215.267 Thread 0x0000020c71735690 4716       3       java.util.stream.ReferencePipeline$3::opWrapSink (14 bytes)
Event: 215.281 Thread 0x0000020c71735690 nmethod 4716 0x0000020c5d074108 code [0x0000020c5d074200, 0x0000020c5d0747e0]
Event: 221.492 Thread 0x0000020c71735690 4719       3       java.util.concurrent.locks.AbstractQueuedSynchronizer::acquire (20 bytes)
Event: 221.494 Thread 0x0000020c71735690 nmethod 4719 0x0000020c5d074808 code [0x0000020c5d074900, 0x0000020c5d074be8]
Event: 223.278 Thread 0x0000020c71735690 4720   !   3       java.util.concurrent.ThreadPoolExecutor::getTask (177 bytes)
Event: 223.397 Thread 0x0000020c71735690 nmethod 4720 0x0000020c5d074c08 code [0x0000020c5d074d00, 0x0000020c5d075c08]
Event: 224.000 Thread 0x0000020c71711740 4722       4       java.util.concurrent.atomic.AtomicLong::compareAndSet (13 bytes)
Event: 224.008 Thread 0x0000020c71711740 nmethod 4722 0x0000020c646c6a08 code [0x0000020c646c6b00, 0x0000020c646c6b88]
Event: 224.201 Thread 0x0000020c71735690 4723       3       java.util.concurrent.ThreadPoolExecutor::afterExecute (1 bytes)
Event: 224.204 Thread 0x0000020c71735690 nmethod 4723 0x0000020c5d075c88 code [0x0000020c5d075d80, 0x0000020c5d075e88]
Event: 225.339 Thread 0x0000020c71711740 4724       4       java.util.HashSet::contains (9 bytes)

GC Heap Usage History (8 events):
Event: 0.797 {heap Before GC invocations=0 (full 0):
 garbage-first heap   total reserved 2097152K, committed 260096K, used 52374K [0x0000000080000000, 0x0000000100000000)
  region size 1024K, 47 young (48128K), 0 survivors (0K)
}
Event: 0.802 {heap After GC invocations=1 (full 0):
 garbage-first heap   total reserved 2097152K, committed 260096K, used 12974K [0x0000000080000000, 0x0000000100000000)
  region size 1024K, 6 young (6144K), 6 survivors (6144K)
}
Event: 82.927 {heap Before GC invocations=1 (full 0):
 garbage-first heap   total reserved 2097152K, committed 260096K, used 121518K [0x0000000080000000, 0x0000000100000000)
  region size 1024K, 110 young (112640K), 6 survivors (6144K)
}
Event: 83.077 {heap After GC invocations=2 (full 0):
 garbage-first heap   total reserved 2097152K, committed 260096K, used 22909K [0x0000000080000000, 0x0000000100000000)
  region size 1024K, 14 young (14336K), 14 survivors (14336K)
}
Event: 91.398 {heap Before GC invocations=2 (full 0):
 garbage-first heap   total reserved 2097152K, committed 260096K, used 43389K [0x0000000080000000, 0x0000000100000000)
  region size 1024K, 35 young (35840K), 14 survivors (14336K)
}
Event: 91.414 {heap After GC invocations=3 (full 0):
 garbage-first heap   total reserved 2097152K, committed 260096K, used 24804K [0x0000000080000000, 0x0000000100000000)
  region size 1024K, 11 young (11264K), 11 survivors (11264K)
}
Event: 107.726 {heap Before GC invocations=4 (full 0):
 garbage-first heap   total reserved 2097152K, committed 89088K, used 87268K [0x0000000080000000, 0x0000000100000000)
  region size 1024K, 72 young (73728K), 11 survivors (11264K)
}
Event: 107.737 {heap After GC invocations=5 (full 0):
 garbage-first heap   total reserved 2097152K, committed 102400K, used 27600K [0x0000000080000000, 0x0000000100000000)
  region size 1024K, 13 young (13312K), 13 survivors (13312K)
}

Metaspace Usage History (8 events):
Event: 0.797 {metaspace Before GC invocations=0 (full 0):
 Metaspace       used 4621K, committed 4864K, reserved 1114112K
  class space    used 594K, committed 704K, reserved 1048576K
}
Event: 0.802 {metaspace After GC invocations=1 (full 0):
 Metaspace       used 4621K, committed 4864K, reserved 1114112K
  class space    used 594K, committed 704K, reserved 1048576K
}
Event: 82.927 {metaspace Before GC invocations=1 (full 0):
 Metaspace       used 18350K, committed 18880K, reserved 1114112K
  class space    used 2592K, committed 2816K, reserved 1048576K
}
Event: 83.077 {metaspace After GC invocations=2 (full 0):
 Metaspace       used 18350K, committed 18880K, reserved 1114112K
  class space    used 2592K, committed 2816K, reserved 1048576K
}
Event: 91.398 {metaspace Before GC invocations=2 (full 0):
 Metaspace       used 20820K, committed 21504K, reserved 1114112K
  class space    used 3032K, committed 3392K, reserved 1048576K
}
Event: 91.414 {metaspace After GC invocations=3 (full 0):
 Metaspace       used 20820K, committed 21504K, reserved 1114112K
  class space    used 3032K, committed 3392K, reserved 1048576K
}
Event: 107.726 {metaspace Before GC invocations=4 (full 0):
 Metaspace       used 27408K, committed 28544K, reserved 1114112K
  class space    used 4186K, committed 4736K, reserved 1048576K
}
Event: 107.737 {metaspace After GC invocations=5 (full 0):
 Metaspace       used 27408K, committed 28544K, reserved 1114112K
  class space    used 4186K, committed 4736K, reserved 1048576K
}

Dll operation events (20 events):
Event: 0.067 Attempting to load shared library C:\Program Files\Eclipse Adoptium\jdk-25.0.4.7-hotspot\bin\nio.dll
Event: 0.067 Loaded shared library C:\Program Files\Eclipse Adoptium\jdk-25.0.4.7-hotspot\bin\nio.dll
Event: 0.069 Attempting to load shared library C:\Program Files\Eclipse Adoptium\jdk-25.0.4.7-hotspot\bin\zip.dll
Event: 0.069 Loaded shared library C:\Program Files\Eclipse Adoptium\jdk-25.0.4.7-hotspot\bin\zip.dll
Event: 0.226 Attempting to load shared library C:\Program Files\Eclipse Adoptium\jdk-25.0.4.7-hotspot\bin\jimage.dll
Event: 0.226 Loaded shared library C:\Program Files\Eclipse Adoptium\jdk-25.0.4.7-hotspot\bin\jimage.dll
Event: 0.404 Attempting to load shared library C:\Program Files\Eclipse Adoptium\jdk-25.0.4.7-hotspot\bin\verify.dll
Event: 0.405 Loaded shared library C:\Program Files\Eclipse Adoptium\jdk-25.0.4.7-hotspot\bin\verify.dll
Event: 0.426 Attempting to load shared library C:\Users\leona\.gradle\native\660c5614fbf4a5f2a75b1949f50a0caf5cd603558e7d8a26e50b933a0cfb79d1\windows-amd64\native-platform.dll
Event: 0.426 Loaded shared library C:\Users\leona\.gradle\native\660c5614fbf4a5f2a75b1949f50a0caf5cd603558e7d8a26e50b933a0cfb79d1\windows-amd64\native-platform.dll
Event: 0.434 Attempting to load shared library C:\Users\leona\.gradle\native\0.2.8\x86_64-windows-gnu\gradle-fileevents.dll
Event: 0.435 Loaded shared library C:\Users\leona\.gradle\native\0.2.8\x86_64-windows-gnu\gradle-fileevents.dll
Event: 1.168 Attempting to load shared library C:\Program Files\Eclipse Adoptium\jdk-25.0.4.7-hotspot\bin\management.dll
Event: 1.169 Loaded shared library C:\Program Files\Eclipse Adoptium\jdk-25.0.4.7-hotspot\bin\management.dll
Event: 1.170 Attempting to load shared library C:\Program Files\Eclipse Adoptium\jdk-25.0.4.7-hotspot\bin\management_ext.dll
Event: 1.171 Loaded shared library C:\Program Files\Eclipse Adoptium\jdk-25.0.4.7-hotspot\bin\management_ext.dll
Event: 1.321 Attempting to load shared library C:\Program Files\Eclipse Adoptium\jdk-25.0.4.7-hotspot\bin\extnet.dll
Event: 1.323 Loaded shared library C:\Program Files\Eclipse Adoptium\jdk-25.0.4.7-hotspot\bin\extnet.dll
Event: 1.562 Attempting to load shared library C:\Program Files\Eclipse Adoptium\jdk-25.0.4.7-hotspot\bin\sunmscapi.dll
Event: 1.566 Loaded shared library C:\Program Files\Eclipse Adoptium\jdk-25.0.4.7-hotspot\bin\sunmscapi.dll

Deoptimization events (20 events):
Event: 125.336 Thread 0x0000020c7170e1a0 Uncommon trap: trap_request=0xffffffc6 fr.pc=0x0000020c645c1dbc relative=0x00000000000013bc
Event: 125.336 Thread 0x0000020c7170e1a0 Uncommon trap: reason=bimorphic_or_optimized_type_check action=maybe_recompile pc=0x0000020c645c1dbc method=java.io.DataInputStream.readFully([BII)V @ 30 c2
Event: 125.336 Thread 0x0000020c7170e1a0 DEOPT PACKING pc=0x0000020c645c1dbc sp=0x000000ac9c1fe130
Event: 125.336 Thread 0x0000020c7170e1a0 DEOPT UNPACKING pc=0x0000020c63ecf582 sp=0x000000ac9c1fe108 mode 2
Event: 125.336 Thread 0x0000020c7170e1a0 Uncommon trap: trap_request=0xffffffc6 fr.pc=0x0000020c645c1dbc relative=0x00000000000013bc
Event: 125.336 Thread 0x0000020c7170e1a0 Uncommon trap: reason=bimorphic_or_optimized_type_check action=maybe_recompile pc=0x0000020c645c1dbc method=java.io.DataInputStream.readFully([BII)V @ 30 c2
Event: 125.336 Thread 0x0000020c7170e1a0 DEOPT PACKING pc=0x0000020c645c1dbc sp=0x000000ac9c1fe140
Event: 125.336 Thread 0x0000020c7170e1a0 DEOPT UNPACKING pc=0x0000020c63ecf582 sp=0x000000ac9c1fe118 mode 2
Event: 125.355 Thread 0x0000020c77f7fb20 Uncommon trap: trap_request=0xffffff45 fr.pc=0x0000020c64652468 relative=0x0000000000000468
Event: 125.356 Thread 0x0000020c77f7fb20 Uncommon trap: reason=unstable_if action=reinterpret pc=0x0000020c64652468 method=jdk.internal.classfile.impl.StackMapGenerator.processFieldInstructions(Ljdk/internal/classfile/impl/RawBytecodeHelper;)V @ 113 c2
Event: 125.356 Thread 0x0000020c77f7fb20 DEOPT PACKING pc=0x0000020c64652468 sp=0x000000ac9c8f7a60
Event: 125.356 Thread 0x0000020c77f7fb20 DEOPT UNPACKING pc=0x0000020c63ecf582 sp=0x000000ac9c8f79e8 mode 2
Event: 176.873 Thread 0x0000020c783a2a20 Uncommon trap: trap_request=0xffffffde fr.pc=0x0000020c646b2824 relative=0x0000000000000ba4
Event: 176.873 Thread 0x0000020c783a2a20 Uncommon trap: reason=class_check action=maybe_recompile pc=0x0000020c646b2824 method=java.io.BufferedInputStream.read([BII)I @ 100 c2
Event: 176.873 Thread 0x0000020c783a2a20 DEOPT PACKING pc=0x0000020c646b2824 sp=0x000000ac9b8fe400
Event: 176.873 Thread 0x0000020c783a2a20 DEOPT UNPACKING pc=0x0000020c63ecf582 sp=0x000000ac9b8fe3b8 mode 2
Event: 202.616 Thread 0x0000020c781b5d00 Uncommon trap: trap_request=0xffffff45 fr.pc=0x0000020c6465ac04 relative=0x0000000000000584
Event: 202.617 Thread 0x0000020c781b5d00 Uncommon trap: reason=unstable_if action=reinterpret pc=0x0000020c6465ac04 method=java.io.DataInputStream.readBoolean()Z @ 4 c2
Event: 202.617 Thread 0x0000020c781b5d00 DEOPT PACKING pc=0x0000020c6465ac04 sp=0x000000ac9c4fead0
Event: 202.617 Thread 0x0000020c781b5d00 DEOPT UNPACKING pc=0x0000020c63ecf582 sp=0x000000ac9c4fea30 mode 2

Classes loaded (20 events):
Event: 117.429 Loading class java/lang/invoke/BoundMethodHandle$Species_LLLLLLLLLLLLLLLLLLLLLLLLLLLLLLL
Event: 117.429 Loading class java/lang/invoke/BoundMethodHandle$Species_LLLLLLLLLLLLLLLLLLLLLLLLLLLLLLL done
Event: 123.546 Loading class java/io/StringReader
Event: 123.546 Loading class java/io/StringReader done
Event: 123.868 Loading class java/math/MutableBigInteger
Event: 123.869 Loading class java/math/MutableBigInteger done
Event: 125.505 Loading class java/nio/file/FileTreeWalker
Event: 125.505 Loading class java/nio/file/FileTreeWalker done
Event: 125.526 Loading class java/nio/file/FileTreeWalker$DirectoryNode
Event: 125.526 Loading class java/nio/file/FileTreeWalker$DirectoryNode done
Event: 125.526 Loading class java/nio/file/FileTreeWalker$Event
Event: 125.526 Loading class java/nio/file/FileTreeWalker$Event done
Event: 125.526 Loading class java/nio/file/FileTreeWalker$EventType
Event: 125.526 Loading class java/nio/file/FileTreeWalker$EventType done
Event: 125.526 Loading class java/nio/file/Files$3
Event: 125.526 Loading class java/nio/file/Files$3 done
Event: 125.528 Loading class java/nio/file/FileVisitResult
Event: 125.528 Loading class java/nio/file/FileVisitResult done
Event: 125.605 Loading class java/nio/charset/CharacterCodingException
Event: 125.605 Loading class java/nio/charset/CharacterCodingException done

Classes unloaded (0 events):
No events

Classes redefined (0 events):
No events

Internal exceptions (20 events):
Event: 106.819 Thread 0x0000020c77f7fb20 Exception <a 'java/lang/NoSuchMethodError'{0x0000000081296d68}: 'java.lang.Object java.lang.invoke.DirectMethodHandle$Holder.newInvokeSpecial(java.lang.Object, java.lang.Object, java.lang.Object, java.lang.Object, java.lang.Object, java.lang.Object, java.lang.Object, java.lang.Object, java.lang.Object, java.lang.Object, java.lang.Object, java.lang.Object)'> (0x0000000081296d68) 
thrown [s\src\hotspot\share\interpreter\linkResolver.cpp, line 804]
Event: 107.219 Thread 0x0000020c77f7fb20 Exception <a 'java/lang/NoSuchMethodError'{0x0000000081050458}: 'java.lang.Object java.lang.invoke.DirectMethodHandle$Holder.invokeSpecialIFC(java.lang.Object, java.lang.Object, java.lang.Object, java.lang.Object)'> (0x0000000081050458) 
thrown [s\src\hotspot\share\interpreter\linkResolver.cpp, line 804]
Event: 107.672 Thread 0x0000020c77f7fb20 Exception <a 'java/lang/NoSuchMethodError'{0x0000000080e93048}: 'java.lang.Object java.lang.invoke.DirectMethodHandle$Holder.invokeVirtual(java.lang.Object, java.lang.Object, java.lang.Object, java.lang.Object, java.lang.Object, java.lang.Object, java.lang.Object, java.lang.Object, java.lang.Object, java.lang.Object, java.lang.Object, java.lang.Object, java.lang.Object, java.lang.Object, java.lang.Object, java.lang.Object, java.lang.Object, java.lang.Object, java.lang.Object, java.lang.Object, java.lang.Ob
Event: 107.686 Thread 0x0000020c77f7fb20 Exception <a 'java/lang/NoSuchMethodError'{0x0000000080e9e330}: 'java.lang.Object java.lang.invoke.DirectMethodHandle$Holder.invokeSpecial(java.lang.Object, java.lang.Object, java.lang.Object, java.lang.Object, java.lang.Object, java.lang.Object, java.lang.Object, java.lang.Object, java.lang.Object, java.lang.Object, java.lang.Object, java.lang.Object, java.lang.Object, java.lang.Object, java.lang.Object, java.lang.Object, java.lang.Object, java.lang.Object, java.lang.Object, java.lang.Object, java.lang.Ob
Event: 107.687 Thread 0x0000020c77f7fb20 Exception <a 'java/lang/NoSuchMethodError'{0x0000000080ea8ab8}: 'java.lang.Object java.lang.invoke.DelegatingMethodHandle$Holder.reinvoke_L(java.lang.Object, java.lang.Object, java.lang.Object, java.lang.Object, java.lang.Object, java.lang.Object, java.lang.Object, java.lang.Object, java.lang.Object, java.lang.Object, java.lang.Object, java.lang.Object, java.lang.Object, java.lang.Object, java.lang.Object, java.lang.Object, java.lang.Object, java.lang.Object, java.lang.Object, java.lang.Object, java.lang.O
Event: 108.193 Thread 0x0000020c77f7fb20 Implicit null exception at 0x0000020c645c5f4c to 0x0000020c645c61bc
Event: 110.160 Thread 0x0000020c77f7fb20 Exception <a 'java/lang/NoSuchMethodError'{0x000000008df46010}: 'java.lang.Object java.lang.invoke.DirectMethodHandle$Holder.newInvokeSpecial(java.lang.Object, java.lang.Object, int, int)'> (0x000000008df46010) 
thrown [s\src\hotspot\share\interpreter\linkResolver.cpp, line 804]
Event: 110.485 Thread 0x0000020c77f7fb20 Exception <a 'java/lang/NoSuchMethodError'{0x000000008dfa1738}: 'void java.lang.invoke.DirectMethodHandle$Holder.invokeSpecial(java.lang.Object, java.lang.Object, int)'> (0x000000008dfa1738) 
thrown [s\src\hotspot\share\interpreter\linkResolver.cpp, line 804]
Event: 110.505 Thread 0x0000020c77f7fb20 Exception <a 'java/lang/NoSuchMethodError'{0x000000008dfaa650}: 'void java.lang.invoke.Invokers$Holder.invokeExact_MT(java.lang.Object, int, java.lang.Object)'> (0x000000008dfaa650) 
thrown [s\src\hotspot\share\interpreter\linkResolver.cpp, line 804]
Event: 112.699 Thread 0x0000020c77f7fb20 Exception <a 'java/lang/NoSuchMethodError'{0x000000008dccb380}: 'java.lang.Object java.lang.invoke.DirectMethodHandle$Holder.newInvokeSpecial(java.lang.Object, java.lang.Object, java.lang.Object, java.lang.Object, java.lang.Object, java.lang.Object, java.lang.Object, java.lang.Object, java.lang.Object, java.lang.Object, java.lang.Object)'> (0x000000008dccb380) 
thrown [s\src\hotspot\share\interpreter\linkResolver.cpp, line 804]
Event: 113.548 Thread 0x0000020c77f7fb20 Exception <a 'java/lang/NoSuchMethodError'{0x00000000846d0f88}: 'java.lang.Object java.lang.invoke.Invokers$Holder.linkToTargetMethod(java.lang.Object, java.lang.Object, java.lang.Object, java.lang.Object, java.lang.Object, java.lang.Object, java.lang.Object, java.lang.Object, java.lang.Object, java.lang.Object, java.lang.Object, java.lang.Object)'> (0x00000000846d0f88) 
thrown [s\src\hotspot\share\interpreter\linkResolver.cpp, line 804]
Event: 117.061 Thread 0x0000020c77f7fb20 Exception <a 'java/lang/NoSuchMethodError'{0x0000000083ed1bc8}: 'java.lang.Object java.lang.invoke.DelegatingMethodHandle$Holder.reinvoke_L(java.lang.Object, java.lang.Object, java.lang.Object, java.lang.Object, java.lang.Object, java.lang.Object, java.lang.Object, java.lang.Object, java.lang.Object, java.lang.Object, java.lang.Object, java.lang.Object, java.lang.Object, java.lang.Object, java.lang.Object, java.lang.Object, java.lang.Object, java.lang.Object, java.lang.Object, java.lang.Object, java.lang.O
Event: 117.303 Thread 0x0000020c77f7fb20 Exception <a 'java/lang/NoSuchMethodError'{0x0000000083ccdf50}: 'java.lang.Object java.lang.invoke.DirectMethodHandle$Holder.invokeStatic(java.lang.Object, java.lang.Object, java.lang.Object, java.lang.Object, java.lang.Object, java.lang.Object, java.lang.Object, java.lang.Object, java.lang.Object, java.lang.Object, java.lang.Object, java.lang.Object, java.lang.Object, java.lang.Object, java.lang.Object, java.lang.Object, java.lang.Object, java.lang.Object, java.lang.Object, java.lang.Object, java.lang.Obj
Event: 117.380 Thread 0x0000020c77f7fb20 Exception <a 'java/lang/NoSuchMethodError'{0x0000000083b0f4d8}: 'java.lang.Object java.lang.invoke.DirectMethodHandle$Holder.invokeStatic(java.lang.Object, java.lang.Object, java.lang.Object, java.lang.Object, java.lang.Object, java.lang.Object, java.lang.Object, java.lang.Object, java.lang.Object, java.lang.Object, java.lang.Object, java.lang.Object, java.lang.Object, java.lang.Object, java.lang.Object, java.lang.Object, java.lang.Object, java.lang.Object, java.lang.Object, java.lang.Object, java.lang.Obj
Event: 117.405 Thread 0x0000020c77f7fb20 Exception <a 'java/lang/NoSuchMethodError'{0x0000000083b51980}: 'java.lang.Object java.lang.invoke.DirectMethodHandle$Holder.invokeStatic(java.lang.Object, java.lang.Object, java.lang.Object, java.lang.Object, java.lang.Object, java.lang.Object, java.lang.Object, java.lang.Object, java.lang.Object, java.lang.Object, java.lang.Object, java.lang.Object, java.lang.Object, java.lang.Object, java.lang.Object, java.lang.Object, java.lang.Object, java.lang.Object, java.lang.Object, java.lang.Object, java.lang.Obj
Event: 117.429 Thread 0x0000020c77f7fb20 Exception <a 'java/lang/NoSuchMethodError'{0x0000000083b95070}: 'java.lang.Object java.lang.invoke.DirectMethodHandle$Holder.invokeStatic(java.lang.Object, java.lang.Object, java.lang.Object, java.lang.Object, java.lang.Object, java.lang.Object, java.lang.Object, java.lang.Object, java.lang.Object, java.lang.Object, java.lang.Object, java.lang.Object, java.lang.Object, java.lang.Object, java.lang.Object, java.lang.Object, java.lang.Object, java.lang.Object, java.lang.Object, java.lang.Object, java.lang.Obj
Event: 117.448 Thread 0x0000020c77f7fb20 Exception <a 'java/lang/NoSuchMethodError'{0x0000000083bd9460}: 'java.lang.Object java.lang.invoke.DirectMethodHandle$Holder.invokeStatic(java.lang.Object, java.lang.Object, java.lang.Object, java.lang.Object, java.lang.Object, java.lang.Object, java.lang.Object, java.lang.Object, java.lang.Object, java.lang.Object, java.lang.Object, java.lang.Object, java.lang.Object, java.lang.Object, java.lang.Object, java.lang.Object, java.lang.Object, java.lang.Object, java.lang.Object, java.lang.Object, java.lang.Obj
Event: 124.247 Thread 0x0000020c77f7fb20 Exception <a 'java/lang/IncompatibleClassChangeError'{0x00000000835d1498}: Found class java.lang.Object, but interface was expected> (0x00000000835d1498) 
thrown [s\src\hotspot\share\interpreter\linkResolver.cpp, line 871]
Event: 125.358 Thread 0x0000020c77f7fb20 Exception <a 'java/lang/NoSuchMethodError'{0x00000000833a9050}: 'java.lang.Object java.lang.invoke.DirectMethodHandle$Holder.newInvokeSpecial(java.lang.Object, java.lang.Object, long)'> (0x00000000833a9050) 
thrown [s\src\hotspot\share\interpreter\linkResolver.cpp, line 804]
Event: 125.396 Thread 0x0000020c77f7fb20 Exception <a 'java/lang/NoSuchMethodError'{0x00000000833b2850}: 'java.lang.Object java.lang.invoke.Invokers$Holder.linkToTargetMethod(java.lang.Object, long, java.lang.Object)'> (0x00000000833b2850) 
thrown [s\src\hotspot\share\interpreter\linkResolver.cpp, line 804]

VM Operations (20 events):
Event: 106.584 Executing non-safepoint VM operation: HandshakeAllThreads (Deoptimize)
Event: 106.584 Executing non-safepoint VM operation: HandshakeAllThreads (Deoptimize) done
Event: 107.726 Executing safepoint VM operation: G1CollectForAllocation (G1 Evacuation Pause)
Event: 107.737 Executing safepoint VM operation: G1CollectForAllocation (G1 Evacuation Pause) done
Event: 108.207 Executing non-safepoint VM operation: HandshakeAllThreads (Deoptimize)
Event: 108.207 Executing non-safepoint VM operation: HandshakeAllThreads (Deoptimize) done
Event: 120.156 Executing non-safepoint VM operation: HandshakeAllThreads (HandshakeForDeflation)
Event: 120.193 Executing non-safepoint VM operation: HandshakeAllThreads (HandshakeForDeflation) done
Event: 120.193 Executing non-safepoint VM operation: RendezvousGCThreads
Event: 120.193 Executing non-safepoint VM operation: RendezvousGCThreads done
Event: 124.298 Executing non-safepoint VM operation: HandshakeAllThreads (Deoptimize)
Event: 124.298 Executing non-safepoint VM operation: HandshakeAllThreads (Deoptimize) done
Event: 125.267 Executing non-safepoint VM operation: HandshakeAllThreads (Deoptimize)
Event: 125.311 Executing non-safepoint VM operation: HandshakeAllThreads (Deoptimize) done
Event: 125.312 Executing non-safepoint VM operation: HandshakeAllThreads (Deoptimize)
Event: 125.335 Executing non-safepoint VM operation: HandshakeAllThreads (Deoptimize) done
Event: 180.426 Executing non-safepoint VM operation: HandshakeAllThreads (HandshakeForDeflation)
Event: 180.437 Executing non-safepoint VM operation: HandshakeAllThreads (HandshakeForDeflation) done
Event: 180.440 Executing non-safepoint VM operation: RendezvousGCThreads
Event: 180.440 Executing non-safepoint VM operation: RendezvousGCThreads done

Memory protections (0 events):
No events

Nmethod flushes (0 events):
No events

Events (20 events):
Event: 1.650 Thread 0x0000020c77f7fb20 Thread added: 0x0000020c77f84940
Event: 1.849 Thread 0x0000020c71c2f910 Thread exited: 0x0000020c71c2f910
Event: 2.113 Thread 0x0000020c77f7fb20 Thread added: 0x0000020c7170e1a0
Event: 2.121 Thread 0x0000020c77f7fb20 Thread added: 0x0000020c783a0ae0
Event: 2.910 Thread 0x0000020c783a0ae0 Thread added: 0x0000020c783a2250
Event: 3.114 Thread 0x0000020c71c32970 Thread exited: 0x0000020c71c32970
Event: 8.148 Thread 0x0000020c71c32160 Thread exited: 0x0000020c71c32160
Event: 8.555 Thread 0x0000020c77f7fb20 Thread added: 0x0000020c783a2a20
Event: 86.896 Thread 0x0000020c71735690 Thread added: 0x0000020c71c359d0
Event: 86.896 Thread 0x0000020c71735690 Thread added: 0x0000020c71c351c0
Event: 89.743 Thread 0x0000020c71c351c0 Thread exited: 0x0000020c71c351c0
Event: 89.743 Thread 0x0000020c71c359d0 Thread exited: 0x0000020c71c359d0
Event: 101.466 Thread 0x0000020c77f7fb20 Thread added: 0x0000020c783a4960
Event: 101.719 Thread 0x0000020c77f7fb20 Thread added: 0x0000020c79942040
Event: 104.086 Thread 0x0000020c77f7fb20 Thread added: 0x0000020c7993f160
Event: 104.104 Thread 0x0000020c77f7fb20 Thread added: 0x0000020c799410a0
Event: 105.752 Thread 0x0000020c77f7fb20 Thread added: 0x0000020c79942fe0
Event: 107.109 Thread 0x0000020c77f7fb20 Thread added: 0x0000020c799437b0
Event: 113.777 Thread 0x0000020c77f7fb20 Thread added: 0x0000020c79944f20
Event: 115.668 Thread 0x0000020c77f7fb20 Thread added: 0x0000020c79943f80


Dynamic libraries:
0x00007ff7cc220000 - 0x00007ff7cc22e000 	C:\Program Files\Eclipse Adoptium\jdk-25.0.4.7-hotspot\bin\java.exe
0x00007ffff7ee0000 - 0x00007ffff8146000 	C:\WINDOWS\SYSTEM32\ntdll.dll
0x00007ffff7dd0000 - 0x00007ffff7e99000 	C:\WINDOWS\System32\KERNEL32.DLL
0x00007ffff54a0000 - 0x00007ffff589f000 	C:\WINDOWS\System32\KERNELBASE.dll
0x00007ffff50f0000 - 0x00007ffff523c000 	C:\WINDOWS\System32\ucrtbase.dll
0x00007fffc3320000 - 0x00007fffc333e000 	C:\Program Files\Eclipse Adoptium\jdk-25.0.4.7-hotspot\bin\VCRUNTIME140.dll
0x00007fffc44d0000 - 0x00007fffc44e6000 	C:\Program Files\Eclipse Adoptium\jdk-25.0.4.7-hotspot\bin\jli.dll
0x00007ffff6660000 - 0x00007ffff6826000 	C:\WINDOWS\System32\USER32.dll
0x00007fffdae90000 - 0x00007fffdb121000 	C:\WINDOWS\WinSxS\amd64_microsoft.windows.common-controls_6595b64144ccf1df_6.0.26100.8972_none_3e0da176e32f9d4b\COMCTL32.dll
0x00007ffff5aa0000 - 0x00007ffff5ac7000 	C:\WINDOWS\System32\win32u.dll
0x00007ffff7020000 - 0x00007ffff70c9000 	C:\WINDOWS\System32\msvcrt.dll
0x00007ffff5db0000 - 0x00007ffff5ddb000 	C:\WINDOWS\System32\GDI32.dll
0x00007ffff5970000 - 0x00007ffff5a99000 	C:\WINDOWS\System32\gdi32full.dll
0x00007ffff5b60000 - 0x00007ffff5c03000 	C:\WINDOWS\System32\msvcp_win.dll
0x00007ffff71f0000 - 0x00007ffff7222000 	C:\WINDOWS\System32\IMM32.DLL
0x00007fffceb40000 - 0x00007fffceb4c000 	C:\Program Files\Eclipse Adoptium\jdk-25.0.4.7-hotspot\bin\vcruntime140_1.dll
0x00007fffbd640000 - 0x00007fffbd6cd000 	C:\Program Files\Eclipse Adoptium\jdk-25.0.4.7-hotspot\bin\msvcp140.dll
0x00007fff65b20000 - 0x00007fff66a51000 	C:\Program Files\Eclipse Adoptium\jdk-25.0.4.7-hotspot\bin\server\jvm.dll
0x00007ffff6ae0000 - 0x00007ffff6b9c000 	C:\WINDOWS\System32\ADVAPI32.dll
0x00007ffff65b0000 - 0x00007ffff665a000 	C:\WINDOWS\System32\sechost.dll
0x00007ffff6830000 - 0x00007ffff6948000 	C:\WINDOWS\System32\RPCRT4.dll
0x00007ffff5de0000 - 0x00007ffff5e62000 	C:\WINDOWS\System32\WS2_32.dll
0x00007ffff49b0000 - 0x00007ffff4a0e000 	C:\WINDOWS\SYSTEM32\POWRPROF.dll
0x00007fffecf60000 - 0x00007fffecf6b000 	C:\WINDOWS\SYSTEM32\VERSION.dll
0x00007fffe7ae0000 - 0x00007fffe7b16000 	C:\WINDOWS\SYSTEM32\WINMM.dll
0x00007ffff4990000 - 0x00007ffff49a5000 	C:\WINDOWS\SYSTEM32\UMPDC.dll
0x00007ffff3da0000 - 0x00007ffff3dbb000 	C:\WINDOWS\SYSTEM32\kernel.appcore.dll
0x00007fffcdfb0000 - 0x00007fffcdfba000 	C:\Program Files\Eclipse Adoptium\jdk-25.0.4.7-hotspot\bin\jimage.dll
0x00007ffff2610000 - 0x00007ffff2852000 	C:\WINDOWS\SYSTEM32\DBGHELP.DLL
0x00007ffff79c0000 - 0x00007ffff7d45000 	C:\WINDOWS\System32\combase.dll
0x00007ffff6bb0000 - 0x00007ffff6c89000 	C:\WINDOWS\System32\OLEAUT32.dll
0x00007fffcc1e0000 - 0x00007fffcc21b000 	C:\WINDOWS\SYSTEM32\dbgcore.DLL
0x00007ffff53e0000 - 0x00007ffff548c000 	C:\WINDOWS\System32\bcryptPrimitives.dll
0x00007fffcdf50000 - 0x00007fffcdf5f000 	C:\Program Files\Eclipse Adoptium\jdk-25.0.4.7-hotspot\bin\instrument.dll
0x00007fffc0dc0000 - 0x00007fffc0dde000 	C:\Program Files\Eclipse Adoptium\jdk-25.0.4.7-hotspot\bin\java.dll
0x00007ffff5f80000 - 0x00007ffff6119000 	C:\WINDOWS\System32\ole32.dll
0x00007ffff7230000 - 0x00007ffff79b8000 	C:\WINDOWS\System32\SHELL32.dll
0x00007ffff2b80000 - 0x00007ffff341b000 	C:\WINDOWS\SYSTEM32\windows.storage.dll
0x00007ffff5c10000 - 0x00007ffff5d09000 	C:\WINDOWS\System32\SHCORE.dll
0x00007ffff5d10000 - 0x00007ffff5d76000 	C:\WINDOWS\System32\shlwapi.dll
0x00007ffff5010000 - 0x00007ffff5039000 	C:\WINDOWS\SYSTEM32\profapi.dll
0x00007fffc0da0000 - 0x00007fffc0db6000 	C:\Program Files\Eclipse Adoptium\jdk-25.0.4.7-hotspot\bin\zip.dll
0x00007fffc02b0000 - 0x00007fffc02c1000 	C:\Program Files\Eclipse Adoptium\jdk-25.0.4.7-hotspot\bin\net.dll
0x00007ffff4330000 - 0x00007ffff439c000 	C:\WINDOWS\system32\mswsock.dll
0x00007fffbedf0000 - 0x00007fffbee06000 	C:\Program Files\Eclipse Adoptium\jdk-25.0.4.7-hotspot\bin\nio.dll
0x00007fffccc50000 - 0x00007fffccc60000 	C:\Program Files\Eclipse Adoptium\jdk-25.0.4.7-hotspot\bin\verify.dll
0x00007fffc4ab0000 - 0x00007fffc4ad7000 	C:\Users\leona\.gradle\native\660c5614fbf4a5f2a75b1949f50a0caf5cd603558e7d8a26e50b933a0cfb79d1\windows-amd64\native-platform.dll
0x00007fffbbe00000 - 0x00007fffbbe77000 	C:\Users\leona\.gradle\native\0.2.8\x86_64-windows-gnu\gradle-fileevents.dll
0x00007fffcc710000 - 0x00007fffcc71a000 	C:\Program Files\Eclipse Adoptium\jdk-25.0.4.7-hotspot\bin\management.dll
0x00007fffcc300000 - 0x00007fffcc30c000 	C:\Program Files\Eclipse Adoptium\jdk-25.0.4.7-hotspot\bin\management_ext.dll
0x00007ffff5f70000 - 0x00007ffff5f78000 	C:\WINDOWS\System32\PSAPI.DLL
0x00007ffff3750000 - 0x00007ffff3783000 	C:\WINDOWS\SYSTEM32\IPHLPAPI.DLL
0x00007ffff6950000 - 0x00007ffff695a000 	C:\WINDOWS\System32\NSI.dll
0x00007fffcbc00000 - 0x00007fffcbc09000 	C:\Program Files\Eclipse Adoptium\jdk-25.0.4.7-hotspot\bin\extnet.dll
0x00007ffff4750000 - 0x00007ffff476b000 	C:\WINDOWS\SYSTEM32\CRYPTSP.dll
0x00007ffff3d00000 - 0x00007ffff3d39000 	C:\WINDOWS\system32\rsaenh.dll
0x00007ffff43e0000 - 0x00007ffff4412000 	C:\WINDOWS\SYSTEM32\USERENV.dll
0x00007ffff4fe0000 - 0x00007ffff500a000 	C:\WINDOWS\SYSTEM32\bcrypt.dll
0x00007ffff4590000 - 0x00007ffff459c000 	C:\WINDOWS\SYSTEM32\CRYPTBASE.dll
0x00007fffca5a0000 - 0x00007fffca5ae000 	C:\Program Files\Eclipse Adoptium\jdk-25.0.4.7-hotspot\bin\sunmscapi.dll
0x00007ffff5250000 - 0x00007ffff53ce000 	C:\WINDOWS\System32\CRYPT32.dll
0x00007ffff4950000 - 0x00007ffff4980000 	C:\WINDOWS\SYSTEM32\ncrypt.dll
0x00007ffff4900000 - 0x00007ffff493f000 	C:\WINDOWS\SYSTEM32\NTASN1.dll
0x00007fffe5710000 - 0x00007fffe5718000 	C:\WINDOWS\system32\wshunix.dll

JVMTI agents:
C:\Users\leona\.gradle\wrapper\dists\gradle-9.6.0-bin\42k10rwplmzkhuboz9kdazi7s\gradle-9.6.0\lib\agents\gradle-instrumentation-agent-9.6.0.jar path:C:\Program Files\Eclipse Adoptium\jdk-25.0.4.7-hotspot\bin\instrument.dll, loaded, initialized, instrumentlib options:none

dbghelp: loaded successfully - version: 4.0.5 - missing functions: none
symbol engine: initialized successfully - sym options: 0x614 - pdb path: .;C:\Program Files\Eclipse Adoptium\jdk-25.0.4.7-hotspot\bin;C:\WINDOWS\SYSTEM32;C:\WINDOWS\WinSxS\amd64_microsoft.windows.common-controls_6595b64144ccf1df_6.0.26100.8972_none_3e0da176e32f9d4b;C:\Program Files\Eclipse Adoptium\jdk-25.0.4.7-hotspot\bin\server;C:\Users\leona\.gradle\native\660c5614fbf4a5f2a75b1949f50a0caf5cd603558e7d8a26e50b933a0cfb79d1\windows-amd64;C:\Users\leona\.gradle\native\0.2.8\x86_64-windows-gnu

VM Arguments:
jvm_args: --add-opens=java.base/java.lang=ALL-UNNAMED --add-opens=java.base/java.lang.invoke=ALL-UNNAMED --add-opens=java.base/java.util=ALL-UNNAMED --add-opens=java.prefs/java.util.prefs=ALL-UNNAMED --add-exports=jdk.compiler/com.sun.tools.javac.api=ALL-UNNAMED --add-exports=jdk.compiler/com.sun.tools.javac.util=ALL-UNNAMED --add-opens=java.base/java.nio.charset=ALL-UNNAMED --add-opens=java.base/java.net=ALL-UNNAMED --add-opens=java.base/java.util.concurrent=ALL-UNNAMED --add-opens=java.base/java.util.concurrent.atomic=ALL-UNNAMED --add-opens=java.xml/javax.xml.namespace=ALL-UNNAMED --add-opens=java.base/java.time=ALL-UNNAMED --enable-native-access=ALL-UNNAMED -Xmx2048m -Dfile.encoding=UTF-8 -Duser.country=US -Duser.language=en -Duser.variant -javaagent:C:\Users\leona\.gradle\wrapper\dists\gradle-9.6.0-bin\42k10rwplmzkhuboz9kdazi7s\gradle-9.6.0\lib\agents\gradle-instrumentation-agent-9.6.0.jar 
java_command: org.gradle.launcher.daemon.bootstrap.GradleDaemon 9.6.0
java_class_path (initial): C:\Users\leona\.gradle\wrapper\dists\gradle-9.6.0-bin\42k10rwplmzkhuboz9kdazi7s\gradle-9.6.0\lib\gradle-daemon-main-9.6.0.jar
Launcher Type: SUN_STANDARD

[Global flags]
     intx CICompilerCount                          = 12                                        {product} {ergonomic}
     uint ConcGCThreads                            = 3                                         {product} {ergonomic}
     uint G1ConcRefinementThreads                  = 13                                        {product} {ergonomic}
   size_t G1HeapRegionSize                         = 1048576                                   {product} {ergonomic}
   size_t InitialHeapSize                          = 264241152                                 {product} {ergonomic}
   size_t MarkStackSize                            = 4194304                                   {product} {ergonomic}
   size_t MarkStackSizeMax                         = 536870912                                 {product} {ergonomic}
   size_t MaxHeapSize                              = 2147483648                                {product} {command line}
   size_t MaxNewSize                               = 1287651328                                {product} {ergonomic}
   size_t MinHeapDeltaBytes                        = 1048576                                   {product} {ergonomic}
   size_t MinHeapSize                              = 8388608                                   {product} {ergonomic}
    uintx NonNMethodCodeHeapSize                   = 7667712                                {pd product} {ergonomic}
    uintx NonProfiledCodeHeapSize                  = 122028032                              {pd product} {ergonomic}
    uintx ProfiledCodeHeapSize                     = 122028032                              {pd product} {ergonomic}
    uintx ReservedCodeCacheSize                    = 251723776                              {pd product} {ergonomic}
     bool SegmentedCodeCache                       = true                                      {product} {ergonomic}
   size_t SoftMaxHeapSize                          = 2147483648                             {manageable} {ergonomic}
     bool UseCompressedOops                        = true                           {product lp64_product} {ergonomic}
     bool UseG1GC                                  = true                                      {product} {ergonomic}
     bool UseLargePagesIndividualAllocation        = false                                  {pd product} {ergonomic}

Logging:
Log output configuration:
 #0: stdout all=warning uptime,level,tags foldmultilines=false
 #1: stderr all=off uptime,level,tags foldmultilines=false

Release file:
IMPLEMENTOR="Eclipse Adoptium" 
IMPLEMENTOR_VERSION="Temurin-25.0.4+7" 
JAVA_RUNTIME_VERSION="25.0.4+7-LTS" 
JAVA_VERSION="25.0.4" 
JAVA_VERSION_DATE="2026-07-21" 
LIBC="default" 
MODULES="java.base java.compiler java.datatransfer java.xml java.prefs java.desktop java.instrument java.logging java.management java.security.sasl java.naming java.rmi java.management.rmi java.net.http java.scripting java.security.jgss java.transaction.xa java.sql java.sql.rowset java.xml.crypto java.se java.smartcardio jdk.accessibility jdk.internal.jvmstat jdk.attach jdk.charsets jdk.internal.opt jdk.zipfs jdk.compiler jdk.crypto.cryptoki jdk.crypto.ec jdk.crypto.mscapi jdk.dynalink jdk.internal.ed jdk.editpad jdk.internal.vm.ci jdk.graal.compiler jdk.graal.compiler.management jdk.hotspot.agent jdk.httpserver jdk.incubator.vector jdk.internal.le jdk.internal.md jdk.jartool jdk.javadoc jdk.jcmd jdk.management jdk.management.agent jdk.jconsole jdk.jdeps jdk.jdwp.agent jdk.jdi jdk.jfr jdk.jlink jdk.jpackage jdk.jshell jdk.jsobject jdk.jstatd jdk.localedata jdk.management.jfr jdk.naming.dns jdk.naming.rmi jdk.net jdk.nio.mapmode jdk.sctp jdk.security.auth jdk.security.jgss jdk.unsupported jdk.unsupported.desktop jdk.xml.dom" 
OS_ARCH="x86_64" 
OS_NAME="Windows" 
SOURCE=".:git:a2ce02c38bc9" 
BUILD_SOURCE="git:e6ba7dec3d07654074559310376a3ae89da5f4ac"
BUILD_SOURCE_REPO="https://github.com/adoptium/temurin-build.git"
SOURCE_REPO="https://github.com/adoptium/jdk25u.git"
FULL_VERSION="25.0.4+7-LTS"
SEMANTIC_VERSION="25.0.4+7"
BUILD_INFO="OS: Windows Server 2022 Version: 10.0"
JVM_VARIANT="Hotspot"
JVM_VERSION="25.0.4+7-LTS"
IMAGE_TYPE="JDK"

Environment Variables:
PATH=C:\Program Files\Eclipse Adoptium\jdk-25.0.4.7-hotspot\bin;C:\Program Files (x86)\Common Files\Oracle\Java\java8path;C:\Program Files (x86)\Common Files\Oracle\Java\javapath;C:\Python314\Scripts\;C:\Python314\;C:\WINDOWS\system32;C:\WINDOWS;C:\WINDOWS\System32\Wbem;C:\WINDOWS\System32\WindowsPowerShell\v1.0\;C:\WINDOWS\System32\OpenSSH\;C:\Program Files\nodejs\;C:\ProgramData\chocolatey\bin;C:\Program Files (x86)\NVIDIA Corporation\PhysX\Common;C:\msys64\ucrt64\bin;C:\Program Files\Git\cmd;C:\Users\leona\AppData\Local\Programs\Python\Python313\Scripts\;C:\Users\leona\AppData\Local\Programs\Python\Python313\;C:\Users\leona\AppData\Local\Microsoft\WindowsApps;C:\Users\leona\AppData\Roaming\npm;C:\Users\leona\AppData\Local\Programs\Microsoft VS Code\bin
USERNAME=leona
OS=Windows_NT
PROCESSOR_IDENTIFIER=Intel64 Family 6 Model 186 Stepping 2, GenuineIntel
TMP=C:\Users\leona\AppData\Local\Temp
TEMP=C:\Users\leona\AppData\Local\Temp




Compilation memory statistics disabled.

Periodic native trim disabled

---------------  S Y S T E M  ---------------

OS:
 Windows 11 , 64 bit Build 26100 (10.0.26100.9168)
OS uptime: 3 days 8:04 hours
Hyper-V role detected

CPU: total 16 (initial active 16) (8 cores per cpu, 2 threads per core) family 6 model 186 stepping 2 microcode 0x410e, cx8, cmov, fxsr, ht, mmx, 3dnowpref, sse, sse2, sse3, ssse3, sse4.1, sse4.2, popcnt, lzcnt, tsc, tscinvbit, avx, avx2, aes, erms, clmul, bmi1, bmi2, adx, sha, fma, vzeroupper, clflush, clflushopt, clwb, hv, serialize, rdtscp, rdpid, fsrm, gfni, f16c, cet_ibt, cet_ss
Processor Information for the first 16 processors :
  Max Mhz: 2400, Current Mhz: 2400, Mhz Limit: 2400

Memory: 4k page, system-wide physical 16122M (976M free)
TotalPageFile size 65274M (AvailPageFile size 19M)
current process WorkingSet (physical memory assigned to process): 21M, peak: 209M
current process commit charge ("private bytes"): 280M, peak: 448M

vm_info: OpenJDK 64-Bit Server VM (25.0.4+7-LTS) for windows-amd64 JRE (25.0.4+7-LTS), built on 2026-07-21T00:00:00Z with MS VC++ 17.12 (VS2022)

END.
