#
# There is insufficient memory for the Java Runtime Environment to continue.
# Native memory allocation (malloc) failed to allocate 1254680 bytes. Error detail: Chunk::new
# Possible reasons:
#   The system is out of physical RAM or swap space
#   This process is running with CompressedOops enabled, and the Java Heap may be blocking the growth of the native heap
# Possible solutions:
#   Reduce memory load on the system
#   Increase physical memory or swap space
#   Check if swap backing store is full
#   Decrease Java heap size (-Xmx/-Xms)
#   Decrease number of Java threads
#   Decrease Java thread stack sizes (-Xss)
#   Set larger code cache with -XX:ReservedCodeCacheSize=
#   JVM is running with Unscaled Compressed Oops mode in which the Java heap is
#     placed in the first 4GB address space. The Java Heap base address is the
#     maximum limit for the native heap growth. Please use -XX:HeapBaseMinAddress
#     to set the Java Heap base and to place the Java Heap above 4GB virtual address.
# This output file may be truncated or incomplete.
#
#  Out of Memory Error (arena.cpp:186), pid=23572, tid=30964
#
# JRE version: OpenJDK Runtime Environment Temurin-25.0.4+7 (25.0.4+7) (build 25.0.4+7-LTS)
# Java VM: OpenJDK 64-Bit Server VM Temurin-25.0.4+7 (25.0.4+7-LTS, mixed mode, sharing, tiered, compressed oops, compressed class ptrs, g1 gc, windows-amd64)
# No core dump will be written. Minidumps are not enabled by default on client versions of Windows
#

---------------  S U M M A R Y ------------

Command Line: --add-opens=java.base/java.lang=ALL-UNNAMED --add-opens=java.base/java.lang.invoke=ALL-UNNAMED --add-opens=java.base/java.util=ALL-UNNAMED --add-opens=java.prefs/java.util.prefs=ALL-UNNAMED --add-exports=jdk.compiler/com.sun.tools.javac.api=ALL-UNNAMED --add-exports=jdk.compiler/com.sun.tools.javac.util=ALL-UNNAMED --add-opens=java.base/java.nio.charset=ALL-UNNAMED --add-opens=java.base/java.net=ALL-UNNAMED --add-opens=java.base/java.util.concurrent=ALL-UNNAMED --add-opens=java.base/java.util.concurrent.atomic=ALL-UNNAMED --add-opens=java.xml/javax.xml.namespace=ALL-UNNAMED --add-opens=java.base/java.time=ALL-UNNAMED --enable-native-access=ALL-UNNAMED -Xmx2048m -Dfile.encoding=UTF-8 -Duser.country=US -Duser.language=en -Duser.variant -javaagent:C:\Users\leona\.gradle\wrapper\dists\gradle-9.6.0-bin\42k10rwplmzkhuboz9kdazi7s\gradle-9.6.0\lib\agents\gradle-instrumentation-agent-9.6.0.jar org.gradle.launcher.daemon.bootstrap.GradleDaemon 9.6.0

Host: 13th Gen Intel(R) Core(TM) i7-13620H, 16 cores, 15G,  Windows 11 , 64 bit Build 26100 (10.0.26100.9168)
Time: Fri Sep 11 00:41:36 2026 Central Standard Time (Mexico) elapsed time: 215.495399 seconds (0d 0h 3m 35s)

---------------  T H R E A D  ---------------

Current thread (0x0000021af15e3d20):  JavaThread "C2 CompilerThread0" daemon [_thread_in_native, id=30964, stack(0x00000020cd600000,0x00000020cd700000) (1024K)]


Current CompileTask:
C2:215495 4730       4       java.util.HashSet::contains (9 bytes)

Stack: [0x00000020cd600000,0x00000020cd700000]
Native frames: (J=compiled Java code, j=interpreted, Vv=VM code, C=native code)
V  [jvm.dll+0x7aba79]  (no source info available)
V  [jvm.dll+0x775a3d]  (no source info available)
V  [jvm.dll+0x9fb9ed]  (no source info available)
V  [jvm.dll+0x9fdfe1]  (no source info available)
V  [jvm.dll+0x9fe6f3]  (no source info available)
V  [jvm.dll+0x2fdb36]  (no source info available)
V  [jvm.dll+0x111936]  (no source info available)
V  [jvm.dll+0x111c5e]  (no source info available)
V  [jvm.dll+0x1a08d2]  (no source info available)
V  [jvm.dll+0x3b7292]  (no source info available)
V  [jvm.dll+0x7b13fc]  (no source info available)
V  [jvm.dll+0x2c0ef7]  (no source info available)
V  [jvm.dll+0x2bfebf]  (no source info available)
V  [jvm.dll+0x237a30]  (no source info available)
V  [jvm.dll+0x2cffb6]  (no source info available)
V  [jvm.dll+0x2ce23a]  (no source info available)
V  [jvm.dll+0x49131e]  (no source info available)
V  [jvm.dll+0x99cb1d]  (no source info available)
V  [jvm.dll+0x7aa025]  (no source info available)
C  [ucrtbase.dll+0x2cd30]  (no source info available)
C  [KERNEL32.DLL+0x2ccb7]  (no source info available)
C  [ntdll.dll+0xaad6c]  (no source info available)

Lock stack of current Java thread (top to bottom):


---------------  P R O C E S S  ---------------

Threads class SMR info:
_java_thread_list=0x0000021af805f090, length=33, elements={
0x0000021ad3d06c00, 0x0000021af15c6890, 0x0000021af15c71a0, 0x0000021af15cf4b0,
0x0000021af15d54d0, 0x0000021af15d6470, 0x0000021af15d7be0, 0x0000021af15e3d20,
0x0000021af15e9e80, 0x0000021af15d6c40, 0x0000021af15d5ca0, 0x0000021af69dda90,
0x0000021af69e4020, 0x0000021af69df200, 0x0000021af69e4fc0, 0x0000021af69e47f0,
0x0000021af1a79840, 0x0000021af1a788a0, 0x0000021af1a7a7e0, 0x0000021af1a780d0,
0x0000021af1a7e660, 0x0000021af1a7f600, 0x0000021af1a7c720, 0x0000021af93b4ec0,
0x0000021af93b6630, 0x0000021af1a7b780, 0x0000021af1abb9a0, 0x0000021af1abaa00,
0x0000021af1ab82f0, 0x0000021af1abc940, 0x0000021af1abd110, 0x0000021af1abe0b0,
0x0000021af1abf050
}

Java Threads: ( => current thread )
  0x0000021ad3d06c00 JavaThread "main"                              [_thread_blocked, id=10716, stack(0x00000020cc800000,0x00000020cc900000) (1024K)]
  0x0000021af15c6890 JavaThread "Reference Handler"          daemon [_thread_blocked, id=30988, stack(0x00000020cd000000,0x00000020cd100000) (1024K)]
  0x0000021af15c71a0 JavaThread "Finalizer"                  daemon [_thread_blocked, id=30944, stack(0x00000020cd100000,0x00000020cd200000) (1024K)]
  0x0000021af15cf4b0 JavaThread "Signal Dispatcher"          daemon [_thread_blocked, id=30948, stack(0x00000020cd200000,0x00000020cd300000) (1024K)]
  0x0000021af15d54d0 JavaThread "Attach Listener"            daemon [_thread_blocked, id=30952, stack(0x00000020cd300000,0x00000020cd400000) (1024K)]
  0x0000021af15d6470 JavaThread "Service Thread"             daemon [_thread_blocked, id=30956, stack(0x00000020cd400000,0x00000020cd500000) (1024K)]
  0x0000021af15d7be0 JavaThread "Monitor Deflation Thread"   daemon [_thread_blocked, id=30960, stack(0x00000020cd500000,0x00000020cd600000) (1024K)]
=>0x0000021af15e3d20 JavaThread "C2 CompilerThread0"         daemon [_thread_in_native, id=30964, stack(0x00000020cd600000,0x00000020cd700000) (1024K)]
  0x0000021af15e9e80 JavaThread "C1 CompilerThread0"         daemon [_thread_blocked, id=30972, stack(0x00000020cd700000,0x00000020cd800000) (1024K)]
  0x0000021af15d6c40 JavaThread "Common-Cleaner"             daemon [_thread_blocked, id=14196, stack(0x00000020cd800000,0x00000020cd900000) (1024K)]
  0x0000021af15d5ca0 JavaThread "Notification Thread"        daemon [_thread_blocked, id=10828, stack(0x00000020cd900000,0x00000020cda00000) (1024K)]
  0x0000021af69dda90 JavaThread "Daemon health stats"               [_thread_blocked, id=31536, stack(0x00000020ce000000,0x00000020ce100000) (1024K)]
  0x0000021af69e4020 JavaThread "Incoming local TCP Connector on port 53727"        [_thread_in_native, id=31356, stack(0x00000020ce100000,0x00000020ce200000) (1024K)]
  0x0000021af69df200 JavaThread "Daemon periodic checks"            [_thread_blocked, id=31748, stack(0x00000020ce200000,0x00000020ce300000) (1024K)]
  0x0000021af69e4fc0 JavaThread "Daemon"                            [_thread_blocked, id=31940, stack(0x00000020ce300000,0x00000020ce400000) (1024K)]
  0x0000021af69e47f0 JavaThread "Handler for socket connection from /127.0.0.1:53727 to /127.0.0.1:53735"        [_thread_in_native, id=32116, stack(0x00000020cda00000,0x00000020cdb00000) (1024K)]
  0x0000021af1a79840 JavaThread "Cancel handler"                    [_thread_blocked, id=32324, stack(0x00000020ce400000,0x00000020ce500000) (1024K)]
  0x0000021af1a788a0 JavaThread "Daemon worker"                     [_thread_in_Java, id=23176, stack(0x00000020ce600000,0x00000020ce700000) (1024K)]
  0x0000021af1a7a7e0 JavaThread "Asynchronous log dispatcher for DefaultDaemonConnection: socket connection from /127.0.0.1:53727 to /127.0.0.1:53735"        [_thread_blocked, id=10672, stack(0x00000020ce700000,0x00000020ce800000) (1024K)]
  0x0000021af1a780d0 JavaThread "Stdin handler"                     [_thread_blocked, id=17304, stack(0x00000020ce800000,0x00000020ce900000) (1024K)]
  0x0000021af1a7e660 JavaThread "Daemon client event forwarder"        [_thread_blocked, id=19548, stack(0x00000020ce900000,0x00000020cea00000) (1024K)]
  0x0000021af1a7f600 JavaThread "Cache worker for journal cache (C:\Users\leona\.gradle\caches\journal-1)"        [_thread_blocked, id=32640, stack(0x00000020cea00000,0x00000020ceb00000) (1024K)]
  0x0000021af1a7c720 JavaThread "File lock request listener"        [_thread_in_native, id=16372, stack(0x00000020ceb00000,0x00000020cec00000) (1024K)]
  0x0000021af93b4ec0 JavaThread "Cache worker for file hash cache (C:\Users\leona\.gradle\caches\9.6.0\fileHashes)"        [_thread_blocked, id=5800, stack(0x00000020cec00000,0x00000020ced00000) (1024K)]
  0x0000021af93b6630 JavaThread "Cache worker for file hash cache (C:\Users\leona\AndroidStudioProjects\Fondly\.gradle\9.6.0\fileHashes)"        [_thread_blocked, id=34072, stack(0x00000020cf700000,0x00000020cf800000) (1024K)]
  0x0000021af1a7b780 JavaThread "Cache worker for Build Output Cleanup Cache (C:\Users\leona\AndroidStudioProjects\Fondly\.gradle\buildOutputCleanup)"        [_thread_blocked, id=34124, stack(0x00000020cf800000,0x00000020cf900000) (1024K)]
  0x0000021af1abb9a0 JavaThread "File watcher server"        daemon [_thread_in_native, id=34340, stack(0x00000020cf900000,0x00000020cfa00000) (1024K)]
  0x0000021af1abaa00 JavaThread "File watcher consumer"      daemon [_thread_blocked, id=34348, stack(0x00000020cfa00000,0x00000020cfb00000) (1024K)]
  0x0000021af1ab82f0 JavaThread "Cache worker for file content cache (C:\Users\leona\.gradle\caches\9.6.0\fileContent)"        [_thread_blocked, id=34464, stack(0x00000020cfb00000,0x00000020cfc00000) (1024K)]
  0x0000021af1abc940 JavaThread "Cache worker for checksums cache (C:\Users\leona\AndroidStudioProjects\Fondly\.gradle\9.6.0\checksums)"        [_thread_blocked, id=34532, stack(0x00000020cfc00000,0x00000020cfd00000) (1024K)]
  0x0000021af1abd110 JavaThread "Cache worker for cache directory md-supplier (C:\Users\leona\.gradle\caches\9.6.0\md-supplier)"        [_thread_blocked, id=33972, stack(0x00000020cf600000,0x00000020cf700000) (1024K)]
  0x0000021af1abe0b0 JavaThread "Cache worker for cache directory md-rule (C:\Users\leona\.gradle\caches\9.6.0\md-rule)"        [_thread_blocked, id=12560, stack(0x00000020cfd00000,0x00000020cfe00000) (1024K)]
  0x0000021af1abf050 JavaThread "File lock release action executor Thread 3"        [_thread_blocked, id=12024, stack(0x00000020cc500000,0x00000020cc600000) (1024K)]
Total: 33

Other Threads:
  0x0000021af15b1bf0 VMThread "VM Thread"                           [id=30920, stack(0x00000020ccf00000,0x00000020cd000000) (1024K)]
  0x0000021af147f050 WatcherThread "VM Periodic Task Thread"        [id=30892, stack(0x00000020cce00000,0x00000020ccf00000) (1024K)]
  0x0000021ad1abe010 WorkerThread "GC Thread#0"                     [id=12140, stack(0x00000020cc900000,0x00000020cca00000) (1024K)]
  0x0000021af6ebb410 WorkerThread "GC Thread#1"                     [id=30840, stack(0x00000020cdb00000,0x00000020cdc00000) (1024K)]
  0x0000021af6ebc060 WorkerThread "GC Thread#2"                     [id=30392, stack(0x00000020cdc00000,0x00000020cdd00000) (1024K)]
  0x0000021af6e7d780 WorkerThread "GC Thread#3"                     [id=28852, stack(0x00000020cdd00000,0x00000020cde00000) (1024K)]
  0x0000021af6e7dbb0 WorkerThread "GC Thread#4"                     [id=30220, stack(0x00000020cde00000,0x00000020cdf00000) (1024K)]
  0x0000021af6e82810 WorkerThread "GC Thread#5"                     [id=17484, stack(0x00000020cdf00000,0x00000020ce000000) (1024K)]
  0x0000021af7c0d210 WorkerThread "GC Thread#6"                     [id=3536, stack(0x00000020ce500000,0x00000020ce600000) (1024K)]
  0x0000021af7c0dab0 WorkerThread "GC Thread#7"                     [id=11952, stack(0x00000020cee00000,0x00000020cef00000) (1024K)]
  0x0000021af7c0d660 WorkerThread "GC Thread#8"                     [id=3472, stack(0x00000020cef00000,0x00000020cf000000) (1024K)]
  0x0000021af7c0df00 WorkerThread "GC Thread#9"                     [id=15484, stack(0x00000020cf000000,0x00000020cf100000) (1024K)]
  0x0000021af7c0e350 WorkerThread "GC Thread#10"                    [id=18672, stack(0x00000020cf100000,0x00000020cf200000) (1024K)]
  0x0000021af6affd70 WorkerThread "GC Thread#11"                    [id=33060, stack(0x00000020cf200000,0x00000020cf300000) (1024K)]
  0x0000021af6b00610 WorkerThread "GC Thread#12"                    [id=33376, stack(0x00000020cf300000,0x00000020cf400000) (1024K)]
  0x0000021ad3d7bf70 ConcurrentGCThread "G1 Main Marker"            [id=17764, stack(0x00000020cca00000,0x00000020ccb00000) (1024K)]
  0x0000021ad3d7db20 WorkerThread "G1 Conc#0"                       [id=15596, stack(0x00000020ccb00000,0x00000020ccc00000) (1024K)]
  0x0000021af6aff080 WorkerThread "G1 Conc#1"                       [id=29556, stack(0x00000020cf400000,0x00000020cf500000) (1024K)]
  0x0000021af6b01300 WorkerThread "G1 Conc#2"                       [id=32900, stack(0x00000020cf500000,0x00000020cf600000) (1024K)]
  0x0000021af1471290 ConcurrentGCThread "G1 Refine#0"               [id=22736, stack(0x00000020ccc00000,0x00000020ccd00000) (1024K)]
  0x0000021af1471b50 ConcurrentGCThread "G1 Service"                [id=31676, stack(0x00000020ccd00000,0x00000020cce00000) (1024K)]
Total: 21

Threads with active compile tasks:
C2 CompilerThread0  215878 4730       4       java.util.HashSet::contains (9 bytes)
C1 CompilerThread0  215878 4746       3       org.gradle.internal.problems.failure.InternalStackTraceClassifier::classify (18 bytes)
Total: 2

VM state: not at safepoint (normal execution)

VM Mutex/Monitor currently owned by a thread:  ([mutex/lock_event])
[0x00007fff6695e0d8] MethodCompileQueue_lock - owner thread: 0x0000021af15e9e80
[0x00007fff6695f558] CodeCache_lock - owner thread: 0x0000021af15e9e80
[0x00007fff6695f7d8] Compile_lock - owner thread: 0x0000021af15e9e80

Heap address: 0x0000000080000000, size: 2048 MB, Compressed Oops mode: 32-bit

CDS archive(s) mapped at: [0x0000000025000000-0x0000000025db0000-0x0000000025db0000), size 14352384, SharedBaseAddress: 0x0000000025000000, ArchiveRelocationMode: 1.
Compressed class space mapped at: 0x0000000026000000-0x0000000066000000, reserved size: 1073741824
UseCompressedClassPointers 1, UseCompactObjectHeaders 0
Narrow klass pointer bits 32, Max shift 3
Narrow klass base: 0x0000000025000000, Narrow klass shift: 0
Encoding Range: [0x0000000025000000 - 0x0000000125000000), (4294967296 bytes)
Klass Range:    [0x0000000025010000 - 0x0000000066000000), (1090453504 bytes)
Klass ID Range:  [65536 - 1090519033) (1090453497)
Protection zone: [0x0000000025000000 - 0x0000000025010000), (65536 bytes)

GC Precious Log:
 CardTable entry size: 512
 Card Set container configuration: InlinePtr #cards 5 size 8 Array Of Cards #cards 10 size 36 Howl #buckets 4 coarsen threshold 1843 Howl Bitmap #cards 512 size 80 coarsen threshold 460 Card regions per heap region 1 cards per card region 2048
 CPUs: 16 total, 16 available
 Memory: 16122M
 Large Page Support: Disabled
 NUMA Support: Disabled
 Compressed Oops: Enabled (32-bit)
 Heap Region Size: 1M
 Heap Min Capacity: 8M
 Heap Initial Capacity: 252M
 Heap Max Capacity: 2G
 Pre-touch: Disabled
 Parallel Workers: 13
 Concurrent Workers: 3
 Concurrent Refinement Workers: 13
 Periodic GC: Disabled

Heap:
 garbage-first heap   total reserved 2097152K, committed 104448K, used 33277K [0x0000000080000000, 0x0000000100000000)
  region size 1024K, 9 young (9216K), 5 survivors (5120K)

Heap Regions: E=young(eden), S=young(survivor), O=old, HS=humongous(starts), HC=humongous(continues), CS=collection set, F=free, TAMS=top-at-mark-start, PB=parsable bottom
|   0|0x0000000080000000, 0x0000000080100000, 0x0000000080100000|100%|HS|  |TAMS 0x0000000080000000| PB 0x0000000080000000| Complete |  0
|   1|0x0000000080100000, 0x0000000080200000, 0x0000000080200000|100%|HC|  |TAMS 0x0000000080100000| PB 0x0000000080100000| Complete |  0
|   2|0x0000000080200000, 0x0000000080300000, 0x0000000080300000|100%|HC|  |TAMS 0x0000000080200000| PB 0x0000000080200000| Complete |  0
|   3|0x0000000080300000, 0x0000000080400000, 0x0000000080400000|100%|HC|  |TAMS 0x0000000080300000| PB 0x0000000080300000| Complete |  0
|   4|0x0000000080400000, 0x0000000080500000, 0x0000000080500000|100%| O|  |TAMS 0x0000000080400000| PB 0x0000000080400000| Untracked |  0
|   5|0x0000000080500000, 0x0000000080600000, 0x0000000080600000|100%| O|  |TAMS 0x0000000080500000| PB 0x0000000080500000| Untracked |  0
|   6|0x0000000080600000, 0x0000000080700000, 0x0000000080700000|100%|HS|  |TAMS 0x0000000080600000| PB 0x0000000080600000| Complete |  0
|   7|0x0000000080700000, 0x0000000080800000, 0x0000000080800000|100%| O|  |TAMS 0x0000000080700000| PB 0x0000000080700000| Untracked |  0
|   8|0x0000000080800000, 0x0000000080900000, 0x0000000080900000|100%| O|  |TAMS 0x0000000080800000| PB 0x0000000080800000| Untracked |  0
|   9|0x0000000080900000, 0x0000000080a00000, 0x0000000080a00000|100%| O|  |TAMS 0x0000000080900000| PB 0x0000000080900000| Untracked |  0
|  10|0x0000000080a00000, 0x0000000080b00000, 0x0000000080b00000|100%| O|  |TAMS 0x0000000080a00000| PB 0x0000000080a00000| Untracked |  0
|  11|0x0000000080b00000, 0x0000000080c00000, 0x0000000080c00000|100%| O|  |TAMS 0x0000000080b00000| PB 0x0000000080b00000| Untracked |  0
|  12|0x0000000080c00000, 0x0000000080cc0390, 0x0000000080d00000| 75%| O|  |TAMS 0x0000000080c00000| PB 0x0000000080c00000| Untracked |  0
|  13|0x0000000080d00000, 0x0000000080de6a80, 0x0000000080e00000| 90%| O|  |TAMS 0x0000000080d00000| PB 0x0000000080d00000| Untracked |  0
|  14|0x0000000080e00000, 0x0000000080e00000, 0x0000000080f00000|  0%| F|  |TAMS 0x0000000080e00000| PB 0x0000000080e00000| Untracked |  0
|  15|0x0000000080f00000, 0x0000000080f00000, 0x0000000081000000|  0%| F|  |TAMS 0x0000000080f00000| PB 0x0000000080f00000| Untracked |  0
|  16|0x0000000081000000, 0x0000000081000000, 0x0000000081100000|  0%| F|  |TAMS 0x0000000081000000| PB 0x0000000081000000| Untracked |  0
|  17|0x0000000081100000, 0x0000000081100000, 0x0000000081200000|  0%| F|  |TAMS 0x0000000081100000| PB 0x0000000081100000| Untracked |  0
|  18|0x0000000081200000, 0x0000000081200000, 0x0000000081300000|  0%| F|  |TAMS 0x0000000081200000| PB 0x0000000081200000| Untracked |  0
|  19|0x0000000081300000, 0x0000000081300000, 0x0000000081400000|  0%| F|  |TAMS 0x0000000081300000| PB 0x0000000081300000| Untracked |  0
|  20|0x0000000081400000, 0x0000000081400000, 0x0000000081500000|  0%| F|  |TAMS 0x0000000081400000| PB 0x0000000081400000| Untracked |  0
|  21|0x0000000081500000, 0x0000000081500000, 0x0000000081600000|  0%| F|  |TAMS 0x0000000081500000| PB 0x0000000081500000| Untracked |  0
|  22|0x0000000081600000, 0x0000000081600000, 0x0000000081700000|  0%| F|  |TAMS 0x0000000081600000| PB 0x0000000081600000| Untracked |  0
|  23|0x0000000081700000, 0x0000000081700000, 0x0000000081800000|  0%| F|  |TAMS 0x0000000081700000| PB 0x0000000081700000| Untracked |  0
|  24|0x0000000081800000, 0x0000000081800000, 0x0000000081900000|  0%| F|  |TAMS 0x0000000081800000| PB 0x0000000081800000| Untracked |  0
|  25|0x0000000081900000, 0x0000000081900000, 0x0000000081a00000|  0%| F|  |TAMS 0x0000000081900000| PB 0x0000000081900000| Untracked |  0
|  26|0x0000000081a00000, 0x0000000081a00000, 0x0000000081b00000|  0%| F|  |TAMS 0x0000000081a00000| PB 0x0000000081a00000| Untracked |  0
|  27|0x0000000081b00000, 0x0000000081b00000, 0x0000000081c00000|  0%| F|  |TAMS 0x0000000081b00000| PB 0x0000000081b00000| Untracked |  0
|  28|0x0000000081c00000, 0x0000000081c00000, 0x0000000081d00000|  0%| F|  |TAMS 0x0000000081c00000| PB 0x0000000081c00000| Untracked |  0
|  29|0x0000000081d00000, 0x0000000081d00000, 0x0000000081e00000|  0%| F|  |TAMS 0x0000000081d00000| PB 0x0000000081d00000| Untracked |  0
|  30|0x0000000081e00000, 0x0000000081e00000, 0x0000000081f00000|  0%| F|  |TAMS 0x0000000081e00000| PB 0x0000000081e00000| Untracked |  0
|  31|0x0000000081f00000, 0x0000000081f00000, 0x0000000082000000|  0%| F|  |TAMS 0x0000000081f00000| PB 0x0000000081f00000| Untracked |  0
|  32|0x0000000082000000, 0x00000000820d8900, 0x0000000082100000| 84%| S|CS|TAMS 0x0000000082000000| PB 0x0000000082000000| Complete |  0
|  33|0x0000000082100000, 0x0000000082200000, 0x0000000082200000|100%| S|CS|TAMS 0x0000000082100000| PB 0x0000000082100000| Complete |  0
|  34|0x0000000082200000, 0x0000000082300000, 0x0000000082300000|100%| S|CS|TAMS 0x0000000082200000| PB 0x0000000082200000| Complete |  0
|  35|0x0000000082300000, 0x0000000082400000, 0x0000000082400000|100%| S|CS|TAMS 0x0000000082300000| PB 0x0000000082300000| Complete |  0
|  36|0x0000000082400000, 0x0000000082500000, 0x0000000082500000|100%| S|CS|TAMS 0x0000000082400000| PB 0x0000000082400000| Complete |  0
|  37|0x0000000082500000, 0x0000000082500000, 0x0000000082600000|  0%| F|  |TAMS 0x0000000082500000| PB 0x0000000082500000| Untracked |  0
|  38|0x0000000082600000, 0x0000000082600000, 0x0000000082700000|  0%| F|  |TAMS 0x0000000082600000| PB 0x0000000082600000| Untracked |  0
|  39|0x0000000082700000, 0x0000000082700000, 0x0000000082800000|  0%| F|  |TAMS 0x0000000082700000| PB 0x0000000082700000| Untracked |  0
|  40|0x0000000082800000, 0x0000000082800000, 0x0000000082900000|  0%| F|  |TAMS 0x0000000082800000| PB 0x0000000082800000| Untracked |  0
|  41|0x0000000082900000, 0x0000000082900000, 0x0000000082a00000|  0%| F|  |TAMS 0x0000000082900000| PB 0x0000000082900000| Untracked |  0
|  42|0x0000000082a00000, 0x0000000082a00000, 0x0000000082b00000|  0%| F|  |TAMS 0x0000000082a00000| PB 0x0000000082a00000| Untracked |  0
|  43|0x0000000082b00000, 0x0000000082b00000, 0x0000000082c00000|  0%| F|  |TAMS 0x0000000082b00000| PB 0x0000000082b00000| Untracked |  0
|  44|0x0000000082c00000, 0x0000000082c00000, 0x0000000082d00000|  0%| F|  |TAMS 0x0000000082c00000| PB 0x0000000082c00000| Untracked |  0
|  45|0x0000000082d00000, 0x0000000082d00000, 0x0000000082e00000|  0%| F|  |TAMS 0x0000000082d00000| PB 0x0000000082d00000| Untracked |  0
|  46|0x0000000082e00000, 0x0000000082e00000, 0x0000000082f00000|  0%| F|  |TAMS 0x0000000082e00000| PB 0x0000000082e00000| Untracked |  0
|  47|0x0000000082f00000, 0x0000000082f00000, 0x0000000083000000|  0%| F|  |TAMS 0x0000000082f00000| PB 0x0000000082f00000| Untracked |  0
|  48|0x0000000083000000, 0x0000000083000000, 0x0000000083100000|  0%| F|  |TAMS 0x0000000083000000| PB 0x0000000083000000| Untracked |  0
|  49|0x0000000083100000, 0x0000000083100000, 0x0000000083200000|  0%| F|  |TAMS 0x0000000083100000| PB 0x0000000083100000| Untracked |  0
|  50|0x0000000083200000, 0x0000000083200000, 0x0000000083300000|  0%| F|  |TAMS 0x0000000083200000| PB 0x0000000083200000| Untracked |  0
|  51|0x0000000083300000, 0x0000000083300000, 0x0000000083400000|  0%| F|  |TAMS 0x0000000083300000| PB 0x0000000083300000| Untracked |  0
|  52|0x0000000083400000, 0x0000000083400000, 0x0000000083500000|  0%| F|  |TAMS 0x0000000083400000| PB 0x0000000083400000| Untracked |  0
|  53|0x0000000083500000, 0x0000000083500000, 0x0000000083600000|  0%| F|  |TAMS 0x0000000083500000| PB 0x0000000083500000| Untracked |  0
|  54|0x0000000083600000, 0x0000000083600000, 0x0000000083700000|  0%| F|  |TAMS 0x0000000083600000| PB 0x0000000083600000| Untracked |  0
|  55|0x0000000083700000, 0x0000000083700000, 0x0000000083800000|  0%| F|  |TAMS 0x0000000083700000| PB 0x0000000083700000| Untracked |  0
|  56|0x0000000083800000, 0x0000000083800000, 0x0000000083900000|  0%| F|  |TAMS 0x0000000083800000| PB 0x0000000083800000| Untracked |  0
|  57|0x0000000083900000, 0x0000000083900000, 0x0000000083a00000|  0%| F|  |TAMS 0x0000000083900000| PB 0x0000000083900000| Untracked |  0
|  58|0x0000000083a00000, 0x0000000083a00000, 0x0000000083b00000|  0%| F|  |TAMS 0x0000000083a00000| PB 0x0000000083a00000| Untracked |  0
|  59|0x0000000083b00000, 0x0000000083b00000, 0x0000000083c00000|  0%| F|  |TAMS 0x0000000083b00000| PB 0x0000000083b00000| Untracked |  0
|  60|0x0000000083c00000, 0x0000000083c00000, 0x0000000083d00000|  0%| F|  |TAMS 0x0000000083c00000| PB 0x0000000083c00000| Untracked |  0
|  61|0x0000000083d00000, 0x0000000083d00000, 0x0000000083e00000|  0%| F|  |TAMS 0x0000000083d00000| PB 0x0000000083d00000| Untracked |  0
|  62|0x0000000083e00000, 0x0000000083e00000, 0x0000000083f00000|  0%| F|  |TAMS 0x0000000083e00000| PB 0x0000000083e00000| Untracked |  0
|  63|0x0000000083f00000, 0x0000000083f00000, 0x0000000084000000|  0%| F|  |TAMS 0x0000000083f00000| PB 0x0000000083f00000| Untracked |  0
|  64|0x0000000084000000, 0x0000000084000000, 0x0000000084100000|  0%| F|  |TAMS 0x0000000084000000| PB 0x0000000084000000| Untracked |  0
|  65|0x0000000084100000, 0x0000000084100000, 0x0000000084200000|  0%| F|  |TAMS 0x0000000084100000| PB 0x0000000084100000| Untracked |  0
|  66|0x0000000084200000, 0x0000000084200000, 0x0000000084300000|  0%| F|  |TAMS 0x0000000084200000| PB 0x0000000084200000| Untracked |  0
|  67|0x0000000084300000, 0x0000000084300000, 0x0000000084400000|  0%| F|  |TAMS 0x0000000084300000| PB 0x0000000084300000| Untracked |  0
|  68|0x0000000084400000, 0x0000000084400000, 0x0000000084500000|  0%| F|  |TAMS 0x0000000084400000| PB 0x0000000084400000| Untracked |  0
|  69|0x0000000084500000, 0x0000000084500000, 0x0000000084600000|  0%| F|  |TAMS 0x0000000084500000| PB 0x0000000084500000| Untracked |  0
|  70|0x0000000084600000, 0x0000000084600000, 0x0000000084700000|  0%| F|  |TAMS 0x0000000084600000| PB 0x0000000084600000| Untracked |  0
| 222|0x000000008de00000, 0x000000008de00000, 0x000000008df00000|  0%| F|  |TAMS 0x000000008de00000| PB 0x000000008de00000| Untracked |  0
| 223|0x000000008df00000, 0x000000008df00000, 0x000000008e000000|  0%| F|  |TAMS 0x000000008df00000| PB 0x000000008df00000| Untracked |  0
| 224|0x000000008e000000, 0x000000008e000000, 0x000000008e100000|  0%| F|  |TAMS 0x000000008e000000| PB 0x000000008e000000| Untracked |  0
| 225|0x000000008e100000, 0x000000008e100000, 0x000000008e200000|  0%| F|  |TAMS 0x000000008e100000| PB 0x000000008e100000| Untracked |  0
| 226|0x000000008e200000, 0x000000008e200000, 0x000000008e300000|  0%| F|  |TAMS 0x000000008e200000| PB 0x000000008e200000| Untracked |  0
| 227|0x000000008e300000, 0x000000008e300000, 0x000000008e400000|  0%| F|  |TAMS 0x000000008e300000| PB 0x000000008e300000| Untracked |  0
| 228|0x000000008e400000, 0x000000008e400000, 0x000000008e500000|  0%| F|  |TAMS 0x000000008e400000| PB 0x000000008e400000| Untracked |  0
| 229|0x000000008e500000, 0x000000008e500000, 0x000000008e600000|  0%| F|  |TAMS 0x000000008e500000| PB 0x000000008e500000| Untracked |  0
| 230|0x000000008e600000, 0x000000008e600000, 0x000000008e700000|  0%| F|  |TAMS 0x000000008e600000| PB 0x000000008e600000| Untracked |  0
| 231|0x000000008e700000, 0x000000008e700000, 0x000000008e800000|  0%| F|  |TAMS 0x000000008e700000| PB 0x000000008e700000| Untracked |  0
| 232|0x000000008e800000, 0x000000008e800000, 0x000000008e900000|  0%| F|  |TAMS 0x000000008e800000| PB 0x000000008e800000| Untracked |  0
| 244|0x000000008f400000, 0x000000008f400000, 0x000000008f500000|  0%| F|  |TAMS 0x000000008f400000| PB 0x000000008f400000| Untracked |  0
| 245|0x000000008f500000, 0x000000008f500000, 0x000000008f600000|  0%| F|  |TAMS 0x000000008f500000| PB 0x000000008f500000| Untracked |  0
| 246|0x000000008f600000, 0x000000008f600000, 0x000000008f700000|  0%| F|  |TAMS 0x000000008f600000| PB 0x000000008f600000| Untracked |  0
| 247|0x000000008f700000, 0x000000008f700000, 0x000000008f800000|  0%| F|  |TAMS 0x000000008f700000| PB 0x000000008f700000| Untracked |  0
| 248|0x000000008f800000, 0x000000008f800000, 0x000000008f900000|  0%| F|  |TAMS 0x000000008f800000| PB 0x000000008f800000| Untracked |  0
| 249|0x000000008f900000, 0x000000008f9ebed8, 0x000000008fa00000| 92%| E|  |TAMS 0x000000008f900000| PB 0x000000008f900000| Complete |  0
| 250|0x000000008fa00000, 0x000000008fb00000, 0x000000008fb00000|100%| E|CS|TAMS 0x000000008fa00000| PB 0x000000008fa00000| Complete |  0
| 251|0x000000008fb00000, 0x000000008fc00000, 0x000000008fc00000|100%| E|CS|TAMS 0x000000008fb00000| PB 0x000000008fb00000| Complete |  0
|2036|0x00000000ff400000, 0x00000000ff500000, 0x00000000ff500000|100%| O|  |TAMS 0x00000000ff400000| PB 0x00000000ff400000| Untracked |  0
|2037|0x00000000ff500000, 0x00000000ff600000, 0x00000000ff600000|100%| O|  |TAMS 0x00000000ff500000| PB 0x00000000ff500000| Untracked |  0
|2038|0x00000000ff600000, 0x00000000ff700000, 0x00000000ff700000|100%| O|  |TAMS 0x00000000ff600000| PB 0x00000000ff600000| Untracked |  0
|2039|0x00000000ff700000, 0x00000000ff800000, 0x00000000ff800000|100%| O|  |TAMS 0x00000000ff700000| PB 0x00000000ff700000| Untracked |  0
|2040|0x00000000ff800000, 0x00000000ff900000, 0x00000000ff900000|100%| O|  |TAMS 0x00000000ff800000| PB 0x00000000ff800000| Untracked |  0
|2041|0x00000000ff900000, 0x00000000ffa00000, 0x00000000ffa00000|100%| O|  |TAMS 0x00000000ff900000| PB 0x00000000ff900000| Untracked |  0
|2042|0x00000000ffa00000, 0x00000000ffb00000, 0x00000000ffb00000|100%| O|  |TAMS 0x00000000ffa00000| PB 0x00000000ffa00000| Untracked |  0
|2043|0x00000000ffb00000, 0x00000000ffc00000, 0x00000000ffc00000|100%| O|  |TAMS 0x00000000ffb00000| PB 0x00000000ffb00000| Untracked |  0
|2044|0x00000000ffc00000, 0x00000000ffd00000, 0x00000000ffd00000|100%| O|  |TAMS 0x00000000ffc00000| PB 0x00000000ffc00000| Untracked |  0
|2045|0x00000000ffd00000, 0x00000000ffe00000, 0x00000000ffe00000|100%| O|  |TAMS 0x00000000ffd00000| PB 0x00000000ffd00000| Untracked |  0
|2046|0x00000000ffe00000, 0x00000000fff00000, 0x00000000fff00000|100%| O|  |TAMS 0x00000000ffe00000| PB 0x00000000ffe00000| Untracked |  0
|2047|0x00000000fff00000, 0x0000000100000000, 0x0000000100000000|100%| E|CS|TAMS 0x00000000fff00000| PB 0x00000000fff00000| Complete |  0

Card table byte_map: [0x0000021aec5b0000,0x0000021aec9b0000] _byte_map_base: 0x0000021aec1b0000

Marking Bits: (CMBitMap*) 0x0000021ad1abe7a0
 Bits: [0x0000021aec9b0000, 0x0000021aee9b0000)

Polling page: 0x0000021ad1990000

Metaspace:
Metaspace        used 31583K, committed 32960K, reserved 1114112K
 class space     used 4906K, committed 5568K, reserved 1048576K

Usage:
  Non-class:     26.05 MB used.
      Class:      4.79 MB used.
       Both:     30.84 MB used.

Virtual space:
  Non-class space:       64.00 MB reserved,      26.75 MB ( 42%) committed,  1 nodes.
      Class space:        1.00 GB reserved,       5.44 MB ( <1%) committed,  1 nodes.
             Both:        1.06 GB reserved,      32.19 MB (  3%) committed. 

Chunk freelists:
   Non-Class:  4.77 MB
       Class:  10.42 MB
        Both:  15.19 MB

MaxMetaspaceSize: unlimited
CompressedClassSpaceSize: 1.00 GB
Initial GC threshold: 21.00 MB
Current GC threshold: 36.69 MB
CDS: on
 - commit_granule_bytes: 65536.
 - commit_granule_words: 8192.
 - virtual_space_node_default_size: 8388608.
 - enlarge_chunks_in_place: 1.
UseCompressedClassPointers 1, UseCompactObjectHeaders 0
Narrow klass pointer bits 32, Max shift 3
Narrow klass base: 0x0000000025000000, Narrow klass shift: 0
Encoding Range: [0x0000000025000000 - 0x0000000125000000), (4294967296 bytes)
Klass Range:    [0x0000000025010000 - 0x0000000066000000), (1090453504 bytes)
Klass ID Range:  [65536 - 1090519033) (1090453497)
Protection zone: [0x0000000025000000 - 0x0000000025010000), (65536 bytes)


Internal statistics:

num_allocs_failed_limit: 12.
num_arena_births: 2260.
num_arena_deaths: 0.
num_vsnodes_births: 2.
num_vsnodes_deaths: 0.
num_space_committed: 515.
num_space_uncommitted: 0.
num_chunks_returned_to_freelist: 12.
num_chunks_taken_from_freelist: 3767.
num_chunk_merges: 12.
num_chunk_splits: 2438.
num_chunks_enlarged: 1478.
num_inconsistent_stats: 0.

CodeHeap 'non-profiled nmethods': size=119168Kb used=1879Kb max_used=1879Kb free=117288Kb
 bounds [0x0000021ae43c0000, 0x0000021ae4630000, 0x0000021aeb820000]
CodeHeap 'profiled nmethods': size=119168Kb used=7373Kb max_used=7373Kb free=111794Kb
 bounds [0x0000021adc810000, 0x0000021adcf50000, 0x0000021ae3c70000]
CodeHeap 'non-nmethods': size=7488Kb used=1516Kb max_used=2185Kb free=5971Kb
 bounds [0x0000021ae3c70000, 0x0000021ae3ee0000, 0x0000021ae43c0000]
CodeCache: size=245824Kb, used=10768Kb, max_used=11437Kb, free=235053Kb
 total_blobs=5380, nmethods=4744, adapters=538, full_count=0
Compilation: enabled, stopped_count=0, restarted_count=0

Compilation events (20 events):
Event: 214.200 Thread 0x0000021af15e9e80 nmethod 4720 0x0000021ae4593188 code [0x0000021ae4593280, 0x0000021ae4593348]
Event: 214.201 Thread 0x0000021af15e9e80 4721       1       java.lang.StackTraceElement::getFileName (5 bytes)
Event: 214.201 Thread 0x0000021af15e9e80 nmethod 4721 0x0000021ae4593488 code [0x0000021ae4593580, 0x0000021ae4593648]
Event: 214.329 Thread 0x0000021af15e9e80 4722       3       java.lang.StackTraceElement::<init> (10 bytes)
Event: 214.330 Thread 0x0000021af15e9e80 nmethod 4722 0x0000021adcf3b708 code [0x0000021adcf3b800, 0x0000021adcf3b968]
Event: 214.332 Thread 0x0000021af15e9e80 4723       3       java.lang.ModuleLayer::boot (4 bytes)
Event: 214.332 Thread 0x0000021af15e9e80 nmethod 4723 0x0000021adcf3ba08 code [0x0000021adcf3bb00, 0x0000021adcf3bbf8]
Event: 214.332 Thread 0x0000021af15e9e80 4727       3       org.codehaus.groovy.runtime.StackTraceUtils::isApplicationClass (84 bytes)
Event: 214.338 Thread 0x0000021af15e9e80 nmethod 4727 0x0000021adcf3bd08 code [0x0000021adcf3be00, 0x0000021adcf3c800]
Event: 214.338 Thread 0x0000021af15e9e80 4724  s!   3       java.lang.StackTraceElement::computeFormat (71 bytes)
Event: 214.340 Thread 0x0000021af15e9e80 nmethod 4724 0x0000021adcf3c888 code [0x0000021adcf3c980, 0x0000021adcf3d3d0]
Event: 214.340 Thread 0x0000021af15e9e80 4725       3       java.lang.StackTraceElement::isHashedInJavaBase (31 bytes)
Event: 214.342 Thread 0x0000021af15e9e80 nmethod 4725 0x0000021adcf3d408 code [0x0000021adcf3d500, 0x0000021adcf3da70]
Event: 214.342 Thread 0x0000021af15e9e80 4726       3       java.lang.Module::getLayer (43 bytes)
Event: 214.343 Thread 0x0000021af15e9e80 nmethod 4726 0x0000021adcf3da88 code [0x0000021adcf3db80, 0x0000021adcf3dff0]
Event: 214.444 Thread 0x0000021af15e3d20 4728       4       java.util.regex.Pattern::has (15 bytes)
Event: 214.450 Thread 0x0000021af15e3d20 nmethod 4728 0x0000021ae4593788 code [0x0000021ae4593880, 0x0000021ae4593910]
Event: 214.453 Thread 0x0000021af15e9e80 4729       3       java.util.regex.Pattern::compile (537 bytes)
Event: 214.458 Thread 0x0000021af15e3d20 4730       4       java.util.HashSet::contains (9 bytes)
Event: 214.474 Thread 0x0000021af15e9e80 nmethod 4729 0x0000021adcf3e008 code [0x0000021adcf3e100, 0x0000021adcf40ee0]

GC Heap Usage History (10 events):
Event: 1.056 {heap Before GC invocations=0 (full 0):
 garbage-first heap   total reserved 2097152K, committed 260096K, used 52374K [0x0000000080000000, 0x0000000100000000)
  region size 1024K, 47 young (48128K), 0 survivors (0K)
}
Event: 1.062 {heap After GC invocations=1 (full 0):
 garbage-first heap   total reserved 2097152K, committed 260096K, used 13186K [0x0000000080000000, 0x0000000100000000)
  region size 1024K, 6 young (6144K), 6 survivors (6144K)
}
Event: 27.860 {heap Before GC invocations=1 (full 0):
 garbage-first heap   total reserved 2097152K, committed 260096K, used 121730K [0x0000000080000000, 0x0000000100000000)
  region size 1024K, 110 young (112640K), 6 survivors (6144K)
}
Event: 28.179 {heap After GC invocations=2 (full 0):
 garbage-first heap   total reserved 2097152K, committed 260096K, used 23031K [0x0000000080000000, 0x0000000100000000)
  region size 1024K, 14 young (14336K), 14 survivors (14336K)
}
Event: 29.009 {heap Before GC invocations=2 (full 0):
 garbage-first heap   total reserved 2097152K, committed 260096K, used 41463K [0x0000000080000000, 0x0000000100000000)
  region size 1024K, 33 young (33792K), 14 survivors (14336K)
}
Event: 29.018 {heap After GC invocations=3 (full 0):
 garbage-first heap   total reserved 2097152K, committed 260096K, used 25401K [0x0000000080000000, 0x0000000100000000)
  region size 1024K, 11 young (11264K), 11 survivors (11264K)
}
Event: 33.578 {heap Before GC invocations=4 (full 0):
 garbage-first heap   total reserved 2097152K, committed 89088K, used 87865K [0x0000000080000000, 0x0000000100000000)
  region size 1024K, 72 young (73728K), 11 survivors (11264K)
}
Event: 33.585 {heap After GC invocations=5 (full 0):
 garbage-first heap   total reserved 2097152K, committed 104448K, used 28326K [0x0000000080000000, 0x0000000100000000)
  region size 1024K, 5 young (5120K), 5 survivors (5120K)
}
Event: 194.955 {heap Before GC invocations=5 (full 0):
 garbage-first heap   total reserved 2097152K, committed 104448K, used 77478K [0x0000000080000000, 0x0000000100000000)
  region size 1024K, 53 young (54272K), 5 survivors (5120K)
}
Event: 195.208 {heap After GC invocations=6 (full 0):
 garbage-first heap   total reserved 2097152K, committed 104448K, used 30205K [0x0000000080000000, 0x0000000100000000)
  region size 1024K, 5 young (5120K), 5 survivors (5120K)
}

Metaspace Usage History (10 events):
Event: 1.056 {metaspace Before GC invocations=0 (full 0):
 Metaspace       used 4606K, committed 4864K, reserved 1114112K
  class space    used 593K, committed 704K, reserved 1048576K
}
Event: 1.062 {metaspace After GC invocations=1 (full 0):
 Metaspace       used 4606K, committed 4864K, reserved 1114112K
  class space    used 593K, committed 704K, reserved 1048576K
}
Event: 27.860 {metaspace Before GC invocations=1 (full 0):
 Metaspace       used 18697K, committed 19200K, reserved 1114112K
  class space    used 2669K, committed 2880K, reserved 1048576K
}
Event: 28.179 {metaspace After GC invocations=2 (full 0):
 Metaspace       used 18697K, committed 19200K, reserved 1114112K
  class space    used 2669K, committed 2880K, reserved 1048576K
}
Event: 29.009 {metaspace Before GC invocations=2 (full 0):
 Metaspace       used 20844K, committed 21504K, reserved 1114112K
  class space    used 3053K, committed 3392K, reserved 1048576K
}
Event: 29.018 {metaspace After GC invocations=3 (full 0):
 Metaspace       used 20844K, committed 21504K, reserved 1114112K
  class space    used 3053K, committed 3392K, reserved 1048576K
}
Event: 33.578 {metaspace Before GC invocations=4 (full 0):
 Metaspace       used 27721K, committed 28864K, reserved 1114112K
  class space    used 4236K, committed 4800K, reserved 1048576K
}
Event: 33.585 {metaspace After GC invocations=5 (full 0):
 Metaspace       used 27721K, committed 28864K, reserved 1114112K
  class space    used 4236K, committed 4800K, reserved 1048576K
}
Event: 194.955 {metaspace Before GC invocations=5 (full 0):
 Metaspace       used 31317K, committed 32640K, reserved 1114112K
  class space    used 4865K, committed 5504K, reserved 1048576K
}
Event: 195.208 {metaspace After GC invocations=6 (full 0):
 Metaspace       used 31317K, committed 32640K, reserved 1114112K
  class space    used 4865K, committed 5504K, reserved 1048576K
}

Dll operation events (20 events):
Event: 0.285 Attempting to load shared library C:\Program Files\Eclipse Adoptium\jdk-25.0.4.7-hotspot\bin\nio.dll
Event: 0.285 Loaded shared library C:\Program Files\Eclipse Adoptium\jdk-25.0.4.7-hotspot\bin\nio.dll
Event: 0.288 Attempting to load shared library C:\Program Files\Eclipse Adoptium\jdk-25.0.4.7-hotspot\bin\zip.dll
Event: 0.288 Loaded shared library C:\Program Files\Eclipse Adoptium\jdk-25.0.4.7-hotspot\bin\zip.dll
Event: 0.446 Attempting to load shared library C:\Program Files\Eclipse Adoptium\jdk-25.0.4.7-hotspot\bin\jimage.dll
Event: 0.446 Loaded shared library C:\Program Files\Eclipse Adoptium\jdk-25.0.4.7-hotspot\bin\jimage.dll
Event: 0.692 Attempting to load shared library C:\Program Files\Eclipse Adoptium\jdk-25.0.4.7-hotspot\bin\verify.dll
Event: 0.693 Loaded shared library C:\Program Files\Eclipse Adoptium\jdk-25.0.4.7-hotspot\bin\verify.dll
Event: 0.722 Attempting to load shared library C:\Users\leona\.gradle\native\660c5614fbf4a5f2a75b1949f50a0caf5cd603558e7d8a26e50b933a0cfb79d1\windows-amd64\native-platform.dll
Event: 0.724 Loaded shared library C:\Users\leona\.gradle\native\660c5614fbf4a5f2a75b1949f50a0caf5cd603558e7d8a26e50b933a0cfb79d1\windows-amd64\native-platform.dll
Event: 0.732 Attempting to load shared library C:\Users\leona\.gradle\native\0.2.8\x86_64-windows-gnu\gradle-fileevents.dll
Event: 0.734 Loaded shared library C:\Users\leona\.gradle\native\0.2.8\x86_64-windows-gnu\gradle-fileevents.dll
Event: 1.415 Attempting to load shared library C:\Program Files\Eclipse Adoptium\jdk-25.0.4.7-hotspot\bin\management.dll
Event: 1.416 Loaded shared library C:\Program Files\Eclipse Adoptium\jdk-25.0.4.7-hotspot\bin\management.dll
Event: 1.418 Attempting to load shared library C:\Program Files\Eclipse Adoptium\jdk-25.0.4.7-hotspot\bin\management_ext.dll
Event: 1.420 Loaded shared library C:\Program Files\Eclipse Adoptium\jdk-25.0.4.7-hotspot\bin\management_ext.dll
Event: 1.663 Attempting to load shared library C:\Program Files\Eclipse Adoptium\jdk-25.0.4.7-hotspot\bin\extnet.dll
Event: 1.665 Loaded shared library C:\Program Files\Eclipse Adoptium\jdk-25.0.4.7-hotspot\bin\extnet.dll
Event: 6.110 Attempting to load shared library C:\Program Files\Eclipse Adoptium\jdk-25.0.4.7-hotspot\bin\sunmscapi.dll
Event: 6.118 Loaded shared library C:\Program Files\Eclipse Adoptium\jdk-25.0.4.7-hotspot\bin\sunmscapi.dll

Deoptimization events (20 events):
Event: 39.117 Thread 0x0000021af1a7f600 Uncommon trap: reason=bimorphic_or_optimized_type_check action=maybe_recompile pc=0x0000021ae4493568 method=java.io.DataInputStream.readFully([BII)V @ 30 c2
Event: 39.117 Thread 0x0000021af1a7f600 DEOPT PACKING pc=0x0000021ae4493568 sp=0x00000020ceafdef0
Event: 39.117 Thread 0x0000021af1a7f600 DEOPT UNPACKING pc=0x0000021ae3d90102 sp=0x00000020ceafdec8 mode 2
Event: 141.653 Thread 0x0000021af69dda90 DEOPT PACKING pc=0x0000021adcbf94e4 sp=0x00000020ce0fe5a0
Event: 141.662 Thread 0x0000021af69dda90 DEOPT UNPACKING pc=0x0000021ae3cc1702 sp=0x00000020ce0fdae0 mode 0
Event: 149.954 Thread 0x0000021af93b4ec0 Uncommon trap: trap_request=0xffffffde fr.pc=0x0000021ae4496aa4 relative=0x0000000000000ba4
Event: 149.954 Thread 0x0000021af93b4ec0 Uncommon trap: reason=class_check action=maybe_recompile pc=0x0000021ae4496aa4 method=java.io.BufferedInputStream.read([BII)I @ 100 c2
Event: 149.955 Thread 0x0000021af93b4ec0 DEOPT PACKING pc=0x0000021ae4496aa4 sp=0x00000020cecfe470
Event: 149.956 Thread 0x0000021af93b4ec0 DEOPT UNPACKING pc=0x0000021ae3d90102 sp=0x00000020cecfe428 mode 2
Event: 213.485 Thread 0x0000021af1a788a0 Uncommon trap: trap_request=0xffffffde fr.pc=0x0000021ae44e98cc relative=0x00000000000003cc
Event: 213.487 Thread 0x0000021af1a788a0 Uncommon trap: reason=class_check action=maybe_recompile pc=0x0000021ae44e98cc method=java.util.Collections$SetFromMap.remove(Ljava/lang/Object;)Z @ 5 c2
Event: 213.487 Thread 0x0000021af1a788a0 DEOPT PACKING pc=0x0000021ae44e98cc sp=0x00000020ce6fac60
Event: 213.489 Thread 0x0000021af1a788a0 DEOPT UNPACKING pc=0x0000021ae3d90102 sp=0x00000020ce6fac48 mode 2
Event: 215.207 Thread 0x0000021af69df200 Uncommon trap: trap_request=0xffffff45 fr.pc=0x0000021ae457b3b8 relative=0x00000000000000b8
Event: 215.209 Thread 0x0000021af69df200 Uncommon trap: reason=unstable_if action=reinterpret pc=0x0000021ae457b3b8 method=java.util.concurrent.locks.ReentrantLock$NonfairSync.tryAcquire(I)Z @ 4 c2
Event: 215.209 Thread 0x0000021af69df200 DEOPT PACKING pc=0x0000021ae457b3b8 sp=0x00000020ce2fe6d0
Event: 215.209 Thread 0x0000021af69df200 DEOPT UNPACKING pc=0x0000021ae3d90102 sp=0x00000020ce2fe660 mode 2
Event: 215.212 Thread 0x0000021af69df200 Uncommon trap: trap_request=0xffffff45 fr.pc=0x0000021ae45883e0 relative=0x0000000000000ae0
Event: 215.212 Thread 0x0000021af69df200 Uncommon trap: reason=unstable_if action=reinterpret pc=0x0000021ae45883e0 method=java.util.concurrent.locks.ReentrantLock$NonfairSync.tryAcquire(I)Z @ 4 c2
Event: 215.212 Thread 0x0000021af69df200 DEOPT PACKING pc=0x0000021ae45883e0 sp=0x00000020ce2fe620

Classes loaded (20 events):
Event: 39.131 Loading class java/nio/file/FileTreeWalker$DirectoryNode
Event: 39.159 Loading class java/nio/file/FileTreeWalker$DirectoryNode done
Event: 39.159 Loading class java/nio/file/FileTreeWalker$Event
Event: 39.159 Loading class java/nio/file/FileTreeWalker$Event done
Event: 39.159 Loading class java/nio/file/FileTreeWalker$EventType
Event: 39.159 Loading class java/nio/file/FileTreeWalker$EventType done
Event: 39.159 Loading class java/nio/file/Files$3
Event: 39.159 Loading class java/nio/file/Files$3 done
Event: 39.160 Loading class java/nio/file/FileVisitResult
Event: 39.160 Loading class java/nio/file/FileVisitResult done
Event: 39.303 Loading class java/nio/charset/CharacterCodingException
Event: 39.307 Loading class java/nio/charset/CharacterCodingException done
Event: 150.780 Loading class java/util/Spliterator$OfDouble
Event: 150.782 Loading class java/util/Spliterator$OfDouble done
Event: 150.785 Loading class java/util/stream/Streams$RangeIntSpliterator
Event: 150.786 Loading class java/util/stream/Streams$RangeIntSpliterator done
Event: 214.061 Loading class java/lang/StackTraceElement$HashedModules
Event: 214.069 Loading class java/lang/StackTraceElement$HashedModules done
Event: 214.298 Loading class java/util/logging/LogRecord
Event: 214.311 Loading class java/util/logging/LogRecord done

Classes unloaded (0 events):
No events

Classes redefined (0 events):
No events

Internal exceptions (20 events):
Event: 33.404 Thread 0x0000021af1a788a0 Exception <a 'java/lang/NoSuchMethodError'{0x00000000811f6440}: 'java.lang.Object java.lang.invoke.DelegatingMethodHandle$Holder.reinvoke_L(java.lang.Object, java.lang.Object, java.lang.Object, java.lang.Object, java.lang.Object, java.lang.Object, java.lang.Object, java.lang.Object, java.lang.Object, java.lang.Object, java.lang.Object, java.lang.Object, java.lang.Object, java.lang.Object, java.lang.Object, java.lang.Object, java.lang.Object, java.lang.Object, java.lang.Object, java.lang.Object, java.lang.O
Event: 33.511 Thread 0x0000021af1a788a0 Implicit null exception at 0x0000021ae445bb4a to 0x0000021ae445bdc4
Event: 33.781 Thread 0x0000021af1a788a0 Exception <a 'java/lang/NoSuchMethodError'{0x000000008f6c10b0}: 'java.lang.Object java.lang.invoke.DirectMethodHandle$Holder.newInvokeSpecial(java.lang.Object, java.lang.Object, int, int)'> (0x000000008f6c10b0) 
thrown [s\src\hotspot\share\interpreter\linkResolver.cpp, line 804]
Event: 33.806 Thread 0x0000021af1a788a0 Exception <a 'java/lang/NoSuchMethodError'{0x000000008f51d0c8}: 'void java.lang.invoke.DirectMethodHandle$Holder.invokeSpecial(java.lang.Object, java.lang.Object, int)'> (0x000000008f51d0c8) 
thrown [s\src\hotspot\share\interpreter\linkResolver.cpp, line 804]
Event: 33.807 Thread 0x0000021af1a788a0 Exception <a 'java/lang/NoSuchMethodError'{0x000000008f525fe0}: 'void java.lang.invoke.Invokers$Holder.invokeExact_MT(java.lang.Object, int, java.lang.Object)'> (0x000000008f525fe0) 
thrown [s\src\hotspot\share\interpreter\linkResolver.cpp, line 804]
Event: 33.921 Thread 0x0000021af1a788a0 Exception <a 'java/lang/NoSuchMethodError'{0x000000008e8ebd10}: 'java.lang.Object java.lang.invoke.DirectMethodHandle$Holder.newInvokeSpecial(java.lang.Object, java.lang.Object, java.lang.Object, java.lang.Object, java.lang.Object, java.lang.Object, java.lang.Object, java.lang.Object, java.lang.Object, java.lang.Object, java.lang.Object)'> (0x000000008e8ebd10) 
thrown [s\src\hotspot\share\interpreter\linkResolver.cpp, line 804]
Event: 33.964 Thread 0x0000021af1a788a0 Exception <a 'java/lang/NoSuchMethodError'{0x000000008e5ed1f8}: 'java.lang.Object java.lang.invoke.Invokers$Holder.linkToTargetMethod(java.lang.Object, java.lang.Object, java.lang.Object, java.lang.Object, java.lang.Object, java.lang.Object, java.lang.Object, java.lang.Object, java.lang.Object, java.lang.Object, java.lang.Object, java.lang.Object)'> (0x000000008e5ed1f8) 
thrown [s\src\hotspot\share\interpreter\linkResolver.cpp, line 804]
Event: 36.642 Thread 0x0000021af1a788a0 Exception <a 'java/lang/NoSuchMethodError'{0x00000000840f3a58}: 'java.lang.Object java.lang.invoke.DelegatingMethodHandle$Holder.reinvoke_L(java.lang.Object, java.lang.Object, java.lang.Object, java.lang.Object, java.lang.Object, java.lang.Object, java.lang.Object, java.lang.Object, java.lang.Object, java.lang.Object, java.lang.Object, java.lang.Object, java.lang.Object, java.lang.Object, java.lang.Object, java.lang.Object, java.lang.Object, java.lang.Object, java.lang.Object, java.lang.Object, java.lang.O
Event: 36.727 Thread 0x0000021af1a788a0 Exception <a 'java/lang/NoSuchMethodError'{0x0000000083e993a0}: 'java.lang.Object java.lang.invoke.DirectMethodHandle$Holder.invokeStatic(java.lang.Object, java.lang.Object, java.lang.Object, java.lang.Object, java.lang.Object, java.lang.Object, java.lang.Object, java.lang.Object, java.lang.Object, java.lang.Object, java.lang.Object, java.lang.Object, java.lang.Object, java.lang.Object, java.lang.Object, java.lang.Object, java.lang.Object, java.lang.Object, java.lang.Object, java.lang.Object, java.lang.Obj
Event: 36.728 Thread 0x0000021af1a788a0 Exception <a 'java/lang/NoSuchMethodError'{0x0000000083eda6e0}: 'java.lang.Object java.lang.invoke.DirectMethodHandle$Holder.invokeStatic(java.lang.Object, java.lang.Object, java.lang.Object, java.lang.Object, java.lang.Object, java.lang.Object, java.lang.Object, java.lang.Object, java.lang.Object, java.lang.Object, java.lang.Object, java.lang.Object, java.lang.Object, java.lang.Object, java.lang.Object, java.lang.Object, java.lang.Object, java.lang.Object, java.lang.Object, java.lang.Object, java.lang.Obj
Event: 36.781 Thread 0x0000021af1a788a0 Exception <a 'java/lang/NoSuchMethodError'{0x0000000083d1e120}: 'java.lang.Object java.lang.invoke.DirectMethodHandle$Holder.invokeStatic(java.lang.Object, java.lang.Object, java.lang.Object, java.lang.Object, java.lang.Object, java.lang.Object, java.lang.Object, java.lang.Object, java.lang.Object, java.lang.Object, java.lang.Object, java.lang.Object, java.lang.Object, java.lang.Object, java.lang.Object, java.lang.Object, java.lang.Object, java.lang.Object, java.lang.Object, java.lang.Object, java.lang.Obj
Event: 36.842 Thread 0x0000021af1a788a0 Exception <a 'java/lang/NoSuchMethodError'{0x0000000083d615e8}: 'java.lang.Object java.lang.invoke.DirectMethodHandle$Holder.invokeStatic(java.lang.Object, java.lang.Object, java.lang.Object, java.lang.Object, java.lang.Object, java.lang.Object, java.lang.Object, java.lang.Object, java.lang.Object, java.lang.Object, java.lang.Object, java.lang.Object, java.lang.Object, java.lang.Object, java.lang.Object, java.lang.Object, java.lang.Object, java.lang.Object, java.lang.Object, java.lang.Object, java.lang.Obj
Event: 36.844 Thread 0x0000021af1a788a0 Exception <a 'java/lang/NoSuchMethodError'{0x0000000083da5c80}: 'java.lang.Object java.lang.invoke.DirectMethodHandle$Holder.invokeStatic(java.lang.Object, java.lang.Object, java.lang.Object, java.lang.Object, java.lang.Object, java.lang.Object, java.lang.Object, java.lang.Object, java.lang.Object, java.lang.Object, java.lang.Object, java.lang.Object, java.lang.Object, java.lang.Object, java.lang.Object, java.lang.Object, java.lang.Object, java.lang.Object, java.lang.Object, java.lang.Object, java.lang.Obj
Event: 38.384 Thread 0x0000021af1a788a0 Exception <a 'java/lang/IncompatibleClassChangeError'{0x0000000083752b90}: Found class java.lang.Object, but interface was expected> (0x0000000083752b90) 
thrown [s\src\hotspot\share\interpreter\linkResolver.cpp, line 871]
Event: 39.053 Thread 0x0000021af1a788a0 Exception <a 'java/lang/NoSuchMethodError'{0x00000000836cad80}: 'java.lang.Object java.lang.invoke.DirectMethodHandle$Holder.newInvokeSpecial(java.lang.Object, java.lang.Object, long)'> (0x00000000836cad80) 
thrown [s\src\hotspot\share\interpreter\linkResolver.cpp, line 804]
Event: 39.054 Thread 0x0000021af1a788a0 Exception <a 'java/lang/NoSuchMethodError'{0x00000000836d4580}: 'java.lang.Object java.lang.invoke.Invokers$Holder.linkToTargetMethod(java.lang.Object, long, java.lang.Object)'> (0x00000000836d4580) 
thrown [s\src\hotspot\share\interpreter\linkResolver.cpp, line 804]
Event: 150.490 Thread 0x0000021af1a788a0 Exception <a 'java/lang/NoSuchMethodError'{0x00000000829ae550}: 'int java.lang.invoke.DirectMethodHandle$Holder.invokeInterface(java.lang.Object, java.lang.Object)'> (0x00000000829ae550) 
thrown [s\src\hotspot\share\interpreter\linkResolver.cpp, line 804]
Event: 150.762 Thread 0x0000021af1a788a0 Exception <a 'java/lang/NoSuchMethodError'{0x000000008284c6e8}: 'java.lang.Object java.lang.invoke.DirectMethodHandle$Holder.invokeVirtual(java.lang.Object, java.lang.Object, int)'> (0x000000008284c6e8) 
thrown [s\src\hotspot\share\interpreter\linkResolver.cpp, line 804]
Event: 214.829 Thread 0x0000021af1a788a0 Exception <a 'java/lang/NoSuchMethodError'{0x000000008fbcf3f8}: 'java.lang.Object java.lang.invoke.DirectMethodHandle$Holder.newInvokeSpecial(java.lang.Object, int, java.lang.Object)'> (0x000000008fbcf3f8) 
thrown [s\src\hotspot\share\interpreter\linkResolver.cpp, line 804]
Event: 214.870 Thread 0x0000021af1a788a0 Exception <a 'java/lang/NoSuchMethodError'{0x000000008fa17510}: 'void java.lang.invoke.DirectMethodHandle$Holder.invokeInterface(java.lang.Object, java.lang.Object, java.lang.Object, int)'> (0x000000008fa17510) 
thrown [s\src\hotspot\share\interpreter\linkResolver.cpp, line 804]

VM Operations (20 events):
Event: 29.296 Executing safepoint VM operation: G1PauseCleanup
Event: 29.309 Executing safepoint VM operation: G1PauseCleanup done
Event: 30.936 Executing non-safepoint VM operation: HandshakeAllThreads (Deoptimize)
Event: 30.936 Executing non-safepoint VM operation: HandshakeAllThreads (Deoptimize) done
Event: 33.516 Executing non-safepoint VM operation: HandshakeAllThreads (Deoptimize)
Event: 33.517 Executing non-safepoint VM operation: HandshakeAllThreads (Deoptimize) done
Event: 33.578 Executing safepoint VM operation: G1CollectForAllocation (G1 Evacuation Pause)
Event: 33.585 Executing safepoint VM operation: G1CollectForAllocation (G1 Evacuation Pause) done
Event: 38.507 Executing non-safepoint VM operation: HandshakeAllThreads (Deoptimize)
Event: 38.507 Executing non-safepoint VM operation: HandshakeAllThreads (Deoptimize) done
Event: 38.963 Executing non-safepoint VM operation: HandshakeAllThreads (Deoptimize)
Event: 38.975 Executing non-safepoint VM operation: HandshakeAllThreads (Deoptimize) done
Event: 39.101 Executing non-safepoint VM operation: HandshakeAllThreads (Deoptimize)
Event: 39.115 Executing non-safepoint VM operation: HandshakeAllThreads (Deoptimize) done
Event: 60.061 Executing non-safepoint VM operation: HandshakeAllThreads (HandshakeForDeflation)
Event: 60.062 Executing non-safepoint VM operation: HandshakeAllThreads (HandshakeForDeflation) done
Event: 60.062 Executing non-safepoint VM operation: RendezvousGCThreads
Event: 60.062 Executing non-safepoint VM operation: RendezvousGCThreads done
Event: 194.942 Executing safepoint VM operation: G1CollectForAllocation (G1 Evacuation Pause)
Event: 195.208 Executing safepoint VM operation: G1CollectForAllocation (G1 Evacuation Pause) done

Memory protections (0 events):
No events

Nmethod flushes (0 events):
No events

Events (20 events):
Event: 14.147 Thread 0x0000021af1a788a0 Thread added: 0x0000021af1a780d0
Event: 14.175 Thread 0x0000021af1a788a0 Thread added: 0x0000021af1a7e660
Event: 15.533 Thread 0x0000021af1a788a0 Thread added: 0x0000021af1a7f600
Event: 15.549 Thread 0x0000021af1a788a0 Thread added: 0x0000021af1a7c720
Event: 15.818 Thread 0x0000021af1a788a0 Thread added: 0x0000021af93b4ec0
Event: 15.848 Thread 0x0000021af1a7c720 Thread added: 0x0000021af93b46f0
Event: 23.132 Thread 0x0000021af6be5f40 Thread exited: 0x0000021af6be5f40
Event: 29.377 Thread 0x0000021af15e9e80 Thread added: 0x0000021af9011180
Event: 29.650 Thread 0x0000021af1a788a0 Thread added: 0x0000021af93b6630
Event: 29.724 Thread 0x0000021af1a788a0 Thread added: 0x0000021af1a7b780
Event: 30.383 Thread 0x0000021af1a788a0 Thread added: 0x0000021af1abb9a0
Event: 30.410 Thread 0x0000021af1a788a0 Thread added: 0x0000021af1abaa00
Event: 30.753 Thread 0x0000021af1a788a0 Thread added: 0x0000021af1ab82f0
Event: 31.033 Thread 0x0000021af1a788a0 Thread added: 0x0000021af1abc940
Event: 32.273 Thread 0x0000021af9011180 Thread exited: 0x0000021af9011180
Event: 33.980 Thread 0x0000021af1a788a0 Thread added: 0x0000021af1abd110
Event: 34.188 Thread 0x0000021af1a788a0 Thread added: 0x0000021af1abe0b0
Event: 104.536 Thread 0x0000021af93b46f0 Thread exited: 0x0000021af93b46f0
Event: 148.755 Thread 0x0000021af1a7c720 Thread added: 0x0000021af1abf050
Event: 208.861 Thread 0x0000021af1abf050 Thread exited: 0x0000021af1abf050


Dynamic libraries:
0x00007ff7cc220000 - 0x00007ff7cc22e000 	C:\Program Files\Eclipse Adoptium\jdk-25.0.4.7-hotspot\bin\java.exe
0x00007ffff7ee0000 - 0x00007ffff8146000 	C:\WINDOWS\SYSTEM32\ntdll.dll
0x00007ffff7dd0000 - 0x00007ffff7e99000 	C:\WINDOWS\System32\KERNEL32.DLL
0x00007ffff54a0000 - 0x00007ffff589f000 	C:\WINDOWS\System32\KERNELBASE.dll
0x00007ffff50f0000 - 0x00007ffff523c000 	C:\WINDOWS\System32\ucrtbase.dll
0x00007fffc44d0000 - 0x00007fffc44e6000 	C:\Program Files\Eclipse Adoptium\jdk-25.0.4.7-hotspot\bin\jli.dll
0x00007fffc3320000 - 0x00007fffc333e000 	C:\Program Files\Eclipse Adoptium\jdk-25.0.4.7-hotspot\bin\VCRUNTIME140.dll
0x00007ffff6660000 - 0x00007ffff6826000 	C:\WINDOWS\System32\USER32.dll
0x00007ffff5aa0000 - 0x00007ffff5ac7000 	C:\WINDOWS\System32\win32u.dll
0x00007fffdae90000 - 0x00007fffdb121000 	C:\WINDOWS\WinSxS\amd64_microsoft.windows.common-controls_6595b64144ccf1df_6.0.26100.8972_none_3e0da176e32f9d4b\COMCTL32.dll
0x00007ffff5db0000 - 0x00007ffff5ddb000 	C:\WINDOWS\System32\GDI32.dll
0x00007ffff7020000 - 0x00007ffff70c9000 	C:\WINDOWS\System32\msvcrt.dll
0x00007ffff5970000 - 0x00007ffff5a99000 	C:\WINDOWS\System32\gdi32full.dll
0x00007ffff5b60000 - 0x00007ffff5c03000 	C:\WINDOWS\System32\msvcp_win.dll
0x00007ffff71f0000 - 0x00007ffff7222000 	C:\WINDOWS\System32\IMM32.DLL
0x00007fffceb40000 - 0x00007fffceb4c000 	C:\Program Files\Eclipse Adoptium\jdk-25.0.4.7-hotspot\bin\vcruntime140_1.dll
0x00007fffbd640000 - 0x00007fffbd6cd000 	C:\Program Files\Eclipse Adoptium\jdk-25.0.4.7-hotspot\bin\msvcp140.dll
0x00007fff65b20000 - 0x00007fff66a51000 	C:\Program Files\Eclipse Adoptium\jdk-25.0.4.7-hotspot\bin\server\jvm.dll
0x00007ffff6ae0000 - 0x00007ffff6b9c000 	C:\WINDOWS\System32\ADVAPI32.dll
0x00007ffff65b0000 - 0x00007ffff665a000 	C:\WINDOWS\System32\sechost.dll
0x00007ffff6830000 - 0x00007ffff6948000 	C:\WINDOWS\System32\RPCRT4.dll
0x00007ffff5de0000 - 0x00007ffff5e62000 	C:\WINDOWS\System32\WS2_32.dll
0x00007ffff49b0000 - 0x00007ffff4a0e000 	C:\WINDOWS\SYSTEM32\POWRPROF.dll
0x00007fffe7ae0000 - 0x00007fffe7b16000 	C:\WINDOWS\SYSTEM32\WINMM.dll
0x00007fffecf60000 - 0x00007fffecf6b000 	C:\WINDOWS\SYSTEM32\VERSION.dll
0x00007ffff4990000 - 0x00007ffff49a5000 	C:\WINDOWS\SYSTEM32\UMPDC.dll
0x00007ffff3da0000 - 0x00007ffff3dbb000 	C:\WINDOWS\SYSTEM32\kernel.appcore.dll
0x00007fffcdfb0000 - 0x00007fffcdfba000 	C:\Program Files\Eclipse Adoptium\jdk-25.0.4.7-hotspot\bin\jimage.dll
0x00007ffff2610000 - 0x00007ffff2852000 	C:\WINDOWS\SYSTEM32\DBGHELP.DLL
0x00007ffff79c0000 - 0x00007ffff7d45000 	C:\WINDOWS\System32\combase.dll
0x00007ffff6bb0000 - 0x00007ffff6c89000 	C:\WINDOWS\System32\OLEAUT32.dll
0x00007fffcc1e0000 - 0x00007fffcc21b000 	C:\WINDOWS\SYSTEM32\dbgcore.DLL
0x00007ffff53e0000 - 0x00007ffff548c000 	C:\WINDOWS\System32\bcryptPrimitives.dll
0x00007fffcdf50000 - 0x00007fffcdf5f000 	C:\Program Files\Eclipse Adoptium\jdk-25.0.4.7-hotspot\bin\instrument.dll
0x00007fffc0dc0000 - 0x00007fffc0dde000 	C:\Program Files\Eclipse Adoptium\jdk-25.0.4.7-hotspot\bin\java.dll
0x00007ffff5f80000 - 0x00007ffff6119000 	C:\WINDOWS\System32\ole32.dll
0x00007ffff7230000 - 0x00007ffff79b8000 	C:\WINDOWS\System32\SHELL32.dll
0x00007ffff2b80000 - 0x00007ffff341b000 	C:\WINDOWS\SYSTEM32\windows.storage.dll
0x00007ffff5c10000 - 0x00007ffff5d09000 	C:\WINDOWS\System32\SHCORE.dll
0x00007ffff5d10000 - 0x00007ffff5d76000 	C:\WINDOWS\System32\shlwapi.dll
0x00007ffff5010000 - 0x00007ffff5039000 	C:\WINDOWS\SYSTEM32\profapi.dll
0x00007fffc0da0000 - 0x00007fffc0db6000 	C:\Program Files\Eclipse Adoptium\jdk-25.0.4.7-hotspot\bin\zip.dll
0x00007fffc02b0000 - 0x00007fffc02c1000 	C:\Program Files\Eclipse Adoptium\jdk-25.0.4.7-hotspot\bin\net.dll
0x00007ffff4330000 - 0x00007ffff439c000 	C:\WINDOWS\system32\mswsock.dll
0x00007fffbedf0000 - 0x00007fffbee06000 	C:\Program Files\Eclipse Adoptium\jdk-25.0.4.7-hotspot\bin\nio.dll
0x00007fffccc50000 - 0x00007fffccc60000 	C:\Program Files\Eclipse Adoptium\jdk-25.0.4.7-hotspot\bin\verify.dll
0x00007fffc4ab0000 - 0x00007fffc4ad7000 	C:\Users\leona\.gradle\native\660c5614fbf4a5f2a75b1949f50a0caf5cd603558e7d8a26e50b933a0cfb79d1\windows-amd64\native-platform.dll
0x00007fffbbe00000 - 0x00007fffbbe77000 	C:\Users\leona\.gradle\native\0.2.8\x86_64-windows-gnu\gradle-fileevents.dll
0x00007fffcc710000 - 0x00007fffcc71a000 	C:\Program Files\Eclipse Adoptium\jdk-25.0.4.7-hotspot\bin\management.dll
0x00007fffcc300000 - 0x00007fffcc30c000 	C:\Program Files\Eclipse Adoptium\jdk-25.0.4.7-hotspot\bin\management_ext.dll
0x00007ffff5f70000 - 0x00007ffff5f78000 	C:\WINDOWS\System32\PSAPI.DLL
0x00007ffff3750000 - 0x00007ffff3783000 	C:\WINDOWS\SYSTEM32\IPHLPAPI.DLL
0x00007ffff6950000 - 0x00007ffff695a000 	C:\WINDOWS\System32\NSI.dll
0x00007fffcbc00000 - 0x00007fffcbc09000 	C:\Program Files\Eclipse Adoptium\jdk-25.0.4.7-hotspot\bin\extnet.dll
0x00007ffff4750000 - 0x00007ffff476b000 	C:\WINDOWS\SYSTEM32\CRYPTSP.dll
0x00007ffff3d00000 - 0x00007ffff3d39000 	C:\WINDOWS\system32\rsaenh.dll
0x00007ffff43e0000 - 0x00007ffff4412000 	C:\WINDOWS\SYSTEM32\USERENV.dll
0x00007ffff4fe0000 - 0x00007ffff500a000 	C:\WINDOWS\SYSTEM32\bcrypt.dll
0x00007ffff4590000 - 0x00007ffff459c000 	C:\WINDOWS\SYSTEM32\CRYPTBASE.dll
0x00007fffca5a0000 - 0x00007fffca5ae000 	C:\Program Files\Eclipse Adoptium\jdk-25.0.4.7-hotspot\bin\sunmscapi.dll
0x00007ffff5250000 - 0x00007ffff53ce000 	C:\WINDOWS\System32\CRYPT32.dll
0x00007ffff4950000 - 0x00007ffff4980000 	C:\WINDOWS\SYSTEM32\ncrypt.dll
0x00007ffff4900000 - 0x00007ffff493f000 	C:\WINDOWS\SYSTEM32\NTASN1.dll
0x00007fffe5710000 - 0x00007fffe5718000 	C:\WINDOWS\system32\wshunix.dll

JVMTI agents:
C:\Users\leona\.gradle\wrapper\dists\gradle-9.6.0-bin\42k10rwplmzkhuboz9kdazi7s\gradle-9.6.0\lib\agents\gradle-instrumentation-agent-9.6.0.jar path:C:\Program Files\Eclipse Adoptium\jdk-25.0.4.7-hotspot\bin\instrument.dll, loaded, initialized, instrumentlib options:none

dbghelp: loaded successfully - version: 4.0.5 - missing functions: none
symbol engine: initialized successfully - sym options: 0x614 - pdb path: .;C:\Program Files\Eclipse Adoptium\jdk-25.0.4.7-hotspot\bin;C:\WINDOWS\SYSTEM32;C:\WINDOWS\WinSxS\amd64_microsoft.windows.common-controls_6595b64144ccf1df_6.0.26100.8972_none_3e0da176e32f9d4b;C:\Program Files\Eclipse Adoptium\jdk-25.0.4.7-hotspot\bin\server;C:\Users\leona\.gradle\native\660c5614fbf4a5f2a75b1949f50a0caf5cd603558e7d8a26e50b933a0cfb79d1\windows-amd64;C:\Users\leona\.gradle\native\0.2.8\x86_64-windows-gnu

VM Arguments:
jvm_args: --add-opens=java.base/java.lang=ALL-UNNAMED --add-opens=java.base/java.lang.invoke=ALL-UNNAMED --add-opens=java.base/java.util=ALL-UNNAMED --add-opens=java.prefs/java.util.prefs=ALL-UNNAMED --add-exports=jdk.compiler/com.sun.tools.javac.api=ALL-UNNAMED --add-exports=jdk.compiler/com.sun.tools.javac.util=ALL-UNNAMED --add-opens=java.base/java.nio.charset=ALL-UNNAMED --add-opens=java.base/java.net=ALL-UNNAMED --add-opens=java.base/java.util.concurrent=ALL-UNNAMED --add-opens=java.base/java.util.concurrent.atomic=ALL-UNNAMED --add-opens=java.xml/javax.xml.namespace=ALL-UNNAMED --add-opens=java.base/java.time=ALL-UNNAMED --enable-native-access=ALL-UNNAMED -Xmx2048m -Dfile.encoding=UTF-8 -Duser.country=US -Duser.language=en -Duser.variant -javaagent:C:\Users\leona\.gradle\wrapper\dists\gradle-9.6.0-bin\42k10rwplmzkhuboz9kdazi7s\gradle-9.6.0\lib\agents\gradle-instrumentation-agent-9.6.0.jar 
java_command: org.gradle.launcher.daemon.bootstrap.GradleDaemon 9.6.0
java_class_path (initial): C:\Users\leona\.gradle\wrapper\dists\gradle-9.6.0-bin\42k10rwplmzkhuboz9kdazi7s\gradle-9.6.0\lib\gradle-daemon-main-9.6.0.jar
Launcher Type: SUN_STANDARD

[Global flags]
     intx CICompilerCount                          = 12                                        {product} {ergonomic}
     uint ConcGCThreads                            = 3                                         {product} {ergonomic}
     uint G1ConcRefinementThreads                  = 13                                        {product} {ergonomic}
   size_t G1HeapRegionSize                         = 1048576                                   {product} {ergonomic}
   size_t InitialHeapSize                          = 264241152                                 {product} {ergonomic}
   size_t MarkStackSize                            = 4194304                                   {product} {ergonomic}
   size_t MarkStackSizeMax                         = 536870912                                 {product} {ergonomic}
   size_t MaxHeapSize                              = 2147483648                                {product} {command line}
   size_t MaxNewSize                               = 1287651328                                {product} {ergonomic}
   size_t MinHeapDeltaBytes                        = 1048576                                   {product} {ergonomic}
   size_t MinHeapSize                              = 8388608                                   {product} {ergonomic}
    uintx NonNMethodCodeHeapSize                   = 7667712                                {pd product} {ergonomic}
    uintx NonProfiledCodeHeapSize                  = 122028032                              {pd product} {ergonomic}
    uintx ProfiledCodeHeapSize                     = 122028032                              {pd product} {ergonomic}
    uintx ReservedCodeCacheSize                    = 251723776                              {pd product} {ergonomic}
     bool SegmentedCodeCache                       = true                                      {product} {ergonomic}
   size_t SoftMaxHeapSize                          = 2147483648                             {manageable} {ergonomic}
     bool UseCompressedOops                        = true                           {product lp64_product} {ergonomic}
     bool UseG1GC                                  = true                                      {product} {ergonomic}
     bool UseLargePagesIndividualAllocation        = false                                  {pd product} {ergonomic}

Logging:
Log output configuration:
 #0: stdout all=warning uptime,level,tags foldmultilines=false
 #1: stderr all=off uptime,level,tags foldmultilines=false

Release file:
IMPLEMENTOR="Eclipse Adoptium" 
IMPLEMENTOR_VERSION="Temurin-25.0.4+7" 
JAVA_RUNTIME_VERSION="25.0.4+7-LTS" 
JAVA_VERSION="25.0.4" 
JAVA_VERSION_DATE="2026-07-21" 
LIBC="default" 
MODULES="java.base java.compiler java.datatransfer java.xml java.prefs java.desktop java.instrument java.logging java.management java.security.sasl java.naming java.rmi java.management.rmi java.net.http java.scripting java.security.jgss java.transaction.xa java.sql java.sql.rowset java.xml.crypto java.se java.smartcardio jdk.accessibility jdk.internal.jvmstat jdk.attach jdk.charsets jdk.internal.opt jdk.zipfs jdk.compiler jdk.crypto.cryptoki jdk.crypto.ec jdk.crypto.mscapi jdk.dynalink jdk.internal.ed jdk.editpad jdk.internal.vm.ci jdk.graal.compiler jdk.graal.compiler.management jdk.hotspot.agent jdk.httpserver jdk.incubator.vector jdk.internal.le jdk.internal.md jdk.jartool jdk.javadoc jdk.jcmd jdk.management jdk.management.agent jdk.jconsole jdk.jdeps jdk.jdwp.agent jdk.jdi jdk.jfr jdk.jlink jdk.jpackage jdk.jshell jdk.jsobject jdk.jstatd jdk.localedata jdk.management.jfr jdk.naming.dns jdk.naming.rmi jdk.net jdk.nio.mapmode jdk.sctp jdk.security.auth jdk.security.jgss jdk.unsupported jdk.unsupported.desktop jdk.xml.dom" 
OS_ARCH="x86_64" 
OS_NAME="Windows" 
SOURCE=".:git:a2ce02c38bc9" 
BUILD_SOURCE="git:e6ba7dec3d07654074559310376a3ae89da5f4ac"
BUILD_SOURCE_REPO="https://github.com/adoptium/temurin-build.git"
SOURCE_REPO="https://github.com/adoptium/jdk25u.git"
FULL_VERSION="25.0.4+7-LTS"
SEMANTIC_VERSION="25.0.4+7"
BUILD_INFO="OS: Windows Server 2022 Version: 10.0"
JVM_VARIANT="Hotspot"
JVM_VERSION="25.0.4+7-LTS"
IMAGE_TYPE="JDK"

Environment Variables:
PATH=C:\Program Files\Eclipse Adoptium\jdk-25.0.4.7-hotspot\bin;C:\Program Files (x86)\Common Files\Oracle\Java\java8path;C:\Program Files (x86)\Common Files\Oracle\Java\javapath;C:\Python314\Scripts\;C:\Python314\;C:\WINDOWS\system32;C:\WINDOWS;C:\WINDOWS\System32\Wbem;C:\WINDOWS\System32\WindowsPowerShell\v1.0\;C:\WINDOWS\System32\OpenSSH\;C:\Program Files\nodejs\;C:\ProgramData\chocolatey\bin;C:\Program Files (x86)\NVIDIA Corporation\PhysX\Common;C:\msys64\ucrt64\bin;C:\Program Files\Git\cmd;C:\Users\leona\AppData\Local\Programs\Python\Python313\Scripts\;C:\Users\leona\AppData\Local\Programs\Python\Python313\;C:\Users\leona\AppData\Local\Microsoft\WindowsApps;C:\Users\leona\AppData\Roaming\npm;C:\Users\leona\AppData\Local\Programs\Microsoft VS Code\bin
USERNAME=leona
OS=Windows_NT
PROCESSOR_IDENTIFIER=Intel64 Family 6 Model 186 Stepping 2, GenuineIntel
TMP=C:\Users\leona\AppData\Local\Temp
TEMP=C:\Users\leona\AppData\Local\Temp




Compilation memory statistics disabled.

Periodic native trim disabled

---------------  S Y S T E M  ---------------

OS:
 Windows 11 , 64 bit Build 26100 (10.0.26100.9168)
OS uptime: 3 days 8:04 hours
Hyper-V role detected

CPU: total 16 (initial active 16) (8 cores per cpu, 2 threads per core) family 6 model 186 stepping 2 microcode 0x410e, cx8, cmov, fxsr, ht, mmx, 3dnowpref, sse, sse2, sse3, ssse3, sse4.1, sse4.2, popcnt, lzcnt, tsc, tscinvbit, avx, avx2, aes, erms, clmul, bmi1, bmi2, adx, sha, fma, vzeroupper, clflush, clflushopt, clwb, hv, serialize, rdtscp, rdpid, fsrm, gfni, f16c, cet_ibt, cet_ss
Processor Information for the first 16 processors :
  Max Mhz: 2400, Current Mhz: 2400, Mhz Limit: 2400

Memory: 4k page, system-wide physical 16122M (194M free)
TotalPageFile size 65274M (AvailPageFile size 110M)
current process WorkingSet (physical memory assigned to process): 61M, peak: 255M
current process commit charge ("private bytes"): 281M, peak: 450M

vm_info: OpenJDK 64-Bit Server VM (25.0.4+7-LTS) for windows-amd64 JRE (25.0.4+7-LTS), built on 2026-07-21T00:00:00Z with MS VC++ 17.12 (VS2022)

END.
