#
# There is insufficient memory for the Java Runtime Environment to continue.
# Native memory allocation (malloc) failed to allocate 2238936 bytes. Error detail: Chunk::new
# Possible reasons:
#   The system is out of physical RAM or swap space
#   This process is running with CompressedOops enabled, and the Java Heap may be blocking the growth of the native heap
# Possible solutions:
#   Reduce memory load on the system
#   Increase physical memory or swap space
#   Check if swap backing store is full
#   Decrease Java heap size (-Xmx/-Xms)
#   Decrease number of Java threads
#   Decrease Java thread stack sizes (-Xss)
#   Set larger code cache with -XX:ReservedCodeCacheSize=
#   JVM is running with Unscaled Compressed Oops mode in which the Java heap is
#     placed in the first 4GB address space. The Java Heap base address is the
#     maximum limit for the native heap growth. Please use -XX:HeapBaseMinAddress
#     to set the Java Heap base and to place the Java Heap above 4GB virtual address.
# This output file may be truncated or incomplete.
#
#  Out of Memory Error (arena.cpp:186), pid=7520, tid=16960
#
# JRE version: OpenJDK Runtime Environment Temurin-25.0.4+7 (25.0.4+7) (build 25.0.4+7-LTS)
# Java VM: OpenJDK 64-Bit Server VM Temurin-25.0.4+7 (25.0.4+7-LTS, mixed mode, sharing, tiered, compressed oops, compressed class ptrs, g1 gc, windows-amd64)
# No core dump will be written. Minidumps are not enabled by default on client versions of Windows
#

---------------  S U M M A R Y ------------

Command Line: --add-opens=java.base/java.lang=ALL-UNNAMED --add-opens=java.base/java.lang.invoke=ALL-UNNAMED --add-opens=java.base/java.util=ALL-UNNAMED --add-opens=java.prefs/java.util.prefs=ALL-UNNAMED --add-exports=jdk.compiler/com.sun.tools.javac.api=ALL-UNNAMED --add-exports=jdk.compiler/com.sun.tools.javac.util=ALL-UNNAMED --add-opens=java.base/java.nio.charset=ALL-UNNAMED --add-opens=java.base/java.net=ALL-UNNAMED --add-opens=java.base/java.util.concurrent=ALL-UNNAMED --add-opens=java.base/java.util.concurrent.atomic=ALL-UNNAMED --add-opens=java.xml/javax.xml.namespace=ALL-UNNAMED --add-opens=java.base/java.time=ALL-UNNAMED --enable-native-access=ALL-UNNAMED -Xmx2048m -Dfile.encoding=UTF-8 -Duser.country=US -Duser.language=en -Duser.variant -javaagent:C:\Users\leona\.gradle\wrapper\dists\gradle-9.6.0-bin\42k10rwplmzkhuboz9kdazi7s\gradle-9.6.0\lib\agents\gradle-instrumentation-agent-9.6.0.jar org.gradle.launcher.daemon.bootstrap.GradleDaemon 9.6.0

Host: 13th Gen Intel(R) Core(TM) i7-13620H, 16 cores, 15G,  Windows 11 , 64 bit Build 26100 (10.0.26100.9168)
Time: Fri Sep 11 00:42:35 2026 Central Standard Time (Mexico) elapsed time: 332.928153 seconds (0d 0h 5m 32s)

---------------  T H R E A D  ---------------

Current thread (0x000002389d2bdb00):  JavaThread "C2 CompilerThread0" daemon [_thread_in_native, id=16960, stack(0x00000044b3400000,0x00000044b3500000) (1024K)]


Current CompileTask:
C2:332928 4903       4       org.gradle.launcher.daemon.registry.DaemonInfo$Serializer::read (77 bytes)

Stack: [0x00000044b3400000,0x00000044b3500000]
Native frames: (J=compiled Java code, j=interpreted, Vv=VM code, C=native code)
V  [jvm.dll+0x7aba79]  (no source info available)
V  [jvm.dll+0x775a3d]  (no source info available)
V  [jvm.dll+0x9fb9ed]  (no source info available)
V  [jvm.dll+0x9fdfe1]  (no source info available)
V  [jvm.dll+0x9fe6f3]  (no source info available)
V  [jvm.dll+0x2fdb36]  (no source info available)
V  [jvm.dll+0x111936]  (no source info available)
V  [jvm.dll+0x111c5e]  (no source info available)
V  [jvm.dll+0x1a08d2]  (no source info available)
V  [jvm.dll+0x3b7292]  (no source info available)
V  [jvm.dll+0x7b13fc]  (no source info available)
V  [jvm.dll+0x2c0ef7]  (no source info available)
V  [jvm.dll+0x2bfebf]  (no source info available)
V  [jvm.dll+0x237a30]  (no source info available)
V  [jvm.dll+0x2cffb6]  (no source info available)
V  [jvm.dll+0x2ce23a]  (no source info available)
V  [jvm.dll+0x49131e]  (no source info available)
V  [jvm.dll+0x99cb1d]  (no source info available)
V  [jvm.dll+0x7aa025]  (no source info available)
C  [ucrtbase.dll+0x2cd30]  (no source info available)
C  [KERNEL32.DLL+0x2ccb7]  (no source info available)
C  [ntdll.dll+0xaad6c]  (no source info available)

Lock stack of current Java thread (top to bottom):


---------------  P R O C E S S  ---------------

Threads class SMR info:
_java_thread_list=0x00000238a41f1100, length=34, elements={
0x00000238ff791f70, 0x000002389d2b5ca0, 0x000002389d2b65b0, 0x000002389d2b9770,
0x000002389d2bb490, 0x000002389d2bc050, 0x000002389d2bcc10, 0x000002389d2bdb00,
0x000002389d2be710, 0x000002389d6bc9e0, 0x000002389d7e95e0, 0x00000238a411a0b0,
0x00000238a3d7e080, 0x00000238a3d961d0, 0x00000238a40bb5d0, 0x00000238a40bbd90,
0x00000238a3d01180, 0x00000238a3d001e0, 0x00000238a3d057d0, 0x00000238a3d07710,
0x00000238a3d04060, 0x00000238a450b820, 0x00000238a450bff0, 0x00000238a450c7c0,
0x00000238a4213e60, 0x00000238a42126f0, 0x00000238a42155d0, 0x00000238a4216d40,
0x00000238a4219450, 0x00000238a4217ce0, 0x00000238a4218c80, 0x00000238a5bf8850,
0x00000238a5bfaf60, 0x00000238a5bf97f0
}

Java Threads: ( => current thread )
  0x00000238ff791f70 JavaThread "main"                              [_thread_blocked, id=15060, stack(0x00000044b2500000,0x00000044b2600000) (1024K)]
  0x000002389d2b5ca0 JavaThread "Reference Handler"          daemon [_thread_blocked, id=25436, stack(0x00000044b2e00000,0x00000044b2f00000) (1024K)]
  0x000002389d2b65b0 JavaThread "Finalizer"                  daemon [_thread_blocked, id=12084, stack(0x00000044b2f00000,0x00000044b3000000) (1024K)]
  0x000002389d2b9770 JavaThread "Signal Dispatcher"          daemon [_thread_blocked, id=9232, stack(0x00000044b3000000,0x00000044b3100000) (1024K)]
  0x000002389d2bb490 JavaThread "Attach Listener"            daemon [_thread_blocked, id=20248, stack(0x00000044b3100000,0x00000044b3200000) (1024K)]
  0x000002389d2bc050 JavaThread "Service Thread"             daemon [_thread_blocked, id=21400, stack(0x00000044b3200000,0x00000044b3300000) (1024K)]
  0x000002389d2bcc10 JavaThread "Monitor Deflation Thread"   daemon [_thread_blocked, id=6348, stack(0x00000044b3300000,0x00000044b3400000) (1024K)]
=>0x000002389d2bdb00 JavaThread "C2 CompilerThread0"         daemon [_thread_in_native, id=16960, stack(0x00000044b3400000,0x00000044b3500000) (1024K)]
  0x000002389d2be710 JavaThread "C1 CompilerThread0"         daemon [_thread_blocked, id=24744, stack(0x00000044b3500000,0x00000044b3600000) (1024K)]
  0x000002389d6bc9e0 JavaThread "Common-Cleaner"             daemon [_thread_blocked, id=13256, stack(0x00000044b3700000,0x00000044b3800000) (1024K)]
  0x000002389d7e95e0 JavaThread "Notification Thread"        daemon [_thread_blocked, id=25308, stack(0x00000044b3800000,0x00000044b3900000) (1024K)]
  0x00000238a411a0b0 JavaThread "Daemon health stats"               [_thread_blocked, id=24724, stack(0x00000044b3e00000,0x00000044b3f00000) (1024K)]
  0x00000238a3d7e080 JavaThread "Incoming local TCP Connector on port 57578"        [_thread_in_native, id=24048, stack(0x00000044b3f00000,0x00000044b4000000) (1024K)]
  0x00000238a3d961d0 JavaThread "Daemon periodic checks"            [_thread_in_vm, id=25016, stack(0x00000044b4000000,0x00000044b4100000) (1024K)]
  0x00000238a40bb5d0 JavaThread "Daemon"                            [_thread_blocked, id=21808, stack(0x00000044b4100000,0x00000044b4200000) (1024K)]
  0x00000238a40bbd90 JavaThread "Handler for socket connection from /127.0.0.1:57578 to /127.0.0.1:57579"        [_thread_in_native, id=24648, stack(0x00000044b4200000,0x00000044b4300000) (1024K)]
  0x00000238a3d01180 JavaThread "Cancel handler"                    [_thread_blocked, id=476, stack(0x00000044b4300000,0x00000044b4400000) (1024K)]
  0x00000238a3d001e0 JavaThread "Daemon worker"                     [_thread_in_Java, id=11796, stack(0x00000044b4400000,0x00000044b4500000) (1024K)]
  0x00000238a3d057d0 JavaThread "Asynchronous log dispatcher for DefaultDaemonConnection: socket connection from /127.0.0.1:57578 to /127.0.0.1:57579"        [_thread_blocked, id=5492, stack(0x00000044b4500000,0x00000044b4600000) (1024K)]
  0x00000238a3d07710 JavaThread "Stdin handler"                     [_thread_blocked, id=24784, stack(0x00000044b4600000,0x00000044b4700000) (1024K)]
  0x00000238a3d04060 JavaThread "Daemon client event forwarder"        [_thread_blocked, id=24516, stack(0x00000044b4700000,0x00000044b4800000) (1024K)]
  0x00000238a450b820 JavaThread "Cache worker for journal cache (C:\Users\leona\.gradle\caches\journal-1)"        [_thread_blocked, id=12436, stack(0x00000044b4800000,0x00000044b4900000) (1024K)]
  0x00000238a450bff0 JavaThread "File lock request listener"        [_thread_in_native, id=16836, stack(0x00000044b4900000,0x00000044b4a00000) (1024K)]
  0x00000238a450c7c0 JavaThread "Cache worker for file hash cache (C:\Users\leona\.gradle\caches\9.6.0\fileHashes)"        [_thread_blocked, id=3092, stack(0x00000044b4b00000,0x00000044b4c00000) (1024K)]
  0x00000238a4213e60 JavaThread "Cache worker for file hash cache (C:\Users\leona\AndroidStudioProjects\Fondly\.gradle\9.6.0\fileHashes)"        [_thread_blocked, id=4440, stack(0x00000044b5500000,0x00000044b5600000) (1024K)]
  0x00000238a42126f0 JavaThread "Cache worker for Build Output Cleanup Cache (C:\Users\leona\AndroidStudioProjects\Fondly\.gradle\buildOutputCleanup)"        [_thread_blocked, id=2152, stack(0x00000044b5600000,0x00000044b5700000) (1024K)]
  0x00000238a42155d0 JavaThread "File watcher server"        daemon [_thread_in_native, id=3636, stack(0x00000044b5700000,0x00000044b5800000) (1024K)]
  0x00000238a4216d40 JavaThread "File watcher consumer"      daemon [_thread_blocked, id=18444, stack(0x00000044b5800000,0x00000044b5900000) (1024K)]
  0x00000238a4219450 JavaThread "Cache worker for file content cache (C:\Users\leona\.gradle\caches\9.6.0\fileContent)"        [_thread_blocked, id=24880, stack(0x00000044b3600000,0x00000044b3700000) (1024K)]
  0x00000238a4217ce0 JavaThread "Cache worker for checksums cache (C:\Users\leona\AndroidStudioProjects\Fondly\.gradle\9.6.0\checksums)"        [_thread_blocked, id=25892, stack(0x00000044b5900000,0x00000044b5a00000) (1024K)]
  0x00000238a4218c80 JavaThread "Cache worker for cache directory md-supplier (C:\Users\leona\.gradle\caches\9.6.0\md-supplier)"        [_thread_blocked, id=28612, stack(0x00000044b5a00000,0x00000044b5b00000) (1024K)]
  0x00000238a5bf8850 JavaThread "Cache worker for cache directory md-rule (C:\Users\leona\.gradle\caches\9.6.0\md-rule)"        [_thread_blocked, id=27964, stack(0x00000044b5b00000,0x00000044b5c00000) (1024K)]
  0x00000238a5bfaf60 JavaThread "jar transforms"                    [_thread_blocked, id=30616, stack(0x00000044b5c00000,0x00000044b5d00000) (1024K)]
  0x00000238a5bf97f0 JavaThread "File lock release action executor Thread 3"        [_thread_blocked, id=49676, stack(0x00000044b2600000,0x00000044b2700000) (1024K)]
Total: 34

Other Threads:
  0x000002389d29def0 VMThread "VM Thread"                           [id=5732, stack(0x00000044b2d00000,0x00000044b2e00000) (1024K)]
  0x000002389d28ec60 WatcherThread "VM Periodic Task Thread"        [id=24056, stack(0x00000044b2c00000,0x00000044b2d00000) (1024K)]
  0x00000238ff7f0ff0 WorkerThread "GC Thread#0"                     [id=15692, stack(0x00000044b2700000,0x00000044b2800000) (1024K)]
  0x00000238a2ef2f70 WorkerThread "GC Thread#1"                     [id=25124, stack(0x00000044b3900000,0x00000044b3a00000) (1024K)]
  0x00000238a2ef33a0 WorkerThread "GC Thread#2"                     [id=24976, stack(0x00000044b3a00000,0x00000044b3b00000) (1024K)]
  0x00000238a2ef3de0 WorkerThread "GC Thread#3"                     [id=25108, stack(0x00000044b3b00000,0x00000044b3c00000) (1024K)]
  0x00000238a2ef4210 WorkerThread "GC Thread#4"                     [id=23860, stack(0x00000044b3c00000,0x00000044b3d00000) (1024K)]
  0x00000238a2ef4640 WorkerThread "GC Thread#5"                     [id=25132, stack(0x00000044b3d00000,0x00000044b3e00000) (1024K)]
  0x00000238a3b86e90 WorkerThread "GC Thread#6"                     [id=24868, stack(0x00000044b4c00000,0x00000044b4d00000) (1024K)]
  0x00000238a3b86a40 WorkerThread "GC Thread#7"                     [id=23988, stack(0x00000044b4d00000,0x00000044b4e00000) (1024K)]
  0x00000238a3b847c0 WorkerThread "GC Thread#8"                     [id=23992, stack(0x00000044b4e00000,0x00000044b4f00000) (1024K)]
  0x00000238a3b854b0 WorkerThread "GC Thread#9"                     [id=23996, stack(0x00000044b4f00000,0x00000044b5000000) (1024K)]
  0x00000238a3b84c10 WorkerThread "GC Thread#10"                    [id=24168, stack(0x00000044b5000000,0x00000044b5100000) (1024K)]
  0x00000238a3b85060 WorkerThread "GC Thread#11"                    [id=25584, stack(0x00000044b5100000,0x00000044b5200000) (1024K)]
  0x00000238a3b85900 WorkerThread "GC Thread#12"                    [id=24000, stack(0x00000044b5200000,0x00000044b5300000) (1024K)]
  0x00000238ff80b0d0 ConcurrentGCThread "G1 Main Marker"            [id=6324, stack(0x00000044b2800000,0x00000044b2900000) (1024K)]
  0x00000238ff80cc80 WorkerThread "G1 Conc#0"                       [id=25008, stack(0x00000044b2900000,0x00000044b2a00000) (1024K)]
  0x00000238a3b861a0 WorkerThread "G1 Conc#1"                       [id=7500, stack(0x00000044b5300000,0x00000044b5400000) (1024K)]
  0x00000238a4971fb0 WorkerThread "G1 Conc#2"                       [id=14576, stack(0x00000044b5400000,0x00000044b5500000) (1024K)]
  0x000002389d14a1a0 ConcurrentGCThread "G1 Refine#0"               [id=24988, stack(0x00000044b2a00000,0x00000044b2b00000) (1024K)]
  0x000002389d14b200 ConcurrentGCThread "G1 Service"                [id=25000, stack(0x00000044b2b00000,0x00000044b2c00000) (1024K)]
Total: 21

Threads with active compile tasks:
C2 CompilerThread0  333322 4903       4       org.gradle.launcher.daemon.registry.DaemonInfo$Serializer::read (77 bytes)
Total: 1

VM state: not at safepoint (normal execution)

VM Mutex/Monitor currently owned by a thread: None

Heap address: 0x0000000080000000, size: 2048 MB, Compressed Oops mode: 32-bit

CDS archive(s) mapped at: [0x000000002c000000-0x000000002cdb0000-0x000000002cdb0000), size 14352384, SharedBaseAddress: 0x000000002c000000, ArchiveRelocationMode: 1.
Compressed class space mapped at: 0x000000002d000000-0x000000006d000000, reserved size: 1073741824
UseCompressedClassPointers 1, UseCompactObjectHeaders 0
Narrow klass pointer bits 32, Max shift 3
Narrow klass base: 0x000000002c000000, Narrow klass shift: 0
Encoding Range: [0x000000002c000000 - 0x000000012c000000), (4294967296 bytes)
Klass Range:    [0x000000002c010000 - 0x000000006d000000), (1090453504 bytes)
Klass ID Range:  [65536 - 1090519033) (1090453497)
Protection zone: [0x000000002c000000 - 0x000000002c010000), (65536 bytes)

GC Precious Log:
 CardTable entry size: 512
 Card Set container configuration: InlinePtr #cards 5 size 8 Array Of Cards #cards 10 size 36 Howl #buckets 4 coarsen threshold 1843 Howl Bitmap #cards 512 size 80 coarsen threshold 460 Card regions per heap region 1 cards per card region 2048
 CPUs: 16 total, 16 available
 Memory: 16122M
 Large Page Support: Disabled
 NUMA Support: Disabled
 Compressed Oops: Enabled (32-bit)
 Heap Region Size: 1M
 Heap Min Capacity: 8M
 Heap Initial Capacity: 252M
 Heap Max Capacity: 2G
 Pre-touch: Disabled
 Parallel Workers: 13
 Concurrent Workers: 3
 Concurrent Refinement Workers: 13
 Periodic GC: Disabled

Heap:
 garbage-first heap   total reserved 2097152K, committed 107520K, used 43089K [0x0000000080000000, 0x0000000100000000)
  region size 1024K, 20 young (20480K), 6 survivors (6144K)

Heap Regions: E=young(eden), S=young(survivor), O=old, HS=humongous(starts), HC=humongous(continues), CS=collection set, F=free, TAMS=top-at-mark-start, PB=parsable bottom
|   0|0x0000000080000000, 0x0000000080100000, 0x0000000080100000|100%|HS|  |TAMS 0x0000000080000000| PB 0x0000000080000000| Complete |  0
|   1|0x0000000080100000, 0x0000000080200000, 0x0000000080200000|100%|HC|  |TAMS 0x0000000080100000| PB 0x0000000080100000| Complete |  0
|   2|0x0000000080200000, 0x0000000080300000, 0x0000000080300000|100%|HC|  |TAMS 0x0000000080200000| PB 0x0000000080200000| Complete |  0
|   3|0x0000000080300000, 0x0000000080400000, 0x0000000080400000|100%|HC|  |TAMS 0x0000000080300000| PB 0x0000000080300000| Complete |  0
|   4|0x0000000080400000, 0x0000000080500000, 0x0000000080500000|100%| O|  |TAMS 0x0000000080400000| PB 0x0000000080400000| Untracked |  0
|   5|0x0000000080500000, 0x0000000080600000, 0x0000000080600000|100%| O|  |TAMS 0x0000000080500000| PB 0x0000000080500000| Untracked |  0
|   6|0x0000000080600000, 0x0000000080700000, 0x0000000080700000|100%|HS|  |TAMS 0x0000000080600000| PB 0x0000000080600000| Complete |  0
|   7|0x0000000080700000, 0x0000000080800000, 0x0000000080800000|100%| O|  |TAMS 0x0000000080700000| PB 0x0000000080700000| Untracked |  0
|   8|0x0000000080800000, 0x0000000080900000, 0x0000000080900000|100%| O|  |TAMS 0x0000000080800000| PB 0x0000000080800000| Untracked |  0
|   9|0x0000000080900000, 0x0000000080a00000, 0x0000000080a00000|100%| O|  |TAMS 0x0000000080900000| PB 0x0000000080900000| Untracked |  0
|  10|0x0000000080a00000, 0x0000000080b00000, 0x0000000080b00000|100%| O|  |TAMS 0x0000000080a00000| PB 0x0000000080a00000| Untracked |  0
|  11|0x0000000080b00000, 0x0000000080c00000, 0x0000000080c00000|100%| O|  |TAMS 0x0000000080b00000| PB 0x0000000080b00000| Untracked |  0
|  12|0x0000000080c00000, 0x0000000080d00000, 0x0000000080d00000|100%| O|  |TAMS 0x0000000080c00000| PB 0x0000000080c00000| Untracked |  0
|  13|0x0000000080d00000, 0x0000000080d0d740, 0x0000000080e00000|  5%| O|  |TAMS 0x0000000080d00000| PB 0x0000000080d00000| Untracked |  0
|  14|0x0000000080e00000, 0x0000000080f00000, 0x0000000080f00000|100%| O|  |TAMS 0x0000000080e00000| PB 0x0000000080e00000| Untracked |  0
|  15|0x0000000080f00000, 0x0000000081000000, 0x0000000081000000|100%| O|  |TAMS 0x0000000080f00000| PB 0x0000000080f00000| Untracked |  0
|  16|0x0000000081000000, 0x0000000081100000, 0x0000000081100000|100%| O|  |TAMS 0x0000000081000000| PB 0x0000000081000000| Untracked |  0
|  17|0x0000000081100000, 0x0000000081200000, 0x0000000081200000|100%| O|  |TAMS 0x0000000081100000| PB 0x0000000081100000| Untracked |  0
|  18|0x0000000081200000, 0x0000000081300000, 0x0000000081300000|100%| O|  |TAMS 0x0000000081200000| PB 0x0000000081200000| Untracked |  0
|  19|0x0000000081300000, 0x0000000081400000, 0x0000000081400000|100%| O|  |TAMS 0x0000000081300000| PB 0x0000000081300000| Untracked |  0
|  20|0x0000000081400000, 0x0000000081500000, 0x0000000081500000|100%| O|  |TAMS 0x0000000081400000| PB 0x0000000081400000| Untracked |  0
|  21|0x0000000081500000, 0x0000000081600000, 0x0000000081600000|100%| O|  |TAMS 0x0000000081500000| PB 0x0000000081500000| Untracked |  0
|  22|0x0000000081600000, 0x0000000081700000, 0x0000000081700000|100%| O|  |TAMS 0x0000000081600000| PB 0x0000000081600000| Untracked |  0
|  23|0x0000000081700000, 0x0000000081706dc0, 0x0000000081800000|  2%| O|  |TAMS 0x0000000081700000| PB 0x0000000081700000| Untracked |  0
|  24|0x0000000081800000, 0x0000000081800000, 0x0000000081900000|  0%| F|  |TAMS 0x0000000081800000| PB 0x0000000081800000| Untracked |  0
|  25|0x0000000081900000, 0x0000000081900000, 0x0000000081a00000|  0%| F|  |TAMS 0x0000000081900000| PB 0x0000000081900000| Untracked |  0
|  26|0x0000000081a00000, 0x0000000081a00000, 0x0000000081b00000|  0%| F|  |TAMS 0x0000000081a00000| PB 0x0000000081a00000| Untracked |  0
|  27|0x0000000081b00000, 0x0000000081b00000, 0x0000000081c00000|  0%| F|  |TAMS 0x0000000081b00000| PB 0x0000000081b00000| Untracked |  0
|  28|0x0000000081c00000, 0x0000000081c00000, 0x0000000081d00000|  0%| F|  |TAMS 0x0000000081c00000| PB 0x0000000081c00000| Untracked |  0
|  29|0x0000000081d00000, 0x0000000081d00000, 0x0000000081e00000|  0%| F|  |TAMS 0x0000000081d00000| PB 0x0000000081d00000| Untracked |  0
|  30|0x0000000081e00000, 0x0000000081e00000, 0x0000000081f00000|  0%| F|  |TAMS 0x0000000081e00000| PB 0x0000000081e00000| Untracked |  0
|  31|0x0000000081f00000, 0x0000000081f00000, 0x0000000082000000|  0%| F|  |TAMS 0x0000000081f00000| PB 0x0000000081f00000| Untracked |  0
|  32|0x0000000082000000, 0x0000000082000000, 0x0000000082100000|  0%| F|  |TAMS 0x0000000082000000| PB 0x0000000082000000| Untracked |  0
|  33|0x0000000082100000, 0x0000000082100000, 0x0000000082200000|  0%| F|  |TAMS 0x0000000082100000| PB 0x0000000082100000| Untracked |  0
|  34|0x0000000082200000, 0x0000000082300000, 0x0000000082300000|100%| S|CS|TAMS 0x0000000082200000| PB 0x0000000082200000| Complete |  0
|  35|0x0000000082300000, 0x0000000082400000, 0x0000000082400000|100%| S|CS|TAMS 0x0000000082300000| PB 0x0000000082300000| Complete |  0
|  36|0x0000000082400000, 0x0000000082500000, 0x0000000082500000|100%| S|CS|TAMS 0x0000000082400000| PB 0x0000000082400000| Complete |  0
|  37|0x0000000082500000, 0x0000000082600000, 0x0000000082600000|100%| S|CS|TAMS 0x0000000082500000| PB 0x0000000082500000| Complete |  0
|  38|0x0000000082600000, 0x0000000082700000, 0x0000000082700000|100%| S|CS|TAMS 0x0000000082600000| PB 0x0000000082600000| Complete |  0
|  39|0x0000000082700000, 0x0000000082800000, 0x0000000082800000|100%| S|CS|TAMS 0x0000000082700000| PB 0x0000000082700000| Complete |  0
|  40|0x0000000082800000, 0x0000000082800000, 0x0000000082900000|  0%| F|  |TAMS 0x0000000082800000| PB 0x0000000082800000| Untracked |  0
|  41|0x0000000082900000, 0x0000000082900000, 0x0000000082a00000|  0%| F|  |TAMS 0x0000000082900000| PB 0x0000000082900000| Untracked |  0
|  42|0x0000000082a00000, 0x0000000082a00000, 0x0000000082b00000|  0%| F|  |TAMS 0x0000000082a00000| PB 0x0000000082a00000| Untracked |  0
|  43|0x0000000082b00000, 0x0000000082b00000, 0x0000000082c00000|  0%| F|  |TAMS 0x0000000082b00000| PB 0x0000000082b00000| Untracked |  0
|  44|0x0000000082c00000, 0x0000000082c00000, 0x0000000082d00000|  0%| F|  |TAMS 0x0000000082c00000| PB 0x0000000082c00000| Untracked |  0
|  45|0x0000000082d00000, 0x0000000082d00000, 0x0000000082e00000|  0%| F|  |TAMS 0x0000000082d00000| PB 0x0000000082d00000| Untracked |  0
|  46|0x0000000082e00000, 0x0000000082e00000, 0x0000000082f00000|  0%| F|  |TAMS 0x0000000082e00000| PB 0x0000000082e00000| Untracked |  0
|  47|0x0000000082f00000, 0x0000000082f00000, 0x0000000083000000|  0%| F|  |TAMS 0x0000000082f00000| PB 0x0000000082f00000| Untracked |  0
|  48|0x0000000083000000, 0x0000000083000000, 0x0000000083100000|  0%| F|  |TAMS 0x0000000083000000| PB 0x0000000083000000| Untracked |  0
|  49|0x0000000083100000, 0x0000000083100000, 0x0000000083200000|  0%| F|  |TAMS 0x0000000083100000| PB 0x0000000083100000| Untracked |  0
|  50|0x0000000083200000, 0x0000000083200000, 0x0000000083300000|  0%| F|  |TAMS 0x0000000083200000| PB 0x0000000083200000| Untracked |  0
|  51|0x0000000083300000, 0x0000000083300000, 0x0000000083400000|  0%| F|  |TAMS 0x0000000083300000| PB 0x0000000083300000| Untracked |  0
|  52|0x0000000083400000, 0x0000000083400000, 0x0000000083500000|  0%| F|  |TAMS 0x0000000083400000| PB 0x0000000083400000| Untracked |  0
|  53|0x0000000083500000, 0x0000000083500000, 0x0000000083600000|  0%| F|  |TAMS 0x0000000083500000| PB 0x0000000083500000| Untracked |  0
|  54|0x0000000083600000, 0x0000000083600000, 0x0000000083700000|  0%| F|  |TAMS 0x0000000083600000| PB 0x0000000083600000| Untracked |  0
|  55|0x0000000083700000, 0x0000000083700000, 0x0000000083800000|  0%| F|  |TAMS 0x0000000083700000| PB 0x0000000083700000| Untracked |  0
|  56|0x0000000083800000, 0x0000000083800000, 0x0000000083900000|  0%| F|  |TAMS 0x0000000083800000| PB 0x0000000083800000| Untracked |  0
|  57|0x0000000083900000, 0x0000000083900000, 0x0000000083a00000|  0%| F|  |TAMS 0x0000000083900000| PB 0x0000000083900000| Untracked |  0
|  58|0x0000000083a00000, 0x0000000083a00000, 0x0000000083b00000|  0%| F|  |TAMS 0x0000000083a00000| PB 0x0000000083a00000| Untracked |  0
|  59|0x0000000083b00000, 0x0000000083b00000, 0x0000000083c00000|  0%| F|  |TAMS 0x0000000083b00000| PB 0x0000000083b00000| Untracked |  0
|  60|0x0000000083c00000, 0x0000000083c00000, 0x0000000083d00000|  0%| F|  |TAMS 0x0000000083c00000| PB 0x0000000083c00000| Untracked |  0
|  61|0x0000000083d00000, 0x0000000083d00000, 0x0000000083e00000|  0%| F|  |TAMS 0x0000000083d00000| PB 0x0000000083d00000| Untracked |  0
|  62|0x0000000083e00000, 0x0000000083e00000, 0x0000000083f00000|  0%| F|  |TAMS 0x0000000083e00000| PB 0x0000000083e00000| Untracked |  0
|  63|0x0000000083f00000, 0x0000000083f00000, 0x0000000084000000|  0%| F|  |TAMS 0x0000000083f00000| PB 0x0000000083f00000| Untracked |  0
|  64|0x0000000084000000, 0x0000000084000000, 0x0000000084100000|  0%| F|  |TAMS 0x0000000084000000| PB 0x0000000084000000| Untracked |  0
|  65|0x0000000084100000, 0x0000000084100000, 0x0000000084200000|  0%| F|  |TAMS 0x0000000084100000| PB 0x0000000084100000| Untracked |  0
|  66|0x0000000084200000, 0x0000000084200000, 0x0000000084300000|  0%| F|  |TAMS 0x0000000084200000| PB 0x0000000084200000| Untracked |  0
|  67|0x0000000084300000, 0x0000000084300000, 0x0000000084400000|  0%| F|  |TAMS 0x0000000084300000| PB 0x0000000084300000| Untracked |  0
|  68|0x0000000084400000, 0x0000000084400000, 0x0000000084500000|  0%| F|  |TAMS 0x0000000084400000| PB 0x0000000084400000| Untracked |  0
|  69|0x0000000084500000, 0x0000000084500000, 0x0000000084600000|  0%| F|  |TAMS 0x0000000084500000| PB 0x0000000084500000| Untracked |  0
|  70|0x0000000084600000, 0x0000000084600000, 0x0000000084700000|  0%| F|  |TAMS 0x0000000084600000| PB 0x0000000084600000| Untracked |  0
|  71|0x0000000084700000, 0x0000000084700000, 0x0000000084800000|  0%| F|  |TAMS 0x0000000084700000| PB 0x0000000084700000| Untracked |  0
|  72|0x0000000084800000, 0x0000000084800000, 0x0000000084900000|  0%| F|  |TAMS 0x0000000084800000| PB 0x0000000084800000| Untracked |  0
|  73|0x0000000084900000, 0x0000000084900000, 0x0000000084a00000|  0%| F|  |TAMS 0x0000000084900000| PB 0x0000000084900000| Untracked |  0
|  74|0x0000000084a00000, 0x0000000084a00000, 0x0000000084b00000|  0%| F|  |TAMS 0x0000000084a00000| PB 0x0000000084a00000| Untracked |  0
|  75|0x0000000084b00000, 0x0000000084b00000, 0x0000000084c00000|  0%| F|  |TAMS 0x0000000084b00000| PB 0x0000000084b00000| Untracked |  0
|  76|0x0000000084c00000, 0x0000000084c00000, 0x0000000084d00000|  0%| F|  |TAMS 0x0000000084c00000| PB 0x0000000084c00000| Untracked |  0
|  77|0x0000000084d00000, 0x0000000084d00000, 0x0000000084e00000|  0%| F|  |TAMS 0x0000000084d00000| PB 0x0000000084d00000| Untracked |  0
|  78|0x0000000084e00000, 0x0000000084e00000, 0x0000000084f00000|  0%| F|  |TAMS 0x0000000084e00000| PB 0x0000000084e00000| Untracked |  0
|  79|0x0000000084f00000, 0x0000000084f00000, 0x0000000085000000|  0%| F|  |TAMS 0x0000000084f00000| PB 0x0000000084f00000| Untracked |  0
|  80|0x0000000085000000, 0x0000000085000000, 0x0000000085100000|  0%| F|  |TAMS 0x0000000085000000| PB 0x0000000085000000| Untracked |  0
|  81|0x0000000085100000, 0x0000000085100000, 0x0000000085200000|  0%| F|  |TAMS 0x0000000085100000| PB 0x0000000085100000| Untracked |  0
|  82|0x0000000085200000, 0x0000000085200000, 0x0000000085300000|  0%| F|  |TAMS 0x0000000085200000| PB 0x0000000085200000| Untracked |  0
|  83|0x0000000085300000, 0x0000000085300000, 0x0000000085400000|  0%| F|  |TAMS 0x0000000085300000| PB 0x0000000085300000| Untracked |  0
|  84|0x0000000085400000, 0x0000000085400000, 0x0000000085500000|  0%| F|  |TAMS 0x0000000085400000| PB 0x0000000085400000| Untracked |  0
|  85|0x0000000085500000, 0x0000000085500000, 0x0000000085600000|  0%| F|  |TAMS 0x0000000085500000| PB 0x0000000085500000| Untracked |  0
|  86|0x0000000085600000, 0x0000000085600000, 0x0000000085700000|  0%| F|  |TAMS 0x0000000085600000| PB 0x0000000085600000| Untracked |  0
|  87|0x0000000085700000, 0x0000000085700000, 0x0000000085800000|  0%| F|  |TAMS 0x0000000085700000| PB 0x0000000085700000| Untracked |  0
|  88|0x0000000085800000, 0x0000000085800000, 0x0000000085900000|  0%| F|  |TAMS 0x0000000085800000| PB 0x0000000085800000| Untracked |  0
|  89|0x0000000085900000, 0x0000000085900000, 0x0000000085a00000|  0%| F|  |TAMS 0x0000000085900000| PB 0x0000000085900000| Untracked |  0
|  90|0x0000000085a00000, 0x0000000085a1d748, 0x0000000085b00000| 11%| E|  |TAMS 0x0000000085a00000| PB 0x0000000085a00000| Complete |  0
| 224|0x000000008e000000, 0x000000008e100000, 0x000000008e100000|100%| E|CS|TAMS 0x000000008e000000| PB 0x000000008e000000| Complete |  0
| 225|0x000000008e100000, 0x000000008e200000, 0x000000008e200000|100%| E|CS|TAMS 0x000000008e100000| PB 0x000000008e100000| Complete |  0
| 226|0x000000008e200000, 0x000000008e300000, 0x000000008e300000|100%| E|CS|TAMS 0x000000008e200000| PB 0x000000008e200000| Complete |  0
| 227|0x000000008e300000, 0x000000008e400000, 0x000000008e400000|100%| E|CS|TAMS 0x000000008e300000| PB 0x000000008e300000| Complete |  0
| 228|0x000000008e400000, 0x000000008e500000, 0x000000008e500000|100%| E|CS|TAMS 0x000000008e400000| PB 0x000000008e400000| Complete |  0
| 229|0x000000008e500000, 0x000000008e600000, 0x000000008e600000|100%| E|CS|TAMS 0x000000008e500000| PB 0x000000008e500000| Complete |  0
| 230|0x000000008e600000, 0x000000008e700000, 0x000000008e700000|100%| E|CS|TAMS 0x000000008e600000| PB 0x000000008e600000| Complete |  0
| 231|0x000000008e700000, 0x000000008e800000, 0x000000008e800000|100%| E|CS|TAMS 0x000000008e700000| PB 0x000000008e700000| Complete |  0
| 232|0x000000008e800000, 0x000000008e900000, 0x000000008e900000|100%| E|CS|TAMS 0x000000008e800000| PB 0x000000008e800000| Complete |  0
| 233|0x000000008e900000, 0x000000008ea00000, 0x000000008ea00000|100%| E|CS|TAMS 0x000000008e900000| PB 0x000000008e900000| Complete |  0
| 234|0x000000008ea00000, 0x000000008eb00000, 0x000000008eb00000|100%| E|CS|TAMS 0x000000008ea00000| PB 0x000000008ea00000| Complete |  0
| 251|0x000000008fb00000, 0x000000008fc00000, 0x000000008fc00000|100%| E|CS|TAMS 0x000000008fb00000| PB 0x000000008fb00000| Complete |  0
|2046|0x00000000ffe00000, 0x00000000fff00000, 0x00000000fff00000|100%| O|  |TAMS 0x00000000ffe00000| PB 0x00000000ffe00000| Untracked |  0
|2047|0x00000000fff00000, 0x0000000100000000, 0x0000000100000000|100%| E|CS|TAMS 0x00000000fff00000| PB 0x00000000fff00000| Complete |  0

Card table byte_map: [0x0000023898080000,0x0000023898480000] _byte_map_base: 0x0000023897c80000

Marking Bits: (CMBitMap*) 0x00000238ff7f1780
 Bits: [0x0000023898480000, 0x000002389a480000)

Polling page: 0x00000238fd380000

Metaspace:
Metaspace        used 31696K, committed 33024K, reserved 1114112K
 class space     used 4930K, committed 5568K, reserved 1048576K

Usage:
  Non-class:     26.14 MB used.
      Class:      4.81 MB used.
       Both:     30.95 MB used.

Virtual space:
  Non-class space:       64.00 MB reserved,      26.81 MB ( 42%) committed,  1 nodes.
      Class space:        1.00 GB reserved,       5.44 MB ( <1%) committed,  1 nodes.
             Both:        1.06 GB reserved,      32.25 MB (  3%) committed. 

Chunk freelists:
   Non-Class:  5.22 MB
       Class:  10.51 MB
        Both:  15.73 MB

MaxMetaspaceSize: unlimited
CompressedClassSpaceSize: 1.00 GB
Initial GC threshold: 21.00 MB
Current GC threshold: 35.12 MB
CDS: on
 - commit_granule_bytes: 65536.
 - commit_granule_words: 8192.
 - virtual_space_node_default_size: 8388608.
 - enlarge_chunks_in_place: 1.
UseCompressedClassPointers 1, UseCompactObjectHeaders 0
Narrow klass pointer bits 32, Max shift 3
Narrow klass base: 0x000000002c000000, Narrow klass shift: 0
Encoding Range: [0x000000002c000000 - 0x000000012c000000), (4294967296 bytes)
Klass Range:    [0x000000002c010000 - 0x000000006d000000), (1090453504 bytes)
Klass ID Range:  [65536 - 1090519033) (1090453497)
Protection zone: [0x000000002c000000 - 0x000000002c010000), (65536 bytes)


Internal statistics:

num_allocs_failed_limit: 3.
num_arena_births: 2326.
num_arena_deaths: 0.
num_vsnodes_births: 2.
num_vsnodes_deaths: 0.
num_space_committed: 516.
num_space_uncommitted: 0.
num_chunks_returned_to_freelist: 3.
num_chunks_taken_from_freelist: 3849.
num_chunk_merges: 3.
num_chunk_splits: 2471.
num_chunks_enlarged: 1508.
num_inconsistent_stats: 0.

CodeHeap 'non-profiled nmethods': size=119168Kb used=1921Kb max_used=1921Kb free=117246Kb
 bounds [0x0000023890600000, 0x0000023890870000, 0x0000023897a60000]
CodeHeap 'profiled nmethods': size=119168Kb used=7672Kb max_used=7672Kb free=111495Kb
 bounds [0x0000023888a50000, 0x00000238891d0000, 0x000002388feb0000]
CodeHeap 'non-nmethods': size=7488Kb used=1519Kb max_used=2208Kb free=5968Kb
 bounds [0x000002388feb0000, 0x0000023890120000, 0x0000023890600000]
CodeCache: size=245824Kb, used=11112Kb, max_used=11801Kb, free=234709Kb
 total_blobs=5530, nmethods=4893, adapters=539, full_count=0
Compilation: enabled, stopped_count=0, restarted_count=0

Compilation events (20 events):
Event: 331.751 Thread 0x000002389d2bdb00 nmethod 4902 0x00000238907df488 code [0x00000238907df580, 0x00000238907df858]
Event: 331.779 Thread 0x000002389d2bdb00 4903       4       org.gradle.launcher.daemon.registry.DaemonInfo$Serializer::read (77 bytes)
Event: 331.793 Thread 0x000002389d2be710 4904       1       com.google.common.cache.LocalCache$StrongEntry::getNext (5 bytes)
Event: 331.794 Thread 0x000002389d2be710 nmethod 4904 0x00000238907df888 code [0x00000238907df980, 0x00000238907dfa48]
Event: 331.794 Thread 0x000002389d2be710 4905       1       com.google.common.cache.LocalCache$StrongEntry::getKey (5 bytes)
Event: 331.794 Thread 0x000002389d2be710 nmethod 4905 0x00000238907dfb88 code [0x00000238907dfc80, 0x00000238907dfd48]
Event: 331.794 Thread 0x000002389d2be710 4906       1       com.google.common.cache.LocalCache$StrongAccessEntry::getNextInAccessQueue (5 bytes)
Event: 331.794 Thread 0x000002389d2be710 nmethod 4906 0x00000238907dfe88 code [0x00000238907dff80, 0x00000238907e0048]
Event: 331.826 Thread 0x000002389d2be710 4907       3       sun.nio.ch.NativeSocketAddress::family (54 bytes)
Event: 331.826 Thread 0x000002389d2be710 nmethod 4907 0x00000238891cca88 code [0x00000238891ccb80, 0x00000238891ccda0]
Event: 331.826 Thread 0x000002389d2be710 4908   !   3       sun.nio.ch.NativeSocketAddress::address (101 bytes)
Event: 331.828 Thread 0x000002389d2be710 nmethod 4908 0x00000238891cce08 code [0x00000238891ccf00, 0x00000238891cd520]
Event: 331.828 Thread 0x000002389d2be710 4909       3       sun.nio.ch.NativeSocketAddress::port (91 bytes)
Event: 331.829 Thread 0x000002389d2be710 nmethod 4909 0x00000238891cd588 code [0x00000238891cd680, 0x00000238891cdc78]
Event: 332.570 Thread 0x000002389d2be710 4910       3       com.google.common.cache.LocalCache::usesKeyReferences (16 bytes)
Event: 332.584 Thread 0x000002389d2be710 nmethod 4910 0x00000238891cdc88 code [0x00000238891cdd80, 0x00000238891cdee8]
Event: 332.584 Thread 0x000002389d2be710 4911       3       com.google.common.cache.LocalCache::usesValueReferences (16 bytes)
Event: 332.585 Thread 0x000002389d2be710 nmethod 4911 0x00000238891cdf88 code [0x00000238891ce080, 0x00000238891ce1e8]
Event: 332.668 Thread 0x000002389d2be710 4912       1       com.google.common.cache.LocalCache$2::poll (2 bytes)
Event: 332.668 Thread 0x000002389d2be710 nmethod 4912 0x00000238907e0188 code [0x00000238907e0280, 0x00000238907e0350]

GC Heap Usage History (10 events):
Event: 1.106 {heap Before GC invocations=0 (full 0):
 garbage-first heap   total reserved 2097152K, committed 260096K, used 52374K [0x0000000080000000, 0x0000000100000000)
  region size 1024K, 47 young (48128K), 0 survivors (0K)
}
Event: 1.110 {heap After GC invocations=1 (full 0):
 garbage-first heap   total reserved 2097152K, committed 260096K, used 13092K [0x0000000080000000, 0x0000000100000000)
  region size 1024K, 6 young (6144K), 6 survivors (6144K)
}
Event: 2.659 {heap Before GC invocations=1 (full 0):
 garbage-first heap   total reserved 2097152K, committed 260096K, used 121636K [0x0000000080000000, 0x0000000100000000)
  region size 1024K, 110 young (112640K), 6 survivors (6144K)
}
Event: 2.672 {heap After GC invocations=2 (full 0):
 garbage-first heap   total reserved 2097152K, committed 260096K, used 23061K [0x0000000080000000, 0x0000000100000000)
  region size 1024K, 14 young (14336K), 14 survivors (14336K)
}
Event: 4.651 {heap Before GC invocations=2 (full 0):
 garbage-first heap   total reserved 2097152K, committed 260096K, used 39445K [0x0000000080000000, 0x0000000100000000)
  region size 1024K, 31 young (31744K), 14 survivors (14336K)
}
Event: 4.673 {heap After GC invocations=3 (full 0):
 garbage-first heap   total reserved 2097152K, committed 260096K, used 25542K [0x0000000080000000, 0x0000000100000000)
  region size 1024K, 11 young (11264K), 11 survivors (11264K)
}
Event: 22.729 {heap Before GC invocations=4 (full 0):
 garbage-first heap   total reserved 2097152K, committed 92160K, used 90054K [0x0000000080000000, 0x0000000100000000)
  region size 1024K, 74 young (75776K), 11 survivors (11264K)
}
Event: 22.740 {heap After GC invocations=5 (full 0):
 garbage-first heap   total reserved 2097152K, committed 107520K, used 29006K [0x0000000080000000, 0x0000000100000000)
  region size 1024K, 15 young (15360K), 15 survivors (15360K)
}
Event: 192.926 {heap Before GC invocations=5 (full 0):
 garbage-first heap   total reserved 2097152K, committed 107520K, used 78158K [0x0000000080000000, 0x0000000100000000)
  region size 1024K, 63 young (64512K), 15 survivors (15360K)
}
Event: 193.092 {heap After GC invocations=6 (full 0):
 garbage-first heap   total reserved 2097152K, committed 107520K, used 29777K [0x0000000080000000, 0x0000000100000000)
  region size 1024K, 6 young (6144K), 6 survivors (6144K)
}

Metaspace Usage History (10 events):
Event: 1.106 {metaspace Before GC invocations=0 (full 0):
 Metaspace       used 4621K, committed 4864K, reserved 1114112K
  class space    used 595K, committed 704K, reserved 1048576K
}
Event: 1.110 {metaspace After GC invocations=1 (full 0):
 Metaspace       used 4621K, committed 4864K, reserved 1114112K
  class space    used 595K, committed 704K, reserved 1048576K
}
Event: 2.659 {metaspace Before GC invocations=1 (full 0):
 Metaspace       used 18892K, committed 19520K, reserved 1114112K
  class space    used 2723K, committed 3008K, reserved 1048576K
}
Event: 2.672 {metaspace After GC invocations=2 (full 0):
 Metaspace       used 18892K, committed 19520K, reserved 1114112K
  class space    used 2723K, committed 3008K, reserved 1048576K
}
Event: 4.651 {metaspace Before GC invocations=2 (full 0):
 Metaspace       used 20847K, committed 21504K, reserved 1114112K
  class space    used 3081K, committed 3392K, reserved 1048576K
}
Event: 4.673 {metaspace After GC invocations=3 (full 0):
 Metaspace       used 20847K, committed 21504K, reserved 1114112K
  class space    used 3081K, committed 3392K, reserved 1048576K
}
Event: 22.729 {metaspace Before GC invocations=4 (full 0):
 Metaspace       used 27939K, committed 29056K, reserved 1114112K
  class space    used 4283K, committed 4800K, reserved 1048576K
}
Event: 22.740 {metaspace After GC invocations=5 (full 0):
 Metaspace       used 27939K, committed 29056K, reserved 1114112K
  class space    used 4283K, committed 4800K, reserved 1048576K
}
Event: 192.926 {metaspace Before GC invocations=5 (full 0):
 Metaspace       used 31631K, committed 33024K, reserved 1114112K
  class space    used 4928K, committed 5568K, reserved 1048576K
}
Event: 193.092 {metaspace After GC invocations=6 (full 0):
 Metaspace       used 31631K, committed 33024K, reserved 1114112K
  class space    used 4928K, committed 5568K, reserved 1048576K
}

Dll operation events (20 events):
Event: 0.200 Attempting to load shared library C:\Program Files\Eclipse Adoptium\jdk-25.0.4.7-hotspot\bin\nio.dll
Event: 0.203 Loaded shared library C:\Program Files\Eclipse Adoptium\jdk-25.0.4.7-hotspot\bin\nio.dll
Event: 0.210 Attempting to load shared library C:\Program Files\Eclipse Adoptium\jdk-25.0.4.7-hotspot\bin\zip.dll
Event: 0.210 Loaded shared library C:\Program Files\Eclipse Adoptium\jdk-25.0.4.7-hotspot\bin\zip.dll
Event: 0.475 Attempting to load shared library C:\Program Files\Eclipse Adoptium\jdk-25.0.4.7-hotspot\bin\jimage.dll
Event: 0.475 Loaded shared library C:\Program Files\Eclipse Adoptium\jdk-25.0.4.7-hotspot\bin\jimage.dll
Event: 0.748 Attempting to load shared library C:\Program Files\Eclipse Adoptium\jdk-25.0.4.7-hotspot\bin\verify.dll
Event: 0.750 Loaded shared library C:\Program Files\Eclipse Adoptium\jdk-25.0.4.7-hotspot\bin\verify.dll
Event: 0.780 Attempting to load shared library C:\Users\leona\.gradle\native\660c5614fbf4a5f2a75b1949f50a0caf5cd603558e7d8a26e50b933a0cfb79d1\windows-amd64\native-platform.dll
Event: 0.781 Loaded shared library C:\Users\leona\.gradle\native\660c5614fbf4a5f2a75b1949f50a0caf5cd603558e7d8a26e50b933a0cfb79d1\windows-amd64\native-platform.dll
Event: 0.790 Attempting to load shared library C:\Users\leona\.gradle\native\0.2.8\x86_64-windows-gnu\gradle-fileevents.dll
Event: 0.791 Loaded shared library C:\Users\leona\.gradle\native\0.2.8\x86_64-windows-gnu\gradle-fileevents.dll
Event: 1.413 Attempting to load shared library C:\Program Files\Eclipse Adoptium\jdk-25.0.4.7-hotspot\bin\management.dll
Event: 1.414 Loaded shared library C:\Program Files\Eclipse Adoptium\jdk-25.0.4.7-hotspot\bin\management.dll
Event: 1.416 Attempting to load shared library C:\Program Files\Eclipse Adoptium\jdk-25.0.4.7-hotspot\bin\management_ext.dll
Event: 1.417 Loaded shared library C:\Program Files\Eclipse Adoptium\jdk-25.0.4.7-hotspot\bin\management_ext.dll
Event: 1.528 Attempting to load shared library C:\Program Files\Eclipse Adoptium\jdk-25.0.4.7-hotspot\bin\extnet.dll
Event: 1.529 Loaded shared library C:\Program Files\Eclipse Adoptium\jdk-25.0.4.7-hotspot\bin\extnet.dll
Event: 1.667 Attempting to load shared library C:\Program Files\Eclipse Adoptium\jdk-25.0.4.7-hotspot\bin\sunmscapi.dll
Event: 1.669 Loaded shared library C:\Program Files\Eclipse Adoptium\jdk-25.0.4.7-hotspot\bin\sunmscapi.dll

Deoptimization events (20 events):
Event: 41.650 Thread 0x00000238a3d961d0 DEOPT PACKING pc=0x0000023888e04d04 sp=0x00000044b40fe3e0
Event: 41.650 Thread 0x00000238a3d961d0 DEOPT UNPACKING pc=0x000002388ff01702 sp=0x00000044b40fd8c8 mode 0
Event: 51.722 Thread 0x00000238a3d961d0 DEOPT PACKING pc=0x0000023888e04d04 sp=0x00000044b40fe530
Event: 51.722 Thread 0x00000238a3d961d0 DEOPT UNPACKING pc=0x000002388ff01702 sp=0x00000044b40fda18 mode 0
Event: 158.316 Thread 0x00000238a450c7c0 Uncommon trap: trap_request=0xffffffde fr.pc=0x000002389076f0a4 relative=0x0000000000000ba4
Event: 158.316 Thread 0x00000238a450c7c0 Uncommon trap: reason=class_check action=maybe_recompile pc=0x000002389076f0a4 method=java.io.BufferedInputStream.read([BII)I @ 100 c2
Event: 158.316 Thread 0x00000238a450c7c0 DEOPT PACKING pc=0x000002389076f0a4 sp=0x00000044b4bfe4e0
Event: 158.317 Thread 0x00000238a450c7c0 DEOPT UNPACKING pc=0x000002388ffcf902 sp=0x00000044b4bfe498 mode 2
Event: 158.518 Thread 0x00000238a450c7c0 Uncommon trap: trap_request=0xffffffde fr.pc=0x000002389076f0a4 relative=0x0000000000000ba4
Event: 158.518 Thread 0x00000238a450c7c0 Uncommon trap: reason=class_check action=maybe_recompile pc=0x000002389076f0a4 method=java.io.BufferedInputStream.read([BII)I @ 100 c2
Event: 158.519 Thread 0x00000238a450c7c0 DEOPT PACKING pc=0x000002389076f0a4 sp=0x00000044b4bfe4e0
Event: 158.519 Thread 0x00000238a450c7c0 DEOPT UNPACKING pc=0x000002388ffcf902 sp=0x00000044b4bfe498 mode 2
Event: 158.548 Thread 0x00000238a450c7c0 Uncommon trap: trap_request=0xffffffde fr.pc=0x000002389076f0a4 relative=0x0000000000000ba4
Event: 158.548 Thread 0x00000238a450c7c0 Uncommon trap: reason=class_check action=maybe_recompile pc=0x000002389076f0a4 method=java.io.BufferedInputStream.read([BII)I @ 100 c2
Event: 158.548 Thread 0x00000238a450c7c0 DEOPT PACKING pc=0x000002389076f0a4 sp=0x00000044b4bfe4e0
Event: 158.548 Thread 0x00000238a450c7c0 DEOPT UNPACKING pc=0x000002388ffcf902 sp=0x00000044b4bfe498 mode 2
Event: 282.211 Thread 0x00000238a3d961d0 Uncommon trap: trap_request=0xffffff45 fr.pc=0x00000238907bd0a8 relative=0x0000000000000428
Event: 282.212 Thread 0x00000238a3d961d0 Uncommon trap: reason=unstable_if action=reinterpret pc=0x00000238907bd0a8 method=java.io.DataInputStream.readBoolean()Z @ 4 c2
Event: 282.212 Thread 0x00000238a3d961d0 DEOPT PACKING pc=0x00000238907bd0a8 sp=0x00000044b40fe3d0
Event: 282.212 Thread 0x00000238a3d961d0 DEOPT UNPACKING pc=0x000002388ffcf902 sp=0x00000044b40fe330 mode 2

Classes loaded (20 events):
Event: 33.443 Loading class java/math/MutableBigInteger
Event: 33.444 Loading class java/math/MutableBigInteger done
Event: 36.273 Loading class java/nio/charset/CharacterCodingException
Event: 36.273 Loading class java/nio/charset/CharacterCodingException done
Event: 36.294 Loading class java/nio/file/FileTreeWalker
Event: 36.298 Loading class java/nio/file/FileTreeWalker done
Event: 36.301 Loading class java/nio/file/FileTreeWalker$DirectoryNode
Event: 36.301 Loading class java/nio/file/FileTreeWalker$DirectoryNode done
Event: 36.301 Loading class java/nio/file/FileTreeWalker$Event
Event: 36.301 Loading class java/nio/file/FileTreeWalker$Event done
Event: 36.301 Loading class java/nio/file/FileTreeWalker$EventType
Event: 36.301 Loading class java/nio/file/FileTreeWalker$EventType done
Event: 36.302 Loading class java/nio/file/Files$3
Event: 36.302 Loading class java/nio/file/Files$3 done
Event: 36.302 Loading class java/nio/file/FileVisitResult
Event: 36.302 Loading class java/nio/file/FileVisitResult done
Event: 41.624 Loading class java/util/Spliterator$OfDouble
Event: 41.625 Loading class java/util/Spliterator$OfDouble done
Event: 41.625 Loading class java/util/stream/Streams$RangeIntSpliterator
Event: 41.626 Loading class java/util/stream/Streams$RangeIntSpliterator done

Classes unloaded (0 events):
No events

Classes redefined (0 events):
No events

Internal exceptions (20 events):
Event: 22.202 Thread 0x00000238a3d001e0 Implicit null exception at 0x000002389069c64a to 0x000002389069c8c4
Event: 24.984 Thread 0x00000238a3d001e0 Exception <a 'java/lang/NoSuchMethodError'{0x000000008e72e1e8}: 'java.lang.Object java.lang.invoke.DirectMethodHandle$Holder.newInvokeSpecial(java.lang.Object, java.lang.Object, int, int)'> (0x000000008e72e1e8) 
thrown [s\src\hotspot\share\interpreter\linkResolver.cpp, line 804]
Event: 24.998 Thread 0x00000238a3d001e0 Exception <a 'java/lang/NoSuchMethodError'{0x000000008e7898d0}: 'void java.lang.invoke.DirectMethodHandle$Holder.invokeSpecial(java.lang.Object, java.lang.Object, int)'> (0x000000008e7898d0) 
thrown [s\src\hotspot\share\interpreter\linkResolver.cpp, line 804]
Event: 24.999 Thread 0x00000238a3d001e0 Exception <a 'java/lang/NoSuchMethodError'{0x000000008e7927e8}: 'void java.lang.invoke.Invokers$Holder.invokeExact_MT(java.lang.Object, int, java.lang.Object)'> (0x000000008e7927e8) 
thrown [s\src\hotspot\share\interpreter\linkResolver.cpp, line 804]
Event: 25.544 Thread 0x00000238a3d001e0 Exception <a 'java/lang/NoSuchMethodError'{0x000000008e458688}: 'java.lang.Object java.lang.invoke.DirectMethodHandle$Holder.newInvokeSpecial(java.lang.Object, java.lang.Object, java.lang.Object, java.lang.Object, java.lang.Object, java.lang.Object, java.lang.Object, java.lang.Object, java.lang.Object, java.lang.Object, java.lang.Object)'> (0x000000008e458688) 
thrown [s\src\hotspot\share\interpreter\linkResolver.cpp, line 804]
Event: 25.610 Thread 0x00000238a3d001e0 Exception <a 'java/lang/NoSuchMethodError'{0x000000008e1e70b0}: 'java.lang.Object java.lang.invoke.Invokers$Holder.linkToTargetMethod(java.lang.Object, java.lang.Object, java.lang.Object, java.lang.Object, java.lang.Object, java.lang.Object, java.lang.Object, java.lang.Object, java.lang.Object, java.lang.Object, java.lang.Object, java.lang.Object)'> (0x000000008e1e70b0) 
thrown [s\src\hotspot\share\interpreter\linkResolver.cpp, line 804]
Event: 30.225 Thread 0x00000238a3d001e0 Exception <a 'java/lang/NoSuchMethodError'{0x0000000084449d58}: 'java.lang.Object java.lang.invoke.DelegatingMethodHandle$Holder.reinvoke_L(java.lang.Object, java.lang.Object, java.lang.Object, java.lang.Object, java.lang.Object, java.lang.Object, java.lang.Object, java.lang.Object, java.lang.Object, java.lang.Object, java.lang.Object, java.lang.Object, java.lang.Object, java.lang.Object, java.lang.Object, java.lang.Object, java.lang.Object, java.lang.Object, java.lang.Object, java.lang.Object, java.lang.O
Event: 30.415 Thread 0x00000238a3d001e0 Exception <a 'java/lang/NoSuchMethodError'{0x00000000843ef8d0}: 'java.lang.Object java.lang.invoke.DirectMethodHandle$Holder.invokeStatic(java.lang.Object, java.lang.Object, java.lang.Object, java.lang.Object, java.lang.Object, java.lang.Object, java.lang.Object, java.lang.Object, java.lang.Object, java.lang.Object, java.lang.Object, java.lang.Object, java.lang.Object, java.lang.Object, java.lang.Object, java.lang.Object, java.lang.Object, java.lang.Object, java.lang.Object, java.lang.Object, java.lang.Obj
Event: 30.480 Thread 0x00000238a3d001e0 Exception <a 'java/lang/NoSuchMethodError'{0x0000000084230e68}: 'java.lang.Object java.lang.invoke.DirectMethodHandle$Holder.invokeStatic(java.lang.Object, java.lang.Object, java.lang.Object, java.lang.Object, java.lang.Object, java.lang.Object, java.lang.Object, java.lang.Object, java.lang.Object, java.lang.Object, java.lang.Object, java.lang.Object, java.lang.Object, java.lang.Object, java.lang.Object, java.lang.Object, java.lang.Object, java.lang.Object, java.lang.Object, java.lang.Object, java.lang.Obj
Event: 30.533 Thread 0x00000238a3d001e0 Exception <a 'java/lang/NoSuchMethodError'{0x00000000842732d8}: 'java.lang.Object java.lang.invoke.DirectMethodHandle$Holder.invokeStatic(java.lang.Object, java.lang.Object, java.lang.Object, java.lang.Object, java.lang.Object, java.lang.Object, java.lang.Object, java.lang.Object, java.lang.Object, java.lang.Object, java.lang.Object, java.lang.Object, java.lang.Object, java.lang.Object, java.lang.Object, java.lang.Object, java.lang.Object, java.lang.Object, java.lang.Object, java.lang.Object, java.lang.Obj
Event: 30.536 Thread 0x00000238a3d001e0 Exception <a 'java/lang/NoSuchMethodError'{0x00000000842b69f8}: 'java.lang.Object java.lang.invoke.DirectMethodHandle$Holder.invokeStatic(java.lang.Object, java.lang.Object, java.lang.Object, java.lang.Object, java.lang.Object, java.lang.Object, java.lang.Object, java.lang.Object, java.lang.Object, java.lang.Object, java.lang.Object, java.lang.Object, java.lang.Object, java.lang.Object, java.lang.Object, java.lang.Object, java.lang.Object, java.lang.Object, java.lang.Object, java.lang.Object, java.lang.Obj
Event: 30.634 Thread 0x00000238a3d001e0 Exception <a 'java/lang/NoSuchMethodError'{0x00000000842fade8}: 'java.lang.Object java.lang.invoke.DirectMethodHandle$Holder.invokeStatic(java.lang.Object, java.lang.Object, java.lang.Object, java.lang.Object, java.lang.Object, java.lang.Object, java.lang.Object, java.lang.Object, java.lang.Object, java.lang.Object, java.lang.Object, java.lang.Object, java.lang.Object, java.lang.Object, java.lang.Object, java.lang.Object, java.lang.Object, java.lang.Object, java.lang.Object, java.lang.Object, java.lang.Obj
Event: 33.599 Thread 0x00000238a3d001e0 Exception <a 'java/lang/IncompatibleClassChangeError'{0x0000000083cf4520}: Found class java.lang.Object, but interface was expected> (0x0000000083cf4520) 
thrown [s\src\hotspot\share\interpreter\linkResolver.cpp, line 871]
Event: 35.984 Thread 0x00000238a3d001e0 Exception <a 'java/lang/NoSuchMethodError'{0x0000000083a800d8}: 'java.lang.Object java.lang.invoke.DirectMethodHandle$Holder.newInvokeSpecial(java.lang.Object, java.lang.Object, long)'> (0x0000000083a800d8) 
thrown [s\src\hotspot\share\interpreter\linkResolver.cpp, line 804]
Event: 36.028 Thread 0x00000238a3d001e0 Exception <a 'java/lang/NoSuchMethodError'{0x0000000083a898d8}: 'java.lang.Object java.lang.invoke.Invokers$Holder.linkToTargetMethod(java.lang.Object, long, java.lang.Object)'> (0x0000000083a898d8) 
thrown [s\src\hotspot\share\interpreter\linkResolver.cpp, line 804]
Event: 39.905 Thread 0x00000238a3d001e0 Exception <a 'java/lang/NoSuchMethodError'{0x00000000837017a8}: 'int java.lang.invoke.DirectMethodHandle$Holder.invokeInterface(java.lang.Object, java.lang.Object)'> (0x00000000837017a8) 
thrown [s\src\hotspot\share\interpreter\linkResolver.cpp, line 804]
Event: 41.623 Thread 0x00000238a3d001e0 Exception <a 'java/lang/NoSuchMethodError'{0x00000000837a13c8}: 'java.lang.Object java.lang.invoke.DirectMethodHandle$Holder.invokeVirtual(java.lang.Object, java.lang.Object, int)'> (0x00000000837a13c8) 
thrown [s\src\hotspot\share\interpreter\linkResolver.cpp, line 804]
Event: 49.085 Thread 0x00000238a3d001e0 Exception <a 'java/lang/NoSuchMethodError'{0x00000000836e2280}: 'java.lang.Object java.lang.invoke.DirectMethodHandle$Holder.invokeStatic(java.lang.Object, java.lang.Object, int, java.lang.Object)'> (0x00000000836e2280) 
thrown [s\src\hotspot\share\interpreter\linkResolver.cpp, line 804]
Event: 49.085 Thread 0x00000238a3d001e0 Exception <a 'java/lang/NoSuchMethodError'{0x00000000836f2d40}: 'java.lang.Object java.lang.invoke.DirectMethodHandle$Holder.newInvokeSpecial(java.lang.Object, java.lang.Object, int, java.lang.Object)'> (0x00000000836f2d40) 
thrown [s\src\hotspot\share\interpreter\linkResolver.cpp, line 804]
Event: 49.085 Thread 0x00000238a3d001e0 Exception <a 'java/lang/NoSuchMethodError'{0x00000000836fc398}: 'java.lang.Object java.lang.invoke.Invokers$Holder.linkToTargetMethod(java.lang.Object, int, java.lang.Object, java.lang.Object)'> (0x00000000836fc398) 
thrown [s\src\hotspot\share\interpreter\linkResolver.cpp, line 804]

VM Operations (20 events):
Event: 4.739 Executing safepoint VM operation: G1PauseCleanup
Event: 4.773 Executing safepoint VM operation: G1PauseCleanup done
Event: 20.790 Executing non-safepoint VM operation: HandshakeAllThreads (Deoptimize)
Event: 20.790 Executing non-safepoint VM operation: HandshakeAllThreads (Deoptimize) done
Event: 22.206 Executing non-safepoint VM operation: HandshakeAllThreads (Deoptimize)
Event: 22.206 Executing non-safepoint VM operation: HandshakeAllThreads (Deoptimize) done
Event: 22.729 Executing safepoint VM operation: G1CollectForAllocation (G1 Evacuation Pause)
Event: 22.740 Executing safepoint VM operation: G1CollectForAllocation (G1 Evacuation Pause) done
Event: 33.745 Executing non-safepoint VM operation: HandshakeAllThreads (Deoptimize)
Event: 33.745 Executing non-safepoint VM operation: HandshakeAllThreads (Deoptimize) done
Event: 35.946 Executing non-safepoint VM operation: HandshakeAllThreads (Deoptimize)
Event: 35.985 Executing non-safepoint VM operation: HandshakeAllThreads (Deoptimize) done
Event: 35.986 Executing non-safepoint VM operation: HandshakeAllThreads (Deoptimize)
Event: 36.032 Executing non-safepoint VM operation: HandshakeAllThreads (Deoptimize) done
Event: 60.128 Executing non-safepoint VM operation: HandshakeAllThreads (HandshakeForDeflation)
Event: 60.128 Executing non-safepoint VM operation: HandshakeAllThreads (HandshakeForDeflation) done
Event: 60.128 Executing non-safepoint VM operation: RendezvousGCThreads
Event: 60.128 Executing non-safepoint VM operation: RendezvousGCThreads done
Event: 192.922 Executing safepoint VM operation: G1CollectForAllocation (G1 Evacuation Pause)
Event: 193.092 Executing safepoint VM operation: G1CollectForAllocation (G1 Evacuation Pause) done

Memory protections (0 events):
No events

Nmethod flushes (0 events):
No events

Events (20 events):
Event: 2.145 Thread 0x00000238a3d001e0 Thread added: 0x00000238a450b820
Event: 2.150 Thread 0x00000238a3d001e0 Thread added: 0x00000238a450bff0
Event: 2.206 Thread 0x00000238a450bff0 Thread added: 0x00000238a450f6a0
Event: 2.262 Thread 0x00000238a3d001e0 Thread added: 0x00000238a450c7c0
Event: 8.057 Thread 0x00000238a3d001e0 Thread added: 0x00000238a4213e60
Event: 8.309 Thread 0x00000238a3d001e0 Thread added: 0x00000238a42126f0
Event: 12.079 Thread 0x00000238a3d001e0 Thread added: 0x00000238a42155d0
Event: 12.140 Thread 0x00000238a3d001e0 Thread added: 0x00000238a4216d40
Event: 14.385 Thread 0x000002389d614ad0 Thread exited: 0x000002389d614ad0
Event: 14.971 Thread 0x00000238a3d001e0 Thread added: 0x00000238a4219450
Event: 20.851 Thread 0x00000238a3d001e0 Thread added: 0x00000238a4217ce0
Event: 22.750 Thread 0x000002389d2be710 Thread added: 0x00000238a40395a0
Event: 24.990 Thread 0x00000238a40395a0 Thread exited: 0x00000238a40395a0
Event: 25.654 Thread 0x00000238a3d001e0 Thread added: 0x00000238a4218c80
Event: 26.144 Thread 0x00000238a3d001e0 Thread added: 0x00000238a5bf8850
Event: 49.107 Thread 0x00000238a3d001e0 Thread added: 0x00000238a5bfaf60
Event: 125.028 Thread 0x00000238a450f6a0 Thread exited: 0x00000238a450f6a0
Event: 157.940 Thread 0x00000238a450bff0 Thread added: 0x00000238a5bfa790
Event: 218.205 Thread 0x00000238a5bfa790 Thread exited: 0x00000238a5bfa790
Event: 331.632 Thread 0x00000238a450bff0 Thread added: 0x00000238a5bf97f0


Dynamic libraries:
0x00007ff7cc220000 - 0x00007ff7cc22e000 	C:\Program Files\Eclipse Adoptium\jdk-25.0.4.7-hotspot\bin\java.exe
0x00007ffff7ee0000 - 0x00007ffff8146000 	C:\WINDOWS\SYSTEM32\ntdll.dll
0x00007ffff7dd0000 - 0x00007ffff7e99000 	C:\WINDOWS\System32\KERNEL32.DLL
0x00007ffff54a0000 - 0x00007ffff589f000 	C:\WINDOWS\System32\KERNELBASE.dll
0x00007ffff50f0000 - 0x00007ffff523c000 	C:\WINDOWS\System32\ucrtbase.dll
0x00007fffc44d0000 - 0x00007fffc44e6000 	C:\Program Files\Eclipse Adoptium\jdk-25.0.4.7-hotspot\bin\jli.dll
0x00007ffff6660000 - 0x00007ffff6826000 	C:\WINDOWS\System32\USER32.dll
0x00007ffff5aa0000 - 0x00007ffff5ac7000 	C:\WINDOWS\System32\win32u.dll
0x00007fffc3320000 - 0x00007fffc333e000 	C:\Program Files\Eclipse Adoptium\jdk-25.0.4.7-hotspot\bin\VCRUNTIME140.dll
0x00007ffff5db0000 - 0x00007ffff5ddb000 	C:\WINDOWS\System32\GDI32.dll
0x00007ffff5970000 - 0x00007ffff5a99000 	C:\WINDOWS\System32\gdi32full.dll
0x00007ffff5b60000 - 0x00007ffff5c03000 	C:\WINDOWS\System32\msvcp_win.dll
0x00007fffdae90000 - 0x00007fffdb121000 	C:\WINDOWS\WinSxS\amd64_microsoft.windows.common-controls_6595b64144ccf1df_6.0.26100.8972_none_3e0da176e32f9d4b\COMCTL32.dll
0x00007ffff7020000 - 0x00007ffff70c9000 	C:\WINDOWS\System32\msvcrt.dll
0x00007ffff71f0000 - 0x00007ffff7222000 	C:\WINDOWS\System32\IMM32.DLL
0x00007fffceb40000 - 0x00007fffceb4c000 	C:\Program Files\Eclipse Adoptium\jdk-25.0.4.7-hotspot\bin\vcruntime140_1.dll
0x00007fffbd640000 - 0x00007fffbd6cd000 	C:\Program Files\Eclipse Adoptium\jdk-25.0.4.7-hotspot\bin\msvcp140.dll
0x00007fff65b20000 - 0x00007fff66a51000 	C:\Program Files\Eclipse Adoptium\jdk-25.0.4.7-hotspot\bin\server\jvm.dll
0x00007ffff6ae0000 - 0x00007ffff6b9c000 	C:\WINDOWS\System32\ADVAPI32.dll
0x00007ffff65b0000 - 0x00007ffff665a000 	C:\WINDOWS\System32\sechost.dll
0x00007ffff6830000 - 0x00007ffff6948000 	C:\WINDOWS\System32\RPCRT4.dll
0x00007ffff5de0000 - 0x00007ffff5e62000 	C:\WINDOWS\System32\WS2_32.dll
0x00007ffff49b0000 - 0x00007ffff4a0e000 	C:\WINDOWS\SYSTEM32\POWRPROF.dll
0x00007fffe7ae0000 - 0x00007fffe7b16000 	C:\WINDOWS\SYSTEM32\WINMM.dll
0x00007fffecf60000 - 0x00007fffecf6b000 	C:\WINDOWS\SYSTEM32\VERSION.dll
0x00007ffff4990000 - 0x00007ffff49a5000 	C:\WINDOWS\SYSTEM32\UMPDC.dll
0x00007ffff3da0000 - 0x00007ffff3dbb000 	C:\WINDOWS\SYSTEM32\kernel.appcore.dll
0x00007fffcdfb0000 - 0x00007fffcdfba000 	C:\Program Files\Eclipse Adoptium\jdk-25.0.4.7-hotspot\bin\jimage.dll
0x00007ffff2610000 - 0x00007ffff2852000 	C:\WINDOWS\SYSTEM32\DBGHELP.DLL
0x00007ffff79c0000 - 0x00007ffff7d45000 	C:\WINDOWS\System32\combase.dll
0x00007ffff6bb0000 - 0x00007ffff6c89000 	C:\WINDOWS\System32\OLEAUT32.dll
0x00007fffcc1e0000 - 0x00007fffcc21b000 	C:\WINDOWS\SYSTEM32\dbgcore.DLL
0x00007ffff53e0000 - 0x00007ffff548c000 	C:\WINDOWS\System32\bcryptPrimitives.dll
0x00007fffcdf50000 - 0x00007fffcdf5f000 	C:\Program Files\Eclipse Adoptium\jdk-25.0.4.7-hotspot\bin\instrument.dll
0x00007fffc0dc0000 - 0x00007fffc0dde000 	C:\Program Files\Eclipse Adoptium\jdk-25.0.4.7-hotspot\bin\java.dll
0x00007ffff5f80000 - 0x00007ffff6119000 	C:\WINDOWS\System32\ole32.dll
0x00007ffff7230000 - 0x00007ffff79b8000 	C:\WINDOWS\System32\SHELL32.dll
0x00007ffff2b80000 - 0x00007ffff341b000 	C:\WINDOWS\SYSTEM32\windows.storage.dll
0x00007ffff5c10000 - 0x00007ffff5d09000 	C:\WINDOWS\System32\SHCORE.dll
0x00007ffff5d10000 - 0x00007ffff5d76000 	C:\WINDOWS\System32\shlwapi.dll
0x00007ffff5010000 - 0x00007ffff5039000 	C:\WINDOWS\SYSTEM32\profapi.dll
0x00007fffc0da0000 - 0x00007fffc0db6000 	C:\Program Files\Eclipse Adoptium\jdk-25.0.4.7-hotspot\bin\zip.dll
0x00007fffc02b0000 - 0x00007fffc02c1000 	C:\Program Files\Eclipse Adoptium\jdk-25.0.4.7-hotspot\bin\net.dll
0x00007ffff4330000 - 0x00007ffff439c000 	C:\WINDOWS\system32\mswsock.dll
0x00007fffbedf0000 - 0x00007fffbee06000 	C:\Program Files\Eclipse Adoptium\jdk-25.0.4.7-hotspot\bin\nio.dll
0x00007fffccc50000 - 0x00007fffccc60000 	C:\Program Files\Eclipse Adoptium\jdk-25.0.4.7-hotspot\bin\verify.dll
0x00007fffc4ab0000 - 0x00007fffc4ad7000 	C:\Users\leona\.gradle\native\660c5614fbf4a5f2a75b1949f50a0caf5cd603558e7d8a26e50b933a0cfb79d1\windows-amd64\native-platform.dll
0x00007fffbbe00000 - 0x00007fffbbe77000 	C:\Users\leona\.gradle\native\0.2.8\x86_64-windows-gnu\gradle-fileevents.dll
0x00007fffcc710000 - 0x00007fffcc71a000 	C:\Program Files\Eclipse Adoptium\jdk-25.0.4.7-hotspot\bin\management.dll
0x00007fffcc300000 - 0x00007fffcc30c000 	C:\Program Files\Eclipse Adoptium\jdk-25.0.4.7-hotspot\bin\management_ext.dll
0x00007ffff5f70000 - 0x00007ffff5f78000 	C:\WINDOWS\System32\PSAPI.DLL
0x00007ffff3750000 - 0x00007ffff3783000 	C:\WINDOWS\SYSTEM32\IPHLPAPI.DLL
0x00007ffff6950000 - 0x00007ffff695a000 	C:\WINDOWS\System32\NSI.dll
0x00007fffcbc00000 - 0x00007fffcbc09000 	C:\Program Files\Eclipse Adoptium\jdk-25.0.4.7-hotspot\bin\extnet.dll
0x00007ffff4750000 - 0x00007ffff476b000 	C:\WINDOWS\SYSTEM32\CRYPTSP.dll
0x00007ffff3d00000 - 0x00007ffff3d39000 	C:\WINDOWS\system32\rsaenh.dll
0x00007ffff43e0000 - 0x00007ffff4412000 	C:\WINDOWS\SYSTEM32\USERENV.dll
0x00007ffff4fe0000 - 0x00007ffff500a000 	C:\WINDOWS\SYSTEM32\bcrypt.dll
0x00007ffff4590000 - 0x00007ffff459c000 	C:\WINDOWS\SYSTEM32\CRYPTBASE.dll
0x00007fffca5a0000 - 0x00007fffca5ae000 	C:\Program Files\Eclipse Adoptium\jdk-25.0.4.7-hotspot\bin\sunmscapi.dll
0x00007ffff5250000 - 0x00007ffff53ce000 	C:\WINDOWS\System32\CRYPT32.dll
0x00007ffff4950000 - 0x00007ffff4980000 	C:\WINDOWS\SYSTEM32\ncrypt.dll
0x00007ffff4900000 - 0x00007ffff493f000 	C:\WINDOWS\SYSTEM32\NTASN1.dll
0x00007fffe5710000 - 0x00007fffe5718000 	C:\WINDOWS\system32\wshunix.dll

JVMTI agents:
C:\Users\leona\.gradle\wrapper\dists\gradle-9.6.0-bin\42k10rwplmzkhuboz9kdazi7s\gradle-9.6.0\lib\agents\gradle-instrumentation-agent-9.6.0.jar path:C:\Program Files\Eclipse Adoptium\jdk-25.0.4.7-hotspot\bin\instrument.dll, loaded, initialized, instrumentlib options:none

dbghelp: loaded successfully - version: 4.0.5 - missing functions: none
symbol engine: initialized successfully - sym options: 0x614 - pdb path: .;C:\Program Files\Eclipse Adoptium\jdk-25.0.4.7-hotspot\bin;C:\WINDOWS\SYSTEM32;C:\WINDOWS\WinSxS\amd64_microsoft.windows.common-controls_6595b64144ccf1df_6.0.26100.8972_none_3e0da176e32f9d4b;C:\Program Files\Eclipse Adoptium\jdk-25.0.4.7-hotspot\bin\server;C:\Users\leona\.gradle\native\660c5614fbf4a5f2a75b1949f50a0caf5cd603558e7d8a26e50b933a0cfb79d1\windows-amd64;C:\Users\leona\.gradle\native\0.2.8\x86_64-windows-gnu

VM Arguments:
jvm_args: --add-opens=java.base/java.lang=ALL-UNNAMED --add-opens=java.base/java.lang.invoke=ALL-UNNAMED --add-opens=java.base/java.util=ALL-UNNAMED --add-opens=java.prefs/java.util.prefs=ALL-UNNAMED --add-exports=jdk.compiler/com.sun.tools.javac.api=ALL-UNNAMED --add-exports=jdk.compiler/com.sun.tools.javac.util=ALL-UNNAMED --add-opens=java.base/java.nio.charset=ALL-UNNAMED --add-opens=java.base/java.net=ALL-UNNAMED --add-opens=java.base/java.util.concurrent=ALL-UNNAMED --add-opens=java.base/java.util.concurrent.atomic=ALL-UNNAMED --add-opens=java.xml/javax.xml.namespace=ALL-UNNAMED --add-opens=java.base/java.time=ALL-UNNAMED --enable-native-access=ALL-UNNAMED -Xmx2048m -Dfile.encoding=UTF-8 -Duser.country=US -Duser.language=en -Duser.variant -javaagent:C:\Users\leona\.gradle\wrapper\dists\gradle-9.6.0-bin\42k10rwplmzkhuboz9kdazi7s\gradle-9.6.0\lib\agents\gradle-instrumentation-agent-9.6.0.jar 
java_command: org.gradle.launcher.daemon.bootstrap.GradleDaemon 9.6.0
java_class_path (initial): C:\Users\leona\.gradle\wrapper\dists\gradle-9.6.0-bin\42k10rwplmzkhuboz9kdazi7s\gradle-9.6.0\lib\gradle-daemon-main-9.6.0.jar
Launcher Type: SUN_STANDARD

[Global flags]
     intx CICompilerCount                          = 12                                        {product} {ergonomic}
     uint ConcGCThreads                            = 3                                         {product} {ergonomic}
     uint G1ConcRefinementThreads                  = 13                                        {product} {ergonomic}
   size_t G1HeapRegionSize                         = 1048576                                   {product} {ergonomic}
   size_t InitialHeapSize                          = 264241152                                 {product} {ergonomic}
   size_t MarkStackSize                            = 4194304                                   {product} {ergonomic}
   size_t MarkStackSizeMax                         = 536870912                                 {product} {ergonomic}
   size_t MaxHeapSize                              = 2147483648                                {product} {command line}
   size_t MaxNewSize                               = 1287651328                                {product} {ergonomic}
   size_t MinHeapDeltaBytes                        = 1048576                                   {product} {ergonomic}
   size_t MinHeapSize                              = 8388608                                   {product} {ergonomic}
    uintx NonNMethodCodeHeapSize                   = 7667712                                {pd product} {ergonomic}
    uintx NonProfiledCodeHeapSize                  = 122028032                              {pd product} {ergonomic}
    uintx ProfiledCodeHeapSize                     = 122028032                              {pd product} {ergonomic}
    uintx ReservedCodeCacheSize                    = 251723776                              {pd product} {ergonomic}
     bool SegmentedCodeCache                       = true                                      {product} {ergonomic}
   size_t SoftMaxHeapSize                          = 2147483648                             {manageable} {ergonomic}
     bool UseCompressedOops                        = true                           {product lp64_product} {ergonomic}
     bool UseG1GC                                  = true                                      {product} {ergonomic}
     bool UseLargePagesIndividualAllocation        = false                                  {pd product} {ergonomic}

Logging:
Log output configuration:
 #0: stdout all=warning uptime,level,tags foldmultilines=false
 #1: stderr all=off uptime,level,tags foldmultilines=false

Release file:
IMPLEMENTOR="Eclipse Adoptium" 
IMPLEMENTOR_VERSION="Temurin-25.0.4+7" 
JAVA_RUNTIME_VERSION="25.0.4+7-LTS" 
JAVA_VERSION="25.0.4" 
JAVA_VERSION_DATE="2026-07-21" 
LIBC="default" 
MODULES="java.base java.compiler java.datatransfer java.xml java.prefs java.desktop java.instrument java.logging java.management java.security.sasl java.naming java.rmi java.management.rmi java.net.http java.scripting java.security.jgss java.transaction.xa java.sql java.sql.rowset java.xml.crypto java.se java.smartcardio jdk.accessibility jdk.internal.jvmstat jdk.attach jdk.charsets jdk.internal.opt jdk.zipfs jdk.compiler jdk.crypto.cryptoki jdk.crypto.ec jdk.crypto.mscapi jdk.dynalink jdk.internal.ed jdk.editpad jdk.internal.vm.ci jdk.graal.compiler jdk.graal.compiler.management jdk.hotspot.agent jdk.httpserver jdk.incubator.vector jdk.internal.le jdk.internal.md jdk.jartool jdk.javadoc jdk.jcmd jdk.management jdk.management.agent jdk.jconsole jdk.jdeps jdk.jdwp.agent jdk.jdi jdk.jfr jdk.jlink jdk.jpackage jdk.jshell jdk.jsobject jdk.jstatd jdk.localedata jdk.management.jfr jdk.naming.dns jdk.naming.rmi jdk.net jdk.nio.mapmode jdk.sctp jdk.security.auth jdk.security.jgss jdk.unsupported jdk.unsupported.desktop jdk.xml.dom" 
OS_ARCH="x86_64" 
OS_NAME="Windows" 
SOURCE=".:git:a2ce02c38bc9" 
BUILD_SOURCE="git:e6ba7dec3d07654074559310376a3ae89da5f4ac"
BUILD_SOURCE_REPO="https://github.com/adoptium/temurin-build.git"
SOURCE_REPO="https://github.com/adoptium/jdk25u.git"
FULL_VERSION="25.0.4+7-LTS"
SEMANTIC_VERSION="25.0.4+7"
BUILD_INFO="OS: Windows Server 2022 Version: 10.0"
JVM_VARIANT="Hotspot"
JVM_VERSION="25.0.4+7-LTS"
IMAGE_TYPE="JDK"

Environment Variables:
PATH=C:\Program Files\Eclipse Adoptium\jdk-25.0.4.7-hotspot\bin;C:\Program Files (x86)\Common Files\Oracle\Java\java8path;C:\Program Files (x86)\Common Files\Oracle\Java\javapath;C:\Python314\Scripts\;C:\Python314\;C:\WINDOWS\system32;C:\WINDOWS;C:\WINDOWS\System32\Wbem;C:\WINDOWS\System32\WindowsPowerShell\v1.0\;C:\WINDOWS\System32\OpenSSH\;C:\Program Files\nodejs\;C:\ProgramData\chocolatey\bin;C:\Program Files (x86)\NVIDIA Corporation\PhysX\Common;C:\msys64\ucrt64\bin;C:\Program Files\Git\cmd;C:\Users\leona\AppData\Local\Programs\Python\Python313\Scripts\;C:\Users\leona\AppData\Local\Programs\Python\Python313\;C:\Users\leona\AppData\Local\Microsoft\WindowsApps;C:\Users\leona\AppData\Roaming\npm;C:\Users\leona\AppData\Local\Programs\Microsoft VS Code\bin
USERNAME=leona
OS=Windows_NT
PROCESSOR_IDENTIFIER=Intel64 Family 6 Model 186 Stepping 2, GenuineIntel
TMP=C:\Users\leona\AppData\Local\Temp
TEMP=C:\Users\leona\AppData\Local\Temp




Compilation memory statistics disabled.

Periodic native trim disabled

---------------  S Y S T E M  ---------------

OS:
 Windows 11 , 64 bit Build 26100 (10.0.26100.9168)
OS uptime: 3 days 8:05 hours
Hyper-V role detected

CPU: total 16 (initial active 16) (8 cores per cpu, 2 threads per core) family 6 model 186 stepping 2 microcode 0x410e, cx8, cmov, fxsr, ht, mmx, 3dnowpref, sse, sse2, sse3, ssse3, sse4.1, sse4.2, popcnt, lzcnt, tsc, tscinvbit, avx, avx2, aes, erms, clmul, bmi1, bmi2, adx, sha, fma, vzeroupper, clflush, clflushopt, clwb, hv, serialize, rdtscp, rdpid, fsrm, gfni, f16c, cet_ibt, cet_ss
Processor Information for the first 16 processors :
  Max Mhz: 2400, Current Mhz: 2400, Mhz Limit: 2400

Memory: 4k page, system-wide physical 16122M (753M free)
TotalPageFile size 65274M (AvailPageFile size 165M)
current process WorkingSet (physical memory assigned to process): 37M, peak: 259M
current process commit charge ("private bytes"): 283M, peak: 452M

vm_info: OpenJDK 64-Bit Server VM (25.0.4+7-LTS) for windows-amd64 JRE (25.0.4+7-LTS), built on 2026-07-21T00:00:00Z with MS VC++ 17.12 (VS2022)

END.
